[2023-07-22T06:02:17.462+0100][gc,heap] Heap region size: 1M
[2023-07-22T06:02:17.478+0100][gc     ] Using G1
[2023-07-22T06:02:17.478+0100][gc,heap,coops] Heap address: 0x00000000c0000000, size: 1024 MB, Compressed Oops mode: 32-bit
[2023-07-22T06:02:17.479+0100][gc,cds       ] Mark closed archive regions in map: [0x00000000fff00000, 0x00000000fff6aff8]
[2023-07-22T06:02:17.479+0100][gc,cds       ] Mark open archive regions in map: [0x00000000ffe00000, 0x00000000ffe46ff8]
[2023-07-22T06:02:18.817+0100][gc,start     ] GC(0) Pause Young (Normal) (G1 Evacuation Pause)
[2023-07-22T06:02:18.819+0100][gc,task      ] GC(0) Using 2 workers of 2 for evacuation
[2023-07-22T06:02:18.832+0100][gc,phases    ] GC(0)   Pre Evacuate Collection Set: 0.1ms
[2023-07-22T06:02:18.832+0100][gc,phases    ] GC(0)   Evacuate Collection Set: 11.8ms
[2023-07-22T06:02:18.832+0100][gc,phases    ] GC(0)   Post Evacuate Collection Set: 0.4ms
[2023-07-22T06:02:18.832+0100][gc,phases    ] GC(0)   Other: 1.9ms
[2023-07-22T06:02:18.832+0100][gc,heap      ] GC(0) Eden regions: 51->0(44)
[2023-07-22T06:02:18.832+0100][gc,heap      ] GC(0) Survivor regions: 0->7(7)
[2023-07-22T06:02:18.832+0100][gc,heap      ] GC(0) Old regions: 2->2
[2023-07-22T06:02:18.832+0100][gc,heap      ] GC(0) Humongous regions: 0->0
[2023-07-22T06:02:18.832+0100][gc,metaspace ] GC(0) Metaspace: 14212K(14848K)->14212K(14848K) NonClass: 12468K(12800K)->12468K(12800K) Class: 1744K(2048K)->1744K(2048K)
[2023-07-22T06:02:18.832+0100][gc           ] GC(0) Pause Young (Normal) (G1 Evacuation Pause) 51M->7M(1024M) 14.337ms
[2023-07-22T06:02:18.832+0100][gc,cpu       ] GC(0) User=0.02s Sys=0.01s Real=0.01s
[2023-07-22T06:02:19.751+0100][gc,start     ] GC(1) Pause Young (Concurrent Start) (Metadata GC Threshold)
[2023-07-22T06:02:19.751+0100][gc,task      ] GC(1) Using 2 workers of 2 for evacuation
[2023-07-22T06:02:19.779+0100][gc,mmu       ] GC(1) MMU target violated: 21.0ms (20.0ms/21.0ms)
[2023-07-22T06:02:19.779+0100][gc,phases    ] GC(1)   Pre Evacuate Collection Set: 0.1ms
[2023-07-22T06:02:19.779+0100][gc,phases    ] GC(1)   Evacuate Collection Set: 26.3ms
[2023-07-22T06:02:19.779+0100][gc,phases    ] GC(1)   Post Evacuate Collection Set: 0.6ms
[2023-07-22T06:02:19.779+0100][gc,phases    ] GC(1)   Other: 0.8ms
[2023-07-22T06:02:19.779+0100][gc,heap      ] GC(1) Eden regions: 30->0(49)
[2023-07-22T06:02:19.779+0100][gc,heap      ] GC(1) Survivor regions: 7->2(7)
[2023-07-22T06:02:19.779+0100][gc,heap      ] GC(1) Old regions: 2->9
[2023-07-22T06:02:19.779+0100][gc,heap      ] GC(1) Humongous regions: 0->0
[2023-07-22T06:02:19.779+0100][gc,metaspace ] GC(1) Metaspace: 20518K(21248K)->20518K(21248K) NonClass: 18028K(18432K)->18028K(18432K) Class: 2490K(2816K)->2490K(2816K)
[2023-07-22T06:02:19.780+0100][gc           ] GC(1) Pause Young (Concurrent Start) (Metadata GC Threshold) 36M->8M(1024M) 28.430ms
[2023-07-22T06:02:19.780+0100][gc,cpu       ] GC(1) User=0.03s Sys=0.00s Real=0.03s
[2023-07-22T06:02:19.780+0100][gc           ] GC(2) Concurrent Cycle
[2023-07-22T06:02:19.780+0100][gc,marking   ] GC(2) Concurrent Clear Claimed Marks
[2023-07-22T06:02:19.780+0100][gc,marking   ] GC(2) Concurrent Clear Claimed Marks 0.116ms
[2023-07-22T06:02:19.780+0100][gc,marking   ] GC(2) Concurrent Scan Root Regions
[2023-07-22T06:02:19.782+0100][gc,marking   ] GC(2) Concurrent Scan Root Regions 1.823ms
[2023-07-22T06:02:19.782+0100][gc,marking   ] GC(2) Concurrent Mark (2.327s)
[2023-07-22T06:02:19.782+0100][gc,marking   ] GC(2) Concurrent Mark From Roots
[2023-07-22T06:02:19.782+0100][gc,task      ] GC(2) Using 1 workers of 1 for marking
[2023-07-22T06:02:19.794+0100][gc,marking   ] GC(2) Concurrent Mark From Roots 12.054ms
[2023-07-22T06:02:19.794+0100][gc,marking   ] GC(2) Concurrent Preclean
[2023-07-22T06:02:19.795+0100][gc,marking   ] GC(2) Concurrent Preclean 0.193ms
[2023-07-22T06:02:19.795+0100][gc,marking   ] GC(2) Concurrent Mark (2.327s, 2.340s) 12.559ms
[2023-07-22T06:02:19.797+0100][gc,start     ] GC(2) Pause Remark
[2023-07-22T06:02:19.800+0100][gc,stringtable] GC(2) Cleaned string and symbol table, strings: 5158 processed, 0 removed, symbols: 53042 processed, 42 removed
[2023-07-22T06:02:19.800+0100][gc            ] GC(2) Pause Remark 9M->9M(1024M) 3.745ms
[2023-07-22T06:02:19.800+0100][gc,cpu        ] GC(2) User=0.00s Sys=0.00s Real=0.01s
[2023-07-22T06:02:19.801+0100][gc,marking    ] GC(2) Concurrent Rebuild Remembered Sets
[2023-07-22T06:02:19.810+0100][gc,marking    ] GC(2) Concurrent Rebuild Remembered Sets 9.691ms
[2023-07-22T06:02:19.810+0100][gc,start      ] GC(2) Pause Cleanup
[2023-07-22T06:02:19.812+0100][gc            ] GC(2) Pause Cleanup 9M->9M(1024M) 1.736ms
[2023-07-22T06:02:19.812+0100][gc,cpu        ] GC(2) User=0.00s Sys=0.00s Real=0.01s
[2023-07-22T06:02:19.814+0100][gc,marking    ] GC(2) Concurrent Cleanup for Next Mark
[2023-07-22T06:02:19.851+0100][gc,marking    ] GC(2) Concurrent Cleanup for Next Mark 37.150ms
[2023-07-22T06:02:19.851+0100][gc            ] GC(2) Concurrent Cycle 71.275ms
[2023-07-22T06:02:21.039+0100][gc,start      ] GC(3) Pause Young (Normal) (G1 Evacuation Pause)
[2023-07-22T06:02:21.039+0100][gc,task       ] GC(3) Using 2 workers of 2 for evacuation
[2023-07-22T06:02:21.048+0100][gc,phases     ] GC(3)   Pre Evacuate Collection Set: 0.0ms
[2023-07-22T06:02:21.048+0100][gc,phases     ] GC(3)   Evacuate Collection Set: 7.9ms
[2023-07-22T06:02:21.048+0100][gc,phases     ] GC(3)   Post Evacuate Collection Set: 0.7ms
[2023-07-22T06:02:21.048+0100][gc,phases     ] GC(3)   Other: 0.2ms
[2023-07-22T06:02:21.048+0100][gc,heap       ] GC(3) Eden regions: 49->0(46)
[2023-07-22T06:02:21.048+0100][gc,heap       ] GC(3) Survivor regions: 2->5(7)
[2023-07-22T06:02:21.048+0100][gc,heap       ] GC(3) Old regions: 9->9
[2023-07-22T06:02:21.048+0100][gc,heap       ] GC(3) Humongous regions: 129->129
[2023-07-22T06:02:21.048+0100][gc,metaspace  ] GC(3) Metaspace: 28784K(29952K)->28784K(29952K) NonClass: 25433K(26112K)->25433K(26112K) Class: 3350K(3840K)->3350K(3840K)
[2023-07-22T06:02:21.048+0100][gc            ] GC(3) Pause Young (Normal) (G1 Evacuation Pause) 186M->140M(1024M) 9.044ms
[2023-07-22T06:02:21.048+0100][gc,cpu        ] GC(3) User=0.01s Sys=0.01s Real=0.01s
[2023-07-22T06:02:21.614+0100][gc,start      ] GC(4) Pause Young (Concurrent Start) (Metadata GC Threshold)
[2023-07-22T06:02:21.615+0100][gc,task       ] GC(4) Using 2 workers of 2 for evacuation
[2023-07-22T06:02:21.634+0100][gc,phases     ] GC(4)   Pre Evacuate Collection Set: 0.1ms
[2023-07-22T06:02:21.634+0100][gc,phases     ] GC(4)   Evacuate Collection Set: 18.8ms
[2023-07-22T06:02:21.634+0100][gc,phases     ] GC(4)   Post Evacuate Collection Set: 0.4ms
[2023-07-22T06:02:21.635+0100][gc,phases     ] GC(4)   Other: 0.7ms
[2023-07-22T06:02:21.635+0100][gc,heap       ] GC(4) Eden regions: 28->0(49)
[2023-07-22T06:02:21.635+0100][gc,heap       ] GC(4) Survivor regions: 5->2(7)
[2023-07-22T06:02:21.636+0100][gc,heap       ] GC(4) Old regions: 9->13
[2023-07-22T06:02:21.636+0100][gc,heap       ] GC(4) Humongous regions: 129->129
[2023-07-22T06:02:21.636+0100][gc,metaspace  ] GC(4) Metaspace: 34390K(35840K)->34390K(35840K) NonClass: 30365K(31104K)->30365K(31104K) Class: 4025K(4736K)->4025K(4736K)
[2023-07-22T06:02:21.636+0100][gc            ] GC(4) Pause Young (Concurrent Start) (Metadata GC Threshold) 168M->142M(1024M) 21.531ms
[2023-07-22T06:02:21.636+0100][gc,cpu        ] GC(4) User=0.04s Sys=0.00s Real=0.02s
[2023-07-22T06:02:21.636+0100][gc            ] GC(5) Concurrent Cycle
[2023-07-22T06:02:21.636+0100][gc,marking    ] GC(5) Concurrent Clear Claimed Marks
[2023-07-22T06:02:21.636+0100][gc,marking    ] GC(5) Concurrent Clear Claimed Marks 0.245ms
[2023-07-22T06:02:21.636+0100][gc,marking    ] GC(5) Concurrent Scan Root Regions
[2023-07-22T06:02:21.644+0100][gc,marking    ] GC(5) Concurrent Scan Root Regions 7.854ms
[2023-07-22T06:02:21.644+0100][gc,marking    ] GC(5) Concurrent Mark (4.189s)
[2023-07-22T06:02:21.644+0100][gc,marking    ] GC(5) Concurrent Mark From Roots
[2023-07-22T06:02:21.644+0100][gc,task       ] GC(5) Using 1 workers of 1 for marking
[2023-07-22T06:02:21.719+0100][gc,marking    ] GC(5) Concurrent Mark From Roots 74.628ms
[2023-07-22T06:02:21.719+0100][gc,marking    ] GC(5) Concurrent Preclean
[2023-07-22T06:02:21.719+0100][gc,marking    ] GC(5) Concurrent Preclean 0.148ms
[2023-07-22T06:02:21.719+0100][gc,marking    ] GC(5) Concurrent Mark (4.189s, 4.264s) 74.941ms
[2023-07-22T06:02:21.720+0100][gc,start      ] GC(5) Pause Remark
[2023-07-22T06:02:21.731+0100][gc,stringtable] GC(5) Cleaned string and symbol table, strings: 10300 processed, 11 removed, symbols: 84706 processed, 15 removed
[2023-07-22T06:02:21.733+0100][gc            ] GC(5) Pause Remark 144M->144M(1024M) 12.474ms
[2023-07-22T06:02:21.733+0100][gc,cpu        ] GC(5) User=0.02s Sys=0.00s Real=0.01s
[2023-07-22T06:02:21.733+0100][gc,marking    ] GC(5) Concurrent Rebuild Remembered Sets
[2023-07-22T06:02:21.753+0100][gc,marking    ] GC(5) Concurrent Rebuild Remembered Sets 20.249ms
[2023-07-22T06:02:21.755+0100][gc,start      ] GC(5) Pause Cleanup
[2023-07-22T06:02:21.755+0100][gc            ] GC(5) Pause Cleanup 145M->145M(1024M) 0.339ms
[2023-07-22T06:02:21.755+0100][gc,cpu        ] GC(5) User=0.00s Sys=0.00s Real=0.00s
[2023-07-22T06:02:21.755+0100][gc,marking    ] GC(5) Concurrent Cleanup for Next Mark
[2023-07-22T06:02:21.784+0100][gc,marking    ] GC(5) Concurrent Cleanup for Next Mark 29.116ms
[2023-07-22T06:02:21.785+0100][gc            ] GC(5) Concurrent Cycle 148.622ms
[2023-07-22T06:04:02.756+0100][gc,start      ] GC(6) Pause Young (Normal) (G1 Evacuation Pause)
[2023-07-22T06:04:02.761+0100][gc,task       ] GC(6) Using 2 workers of 2 for evacuation
[2023-07-22T06:04:03.511+0100][gc,mmu        ] GC(6) MMU target violated: 21.0ms (20.0ms/21.0ms)
[2023-07-22T06:04:03.512+0100][gc,phases     ] GC(6)   Pre Evacuate Collection Set: 273.4ms
[2023-07-22T06:04:03.512+0100][gc,phases     ] GC(6)   Evacuate Collection Set: 464.2ms
[2023-07-22T06:04:03.512+0100][gc,phases     ] GC(6)   Post Evacuate Collection Set: 8.0ms
[2023-07-22T06:04:03.512+0100][gc,phases     ] GC(6)   Other: 11.2ms
[2023-07-22T06:04:03.513+0100][gc,heap       ] GC(6) Eden regions: 49->0(47)
[2023-07-22T06:04:03.513+0100][gc,heap       ] GC(6) Survivor regions: 2->4(7)
[2023-07-22T06:04:03.513+0100][gc,heap       ] GC(6) Old regions: 13->13
[2023-07-22T06:04:03.513+0100][gc,heap       ] GC(6) Humongous regions: 129->129
[2023-07-22T06:04:03.514+0100][gc,metaspace  ] GC(6) Metaspace: 40704K(43136K)->40704K(43136K) NonClass: 35557K(36864K)->35557K(36864K) Class: 5146K(6272K)->5146K(6272K)
[2023-07-22T06:04:03.514+0100][gc            ] GC(6) Pause Young (Normal) (G1 Evacuation Pause) 191M->144M(1024M) 757.578ms
[2023-07-22T06:04:03.514+0100][gc,cpu        ] GC(6) User=0.05s Sys=0.12s Real=0.76s
[2023-07-22T06:04:41.177+0100][gc,start      ] GC(7) Pause Young (Normal) (G1 Evacuation Pause)
[2023-07-22T06:04:41.177+0100][gc,task       ] GC(7) Using 2 workers of 2 for evacuation
[2023-07-22T06:04:41.192+0100][gc,phases     ] GC(7)   Pre Evacuate Collection Set: 0.1ms
[2023-07-22T06:04:41.192+0100][gc,phases     ] GC(7)   Evacuate Collection Set: 12.4ms
[2023-07-22T06:04:41.192+0100][gc,phases     ] GC(7)   Post Evacuate Collection Set: 1.5ms
[2023-07-22T06:04:41.193+0100][gc,phases     ] GC(7)   Other: 2.2ms
[2023-07-22T06:04:41.193+0100][gc,heap       ] GC(7) Eden regions: 47->0(47)
[2023-07-22T06:04:41.193+0100][gc,heap       ] GC(7) Survivor regions: 4->4(7)
[2023-07-22T06:04:41.193+0100][gc,heap       ] GC(7) Old regions: 13->15
[2023-07-22T06:04:41.193+0100][gc,heap       ] GC(7) Humongous regions: 129->129
[2023-07-22T06:04:41.193+0100][gc,metaspace  ] GC(7) Metaspace: 41876K(44544K)->41876K(44544K) NonClass: 36510K(37888K)->36510K(37888K) Class: 5366K(6656K)->5366K(6656K)
[2023-07-22T06:04:41.193+0100][gc            ] GC(7) Pause Young (Normal) (G1 Evacuation Pause) 191M->145M(1024M) 16.140ms
[2023-07-22T06:04:41.193+0100][gc,cpu        ] GC(7) User=0.02s Sys=0.01s Real=0.02s
[2023-07-22T06:05:18.426+0100][gc,start      ] GC(8) Pause Young (Normal) (G1 Evacuation Pause)
[2023-07-22T06:05:18.426+0100][gc,task       ] GC(8) Using 2 workers of 2 for evacuation
[2023-07-22T06:05:18.436+0100][gc,phases     ] GC(8)   Pre Evacuate Collection Set: 0.2ms
[2023-07-22T06:05:18.436+0100][gc,phases     ] GC(8)   Evacuate Collection Set: 8.1ms
[2023-07-22T06:05:18.436+0100][gc,phases     ] GC(8)   Post Evacuate Collection Set: 0.5ms
[2023-07-22T06:05:18.436+0100][gc,phases     ] GC(8)   Other: 0.6ms
[2023-07-22T06:05:18.436+0100][gc,heap       ] GC(8) Eden regions: 47->0(47)
[2023-07-22T06:05:18.436+0100][gc,heap       ] GC(8) Survivor regions: 4->4(7)
[2023-07-22T06:05:18.436+0100][gc,heap       ] GC(8) Old regions: 15->15
[2023-07-22T06:05:18.436+0100][gc,heap       ] GC(8) Humongous regions: 129->129
[2023-07-22T06:05:18.436+0100][gc,metaspace  ] GC(8) Metaspace: 41897K(44544K)->41897K(44544K) NonClass: 36531K(37888K)->36531K(37888K) Class: 5366K(6656K)->5366K(6656K)
[2023-07-22T06:05:18.436+0100][gc            ] GC(8) Pause Young (Normal) (G1 Evacuation Pause) 192M->145M(1024M) 9.427ms
[2023-07-22T06:05:18.436+0100][gc,cpu        ] GC(8) User=0.02s Sys=0.00s Real=0.01s
[2023-07-22T06:24:37.227+0100][gc,start      ] GC(9) Pause Young (Normal) (G1 Evacuation Pause)
[2023-07-22T06:24:37.229+0100][gc,task       ] GC(9) Using 2 workers of 2 for evacuation
[2023-07-22T06:24:37.561+0100][gc,mmu        ] GC(9) MMU target violated: 21.0ms (20.0ms/21.0ms)
[2023-07-22T06:24:37.562+0100][gc,phases     ] GC(9)   Pre Evacuate Collection Set: 31.0ms
[2023-07-22T06:24:37.562+0100][gc,phases     ] GC(9)   Evacuate Collection Set: 297.0ms
[2023-07-22T06:24:37.562+0100][gc,phases     ] GC(9)   Post Evacuate Collection Set: 2.3ms
[2023-07-22T06:24:37.562+0100][gc,phases     ] GC(9)   Other: 4.0ms
[2023-07-22T06:24:37.562+0100][gc,heap       ] GC(9) Eden regions: 47->0(47)
[2023-07-22T06:24:37.562+0100][gc,heap       ] GC(9) Survivor regions: 4->4(7)
[2023-07-22T06:24:37.562+0100][gc,heap       ] GC(9) Old regions: 15->15
[2023-07-22T06:24:37.562+0100][gc,heap       ] GC(9) Humongous regions: 129->129
[2023-07-22T06:24:37.562+0100][gc,metaspace  ] GC(9) Metaspace: 42377K(45056K)->42377K(45056K) NonClass: 36985K(38400K)->36985K(38400K) Class: 5392K(6656K)->5392K(6656K)
[2023-07-22T06:24:37.563+0100][gc            ] GC(9) Pause Young (Normal) (G1 Evacuation Pause) 192M->145M(1024M) 334.692ms
[2023-07-22T06:24:37.563+0100][gc,cpu        ] GC(9) User=0.06s Sys=0.09s Real=0.34s
[2023-07-22T06:36:45.904+0100][gc,start      ] GC(10) Pause Young (Normal) (G1 Evacuation Pause)
[2023-07-22T06:36:45.906+0100][gc,task       ] GC(10) Using 2 workers of 2 for evacuation
[2023-07-22T06:36:46.268+0100][gc,mmu        ] GC(10) MMU target violated: 21.0ms (20.0ms/21.0ms)
[2023-07-22T06:36:46.268+0100][gc,phases     ] GC(10)   Pre Evacuate Collection Set: 142.0ms
[2023-07-22T06:36:46.268+0100][gc,phases     ] GC(10)   Evacuate Collection Set: 204.4ms
[2023-07-22T06:36:46.268+0100][gc,phases     ] GC(10)   Post Evacuate Collection Set: 13.1ms
[2023-07-22T06:36:46.268+0100][gc,phases     ] GC(10)   Other: 4.5ms
[2023-07-22T06:36:46.268+0100][gc,heap       ] GC(10) Eden regions: 47->0(47)
[2023-07-22T06:36:46.268+0100][gc,heap       ] GC(10) Survivor regions: 4->4(7)
[2023-07-22T06:36:46.268+0100][gc,heap       ] GC(10) Old regions: 15->15
[2023-07-22T06:36:46.268+0100][gc,heap       ] GC(10) Humongous regions: 129->129
[2023-07-22T06:36:46.268+0100][gc,metaspace  ] GC(10) Metaspace: 42679K(45312K)->42679K(45312K) NonClass: 37274K(38656K)->37274K(38656K) Class: 5404K(6656K)->5404K(6656K)
[2023-07-22T06:36:46.268+0100][gc            ] GC(10) Pause Young (Normal) (G1 Evacuation Pause) 192M->145M(1024M) 364.073ms
[2023-07-22T06:36:46.268+0100][gc,cpu        ] GC(10) User=0.05s Sys=0.11s Real=0.36s
[2023-07-22T06:37:35.129+0100][gc,start      ] GC(11) Pause Young (Normal) (G1 Evacuation Pause)
[2023-07-22T06:37:35.129+0100][gc,task       ] GC(11) Using 2 workers of 2 for evacuation
[2023-07-22T06:37:35.169+0100][gc,mmu        ] GC(11) MMU target violated: 21.0ms (20.0ms/21.0ms)
[2023-07-22T06:37:35.169+0100][gc,phases     ] GC(11)   Pre Evacuate Collection Set: 0.1ms
[2023-07-22T06:37:35.169+0100][gc,phases     ] GC(11)   Evacuate Collection Set: 36.9ms
[2023-07-22T06:37:35.169+0100][gc,phases     ] GC(11)   Post Evacuate Collection Set: 2.5ms
[2023-07-22T06:37:35.170+0100][gc,phases     ] GC(11)   Other: 0.9ms
[2023-07-22T06:37:35.170+0100][gc,heap       ] GC(11) Eden regions: 47->0(47)
[2023-07-22T06:37:35.170+0100][gc,heap       ] GC(11) Survivor regions: 4->4(7)
[2023-07-22T06:37:35.170+0100][gc,heap       ] GC(11) Old regions: 15->15
[2023-07-22T06:37:35.170+0100][gc,heap       ] GC(11) Humongous regions: 129->129
[2023-07-22T06:37:35.170+0100][gc,metaspace  ] GC(11) Metaspace: 42681K(45312K)->42681K(45312K) NonClass: 37276K(38656K)->37276K(38656K) Class: 5404K(6656K)->5404K(6656K)
[2023-07-22T06:37:35.170+0100][gc            ] GC(11) Pause Young (Normal) (G1 Evacuation Pause) 192M->145M(1024M) 40.692ms
[2023-07-22T06:37:35.170+0100][gc,cpu        ] GC(11) User=0.04s Sys=0.01s Real=0.04s
[2023-07-22T06:38:20.739+0100][gc,start      ] GC(12) Pause Young (Normal) (G1 Evacuation Pause)
[2023-07-22T06:38:20.739+0100][gc,task       ] GC(12) Using 2 workers of 2 for evacuation
[2023-07-22T06:38:20.776+0100][gc,mmu        ] GC(12) MMU target violated: 21.0ms (20.0ms/21.0ms)
[2023-07-22T06:38:20.776+0100][gc,phases     ] GC(12)   Pre Evacuate Collection Set: 0.2ms
[2023-07-22T06:38:20.776+0100][gc,phases     ] GC(12)   Evacuate Collection Set: 35.3ms
[2023-07-22T06:38:20.776+0100][gc,phases     ] GC(12)   Post Evacuate Collection Set: 1.4ms
[2023-07-22T06:38:20.776+0100][gc,phases     ] GC(12)   Other: 1.0ms
[2023-07-22T06:38:20.776+0100][gc,heap       ] GC(12) Eden regions: 47->0(47)
[2023-07-22T06:38:20.776+0100][gc,heap       ] GC(12) Survivor regions: 4->4(7)
[2023-07-22T06:38:20.776+0100][gc,heap       ] GC(12) Old regions: 15->15
[2023-07-22T06:38:20.776+0100][gc,heap       ] GC(12) Humongous regions: 129->129
[2023-07-22T06:38:20.777+0100][gc,metaspace  ] GC(12) Metaspace: 42682K(45312K)->42682K(45312K) NonClass: 37277K(38656K)->37277K(38656K) Class: 5404K(6656K)->5404K(6656K)
[2023-07-22T06:38:20.777+0100][gc            ] GC(12) Pause Young (Normal) (G1 Evacuation Pause) 192M->145M(1024M) 38.050ms
[2023-07-22T06:38:20.777+0100][gc,cpu        ] GC(12) User=0.06s Sys=0.00s Real=0.04s
[2023-07-22T06:39:07.688+0100][gc,start      ] GC(13) Pause Young (Normal) (G1 Evacuation Pause)
[2023-07-22T06:39:07.689+0100][gc,task       ] GC(13) Using 2 workers of 2 for evacuation
[2023-07-22T06:39:07.732+0100][gc,mmu        ] GC(13) MMU target violated: 21.0ms (20.0ms/21.0ms)
[2023-07-22T06:39:07.733+0100][gc,phases     ] GC(13)   Pre Evacuate Collection Set: 0.3ms
[2023-07-22T06:39:07.733+0100][gc,phases     ] GC(13)   Evacuate Collection Set: 40.8ms
[2023-07-22T06:39:07.733+0100][gc,phases     ] GC(13)   Post Evacuate Collection Set: 2.0ms
[2023-07-22T06:39:07.733+0100][gc,phases     ] GC(13)   Other: 2.7ms
[2023-07-22T06:39:07.733+0100][gc,heap       ] GC(13) Eden regions: 47->0(47)
[2023-07-22T06:39:07.733+0100][gc,heap       ] GC(13) Survivor regions: 4->4(7)
[2023-07-22T06:39:07.733+0100][gc,heap       ] GC(13) Old regions: 15->15
[2023-07-22T06:39:07.733+0100][gc,heap       ] GC(13) Humongous regions: 129->129
[2023-07-22T06:39:07.733+0100][gc,metaspace  ] GC(13) Metaspace: 42688K(45312K)->42688K(45312K) NonClass: 37283K(38656K)->37283K(38656K) Class: 5404K(6656K)->5404K(6656K)
[2023-07-22T06:39:07.733+0100][gc            ] GC(13) Pause Young (Normal) (G1 Evacuation Pause) 192M->145M(1024M) 44.865ms
[2023-07-22T06:39:07.733+0100][gc,cpu        ] GC(13) User=0.08s Sys=0.00s Real=0.04s
[2023-07-22T06:40:11.363+0100][gc,start      ] GC(14) Pause Young (Normal) (G1 Evacuation Pause)
[2023-07-22T06:40:11.363+0100][gc,task       ] GC(14) Using 2 workers of 2 for evacuation
[2023-07-22T06:40:11.396+0100][gc,mmu        ] GC(14) MMU target violated: 21.0ms (20.0ms/21.0ms)
[2023-07-22T06:40:11.397+0100][gc,phases     ] GC(14)   Pre Evacuate Collection Set: 0.3ms
[2023-07-22T06:40:11.397+0100][gc,phases     ] GC(14)   Evacuate Collection Set: 30.4ms
[2023-07-22T06:40:11.397+0100][gc,phases     ] GC(14)   Post Evacuate Collection Set: 2.4ms
[2023-07-22T06:40:11.397+0100][gc,phases     ] GC(14)   Other: 0.9ms
[2023-07-22T06:40:11.397+0100][gc,heap       ] GC(14) Eden regions: 47->0(47)
[2023-07-22T06:40:11.397+0100][gc,heap       ] GC(14) Survivor regions: 4->4(7)
[2023-07-22T06:40:11.397+0100][gc,heap       ] GC(14) Old regions: 15->15
[2023-07-22T06:40:11.397+0100][gc,heap       ] GC(14) Humongous regions: 129->129
[2023-07-22T06:40:11.397+0100][gc,metaspace  ] GC(14) Metaspace: 42691K(45312K)->42691K(45312K) NonClass: 37286K(38656K)->37286K(38656K) Class: 5404K(6656K)->5404K(6656K)
[2023-07-22T06:40:11.397+0100][gc            ] GC(14) Pause Young (Normal) (G1 Evacuation Pause) 192M->145M(1024M) 34.415ms
[2023-07-22T06:40:11.397+0100][gc,cpu        ] GC(14) User=0.05s Sys=0.01s Real=0.03s
[2023-07-22T06:41:18.197+0100][gc,start      ] GC(15) Pause Young (Normal) (G1 Evacuation Pause)
[2023-07-22T06:41:18.198+0100][gc,task       ] GC(15) Using 2 workers of 2 for evacuation
[2023-07-22T06:41:18.235+0100][gc,mmu        ] GC(15) MMU target violated: 21.0ms (20.0ms/21.0ms)
[2023-07-22T06:41:18.235+0100][gc,phases     ] GC(15)   Pre Evacuate Collection Set: 0.2ms
[2023-07-22T06:41:18.235+0100][gc,phases     ] GC(15)   Evacuate Collection Set: 35.2ms
[2023-07-22T06:41:18.235+0100][gc,phases     ] GC(15)   Post Evacuate Collection Set: 1.4ms
[2023-07-22T06:41:18.235+0100][gc,phases     ] GC(15)   Other: 0.9ms
[2023-07-22T06:41:18.235+0100][gc,heap       ] GC(15) Eden regions: 47->0(47)
[2023-07-22T06:41:18.235+0100][gc,heap       ] GC(15) Survivor regions: 4->4(7)
[2023-07-22T06:41:18.235+0100][gc,heap       ] GC(15) Old regions: 15->15
[2023-07-22T06:41:18.235+0100][gc,heap       ] GC(15) Humongous regions: 129->129
[2023-07-22T06:41:18.235+0100][gc,metaspace  ] GC(15) Metaspace: 42694K(45312K)->42694K(45312K) NonClass: 37289K(38656K)->37289K(38656K) Class: 5404K(6656K)->5404K(6656K)
[2023-07-22T06:41:18.235+0100][gc            ] GC(15) Pause Young (Normal) (G1 Evacuation Pause) 192M->145M(1024M) 37.831ms
[2023-07-22T06:41:18.235+0100][gc,cpu        ] GC(15) User=0.06s Sys=0.01s Real=0.04s
[2023-07-22T06:42:26.101+0100][gc,start      ] GC(16) Pause Young (Normal) (G1 Evacuation Pause)
[2023-07-22T06:42:26.101+0100][gc,task       ] GC(16) Using 2 workers of 2 for evacuation
[2023-07-22T06:42:26.115+0100][gc,phases     ] GC(16)   Pre Evacuate Collection Set: 0.1ms
[2023-07-22T06:42:26.115+0100][gc,phases     ] GC(16)   Evacuate Collection Set: 12.2ms
[2023-07-22T06:42:26.116+0100][gc,phases     ] GC(16)   Post Evacuate Collection Set: 1.1ms
[2023-07-22T06:42:26.116+0100][gc,phases     ] GC(16)   Other: 0.6ms
[2023-07-22T06:42:26.116+0100][gc,heap       ] GC(16) Eden regions: 47->0(47)
[2023-07-22T06:42:26.116+0100][gc,heap       ] GC(16) Survivor regions: 4->4(7)
[2023-07-22T06:42:26.116+0100][gc,heap       ] GC(16) Old regions: 15->15
[2023-07-22T06:42:26.116+0100][gc,heap       ] GC(16) Humongous regions: 129->129
[2023-07-22T06:42:26.116+0100][gc,metaspace  ] GC(16) Metaspace: 42694K(45312K)->42694K(45312K) NonClass: 37289K(38656K)->37289K(38656K) Class: 5404K(6656K)->5404K(6656K)
[2023-07-22T06:42:26.116+0100][gc            ] GC(16) Pause Young (Normal) (G1 Evacuation Pause) 192M->146M(1024M) 14.609ms
[2023-07-22T06:42:26.116+0100][gc,cpu        ] GC(16) User=0.03s Sys=0.00s Real=0.02s
[2023-07-22T06:43:32.923+0100][gc,start      ] GC(17) Pause Young (Normal) (G1 Evacuation Pause)
[2023-07-22T06:43:32.923+0100][gc,task       ] GC(17) Using 2 workers of 2 for evacuation
[2023-07-22T06:43:32.939+0100][gc,phases     ] GC(17)   Pre Evacuate Collection Set: 0.1ms
[2023-07-22T06:43:32.939+0100][gc,phases     ] GC(17)   Evacuate Collection Set: 14.5ms
[2023-07-22T06:43:32.939+0100][gc,phases     ] GC(17)   Post Evacuate Collection Set: 1.2ms
[2023-07-22T06:43:32.939+0100][gc,phases     ] GC(17)   Other: 1.0ms
[2023-07-22T06:43:32.939+0100][gc,heap       ] GC(17) Eden regions: 47->0(47)
[2023-07-22T06:43:32.939+0100][gc,heap       ] GC(17) Survivor regions: 4->4(7)
[2023-07-22T06:43:32.939+0100][gc,heap       ] GC(17) Old regions: 15->15
[2023-07-22T06:43:32.939+0100][gc,heap       ] GC(17) Humongous regions: 129->129
[2023-07-22T06:43:32.939+0100][gc,metaspace  ] GC(17) Metaspace: 42694K(45312K)->42694K(45312K) NonClass: 37289K(38656K)->37289K(38656K) Class: 5404K(6656K)->5404K(6656K)
[2023-07-22T06:43:32.939+0100][gc            ] GC(17) Pause Young (Normal) (G1 Evacuation Pause) 193M->145M(1024M) 16.373ms
[2023-07-22T06:43:32.939+0100][gc,cpu        ] GC(17) User=0.03s Sys=0.00s Real=0.01s
[2023-07-22T06:44:41.917+0100][gc,start      ] GC(18) Pause Young (Normal) (G1 Evacuation Pause)
[2023-07-22T06:44:41.917+0100][gc,task       ] GC(18) Using 2 workers of 2 for evacuation
[2023-07-22T06:44:41.959+0100][gc,mmu        ] GC(18) MMU target violated: 21.0ms (20.0ms/21.0ms)
[2023-07-22T06:44:41.959+0100][gc,phases     ] GC(18)   Pre Evacuate Collection Set: 0.2ms
[2023-07-22T06:44:41.959+0100][gc,phases     ] GC(18)   Evacuate Collection Set: 39.7ms
[2023-07-22T06:44:41.959+0100][gc,phases     ] GC(18)   Post Evacuate Collection Set: 0.9ms
[2023-07-22T06:44:41.959+0100][gc,phases     ] GC(18)   Other: 0.9ms
[2023-07-22T06:44:41.959+0100][gc,heap       ] GC(18) Eden regions: 47->0(47)
[2023-07-22T06:44:41.959+0100][gc,heap       ] GC(18) Survivor regions: 4->4(7)
[2023-07-22T06:44:41.959+0100][gc,heap       ] GC(18) Old regions: 15->15
[2023-07-22T06:44:41.959+0100][gc,heap       ] GC(18) Humongous regions: 129->129
[2023-07-22T06:44:41.959+0100][gc,metaspace  ] GC(18) Metaspace: 42704K(45312K)->42704K(45312K) NonClass: 37300K(38656K)->37300K(38656K) Class: 5404K(6656K)->5404K(6656K)
[2023-07-22T06:44:41.959+0100][gc            ] GC(18) Pause Young (Normal) (G1 Evacuation Pause) 192M->145M(1024M) 41.840ms
[2023-07-22T06:44:41.959+0100][gc,cpu        ] GC(18) User=0.06s Sys=0.00s Real=0.04s
[2023-07-22T06:45:49.594+0100][gc,start      ] GC(19) Pause Young (Normal) (G1 Evacuation Pause)
[2023-07-22T06:45:49.595+0100][gc,task       ] GC(19) Using 2 workers of 2 for evacuation
[2023-07-22T06:45:49.637+0100][gc,mmu        ] GC(19) MMU target violated: 21.0ms (20.0ms/21.0ms)
[2023-07-22T06:45:49.638+0100][gc,phases     ] GC(19)   Pre Evacuate Collection Set: 0.2ms
[2023-07-22T06:45:49.638+0100][gc,phases     ] GC(19)   Evacuate Collection Set: 38.6ms
[2023-07-22T06:45:49.639+0100][gc,phases     ] GC(19)   Post Evacuate Collection Set: 2.0ms
[2023-07-22T06:45:49.639+0100][gc,phases     ] GC(19)   Other: 2.6ms
[2023-07-22T06:45:49.640+0100][gc,heap       ] GC(19) Eden regions: 47->0(47)
[2023-07-22T06:45:49.640+0100][gc,heap       ] GC(19) Survivor regions: 4->4(7)
[2023-07-22T06:45:49.641+0100][gc,heap       ] GC(19) Old regions: 15->15
[2023-07-22T06:45:49.641+0100][gc,heap       ] GC(19) Humongous regions: 129->129
[2023-07-22T06:45:49.641+0100][gc,metaspace  ] GC(19) Metaspace: 42704K(45312K)->42704K(45312K) NonClass: 37300K(38656K)->37300K(38656K) Class: 5404K(6656K)->5404K(6656K)
[2023-07-22T06:45:49.641+0100][gc            ] GC(19) Pause Young (Normal) (G1 Evacuation Pause) 192M->145M(1024M) 47.133ms
[2023-07-22T06:45:49.642+0100][gc,cpu        ] GC(19) User=0.08s Sys=0.00s Real=0.04s
[2023-07-22T06:46:56.634+0100][gc,start      ] GC(20) Pause Young (Normal) (G1 Evacuation Pause)
[2023-07-22T06:46:56.635+0100][gc,task       ] GC(20) Using 2 workers of 2 for evacuation
[2023-07-22T06:46:56.650+0100][gc,phases     ] GC(20)   Pre Evacuate Collection Set: 0.1ms
[2023-07-22T06:46:56.650+0100][gc,phases     ] GC(20)   Evacuate Collection Set: 13.2ms
[2023-07-22T06:46:56.650+0100][gc,phases     ] GC(20)   Post Evacuate Collection Set: 1.2ms
[2023-07-22T06:46:56.651+0100][gc,phases     ] GC(20)   Other: 1.2ms
[2023-07-22T06:46:56.651+0100][gc,heap       ] GC(20) Eden regions: 47->0(47)
[2023-07-22T06:46:56.651+0100][gc,heap       ] GC(20) Survivor regions: 4->4(7)
[2023-07-22T06:46:56.651+0100][gc,heap       ] GC(20) Old regions: 15->15
[2023-07-22T06:46:56.651+0100][gc,heap       ] GC(20) Humongous regions: 129->129
[2023-07-22T06:46:56.651+0100][gc,metaspace  ] GC(20) Metaspace: 42709K(45312K)->42709K(45312K) NonClass: 37305K(38656K)->37305K(38656K) Class: 5404K(6656K)->5404K(6656K)
[2023-07-22T06:46:56.651+0100][gc            ] GC(20) Pause Young (Normal) (G1 Evacuation Pause) 192M->145M(1024M) 17.063ms
[2023-07-22T06:46:56.652+0100][gc,cpu        ] GC(20) User=0.03s Sys=0.00s Real=0.01s
[2023-07-22T06:48:02.626+0100][gc,start      ] GC(21) Pause Young (Normal) (G1 Evacuation Pause)
[2023-07-22T06:48:02.626+0100][gc,task       ] GC(21) Using 2 workers of 2 for evacuation
[2023-07-22T06:48:02.643+0100][gc,phases     ] GC(21)   Pre Evacuate Collection Set: 0.1ms
[2023-07-22T06:48:02.643+0100][gc,phases     ] GC(21)   Evacuate Collection Set: 15.4ms
[2023-07-22T06:48:02.643+0100][gc,phases     ] GC(21)   Post Evacuate Collection Set: 0.7ms
[2023-07-22T06:48:02.644+0100][gc,phases     ] GC(21)   Other: 0.7ms
[2023-07-22T06:48:02.644+0100][gc,heap       ] GC(21) Eden regions: 47->0(48)
[2023-07-22T06:48:02.644+0100][gc,heap       ] GC(21) Survivor regions: 4->3(7)
[2023-07-22T06:48:02.644+0100][gc,heap       ] GC(21) Old regions: 15->16
[2023-07-22T06:48:02.644+0100][gc,heap       ] GC(21) Humongous regions: 129->129
[2023-07-22T06:48:02.644+0100][gc,metaspace  ] GC(21) Metaspace: 42711K(45312K)->42711K(45312K) NonClass: 37306K(38656K)->37306K(38656K) Class: 5404K(6656K)->5404K(6656K)
[2023-07-22T06:48:02.644+0100][gc            ] GC(21) Pause Young (Normal) (G1 Evacuation Pause) 192M->146M(1024M) 18.145ms
[2023-07-22T06:48:02.645+0100][gc,cpu        ] GC(21) User=0.03s Sys=0.00s Real=0.02s
[2023-07-22T06:49:11.451+0100][gc,start      ] GC(22) Pause Young (Normal) (G1 Evacuation Pause)
[2023-07-22T06:49:11.452+0100][gc,task       ] GC(22) Using 2 workers of 2 for evacuation
[2023-07-22T06:49:11.481+0100][gc,mmu        ] GC(22) MMU target violated: 21.0ms (20.0ms/21.0ms)
[2023-07-22T06:49:11.481+0100][gc,phases     ] GC(22)   Pre Evacuate Collection Set: 0.1ms
[2023-07-22T06:49:11.481+0100][gc,phases     ] GC(22)   Evacuate Collection Set: 26.1ms
[2023-07-22T06:49:11.481+0100][gc,phases     ] GC(22)   Post Evacuate Collection Set: 1.6ms
[2023-07-22T06:49:11.482+0100][gc,phases     ] GC(22)   Other: 2.4ms
[2023-07-22T06:49:11.482+0100][gc,heap       ] GC(22) Eden regions: 48->0(49)
[2023-07-22T06:49:11.482+0100][gc,heap       ] GC(22) Survivor regions: 3->2(7)
[2023-07-22T06:49:11.482+0100][gc,heap       ] GC(22) Old regions: 16->17
[2023-07-22T06:49:11.482+0100][gc,heap       ] GC(22) Humongous regions: 129->129
[2023-07-22T06:49:11.482+0100][gc,metaspace  ] GC(22) Metaspace: 42736K(45312K)->42736K(45312K) NonClass: 37332K(38656K)->37332K(38656K) Class: 5404K(6656K)->5404K(6656K)
[2023-07-22T06:49:11.482+0100][gc            ] GC(22) Pause Young (Normal) (G1 Evacuation Pause) 194M->145M(1024M) 30.732ms
[2023-07-22T06:49:11.482+0100][gc,cpu        ] GC(22) User=0.05s Sys=0.00s Real=0.03s
[2023-07-22T06:49:59.771+0100][gc,start      ] GC(23) Pause Young (Normal) (G1 Evacuation Pause)
[2023-07-22T06:49:59.772+0100][gc,task       ] GC(23) Using 2 workers of 2 for evacuation
[2023-07-22T06:49:59.793+0100][gc,mmu        ] GC(23) MMU target violated: 20.4ms (20.0ms/21.0ms)
[2023-07-22T06:49:59.794+0100][gc,phases     ] GC(23)   Pre Evacuate Collection Set: 0.2ms
[2023-07-22T06:49:59.795+0100][gc,phases     ] GC(23)   Evacuate Collection Set: 18.0ms
[2023-07-22T06:49:59.795+0100][gc,phases     ] GC(23)   Post Evacuate Collection Set: 1.8ms
[2023-07-22T06:49:59.795+0100][gc,phases     ] GC(23)   Other: 2.9ms
[2023-07-22T06:49:59.796+0100][gc,heap       ] GC(23) Eden regions: 49->0(49)
[2023-07-22T06:49:59.796+0100][gc,heap       ] GC(23) Survivor regions: 2->2(7)
[2023-07-22T06:49:59.796+0100][gc,heap       ] GC(23) Old regions: 17->17
[2023-07-22T06:49:59.796+0100][gc,heap       ] GC(23) Humongous regions: 129->129
[2023-07-22T06:49:59.797+0100][gc,metaspace  ] GC(23) Metaspace: 42748K(45312K)->42748K(45312K) NonClass: 37343K(38656K)->37343K(38656K) Class: 5404K(6656K)->5404K(6656K)
[2023-07-22T06:49:59.797+0100][gc            ] GC(23) Pause Young (Normal) (G1 Evacuation Pause) 194M->145M(1024M) 25.987ms
[2023-07-22T06:49:59.797+0100][gc,cpu        ] GC(23) User=0.03s Sys=0.00s Real=0.03s
[2023-07-22T06:50:47.064+0100][gc,start      ] GC(24) Pause Young (Normal) (G1 Evacuation Pause)
[2023-07-22T06:50:47.064+0100][gc,task       ] GC(24) Using 2 workers of 2 for evacuation
[2023-07-22T06:50:47.072+0100][gc,phases     ] GC(24)   Pre Evacuate Collection Set: 0.1ms
[2023-07-22T06:50:47.072+0100][gc,phases     ] GC(24)   Evacuate Collection Set: 6.5ms
[2023-07-22T06:50:47.073+0100][gc,phases     ] GC(24)   Post Evacuate Collection Set: 0.9ms
[2023-07-22T06:50:47.073+0100][gc,phases     ] GC(24)   Other: 0.3ms
[2023-07-22T06:50:47.073+0100][gc,heap       ] GC(24) Eden regions: 49->0(49)
[2023-07-22T06:50:47.073+0100][gc,heap       ] GC(24) Survivor regions: 2->2(7)
[2023-07-22T06:50:47.073+0100][gc,heap       ] GC(24) Old regions: 17->17
[2023-07-22T06:50:47.073+0100][gc,heap       ] GC(24) Humongous regions: 129->129
[2023-07-22T06:50:47.073+0100][gc,metaspace  ] GC(24) Metaspace: 42748K(45312K)->42748K(45312K) NonClass: 37343K(38656K)->37343K(38656K) Class: 5404K(6656K)->5404K(6656K)
[2023-07-22T06:50:47.073+0100][gc            ] GC(24) Pause Young (Normal) (G1 Evacuation Pause) 194M->146M(1024M) 9.044ms
[2023-07-22T06:50:47.073+0100][gc,cpu        ] GC(24) User=0.01s Sys=0.01s Real=0.00s
[2023-07-22T06:51:33.723+0100][gc,start      ] GC(25) Pause Young (Normal) (G1 Evacuation Pause)
[2023-07-22T06:51:33.723+0100][gc,task       ] GC(25) Using 2 workers of 2 for evacuation
[2023-07-22T06:51:33.771+0100][gc,mmu        ] GC(25) MMU target violated: 21.0ms (20.0ms/21.0ms)
[2023-07-22T06:51:33.772+0100][gc,phases     ] GC(25)   Pre Evacuate Collection Set: 0.3ms
[2023-07-22T06:51:33.772+0100][gc,phases     ] GC(25)   Evacuate Collection Set: 46.4ms
[2023-07-22T06:51:33.772+0100][gc,phases     ] GC(25)   Post Evacuate Collection Set: 1.2ms
[2023-07-22T06:51:33.772+0100][gc,phases     ] GC(25)   Other: 1.0ms
[2023-07-22T06:51:33.772+0100][gc,heap       ] GC(25) Eden regions: 49->0(49)
[2023-07-22T06:51:33.772+0100][gc,heap       ] GC(25) Survivor regions: 2->2(7)
[2023-07-22T06:51:33.772+0100][gc,heap       ] GC(25) Old regions: 17->18
[2023-07-22T06:51:33.772+0100][gc,heap       ] GC(25) Humongous regions: 129->129
[2023-07-22T06:51:33.772+0100][gc,metaspace  ] GC(25) Metaspace: 42752K(45312K)->42752K(45312K) NonClass: 37348K(38656K)->37348K(38656K) Class: 5404K(6656K)->5404K(6656K)
[2023-07-22T06:51:33.772+0100][gc            ] GC(25) Pause Young (Normal) (G1 Evacuation Pause) 195M->145M(1024M) 49.193ms
[2023-07-22T06:51:33.772+0100][gc,cpu        ] GC(25) User=0.02s Sys=0.02s Real=0.04s
[2023-07-22T06:52:20.080+0100][gc,start      ] GC(26) Pause Young (Normal) (G1 Evacuation Pause)
[2023-07-22T06:52:20.081+0100][gc,task       ] GC(26) Using 2 workers of 2 for evacuation
[2023-07-22T06:52:20.087+0100][gc,phases     ] GC(26)   Pre Evacuate Collection Set: 0.2ms
[2023-07-22T06:52:20.088+0100][gc,phases     ] GC(26)   Evacuate Collection Set: 5.4ms
[2023-07-22T06:52:20.088+0100][gc,phases     ] GC(26)   Post Evacuate Collection Set: 0.7ms
[2023-07-22T06:52:20.088+0100][gc,phases     ] GC(26)   Other: 0.6ms
[2023-07-22T06:52:20.088+0100][gc,heap       ] GC(26) Eden regions: 49->0(50)
[2023-07-22T06:52:20.089+0100][gc,heap       ] GC(26) Survivor regions: 2->1(7)
[2023-07-22T06:52:20.089+0100][gc,heap       ] GC(26) Old regions: 18->18
[2023-07-22T06:52:20.089+0100][gc,heap       ] GC(26) Humongous regions: 129->129
[2023-07-22T06:52:20.089+0100][gc,metaspace  ] GC(26) Metaspace: 42752K(45312K)->42752K(45312K) NonClass: 37348K(38656K)->37348K(38656K) Class: 5404K(6656K)->5404K(6656K)
[2023-07-22T06:52:20.089+0100][gc            ] GC(26) Pause Young (Normal) (G1 Evacuation Pause) 194M->145M(1024M) 8.777ms
[2023-07-22T06:52:20.089+0100][gc,cpu        ] GC(26) User=0.01s Sys=0.00s Real=0.01s
[2023-07-22T06:53:07.595+0100][gc,start      ] GC(27) Pause Young (Normal) (G1 Evacuation Pause)
[2023-07-22T06:53:07.595+0100][gc,task       ] GC(27) Using 2 workers of 2 for evacuation
[2023-07-22T06:53:07.612+0100][gc,phases     ] GC(27)   Pre Evacuate Collection Set: 0.4ms
[2023-07-22T06:53:07.613+0100][gc,phases     ] GC(27)   Evacuate Collection Set: 15.4ms
[2023-07-22T06:53:07.613+0100][gc,phases     ] GC(27)   Post Evacuate Collection Set: 0.6ms
[2023-07-22T06:53:07.613+0100][gc,phases     ] GC(27)   Other: 0.9ms
[2023-07-22T06:53:07.613+0100][gc,heap       ] GC(27) Eden regions: 50->0(49)
[2023-07-22T06:53:07.613+0100][gc,heap       ] GC(27) Survivor regions: 1->2(7)
[2023-07-22T06:53:07.614+0100][gc,heap       ] GC(27) Old regions: 18->18
[2023-07-22T06:53:07.614+0100][gc,heap       ] GC(27) Humongous regions: 129->129
[2023-07-22T06:53:07.614+0100][gc,metaspace  ] GC(27) Metaspace: 42753K(45312K)->42753K(45312K) NonClass: 37349K(38656K)->37349K(38656K) Class: 5404K(6656K)->5404K(6656K)
[2023-07-22T06:53:07.614+0100][gc            ] GC(27) Pause Young (Normal) (G1 Evacuation Pause) 195M->146M(1024M) 19.285ms
[2023-07-22T06:53:07.615+0100][gc,cpu        ] GC(27) User=0.00s Sys=0.01s Real=0.02s
[2023-07-22T06:53:57.481+0100][gc,start      ] GC(28) Pause Young (Normal) (G1 Evacuation Pause)
[2023-07-22T06:53:57.481+0100][gc,task       ] GC(28) Using 2 workers of 2 for evacuation
[2023-07-22T06:53:57.497+0100][gc,phases     ] GC(28)   Pre Evacuate Collection Set: 0.9ms
[2023-07-22T06:53:57.497+0100][gc,phases     ] GC(28)   Evacuate Collection Set: 13.2ms
[2023-07-22T06:53:57.497+0100][gc,phases     ] GC(28)   Post Evacuate Collection Set: 1.2ms
[2023-07-22T06:53:57.497+0100][gc,phases     ] GC(28)   Other: 1.2ms
[2023-07-22T06:53:57.498+0100][gc,heap       ] GC(28) Eden regions: 49->0(50)
[2023-07-22T06:53:57.498+0100][gc,heap       ] GC(28) Survivor regions: 2->1(7)
[2023-07-22T06:53:57.498+0100][gc,heap       ] GC(28) Old regions: 18->18
[2023-07-22T06:53:57.498+0100][gc,heap       ] GC(28) Humongous regions: 129->129
[2023-07-22T06:53:57.498+0100][gc,metaspace  ] GC(28) Metaspace: 42762K(45312K)->42762K(45312K) NonClass: 37357K(38656K)->37357K(38656K) Class: 5404K(6656K)->5404K(6656K)
[2023-07-22T06:53:57.498+0100][gc            ] GC(28) Pause Young (Normal) (G1 Evacuation Pause) 195M->145M(1024M) 17.218ms
[2023-07-22T06:53:57.498+0100][gc,cpu        ] GC(28) User=0.01s Sys=0.00s Real=0.02s
[2023-07-22T06:54:45.388+0100][gc,start      ] GC(29) Pause Young (Normal) (G1 Evacuation Pause)
[2023-07-22T06:54:45.389+0100][gc,task       ] GC(29) Using 2 workers of 2 for evacuation
[2023-07-22T06:54:45.394+0100][gc,phases     ] GC(29)   Pre Evacuate Collection Set: 0.1ms
[2023-07-22T06:54:45.394+0100][gc,phases     ] GC(29)   Evacuate Collection Set: 5.2ms
[2023-07-22T06:54:45.394+0100][gc,phases     ] GC(29)   Post Evacuate Collection Set: 0.3ms
[2023-07-22T06:54:45.394+0100][gc,phases     ] GC(29)   Other: 0.3ms
[2023-07-22T06:54:45.394+0100][gc,heap       ] GC(29) Eden regions: 50->0(51)
[2023-07-22T06:54:45.394+0100][gc,heap       ] GC(29) Survivor regions: 1->2(7)
[2023-07-22T06:54:45.394+0100][gc,heap       ] GC(29) Old regions: 18->18
[2023-07-22T06:54:45.394+0100][gc,heap       ] GC(29) Humongous regions: 129->129
[2023-07-22T06:54:45.394+0100][gc,metaspace  ] GC(29) Metaspace: 42762K(45312K)->42762K(45312K) NonClass: 37357K(38656K)->37357K(38656K) Class: 5404K(6656K)->5404K(6656K)
[2023-07-22T06:54:45.395+0100][gc            ] GC(29) Pause Young (Normal) (G1 Evacuation Pause) 195M->146M(1024M) 6.006ms
[2023-07-22T06:54:45.395+0100][gc,cpu        ] GC(29) User=0.00s Sys=0.01s Real=0.01s
[2023-07-22T06:57:43.980+0100][gc,start      ] GC(30) Pause Young (Normal) (G1 Evacuation Pause)
[2023-07-22T06:57:43.981+0100][gc,task       ] GC(30) Using 2 workers of 2 for evacuation
[2023-07-22T06:57:43.988+0100][gc,phases     ] GC(30)   Pre Evacuate Collection Set: 0.8ms
[2023-07-22T06:57:43.988+0100][gc,phases     ] GC(30)   Evacuate Collection Set: 5.0ms
[2023-07-22T06:57:43.988+0100][gc,phases     ] GC(30)   Post Evacuate Collection Set: 0.4ms
[2023-07-22T06:57:43.988+0100][gc,phases     ] GC(30)   Other: 1.5ms
[2023-07-22T06:57:43.988+0100][gc,heap       ] GC(30) Eden regions: 51->0(52)
[2023-07-22T06:57:43.988+0100][gc,heap       ] GC(30) Survivor regions: 2->1(7)
[2023-07-22T06:57:43.988+0100][gc,heap       ] GC(30) Old regions: 18->18
[2023-07-22T06:57:43.988+0100][gc,heap       ] GC(30) Humongous regions: 129->129
[2023-07-22T06:57:43.988+0100][gc,metaspace  ] GC(30) Metaspace: 42762K(45312K)->42762K(45312K) NonClass: 37357K(38656K)->37357K(38656K) Class: 5404K(6656K)->5404K(6656K)
[2023-07-22T06:57:43.988+0100][gc            ] GC(30) Pause Young (Normal) (G1 Evacuation Pause) 197M->145M(1024M) 8.448ms
[2023-07-22T06:57:43.988+0100][gc,cpu        ] GC(30) User=0.01s Sys=0.00s Real=0.01s
[2023-07-22T06:59:46.419+0100][gc,start      ] GC(31) Pause Young (Normal) (G1 Evacuation Pause)
[2023-07-22T06:59:46.420+0100][gc,task       ] GC(31) Using 2 workers of 2 for evacuation
[2023-07-22T06:59:46.496+0100][gc,mmu        ] GC(31) MMU target violated: 21.0ms (20.0ms/21.0ms)
[2023-07-22T06:59:46.496+0100][gc,phases     ] GC(31)   Pre Evacuate Collection Set: 0.5ms
[2023-07-22T06:59:46.496+0100][gc,phases     ] GC(31)   Evacuate Collection Set: 74.3ms
[2023-07-22T06:59:46.496+0100][gc,phases     ] GC(31)   Post Evacuate Collection Set: 0.7ms
[2023-07-22T06:59:46.496+0100][gc,phases     ] GC(31)   Other: 1.3ms
[2023-07-22T06:59:46.496+0100][gc,heap       ] GC(31) Eden regions: 52->0(50)
[2023-07-22T06:59:46.496+0100][gc,heap       ] GC(31) Survivor regions: 1->1(7)
[2023-07-22T06:59:46.496+0100][gc,heap       ] GC(31) Old regions: 18->18
[2023-07-22T06:59:46.496+0100][gc,heap       ] GC(31) Humongous regions: 129->129
[2023-07-22T06:59:46.496+0100][gc,metaspace  ] GC(31) Metaspace: 42782K(45312K)->42782K(45312K) NonClass: 37377K(38656K)->37377K(38656K) Class: 5404K(6656K)->5404K(6656K)
[2023-07-22T06:59:46.496+0100][gc            ] GC(31) Pause Young (Normal) (G1 Evacuation Pause) 197M->145M(1024M) 76.973ms
[2023-07-22T06:59:46.496+0100][gc,cpu        ] GC(31) User=0.02s Sys=0.02s Real=0.08s
[2023-07-22T07:00:40.682+0100][gc,start      ] GC(32) Pause Young (Normal) (G1 Evacuation Pause)
[2023-07-22T07:00:40.683+0100][gc,task       ] GC(32) Using 2 workers of 2 for evacuation
[2023-07-22T07:00:40.689+0100][gc,phases     ] GC(32)   Pre Evacuate Collection Set: 0.3ms
[2023-07-22T07:00:40.689+0100][gc,phases     ] GC(32)   Evacuate Collection Set: 4.8ms
[2023-07-22T07:00:40.689+0100][gc,phases     ] GC(32)   Post Evacuate Collection Set: 0.4ms
[2023-07-22T07:00:40.689+0100][gc,phases     ] GC(32)   Other: 1.0ms
[2023-07-22T07:00:40.689+0100][gc,heap       ] GC(32) Eden regions: 50->0(50)
[2023-07-22T07:00:40.689+0100][gc,heap       ] GC(32) Survivor regions: 1->1(7)
[2023-07-22T07:00:40.689+0100][gc,heap       ] GC(32) Old regions: 18->18
[2023-07-22T07:00:40.689+0100][gc,heap       ] GC(32) Humongous regions: 129->129
[2023-07-22T07:00:40.689+0100][gc,metaspace  ] GC(32) Metaspace: 42782K(45312K)->42782K(45312K) NonClass: 37378K(38656K)->37378K(38656K) Class: 5404K(6656K)->5404K(6656K)
[2023-07-22T07:00:40.689+0100][gc            ] GC(32) Pause Young (Normal) (G1 Evacuation Pause) 195M->145M(1024M) 6.679ms
[2023-07-22T07:00:40.689+0100][gc,cpu        ] GC(32) User=0.01s Sys=0.00s Real=0.01s
[2023-07-22T07:17:43.411+0100][gc,start      ] GC(33) Pause Young (Normal) (G1 Evacuation Pause)
[2023-07-22T07:17:43.416+0100][gc,task       ] GC(33) Using 2 workers of 2 for evacuation
[2023-07-22T07:17:44.148+0100][gc,mmu        ] GC(33) MMU target violated: 21.0ms (20.0ms/21.0ms)
[2023-07-22T07:17:44.149+0100][gc,phases     ] GC(33)   Pre Evacuate Collection Set: 314.2ms
[2023-07-22T07:17:44.149+0100][gc,phases     ] GC(33)   Evacuate Collection Set: 376.5ms
[2023-07-22T07:17:44.149+0100][gc,phases     ] GC(33)   Post Evacuate Collection Set: 27.0ms
[2023-07-22T07:17:44.149+0100][gc,phases     ] GC(33)   Other: 20.5ms
[2023-07-22T07:17:44.149+0100][gc,heap       ] GC(33) Eden regions: 50->0(48)
[2023-07-22T07:17:44.149+0100][gc,heap       ] GC(33) Survivor regions: 1->3(7)
[2023-07-22T07:17:44.149+0100][gc,heap       ] GC(33) Old regions: 18->18
[2023-07-22T07:17:44.149+0100][gc,heap       ] GC(33) Humongous regions: 129->129
[2023-07-22T07:17:44.149+0100][gc,metaspace  ] GC(33) Metaspace: 43049K(45824K)->43049K(45824K) NonClass: 37639K(39168K)->37639K(39168K) Class: 5410K(6656K)->5410K(6656K)
[2023-07-22T07:17:44.151+0100][gc            ] GC(33) Pause Young (Normal) (G1 Evacuation Pause) 195M->147M(1024M) 738.093ms
[2023-07-22T07:17:44.151+0100][gc,cpu        ] GC(33) User=0.06s Sys=0.11s Real=0.74s
[2023-07-22T07:54:10.628+0100][gc,start      ] GC(34) Pause Young (Normal) (G1 Evacuation Pause)
[2023-07-22T07:54:10.637+0100][gc,task       ] GC(34) Using 2 workers of 2 for evacuation
[2023-07-22T07:54:11.520+0100][gc,mmu        ] GC(34) MMU target violated: 21.0ms (20.0ms/21.0ms)
[2023-07-22T07:54:11.520+0100][gc,phases     ] GC(34)   Pre Evacuate Collection Set: 327.4ms
[2023-07-22T07:54:11.520+0100][gc,phases     ] GC(34)   Evacuate Collection Set: 533.1ms
[2023-07-22T07:54:11.520+0100][gc,phases     ] GC(34)   Post Evacuate Collection Set: 10.4ms
[2023-07-22T07:54:11.520+0100][gc,phases     ] GC(34)   Other: 25.9ms
[2023-07-22T07:54:11.521+0100][gc,heap       ] GC(34) Eden regions: 48->0(48)
[2023-07-22T07:54:11.521+0100][gc,heap       ] GC(34) Survivor regions: 3->3(7)
[2023-07-22T07:54:11.521+0100][gc,heap       ] GC(34) Old regions: 18->18
[2023-07-22T07:54:11.521+0100][gc,heap       ] GC(34) Humongous regions: 129->129
[2023-07-22T07:54:11.521+0100][gc,metaspace  ] GC(34) Metaspace: 43132K(45824K)->43132K(45824K) NonClass: 37717K(39168K)->37717K(39168K) Class: 5414K(6656K)->5414K(6656K)
[2023-07-22T07:54:11.521+0100][gc            ] GC(34) Pause Young (Normal) (G1 Evacuation Pause) 195M->147M(1024M) 893.171ms
[2023-07-22T07:54:11.521+0100][gc,cpu        ] GC(34) User=0.00s Sys=0.13s Real=0.90s
[2023-07-22T08:42:57.213+0100][gc,start      ] GC(35) Pause Young (Normal) (G1 Evacuation Pause)
[2023-07-22T08:42:57.215+0100][gc,task       ] GC(35) Using 2 workers of 2 for evacuation
[2023-07-22T08:42:57.303+0100][gc,mmu        ] GC(35) MMU target violated: 21.0ms (20.0ms/21.0ms)
[2023-07-22T08:42:57.304+0100][gc,phases     ] GC(35)   Pre Evacuate Collection Set: 1.3ms
[2023-07-22T08:42:57.304+0100][gc,phases     ] GC(35)   Evacuate Collection Set: 85.4ms
[2023-07-22T08:42:57.304+0100][gc,phases     ] GC(35)   Post Evacuate Collection Set: 0.8ms
[2023-07-22T08:42:57.304+0100][gc,phases     ] GC(35)   Other: 4.2ms
[2023-07-22T08:42:57.304+0100][gc,heap       ] GC(35) Eden regions: 48->0(48)
[2023-07-22T08:42:57.304+0100][gc,heap       ] GC(35) Survivor regions: 3->3(7)
[2023-07-22T08:42:57.304+0100][gc,heap       ] GC(35) Old regions: 18->18
[2023-07-22T08:42:57.304+0100][gc,heap       ] GC(35) Humongous regions: 129->129
[2023-07-22T08:42:57.304+0100][gc,metaspace  ] GC(35) Metaspace: 43163K(45824K)->43163K(45824K) NonClass: 37749K(39168K)->37749K(39168K) Class: 5414K(6656K)->5414K(6656K)
[2023-07-22T08:42:57.304+0100][gc            ] GC(35) Pause Young (Normal) (G1 Evacuation Pause) 195M->147M(1024M) 90.293ms
[2023-07-22T08:42:57.304+0100][gc,cpu        ] GC(35) User=0.03s Sys=0.01s Real=0.09s
[2023-07-22T10:07:55.596+0100][gc,start      ] GC(36) Pause Young (Normal) (G1 Evacuation Pause)
[2023-07-22T10:07:55.601+0100][gc,task       ] GC(36) Using 2 workers of 2 for evacuation
[2023-07-22T10:07:55.867+0100][gc,mmu        ] GC(36) MMU target violated: 21.0ms (20.0ms/21.0ms)
[2023-07-22T10:07:55.868+0100][gc,phases     ] GC(36)   Pre Evacuate Collection Set: 91.8ms
[2023-07-22T10:07:55.868+0100][gc,phases     ] GC(36)   Evacuate Collection Set: 165.7ms
[2023-07-22T10:07:55.868+0100][gc,phases     ] GC(36)   Post Evacuate Collection Set: 4.9ms
[2023-07-22T10:07:55.868+0100][gc,phases     ] GC(36)   Other: 11.3ms
[2023-07-22T10:07:55.868+0100][gc,heap       ] GC(36) Eden regions: 48->0(48)
[2023-07-22T10:07:55.868+0100][gc,heap       ] GC(36) Survivor regions: 3->3(7)
[2023-07-22T10:07:55.868+0100][gc,heap       ] GC(36) Old regions: 18->18
[2023-07-22T10:07:55.868+0100][gc,heap       ] GC(36) Humongous regions: 129->129
[2023-07-22T10:07:55.868+0100][gc,metaspace  ] GC(36) Metaspace: 43190K(45824K)->43190K(45824K) NonClass: 37775K(39168K)->37775K(39168K) Class: 5414K(6656K)->5414K(6656K)
[2023-07-22T10:07:55.869+0100][gc            ] GC(36) Pause Young (Normal) (G1 Evacuation Pause) 195M->147M(1024M) 272.826ms
[2023-07-22T10:07:55.869+0100][gc,cpu        ] GC(36) User=0.36s Sys=0.00s Real=0.27s
[2023-07-22T10:16:05.804+0100][gc,start      ] GC(37) Pause Young (Normal) (G1 Evacuation Pause)
[2023-07-22T10:16:05.805+0100][gc,task       ] GC(37) Using 2 workers of 2 for evacuation
[2023-07-22T10:16:05.867+0100][gc,mmu        ] GC(37) MMU target violated: 21.0ms (20.0ms/21.0ms)
[2023-07-22T10:16:05.868+0100][gc,phases     ] GC(37)   Pre Evacuate Collection Set: 1.2ms
[2023-07-22T10:16:05.869+0100][gc,phases     ] GC(37)   Evacuate Collection Set: 57.5ms
[2023-07-22T10:16:05.869+0100][gc,phases     ] GC(37)   Post Evacuate Collection Set: 1.5ms
[2023-07-22T10:16:05.870+0100][gc,phases     ] GC(37)   Other: 5.8ms
[2023-07-22T10:16:05.870+0100][gc,heap       ] GC(37) Eden regions: 48->0(48)
[2023-07-22T10:16:05.871+0100][gc,heap       ] GC(37) Survivor regions: 3->3(7)
[2023-07-22T10:16:05.871+0100][gc,heap       ] GC(37) Old regions: 18->18
[2023-07-22T10:16:05.872+0100][gc,heap       ] GC(37) Humongous regions: 129->129
[2023-07-22T10:16:05.872+0100][gc,metaspace  ] GC(37) Metaspace: 43197K(45824K)->43197K(45824K) NonClass: 37782K(39168K)->37782K(39168K) Class: 5414K(6656K)->5414K(6656K)
[2023-07-22T10:16:05.874+0100][gc            ] GC(37) Pause Young (Normal) (G1 Evacuation Pause) 195M->147M(1024M) 68.594ms
[2023-07-22T10:16:05.874+0100][gc,cpu        ] GC(37) User=0.06s Sys=0.00s Real=0.07s
[2023-07-22T10:16:54.412+0100][gc,start      ] GC(38) Pause Young (Normal) (G1 Evacuation Pause)
[2023-07-22T10:16:54.412+0100][gc,task       ] GC(38) Using 2 workers of 2 for evacuation
[2023-07-22T10:16:54.445+0100][gc,mmu        ] GC(38) MMU target violated: 21.0ms (20.0ms/21.0ms)
[2023-07-22T10:16:54.445+0100][gc,phases     ] GC(38)   Pre Evacuate Collection Set: 0.2ms
[2023-07-22T10:16:54.445+0100][gc,phases     ] GC(38)   Evacuate Collection Set: 30.5ms
[2023-07-22T10:16:54.445+0100][gc,phases     ] GC(38)   Post Evacuate Collection Set: 0.7ms
[2023-07-22T10:16:54.445+0100][gc,phases     ] GC(38)   Other: 1.9ms
[2023-07-22T10:16:54.445+0100][gc,heap       ] GC(38) Eden regions: 48->0(48)
[2023-07-22T10:16:54.445+0100][gc,heap       ] GC(38) Survivor regions: 3->3(7)
[2023-07-22T10:16:54.445+0100][gc,heap       ] GC(38) Old regions: 18->18
[2023-07-22T10:16:54.445+0100][gc,heap       ] GC(38) Humongous regions: 129->129
[2023-07-22T10:16:54.445+0100][gc,metaspace  ] GC(38) Metaspace: 43197K(45824K)->43197K(45824K) NonClass: 37782K(39168K)->37782K(39168K) Class: 5414K(6656K)->5414K(6656K)
[2023-07-22T10:16:54.445+0100][gc            ] GC(38) Pause Young (Normal) (G1 Evacuation Pause) 195M->147M(1024M) 33.644ms
[2023-07-22T10:16:54.445+0100][gc,cpu        ] GC(38) User=0.05s Sys=0.00s Real=0.03s
[2023-07-22T10:18:56.020+0100][gc,start      ] GC(39) Pause Young (Normal) (G1 Evacuation Pause)
[2023-07-22T10:18:56.020+0100][gc,task       ] GC(39) Using 2 workers of 2 for evacuation
[2023-07-22T10:18:56.043+0100][gc,mmu        ] GC(39) MMU target violated: 21.0ms (20.0ms/21.0ms)
[2023-07-22T10:18:56.043+0100][gc,phases     ] GC(39)   Pre Evacuate Collection Set: 0.1ms
[2023-07-22T10:18:56.043+0100][gc,phases     ] GC(39)   Evacuate Collection Set: 18.5ms
[2023-07-22T10:18:56.043+0100][gc,phases     ] GC(39)   Post Evacuate Collection Set: 3.7ms
[2023-07-22T10:18:56.043+0100][gc,phases     ] GC(39)   Other: 1.5ms
[2023-07-22T10:18:56.043+0100][gc,heap       ] GC(39) Eden regions: 48->0(48)
[2023-07-22T10:18:56.043+0100][gc,heap       ] GC(39) Survivor regions: 3->3(7)
[2023-07-22T10:18:56.043+0100][gc,heap       ] GC(39) Old regions: 18->18
[2023-07-22T10:18:56.043+0100][gc,heap       ] GC(39) Humongous regions: 129->129
[2023-07-22T10:18:56.043+0100][gc,metaspace  ] GC(39) Metaspace: 43211K(45824K)->43211K(45824K) NonClass: 37796K(39168K)->37796K(39168K) Class: 5414K(6656K)->5414K(6656K)
[2023-07-22T10:18:56.043+0100][gc            ] GC(39) Pause Young (Normal) (G1 Evacuation Pause) 195M->147M(1024M) 23.309ms
[2023-07-22T10:18:56.044+0100][gc,cpu        ] GC(39) User=0.02s Sys=0.01s Real=0.02s
[2023-07-22T10:28:55.417+0100][gc,start      ] GC(40) Pause Young (Normal) (G1 Evacuation Pause)
[2023-07-22T10:28:55.425+0100][gc,task       ] GC(40) Using 2 workers of 2 for evacuation
[2023-07-22T10:28:55.457+0100][gc,mmu        ] GC(40) MMU target violated: 21.0ms (20.0ms/21.0ms)
[2023-07-22T10:28:55.459+0100][gc,phases     ] GC(40)   Pre Evacuate Collection Set: 1.2ms
[2023-07-22T10:28:55.459+0100][gc,phases     ] GC(40)   Evacuate Collection Set: 28.5ms
[2023-07-22T10:28:55.459+0100][gc,phases     ] GC(40)   Post Evacuate Collection Set: 0.9ms
[2023-07-22T10:28:55.459+0100][gc,phases     ] GC(40)   Other: 9.2ms
[2023-07-22T10:28:55.459+0100][gc,heap       ] GC(40) Eden regions: 48->0(48)
[2023-07-22T10:28:55.459+0100][gc,heap       ] GC(40) Survivor regions: 3->3(7)
[2023-07-22T10:28:55.459+0100][gc,heap       ] GC(40) Old regions: 18->18
[2023-07-22T10:28:55.459+0100][gc,heap       ] GC(40) Humongous regions: 129->129
[2023-07-22T10:28:55.460+0100][gc,metaspace  ] GC(40) Metaspace: 43226K(45824K)->43226K(45824K) NonClass: 37811K(39168K)->37811K(39168K) Class: 5415K(6656K)->5415K(6656K)
[2023-07-22T10:28:55.460+0100][gc            ] GC(40) Pause Young (Normal) (G1 Evacuation Pause) 195M->147M(1024M) 42.798ms
[2023-07-22T10:28:55.460+0100][gc,cpu        ] GC(40) User=0.06s Sys=0.00s Real=0.05s
[2023-07-22T10:48:56.069+0100][gc,start      ] GC(41) Pause Young (Normal) (G1 Evacuation Pause)
[2023-07-22T10:48:56.072+0100][gc,task       ] GC(41) Using 2 workers of 2 for evacuation
[2023-07-22T10:48:56.933+0100][gc,mmu        ] GC(41) MMU target violated: 21.0ms (20.0ms/21.0ms)
[2023-07-22T10:48:56.933+0100][gc,phases     ] GC(41)   Pre Evacuate Collection Set: 241.0ms
[2023-07-22T10:48:56.933+0100][gc,phases     ] GC(41)   Evacuate Collection Set: 594.9ms
[2023-07-22T10:48:56.933+0100][gc,phases     ] GC(41)   Post Evacuate Collection Set: 14.2ms
[2023-07-22T10:48:56.933+0100][gc,phases     ] GC(41)   Other: 15.9ms
[2023-07-22T10:48:56.933+0100][gc,heap       ] GC(41) Eden regions: 48->0(48)
[2023-07-22T10:48:56.933+0100][gc,heap       ] GC(41) Survivor regions: 3->3(7)
[2023-07-22T10:48:56.933+0100][gc,heap       ] GC(41) Old regions: 18->18
[2023-07-22T10:48:56.933+0100][gc,heap       ] GC(41) Humongous regions: 129->129
[2023-07-22T10:48:56.934+0100][gc,metaspace  ] GC(41) Metaspace: 43227K(45824K)->43227K(45824K) NonClass: 37812K(39168K)->37812K(39168K) Class: 5415K(6656K)->5415K(6656K)
[2023-07-22T10:48:56.936+0100][gc            ] GC(41) Pause Young (Normal) (G1 Evacuation Pause) 195M->147M(1024M) 865.830ms
[2023-07-22T10:48:56.936+0100][gc,cpu        ] GC(41) User=0.01s Sys=0.24s Real=0.87s
[2023-07-22T10:49:39.467+0100][gc,start      ] GC(42) Pause Young (Normal) (G1 Evacuation Pause)
[2023-07-22T10:49:39.490+0100][gc,task       ] GC(42) Using 2 workers of 2 for evacuation
[2023-07-22T10:49:39.589+0100][gc,mmu        ] GC(42) MMU target violated: 21.0ms (20.0ms/21.0ms)
[2023-07-22T10:49:39.590+0100][gc,phases     ] GC(42)   Pre Evacuate Collection Set: 1.2ms
[2023-07-22T10:49:39.590+0100][gc,phases     ] GC(42)   Evacuate Collection Set: 81.7ms
[2023-07-22T10:49:39.590+0100][gc,phases     ] GC(42)   Post Evacuate Collection Set: 12.5ms
[2023-07-22T10:49:39.590+0100][gc,phases     ] GC(42)   Other: 52.4ms
[2023-07-22T10:49:39.591+0100][gc,heap       ] GC(42) Eden regions: 48->0(48)
[2023-07-22T10:49:39.591+0100][gc,heap       ] GC(42) Survivor regions: 3->3(7)
[2023-07-22T10:49:39.591+0100][gc,heap       ] GC(42) Old regions: 18->18
[2023-07-22T10:49:39.591+0100][gc,heap       ] GC(42) Humongous regions: 129->129
[2023-07-22T10:49:39.597+0100][gc,metaspace  ] GC(42) Metaspace: 43227K(45824K)->43227K(45824K) NonClass: 37812K(39168K)->37812K(39168K) Class: 5415K(6656K)->5415K(6656K)
[2023-07-22T10:49:39.600+0100][gc            ] GC(42) Pause Young (Normal) (G1 Evacuation Pause) 195M->147M(1024M) 134.490ms
[2023-07-22T10:49:39.600+0100][gc,cpu        ] GC(42) User=0.02s Sys=0.03s Real=0.14s
[2023-07-22T10:50:19.205+0100][gc,start      ] GC(43) Pause Young (Normal) (G1 Evacuation Pause)
[2023-07-22T10:50:19.208+0100][gc,task       ] GC(43) Using 2 workers of 2 for evacuation
[2023-07-22T10:50:19.250+0100][gc,mmu        ] GC(43) MMU target violated: 21.0ms (20.0ms/21.0ms)
[2023-07-22T10:50:19.250+0100][gc,phases     ] GC(43)   Pre Evacuate Collection Set: 0.4ms
[2023-07-22T10:50:19.250+0100][gc,phases     ] GC(43)   Evacuate Collection Set: 36.0ms
[2023-07-22T10:50:19.250+0100][gc,phases     ] GC(43)   Post Evacuate Collection Set: 2.1ms
[2023-07-22T10:50:19.251+0100][gc,phases     ] GC(43)   Other: 9.7ms
[2023-07-22T10:50:19.251+0100][gc,heap       ] GC(43) Eden regions: 48->0(48)
[2023-07-22T10:50:19.251+0100][gc,heap       ] GC(43) Survivor regions: 3->3(7)
[2023-07-22T10:50:19.251+0100][gc,heap       ] GC(43) Old regions: 18->18
[2023-07-22T10:50:19.251+0100][gc,heap       ] GC(43) Humongous regions: 129->129
[2023-07-22T10:50:19.254+0100][gc,metaspace  ] GC(43) Metaspace: 43227K(45824K)->43227K(45824K) NonClass: 37812K(39168K)->37812K(39168K) Class: 5415K(6656K)->5415K(6656K)
[2023-07-22T10:50:19.256+0100][gc            ] GC(43) Pause Young (Normal) (G1 Evacuation Pause) 195M->147M(1024M) 49.581ms
[2023-07-22T10:50:19.256+0100][gc,cpu        ] GC(43) User=0.02s Sys=0.01s Real=0.05s
