[2023-07-22T10:55:14.357+0100][gc,heap] Heap region size: 1M
[2023-07-22T10:55:14.396+0100][gc     ] Using G1
[2023-07-22T10:55:14.397+0100][gc,heap,coops] Heap address: 0x00000000c0000000, size: 1024 MB, Compressed Oops mode: 32-bit
[2023-07-22T10:55:14.398+0100][gc,cds       ] Mark closed archive regions in map: [0x00000000fff00000, 0x00000000fff6aff8]
[2023-07-22T10:55:14.398+0100][gc,cds       ] Mark open archive regions in map: [0x00000000ffe00000, 0x00000000ffe46ff8]
[2023-07-22T10:55:17.037+0100][gc,start     ] GC(0) Pause Young (Normal) (G1 Evacuation Pause)
[2023-07-22T10:55:17.037+0100][gc,task      ] GC(0) Using 2 workers of 2 for evacuation
[2023-07-22T10:55:17.084+0100][gc,mmu       ] GC(0) MMU target violated: 21.0ms (20.0ms/21.0ms)
[2023-07-22T10:55:17.084+0100][gc,phases    ] GC(0)   Pre Evacuate Collection Set: 0.1ms
[2023-07-22T10:55:17.084+0100][gc,phases    ] GC(0)   Evacuate Collection Set: 45.9ms
[2023-07-22T10:55:17.084+0100][gc,phases    ] GC(0)   Post Evacuate Collection Set: 0.9ms
[2023-07-22T10:55:17.085+0100][gc,phases    ] GC(0)   Other: 0.9ms
[2023-07-22T10:55:17.085+0100][gc,heap      ] GC(0) Eden regions: 51->0(44)
[2023-07-22T10:55:17.085+0100][gc,heap      ] GC(0) Survivor regions: 0->7(7)
[2023-07-22T10:55:17.085+0100][gc,heap      ] GC(0) Old regions: 2->2
[2023-07-22T10:55:17.085+0100][gc,heap      ] GC(0) Humongous regions: 0->0
[2023-07-22T10:55:17.085+0100][gc,metaspace ] GC(0) Metaspace: 14080K(14848K)->14080K(14848K) NonClass: 12353K(12800K)->12353K(12800K) Class: 1726K(2048K)->1726K(2048K)
[2023-07-22T10:55:17.085+0100][gc           ] GC(0) Pause Young (Normal) (G1 Evacuation Pause) 51M->7M(1024M) 48.108ms
[2023-07-22T10:55:17.085+0100][gc,cpu       ] GC(0) User=0.06s Sys=0.01s Real=0.05s
[2023-07-22T10:55:18.085+0100][gc,start     ] GC(1) Pause Young (Concurrent Start) (Metadata GC Threshold)
[2023-07-22T10:55:18.085+0100][gc,task      ] GC(1) Using 2 workers of 2 for evacuation
[2023-07-22T10:55:18.151+0100][gc,mmu       ] GC(1) MMU target violated: 21.0ms (20.0ms/21.0ms)
[2023-07-22T10:55:18.151+0100][gc,phases    ] GC(1)   Pre Evacuate Collection Set: 0.1ms
[2023-07-22T10:55:18.151+0100][gc,phases    ] GC(1)   Evacuate Collection Set: 63.5ms
[2023-07-22T10:55:18.151+0100][gc,phases    ] GC(1)   Post Evacuate Collection Set: 1.2ms
[2023-07-22T10:55:18.151+0100][gc,phases    ] GC(1)   Other: 0.7ms
[2023-07-22T10:55:18.151+0100][gc,heap      ] GC(1) Eden regions: 30->0(50)
[2023-07-22T10:55:18.151+0100][gc,heap      ] GC(1) Survivor regions: 7->1(7)
[2023-07-22T10:55:18.151+0100][gc,heap      ] GC(1) Old regions: 2->9
[2023-07-22T10:55:18.151+0100][gc,heap      ] GC(1) Humongous regions: 0->0
[2023-07-22T10:55:18.151+0100][gc,metaspace ] GC(1) Metaspace: 20622K(21248K)->20622K(21248K) NonClass: 18135K(18432K)->18135K(18432K) Class: 2486K(2816K)->2486K(2816K)
[2023-07-22T10:55:18.151+0100][gc           ] GC(1) Pause Young (Concurrent Start) (Metadata GC Threshold) 37M->8M(1024M) 65.610ms
[2023-07-22T10:55:18.151+0100][gc,cpu       ] GC(1) User=0.07s Sys=0.02s Real=0.07s
[2023-07-22T10:55:18.151+0100][gc           ] GC(2) Concurrent Cycle
[2023-07-22T10:55:18.151+0100][gc,marking   ] GC(2) Concurrent Clear Claimed Marks
[2023-07-22T10:55:18.151+0100][gc,marking   ] GC(2) Concurrent Clear Claimed Marks 0.078ms
[2023-07-22T10:55:18.151+0100][gc,marking   ] GC(2) Concurrent Scan Root Regions
[2023-07-22T10:55:18.156+0100][gc,marking   ] GC(2) Concurrent Scan Root Regions 5.062ms
[2023-07-22T10:55:18.156+0100][gc,marking   ] GC(2) Concurrent Mark (3.814s)
[2023-07-22T10:55:18.156+0100][gc,marking   ] GC(2) Concurrent Mark From Roots
[2023-07-22T10:55:18.156+0100][gc,task      ] GC(2) Using 1 workers of 1 for marking
[2023-07-22T10:55:18.221+0100][gc,marking   ] GC(2) Concurrent Mark From Roots 64.544ms
[2023-07-22T10:55:18.221+0100][gc,marking   ] GC(2) Concurrent Preclean
[2023-07-22T10:55:18.221+0100][gc,marking   ] GC(2) Concurrent Preclean 0.330ms
[2023-07-22T10:55:18.221+0100][gc,marking   ] GC(2) Concurrent Mark (3.814s, 3.879s) 65.074ms
[2023-07-22T10:55:18.222+0100][gc,start     ] GC(2) Pause Remark
[2023-07-22T10:55:18.226+0100][gc,stringtable] GC(2) Cleaned string and symbol table, strings: 5124 processed, 0 removed, symbols: 52939 processed, 42 removed
[2023-07-22T10:55:18.227+0100][gc            ] GC(2) Pause Remark 9M->9M(1024M) 4.939ms
[2023-07-22T10:55:18.227+0100][gc,cpu        ] GC(2) User=0.01s Sys=0.00s Real=0.00s
[2023-07-22T10:55:18.227+0100][gc,marking    ] GC(2) Concurrent Rebuild Remembered Sets
[2023-07-22T10:55:18.259+0100][gc,marking    ] GC(2) Concurrent Rebuild Remembered Sets 32.425ms
[2023-07-22T10:55:18.260+0100][gc,start      ] GC(2) Pause Cleanup
[2023-07-22T10:55:18.261+0100][gc            ] GC(2) Pause Cleanup 9M->9M(1024M) 0.939ms
[2023-07-22T10:55:18.261+0100][gc,cpu        ] GC(2) User=0.00s Sys=0.00s Real=0.00s
[2023-07-22T10:55:18.261+0100][gc,marking    ] GC(2) Concurrent Cleanup for Next Mark
[2023-07-22T10:55:18.314+0100][gc,marking    ] GC(2) Concurrent Cleanup for Next Mark 52.699ms
[2023-07-22T10:55:18.314+0100][gc            ] GC(2) Concurrent Cycle 162.874ms
[2023-07-22T10:55:20.250+0100][gc,start      ] GC(3) Pause Young (Normal) (G1 Evacuation Pause)
[2023-07-22T10:55:20.250+0100][gc,task       ] GC(3) Using 2 workers of 2 for evacuation
[2023-07-22T10:55:20.264+0100][gc,phases     ] GC(3)   Pre Evacuate Collection Set: 0.4ms
[2023-07-22T10:55:20.264+0100][gc,phases     ] GC(3)   Evacuate Collection Set: 12.3ms
[2023-07-22T10:55:20.264+0100][gc,phases     ] GC(3)   Post Evacuate Collection Set: 0.8ms
[2023-07-22T10:55:20.264+0100][gc,phases     ] GC(3)   Other: 0.3ms
[2023-07-22T10:55:20.264+0100][gc,heap       ] GC(3) Eden regions: 50->0(46)
[2023-07-22T10:55:20.264+0100][gc,heap       ] GC(3) Survivor regions: 1->5(7)
[2023-07-22T10:55:20.264+0100][gc,heap       ] GC(3) Old regions: 9->9
[2023-07-22T10:55:20.264+0100][gc,heap       ] GC(3) Humongous regions: 129->129
[2023-07-22T10:55:20.264+0100][gc,metaspace  ] GC(3) Metaspace: 28832K(29952K)->28832K(29952K) NonClass: 25466K(26112K)->25466K(26112K) Class: 3365K(3840K)->3365K(3840K)
[2023-07-22T10:55:20.264+0100][gc            ] GC(3) Pause Young (Normal) (G1 Evacuation Pause) 187M->140M(1024M) 13.917ms
[2023-07-22T10:55:20.264+0100][gc,cpu        ] GC(3) User=0.02s Sys=0.00s Real=0.01s
[2023-07-22T10:55:21.358+0100][gc,start      ] GC(4) Pause Young (Concurrent Start) (Metadata GC Threshold)
[2023-07-22T10:55:21.358+0100][gc,task       ] GC(4) Using 2 workers of 2 for evacuation
[2023-07-22T10:55:21.398+0100][gc,mmu        ] GC(4) MMU target violated: 21.0ms (20.0ms/21.0ms)
[2023-07-22T10:55:21.398+0100][gc,phases     ] GC(4)   Pre Evacuate Collection Set: 0.2ms
[2023-07-22T10:55:21.398+0100][gc,phases     ] GC(4)   Evacuate Collection Set: 38.9ms
[2023-07-22T10:55:21.398+0100][gc,phases     ] GC(4)   Post Evacuate Collection Set: 0.6ms
[2023-07-22T10:55:21.399+0100][gc,phases     ] GC(4)   Other: 0.7ms
[2023-07-22T10:55:21.399+0100][gc,heap       ] GC(4) Eden regions: 32->0(49)
[2023-07-22T10:55:21.399+0100][gc,heap       ] GC(4) Survivor regions: 5->2(7)
[2023-07-22T10:55:21.399+0100][gc,heap       ] GC(4) Old regions: 9->13
[2023-07-22T10:55:21.399+0100][gc,heap       ] GC(4) Humongous regions: 129->129
[2023-07-22T10:55:21.399+0100][gc,metaspace  ] GC(4) Metaspace: 34550K(35840K)->34550K(35840K) NonClass: 30550K(31232K)->30550K(31232K) Class: 3999K(4608K)->3999K(4608K)
[2023-07-22T10:55:21.399+0100][gc            ] GC(4) Pause Young (Concurrent Start) (Metadata GC Threshold) 172M->142M(1024M) 40.492ms
[2023-07-22T10:55:21.399+0100][gc,cpu        ] GC(4) User=0.06s Sys=0.00s Real=0.04s
[2023-07-22T10:55:21.399+0100][gc            ] GC(5) Concurrent Cycle
[2023-07-22T10:55:21.399+0100][gc,marking    ] GC(5) Concurrent Clear Claimed Marks
[2023-07-22T10:55:21.399+0100][gc,marking    ] GC(5) Concurrent Clear Claimed Marks 0.117ms
[2023-07-22T10:55:21.399+0100][gc,marking    ] GC(5) Concurrent Scan Root Regions
[2023-07-22T10:55:21.410+0100][gc,marking    ] GC(5) Concurrent Scan Root Regions 11.006ms
[2023-07-22T10:55:21.410+0100][gc,marking    ] GC(5) Concurrent Mark (7.068s)
[2023-07-22T10:55:21.410+0100][gc,marking    ] GC(5) Concurrent Mark From Roots
[2023-07-22T10:55:21.410+0100][gc,task       ] GC(5) Using 1 workers of 1 for marking
[2023-07-22T10:55:21.483+0100][gc,marking    ] GC(5) Concurrent Mark From Roots 72.684ms
[2023-07-22T10:55:21.483+0100][gc,marking    ] GC(5) Concurrent Preclean
[2023-07-22T10:55:21.483+0100][gc,marking    ] GC(5) Concurrent Preclean 0.315ms
[2023-07-22T10:55:21.483+0100][gc,marking    ] GC(5) Concurrent Mark (7.068s, 7.141s) 73.116ms
[2023-07-22T10:55:21.483+0100][gc,start      ] GC(5) Pause Remark
[2023-07-22T10:55:21.492+0100][gc,stringtable] GC(5) Cleaned string and symbol table, strings: 10287 processed, 13 removed, symbols: 84857 processed, 15 removed
[2023-07-22T10:55:21.493+0100][gc            ] GC(5) Pause Remark 142M->142M(1024M) 9.356ms
[2023-07-22T10:55:21.493+0100][gc,cpu        ] GC(5) User=0.02s Sys=0.00s Real=0.01s
[2023-07-22T10:55:21.493+0100][gc,marking    ] GC(5) Concurrent Rebuild Remembered Sets
[2023-07-22T10:55:21.523+0100][gc,marking    ] GC(5) Concurrent Rebuild Remembered Sets 30.311ms
[2023-07-22T10:55:21.523+0100][gc,start      ] GC(5) Pause Cleanup
[2023-07-22T10:55:21.524+0100][gc            ] GC(5) Pause Cleanup 143M->143M(1024M) 0.466ms
[2023-07-22T10:55:21.524+0100][gc,cpu        ] GC(5) User=0.00s Sys=0.00s Real=0.00s
[2023-07-22T10:55:21.524+0100][gc,marking    ] GC(5) Concurrent Cleanup for Next Mark
[2023-07-22T10:55:21.664+0100][gc,marking    ] GC(5) Concurrent Cleanup for Next Mark 140.406ms
[2023-07-22T10:55:21.665+0100][gc            ] GC(5) Concurrent Cycle 265.731ms
[2023-07-22T13:27:19.018+0100][gc,start      ] GC(6) Pause Young (Normal) (G1 Evacuation Pause)
[2023-07-22T13:27:19.021+0100][gc,task       ] GC(6) Using 2 workers of 2 for evacuation
[2023-07-22T13:27:19.274+0100][gc,mmu        ] GC(6) MMU target violated: 21.0ms (20.0ms/21.0ms)
[2023-07-22T13:27:19.274+0100][gc,phases     ] GC(6)   Pre Evacuate Collection Set: 105.6ms
[2023-07-22T13:27:19.274+0100][gc,phases     ] GC(6)   Evacuate Collection Set: 137.4ms
[2023-07-22T13:27:19.274+0100][gc,phases     ] GC(6)   Post Evacuate Collection Set: 3.9ms
[2023-07-22T13:27:19.274+0100][gc,phases     ] GC(6)   Other: 9.5ms
[2023-07-22T13:27:19.274+0100][gc,heap       ] GC(6) Eden regions: 49->0(48)
[2023-07-22T13:27:19.274+0100][gc,heap       ] GC(6) Survivor regions: 2->3(7)
[2023-07-22T13:27:19.274+0100][gc,heap       ] GC(6) Old regions: 13->13
[2023-07-22T13:27:19.274+0100][gc,heap       ] GC(6) Humongous regions: 129->129
[2023-07-22T13:27:19.274+0100][gc,metaspace  ] GC(6) Metaspace: 36715K(38272K)->36715K(38272K) NonClass: 32453K(33280K)->32453K(33280K) Class: 4261K(4992K)->4261K(4992K)
[2023-07-22T13:27:19.274+0100][gc            ] GC(6) Pause Young (Normal) (G1 Evacuation Pause) 191M->143M(1024M) 255.428ms
[2023-07-22T13:27:19.274+0100][gc,cpu        ] GC(6) User=0.04s Sys=0.04s Real=0.26s
[2023-07-22T13:29:04.378+0100][gc,start      ] GC(7) Pause Young (Normal) (G1 Evacuation Pause)
[2023-07-22T13:29:04.378+0100][gc,task       ] GC(7) Using 2 workers of 2 for evacuation
[2023-07-22T13:29:04.387+0100][gc,phases     ] GC(7)   Pre Evacuate Collection Set: 0.1ms
[2023-07-22T13:29:04.387+0100][gc,phases     ] GC(7)   Evacuate Collection Set: 8.1ms
[2023-07-22T13:29:04.387+0100][gc,phases     ] GC(7)   Post Evacuate Collection Set: 0.7ms
[2023-07-22T13:29:04.387+0100][gc,phases     ] GC(7)   Other: 0.3ms
[2023-07-22T13:29:04.387+0100][gc,heap       ] GC(7) Eden regions: 48->0(48)
[2023-07-22T13:29:04.387+0100][gc,heap       ] GC(7) Survivor regions: 3->3(7)
[2023-07-22T13:29:04.387+0100][gc,heap       ] GC(7) Old regions: 13->13
[2023-07-22T13:29:04.387+0100][gc,heap       ] GC(7) Humongous regions: 129->129
[2023-07-22T13:29:04.387+0100][gc,metaspace  ] GC(7) Metaspace: 36742K(38272K)->36742K(38272K) NonClass: 32481K(33280K)->32481K(33280K) Class: 4261K(4992K)->4261K(4992K)
[2023-07-22T13:29:04.387+0100][gc            ] GC(7) Pause Young (Normal) (G1 Evacuation Pause) 191M->143M(1024M) 9.285ms
[2023-07-22T13:29:04.387+0100][gc,cpu        ] GC(7) User=0.02s Sys=0.00s Real=0.01s
[2023-07-22T13:31:01.873+0100][gc,start      ] GC(8) Pause Young (Normal) (G1 Evacuation Pause)
[2023-07-22T13:31:01.874+0100][gc,task       ] GC(8) Using 2 workers of 2 for evacuation
[2023-07-22T13:31:01.883+0100][gc,phases     ] GC(8)   Pre Evacuate Collection Set: 0.4ms
[2023-07-22T13:31:01.883+0100][gc,phases     ] GC(8)   Evacuate Collection Set: 8.4ms
[2023-07-22T13:31:01.883+0100][gc,phases     ] GC(8)   Post Evacuate Collection Set: 0.5ms
[2023-07-22T13:31:01.883+0100][gc,phases     ] GC(8)   Other: 0.5ms
[2023-07-22T13:31:01.883+0100][gc,heap       ] GC(8) Eden regions: 48->0(48)
[2023-07-22T13:31:01.883+0100][gc,heap       ] GC(8) Survivor regions: 3->3(7)
[2023-07-22T13:31:01.883+0100][gc,heap       ] GC(8) Old regions: 13->13
[2023-07-22T13:31:01.883+0100][gc,heap       ] GC(8) Humongous regions: 129->129
[2023-07-22T13:31:01.883+0100][gc,metaspace  ] GC(8) Metaspace: 36747K(38272K)->36747K(38272K) NonClass: 32485K(33280K)->32485K(33280K) Class: 4261K(4992K)->4261K(4992K)
[2023-07-22T13:31:01.883+0100][gc            ] GC(8) Pause Young (Normal) (G1 Evacuation Pause) 191M->143M(1024M) 9.851ms
[2023-07-22T13:31:01.883+0100][gc,cpu        ] GC(8) User=0.02s Sys=0.00s Real=0.01s
[2023-07-22T13:32:57.583+0100][gc,start      ] GC(9) Pause Young (Normal) (G1 Evacuation Pause)
[2023-07-22T13:32:57.583+0100][gc,task       ] GC(9) Using 2 workers of 2 for evacuation
[2023-07-22T13:32:57.594+0100][gc,phases     ] GC(9)   Pre Evacuate Collection Set: 0.1ms
[2023-07-22T13:32:57.594+0100][gc,phases     ] GC(9)   Evacuate Collection Set: 10.0ms
[2023-07-22T13:32:57.594+0100][gc,phases     ] GC(9)   Post Evacuate Collection Set: 0.5ms
[2023-07-22T13:32:57.594+0100][gc,phases     ] GC(9)   Other: 1.3ms
[2023-07-22T13:32:57.594+0100][gc,heap       ] GC(9) Eden regions: 48->0(48)
[2023-07-22T13:32:57.594+0100][gc,heap       ] GC(9) Survivor regions: 3->3(7)
[2023-07-22T13:32:57.594+0100][gc,heap       ] GC(9) Old regions: 13->13
[2023-07-22T13:32:57.594+0100][gc,heap       ] GC(9) Humongous regions: 129->129
[2023-07-22T13:32:57.594+0100][gc,metaspace  ] GC(9) Metaspace: 36766K(38272K)->36766K(38272K) NonClass: 32504K(33280K)->32504K(33280K) Class: 4261K(4992K)->4261K(4992K)
[2023-07-22T13:32:57.594+0100][gc            ] GC(9) Pause Young (Normal) (G1 Evacuation Pause) 191M->143M(1024M) 11.148ms
[2023-07-22T13:32:57.594+0100][gc,cpu        ] GC(9) User=0.01s Sys=0.00s Real=0.01s
[2023-07-22T13:34:56.078+0100][gc,start      ] GC(10) Pause Young (Normal) (G1 Evacuation Pause)
[2023-07-22T13:34:56.078+0100][gc,task       ] GC(10) Using 2 workers of 2 for evacuation
[2023-07-22T13:34:56.088+0100][gc,phases     ] GC(10)   Pre Evacuate Collection Set: 0.3ms
[2023-07-22T13:34:56.088+0100][gc,phases     ] GC(10)   Evacuate Collection Set: 8.5ms
[2023-07-22T13:34:56.088+0100][gc,phases     ] GC(10)   Post Evacuate Collection Set: 0.7ms
[2023-07-22T13:34:56.088+0100][gc,phases     ] GC(10)   Other: 0.4ms
[2023-07-22T13:34:56.088+0100][gc,heap       ] GC(10) Eden regions: 48->0(48)
[2023-07-22T13:34:56.088+0100][gc,heap       ] GC(10) Survivor regions: 3->3(7)
[2023-07-22T13:34:56.088+0100][gc,heap       ] GC(10) Old regions: 13->13
[2023-07-22T13:34:56.088+0100][gc,heap       ] GC(10) Humongous regions: 129->129
[2023-07-22T13:34:56.088+0100][gc,metaspace  ] GC(10) Metaspace: 36770K(38272K)->36770K(38272K) NonClass: 32508K(33280K)->32508K(33280K) Class: 4261K(4992K)->4261K(4992K)
[2023-07-22T13:34:56.088+0100][gc            ] GC(10) Pause Young (Normal) (G1 Evacuation Pause) 191M->143M(1024M) 10.033ms
[2023-07-22T13:34:56.088+0100][gc,cpu        ] GC(10) User=0.01s Sys=0.00s Real=0.02s
[2023-07-22T13:36:51.017+0100][gc,start      ] GC(11) Pause Young (Normal) (G1 Evacuation Pause)
[2023-07-22T13:36:51.017+0100][gc,task       ] GC(11) Using 2 workers of 2 for evacuation
[2023-07-22T13:36:51.029+0100][gc,phases     ] GC(11)   Pre Evacuate Collection Set: 0.3ms
[2023-07-22T13:36:51.029+0100][gc,phases     ] GC(11)   Evacuate Collection Set: 10.0ms
[2023-07-22T13:36:51.029+0100][gc,phases     ] GC(11)   Post Evacuate Collection Set: 0.8ms
[2023-07-22T13:36:51.029+0100][gc,phases     ] GC(11)   Other: 0.5ms
[2023-07-22T13:36:51.029+0100][gc,heap       ] GC(11) Eden regions: 48->0(48)
[2023-07-22T13:36:51.029+0100][gc,heap       ] GC(11) Survivor regions: 3->3(7)
[2023-07-22T13:36:51.029+0100][gc,heap       ] GC(11) Old regions: 13->13
[2023-07-22T13:36:51.029+0100][gc,heap       ] GC(11) Humongous regions: 129->129
[2023-07-22T13:36:51.029+0100][gc,metaspace  ] GC(11) Metaspace: 36772K(38528K)->36772K(38528K) NonClass: 32510K(33536K)->32510K(33536K) Class: 4261K(4992K)->4261K(4992K)
[2023-07-22T13:36:51.029+0100][gc            ] GC(11) Pause Young (Normal) (G1 Evacuation Pause) 191M->143M(1024M) 11.858ms
[2023-07-22T13:36:51.029+0100][gc,cpu        ] GC(11) User=0.02s Sys=0.01s Real=0.02s
[2023-07-22T13:39:04.589+0100][gc,start      ] GC(12) Pause Young (Normal) (G1 Evacuation Pause)
[2023-07-22T13:39:04.593+0100][gc,task       ] GC(12) Using 2 workers of 2 for evacuation
[2023-07-22T13:39:04.725+0100][gc,mmu        ] GC(12) MMU target violated: 21.0ms (20.0ms/21.0ms)
[2023-07-22T13:39:04.725+0100][gc,phases     ] GC(12)   Pre Evacuate Collection Set: 28.9ms
[2023-07-22T13:39:04.725+0100][gc,phases     ] GC(12)   Evacuate Collection Set: 101.7ms
[2023-07-22T13:39:04.725+0100][gc,phases     ] GC(12)   Post Evacuate Collection Set: 0.8ms
[2023-07-22T13:39:04.725+0100][gc,phases     ] GC(12)   Other: 5.9ms
[2023-07-22T13:39:04.725+0100][gc,heap       ] GC(12) Eden regions: 48->0(48)
[2023-07-22T13:39:04.725+0100][gc,heap       ] GC(12) Survivor regions: 3->3(7)
[2023-07-22T13:39:04.725+0100][gc,heap       ] GC(12) Old regions: 13->13
[2023-07-22T13:39:04.725+0100][gc,heap       ] GC(12) Humongous regions: 129->129
[2023-07-22T13:39:04.725+0100][gc,metaspace  ] GC(12) Metaspace: 36779K(38528K)->36779K(38528K) NonClass: 32517K(33536K)->32517K(33536K) Class: 4261K(4992K)->4261K(4992K)
[2023-07-22T13:39:04.726+0100][gc            ] GC(12) Pause Young (Normal) (G1 Evacuation Pause) 191M->142M(1024M) 136.346ms
[2023-07-22T13:39:04.726+0100][gc,cpu        ] GC(12) User=0.02s Sys=0.03s Real=0.13s
[2023-07-22T13:41:26.819+0100][gc,start      ] GC(13) Pause Young (Normal) (G1 Evacuation Pause)
[2023-07-22T13:41:26.819+0100][gc,task       ] GC(13) Using 2 workers of 2 for evacuation
[2023-07-22T13:41:26.830+0100][gc,phases     ] GC(13)   Pre Evacuate Collection Set: 0.2ms
[2023-07-22T13:41:26.830+0100][gc,phases     ] GC(13)   Evacuate Collection Set: 9.6ms
[2023-07-22T13:41:26.830+0100][gc,phases     ] GC(13)   Post Evacuate Collection Set: 0.6ms
[2023-07-22T13:41:26.830+0100][gc,phases     ] GC(13)   Other: 1.4ms
[2023-07-22T13:41:26.830+0100][gc,heap       ] GC(13) Eden regions: 48->0(48)
[2023-07-22T13:41:26.830+0100][gc,heap       ] GC(13) Survivor regions: 3->3(7)
[2023-07-22T13:41:26.830+0100][gc,heap       ] GC(13) Old regions: 13->13
[2023-07-22T13:41:26.830+0100][gc,heap       ] GC(13) Humongous regions: 129->129
[2023-07-22T13:41:26.830+0100][gc,metaspace  ] GC(13) Metaspace: 36784K(38528K)->36784K(38528K) NonClass: 32522K(33536K)->32522K(33536K) Class: 4261K(4992K)->4261K(4992K)
[2023-07-22T13:41:26.830+0100][gc            ] GC(13) Pause Young (Normal) (G1 Evacuation Pause) 190M->143M(1024M) 10.963ms
[2023-07-22T13:41:26.830+0100][gc,cpu        ] GC(13) User=0.01s Sys=0.00s Real=0.01s
[2023-07-22T13:43:39.049+0100][gc,start      ] GC(14) Pause Young (Normal) (G1 Evacuation Pause)
[2023-07-22T13:43:39.049+0100][gc,task       ] GC(14) Using 2 workers of 2 for evacuation
[2023-07-22T13:43:39.058+0100][gc,phases     ] GC(14)   Pre Evacuate Collection Set: 0.2ms
[2023-07-22T13:43:39.058+0100][gc,phases     ] GC(14)   Evacuate Collection Set: 7.5ms
[2023-07-22T13:43:39.058+0100][gc,phases     ] GC(14)   Post Evacuate Collection Set: 0.6ms
[2023-07-22T13:43:39.058+0100][gc,phases     ] GC(14)   Other: 1.1ms
[2023-07-22T13:43:39.058+0100][gc,heap       ] GC(14) Eden regions: 48->0(48)
[2023-07-22T13:43:39.058+0100][gc,heap       ] GC(14) Survivor regions: 3->3(7)
[2023-07-22T13:43:39.058+0100][gc,heap       ] GC(14) Old regions: 13->13
[2023-07-22T13:43:39.058+0100][gc,heap       ] GC(14) Humongous regions: 129->129
[2023-07-22T13:43:39.058+0100][gc,metaspace  ] GC(14) Metaspace: 36794K(38528K)->36794K(38528K) NonClass: 32532K(33536K)->32532K(33536K) Class: 4261K(4992K)->4261K(4992K)
[2023-07-22T13:43:39.058+0100][gc            ] GC(14) Pause Young (Normal) (G1 Evacuation Pause) 191M->143M(1024M) 9.710ms
[2023-07-22T13:43:39.059+0100][gc,cpu        ] GC(14) User=0.01s Sys=0.00s Real=0.01s
[2023-07-23T01:27:40.793+0100][gc,start      ] GC(15) Pause Young (Normal) (G1 Evacuation Pause)
[2023-07-23T01:27:40.794+0100][gc,task       ] GC(15) Using 2 workers of 2 for evacuation
[2023-07-23T01:27:40.824+0100][gc,mmu        ] GC(15) MMU target violated: 21.0ms (20.0ms/21.0ms)
[2023-07-23T01:27:40.825+0100][gc,phases     ] GC(15)   Pre Evacuate Collection Set: 3.2ms
[2023-07-23T01:27:40.825+0100][gc,phases     ] GC(15)   Evacuate Collection Set: 26.2ms
[2023-07-23T01:27:40.825+0100][gc,phases     ] GC(15)   Post Evacuate Collection Set: 0.6ms
[2023-07-23T01:27:40.825+0100][gc,phases     ] GC(15)   Other: 2.7ms
[2023-07-23T01:27:40.825+0100][gc,heap       ] GC(15) Eden regions: 48->0(48)
[2023-07-23T01:27:40.825+0100][gc,heap       ] GC(15) Survivor regions: 3->3(7)
[2023-07-23T01:27:40.825+0100][gc,heap       ] GC(15) Old regions: 13->13
[2023-07-23T01:27:40.825+0100][gc,heap       ] GC(15) Humongous regions: 129->129
[2023-07-23T01:27:40.825+0100][gc,metaspace  ] GC(15) Metaspace: 36892K(38528K)->36892K(38528K) NonClass: 32625K(33536K)->32625K(33536K) Class: 4266K(4992K)->4266K(4992K)
[2023-07-23T01:27:40.825+0100][gc            ] GC(15) Pause Young (Normal) (G1 Evacuation Pause) 191M->142M(1024M) 32.429ms
[2023-07-23T01:27:40.825+0100][gc,cpu        ] GC(15) User=0.04s Sys=0.00s Real=0.04s
