[2023-07-22T01:35:52.544+0100][gc,heap] Heap region size: 1M
[2023-07-22T01:35:52.618+0100][gc     ] Using G1
[2023-07-22T01:35:52.618+0100][gc,heap,coops] Heap address: 0x00000000c0000000, size: 1024 MB, Compressed Oops mode: 32-bit
[2023-07-22T01:35:52.619+0100][gc,cds       ] Mark closed archive regions in map: [0x00000000fff00000, 0x00000000fff6aff8]
[2023-07-22T01:35:52.619+0100][gc,cds       ] Mark open archive regions in map: [0x00000000ffe00000, 0x00000000ffe46ff8]
[2023-07-22T01:35:55.928+0100][gc,start     ] GC(0) Pause Young (Normal) (G1 Evacuation Pause)
[2023-07-22T01:35:55.929+0100][gc,task      ] GC(0) Using 2 workers of 2 for evacuation
[2023-07-22T01:35:55.956+0100][gc,mmu       ] GC(0) MMU target violated: 21.0ms (20.0ms/21.0ms)
[2023-07-22T01:35:55.956+0100][gc,phases    ] GC(0)   Pre Evacuate Collection Set: 0.0ms
[2023-07-22T01:35:55.956+0100][gc,phases    ] GC(0)   Evacuate Collection Set: 26.7ms
[2023-07-22T01:35:55.956+0100][gc,phases    ] GC(0)   Post Evacuate Collection Set: 0.5ms
[2023-07-22T01:35:55.956+0100][gc,phases    ] GC(0)   Other: 0.6ms
[2023-07-22T01:35:55.956+0100][gc,heap      ] GC(0) Eden regions: 51->0(44)
[2023-07-22T01:35:55.957+0100][gc,heap      ] GC(0) Survivor regions: 0->7(7)
[2023-07-22T01:35:55.957+0100][gc,heap      ] GC(0) Old regions: 2->2
[2023-07-22T01:35:55.957+0100][gc,heap      ] GC(0) Humongous regions: 0->0
[2023-07-22T01:35:55.957+0100][gc,metaspace ] GC(0) Metaspace: 14269K(15104K)->14269K(15104K) NonClass: 12523K(13056K)->12523K(13056K) Class: 1745K(2048K)->1745K(2048K)
[2023-07-22T01:35:55.957+0100][gc           ] GC(0) Pause Young (Normal) (G1 Evacuation Pause) 51M->7M(1024M) 28.513ms
[2023-07-22T01:35:55.957+0100][gc,cpu       ] GC(0) User=0.01s Sys=0.01s Real=0.03s
[2023-07-22T01:35:56.766+0100][gc,start     ] GC(1) Pause Young (Concurrent Start) (Metadata GC Threshold)
[2023-07-22T01:35:56.766+0100][gc,task      ] GC(1) Using 2 workers of 2 for evacuation
[2023-07-22T01:35:56.801+0100][gc,mmu       ] GC(1) MMU target violated: 21.0ms (20.0ms/21.0ms)
[2023-07-22T01:35:56.801+0100][gc,phases    ] GC(1)   Pre Evacuate Collection Set: 0.1ms
[2023-07-22T01:35:56.801+0100][gc,phases    ] GC(1)   Evacuate Collection Set: 34.0ms
[2023-07-22T01:35:56.801+0100][gc,phases    ] GC(1)   Post Evacuate Collection Set: 0.4ms
[2023-07-22T01:35:56.801+0100][gc,phases    ] GC(1)   Other: 0.9ms
[2023-07-22T01:35:56.802+0100][gc,heap      ] GC(1) Eden regions: 29->0(50)
[2023-07-22T01:35:56.802+0100][gc,heap      ] GC(1) Survivor regions: 7->1(7)
[2023-07-22T01:35:56.802+0100][gc,heap      ] GC(1) Old regions: 2->9
[2023-07-22T01:35:56.802+0100][gc,heap      ] GC(1) Humongous regions: 0->0
[2023-07-22T01:35:56.802+0100][gc,metaspace ] GC(1) Metaspace: 20511K(21248K)->20511K(21248K) NonClass: 18030K(18432K)->18030K(18432K) Class: 2480K(2816K)->2480K(2816K)
[2023-07-22T01:35:56.802+0100][gc           ] GC(1) Pause Young (Concurrent Start) (Metadata GC Threshold) 35M->8M(1024M) 36.458ms
[2023-07-22T01:35:56.803+0100][gc,cpu       ] GC(1) User=0.04s Sys=0.00s Real=0.04s
[2023-07-22T01:35:56.803+0100][gc           ] GC(2) Concurrent Cycle
[2023-07-22T01:35:56.803+0100][gc,marking   ] GC(2) Concurrent Clear Claimed Marks
[2023-07-22T01:35:56.803+0100][gc,marking   ] GC(2) Concurrent Clear Claimed Marks 0.049ms
[2023-07-22T01:35:56.803+0100][gc,marking   ] GC(2) Concurrent Scan Root Regions
[2023-07-22T01:35:56.804+0100][gc,marking   ] GC(2) Concurrent Scan Root Regions 1.020ms
[2023-07-22T01:35:56.804+0100][gc,marking   ] GC(2) Concurrent Mark (4.270s)
[2023-07-22T01:35:56.804+0100][gc,marking   ] GC(2) Concurrent Mark From Roots
[2023-07-22T01:35:56.804+0100][gc,task      ] GC(2) Using 1 workers of 1 for marking
[2023-07-22T01:35:56.855+0100][gc,marking   ] GC(2) Concurrent Mark From Roots 51.062ms
[2023-07-22T01:35:56.855+0100][gc,marking   ] GC(2) Concurrent Preclean
[2023-07-22T01:35:56.855+0100][gc,marking   ] GC(2) Concurrent Preclean 0.087ms
[2023-07-22T01:35:56.855+0100][gc,marking   ] GC(2) Concurrent Mark (4.270s, 4.321s) 51.209ms
[2023-07-22T01:35:56.859+0100][gc,start     ] GC(2) Pause Remark
[2023-07-22T01:35:56.864+0100][gc,stringtable] GC(2) Cleaned string and symbol table, strings: 5124 processed, 0 removed, symbols: 52915 processed, 42 removed
[2023-07-22T01:35:56.864+0100][gc            ] GC(2) Pause Remark 9M->9M(1024M) 4.891ms
[2023-07-22T01:35:56.865+0100][gc,cpu        ] GC(2) User=0.00s Sys=0.00s Real=0.01s
[2023-07-22T01:35:56.868+0100][gc,marking    ] GC(2) Concurrent Rebuild Remembered Sets
[2023-07-22T01:35:56.880+0100][gc,marking    ] GC(2) Concurrent Rebuild Remembered Sets 12.542ms
[2023-07-22T01:35:56.880+0100][gc,start      ] GC(2) Pause Cleanup
[2023-07-22T01:35:56.881+0100][gc            ] GC(2) Pause Cleanup 9M->9M(1024M) 0.277ms
[2023-07-22T01:35:56.881+0100][gc,cpu        ] GC(2) User=0.00s Sys=0.00s Real=0.00s
[2023-07-22T01:35:56.881+0100][gc,marking    ] GC(2) Concurrent Cleanup for Next Mark
[2023-07-22T01:35:56.931+0100][gc,marking    ] GC(2) Concurrent Cleanup for Next Mark 50.298ms
[2023-07-22T01:35:56.931+0100][gc            ] GC(2) Concurrent Cycle 128.595ms
[2023-07-22T01:35:58.674+0100][gc,start      ] GC(3) Pause Young (Concurrent Start) (G1 Evacuation Pause)
[2023-07-22T01:35:58.674+0100][gc,task       ] GC(3) Using 2 workers of 2 for evacuation
[2023-07-22T01:35:58.697+0100][gc,mmu        ] GC(3) MMU target violated: 21.0ms (20.0ms/21.0ms)
[2023-07-22T01:35:58.697+0100][gc,phases     ] GC(3)   Pre Evacuate Collection Set: 0.1ms
[2023-07-22T01:35:58.697+0100][gc,phases     ] GC(3)   Evacuate Collection Set: 22.0ms
[2023-07-22T01:35:58.697+0100][gc,phases     ] GC(3)   Post Evacuate Collection Set: 0.4ms
[2023-07-22T01:35:58.697+0100][gc,phases     ] GC(3)   Other: 0.8ms
[2023-07-22T01:35:58.697+0100][gc,heap       ] GC(3) Eden regions: 50->0(46)
[2023-07-22T01:35:58.697+0100][gc,heap       ] GC(3) Survivor regions: 1->5(7)
[2023-07-22T01:35:58.697+0100][gc,heap       ] GC(3) Old regions: 9->9
[2023-07-22T01:35:58.697+0100][gc,heap       ] GC(3) Humongous regions: 129->129
[2023-07-22T01:35:58.697+0100][gc,metaspace  ] GC(3) Metaspace: 28781K(29952K)->28781K(29952K) NonClass: 25431K(26112K)->25431K(26112K) Class: 3349K(3840K)->3349K(3840K)
[2023-07-22T01:35:58.697+0100][gc            ] GC(3) Pause Young (Concurrent Start) (G1 Evacuation Pause) 187M->140M(1024M) 23.948ms
[2023-07-22T01:35:58.698+0100][gc,cpu        ] GC(3) User=0.03s Sys=0.00s Real=0.02s
[2023-07-22T01:35:58.698+0100][gc            ] GC(4) Concurrent Cycle
[2023-07-22T01:35:58.698+0100][gc,marking    ] GC(4) Concurrent Clear Claimed Marks
[2023-07-22T01:35:58.698+0100][gc,marking    ] GC(4) Concurrent Clear Claimed Marks 0.144ms
[2023-07-22T01:35:58.698+0100][gc,marking    ] GC(4) Concurrent Scan Root Regions
[2023-07-22T01:35:58.701+0100][gc,marking    ] GC(4) Concurrent Scan Root Regions 3.309ms
[2023-07-22T01:35:58.701+0100][gc,marking    ] GC(4) Concurrent Mark (6.167s)
[2023-07-22T01:35:58.701+0100][gc,marking    ] GC(4) Concurrent Mark From Roots
[2023-07-22T01:35:58.702+0100][gc,task       ] GC(4) Using 1 workers of 1 for marking
[2023-07-22T01:35:58.726+0100][gc,marking    ] GC(4) Concurrent Mark From Roots 24.516ms
[2023-07-22T01:35:58.726+0100][gc,marking    ] GC(4) Concurrent Preclean
[2023-07-22T01:35:58.726+0100][gc,marking    ] GC(4) Concurrent Preclean 0.076ms
[2023-07-22T01:35:58.726+0100][gc,marking    ] GC(4) Concurrent Mark (6.167s, 6.192s) 24.712ms
[2023-07-22T01:35:58.729+0100][gc,start      ] GC(4) Pause Remark
[2023-07-22T01:35:58.733+0100][gc,stringtable] GC(4) Cleaned string and symbol table, strings: 7965 processed, 12 removed, symbols: 68266 processed, 12 removed
[2023-07-22T01:35:58.734+0100][gc            ] GC(4) Pause Remark 141M->141M(1024M) 5.340ms
[2023-07-22T01:35:58.734+0100][gc,cpu        ] GC(4) User=0.00s Sys=0.00s Real=0.01s
[2023-07-22T01:35:58.734+0100][gc,marking    ] GC(4) Concurrent Rebuild Remembered Sets
[2023-07-22T01:35:58.743+0100][gc,marking    ] GC(4) Concurrent Rebuild Remembered Sets 9.040ms
[2023-07-22T01:35:58.744+0100][gc,start      ] GC(4) Pause Cleanup
[2023-07-22T01:35:58.744+0100][gc            ] GC(4) Pause Cleanup 142M->142M(1024M) 0.375ms
[2023-07-22T01:35:58.744+0100][gc,cpu        ] GC(4) User=0.00s Sys=0.00s Real=0.00s
[2023-07-22T01:35:58.745+0100][gc,marking    ] GC(4) Concurrent Cleanup for Next Mark
[2023-07-22T01:35:58.779+0100][gc,marking    ] GC(4) Concurrent Cleanup for Next Mark 34.309ms
[2023-07-22T01:35:58.780+0100][gc            ] GC(4) Concurrent Cycle 82.016ms
[2023-07-22T01:37:33.133+0100][gc,start      ] GC(5) Pause Young (Normal) (G1 Evacuation Pause)
[2023-07-22T01:37:33.133+0100][gc,task       ] GC(5) Using 2 workers of 2 for evacuation
[2023-07-22T01:37:33.183+0100][gc,mmu        ] GC(5) MMU target violated: 21.0ms (20.0ms/21.0ms)
[2023-07-22T01:37:33.183+0100][gc,phases     ] GC(5)   Pre Evacuate Collection Set: 0.3ms
[2023-07-22T01:37:33.183+0100][gc,phases     ] GC(5)   Evacuate Collection Set: 48.9ms
[2023-07-22T01:37:33.183+0100][gc,phases     ] GC(5)   Post Evacuate Collection Set: 0.9ms
[2023-07-22T01:37:33.183+0100][gc,phases     ] GC(5)   Other: 1.0ms
[2023-07-22T01:37:33.183+0100][gc,heap       ] GC(5) Eden regions: 46->0(48)
[2023-07-22T01:37:33.183+0100][gc,heap       ] GC(5) Survivor regions: 5->3(7)
[2023-07-22T01:37:33.183+0100][gc,heap       ] GC(5) Old regions: 9->13
[2023-07-22T01:37:33.183+0100][gc,heap       ] GC(5) Humongous regions: 129->129
[2023-07-22T01:37:33.183+0100][gc,metaspace  ] GC(5) Metaspace: 37629K(39424K)->37629K(39424K) NonClass: 33087K(34048K)->33087K(34048K) Class: 4541K(5376K)->4541K(5376K)
[2023-07-22T01:37:33.183+0100][gc            ] GC(5) Pause Young (Normal) (G1 Evacuation Pause) 186M->142M(1024M) 50.732ms
[2023-07-22T01:37:33.183+0100][gc,cpu        ] GC(5) User=0.03s Sys=0.00s Real=0.05s
[2023-07-22T01:40:15.523+0100][gc,start      ] GC(6) Pause Young (Normal) (G1 Evacuation Pause)
[2023-07-22T01:40:15.524+0100][gc,task       ] GC(6) Using 2 workers of 2 for evacuation
[2023-07-22T01:40:15.566+0100][gc,mmu        ] GC(6) MMU target violated: 21.0ms (20.0ms/21.0ms)
[2023-07-22T01:40:15.566+0100][gc,phases     ] GC(6)   Pre Evacuate Collection Set: 0.4ms
[2023-07-22T01:40:15.566+0100][gc,phases     ] GC(6)   Evacuate Collection Set: 41.0ms
[2023-07-22T01:40:15.566+0100][gc,phases     ] GC(6)   Post Evacuate Collection Set: 0.5ms
[2023-07-22T01:40:15.566+0100][gc,phases     ] GC(6)   Other: 0.8ms
[2023-07-22T01:40:15.566+0100][gc,heap       ] GC(6) Eden regions: 48->0(45)
[2023-07-22T01:40:15.566+0100][gc,heap       ] GC(6) Survivor regions: 3->6(7)
[2023-07-22T01:40:15.566+0100][gc,heap       ] GC(6) Old regions: 13->13
[2023-07-22T01:40:15.566+0100][gc,heap       ] GC(6) Humongous regions: 129->129
[2023-07-22T01:40:15.566+0100][gc,metaspace  ] GC(6) Metaspace: 40763K(43008K)->40763K(43008K) NonClass: 35884K(37120K)->35884K(37120K) Class: 4879K(5888K)->4879K(5888K)
[2023-07-22T01:40:15.566+0100][gc            ] GC(6) Pause Young (Normal) (G1 Evacuation Pause) 190M->146M(1024M) 42.859ms
[2023-07-22T01:40:15.566+0100][gc,cpu        ] GC(6) User=0.02s Sys=0.02s Real=0.04s
[2023-07-22T01:42:13.976+0100][gc,start      ] GC(7) Pause Young (Normal) (G1 Evacuation Pause)
[2023-07-22T01:42:13.976+0100][gc,task       ] GC(7) Using 2 workers of 2 for evacuation
[2023-07-22T01:42:14.039+0100][gc,mmu        ] GC(7) MMU target violated: 21.0ms (20.0ms/21.0ms)
[2023-07-22T01:42:14.039+0100][gc,phases     ] GC(7)   Pre Evacuate Collection Set: 0.2ms
[2023-07-22T01:42:14.039+0100][gc,phases     ] GC(7)   Evacuate Collection Set: 59.0ms
[2023-07-22T01:42:14.039+0100][gc,phases     ] GC(7)   Post Evacuate Collection Set: 3.1ms
[2023-07-22T01:42:14.039+0100][gc,phases     ] GC(7)   Other: 2.0ms
[2023-07-22T01:42:14.039+0100][gc,heap       ] GC(7) Eden regions: 45->0(46)
[2023-07-22T01:42:14.039+0100][gc,heap       ] GC(7) Survivor regions: 6->5(7)
[2023-07-22T01:42:14.039+0100][gc,heap       ] GC(7) Old regions: 13->16
[2023-07-22T01:42:14.039+0100][gc,heap       ] GC(7) Humongous regions: 129->129
[2023-07-22T01:42:14.039+0100][gc,metaspace  ] GC(7) Metaspace: 42091K(44416K)->42091K(44416K) NonClass: 36943K(38144K)->36943K(38144K) Class: 5147K(6272K)->5147K(6272K)
[2023-07-22T01:42:14.040+0100][gc            ] GC(7) Pause Young (Normal) (G1 Evacuation Pause) 191M->147M(1024M) 63.300ms
[2023-07-22T01:42:14.040+0100][gc,cpu        ] GC(7) User=0.03s Sys=0.00s Real=0.06s
[2023-07-22T01:44:30.021+0100][gc,start      ] GC(8) Pause Young (Normal) (G1 Evacuation Pause)
[2023-07-22T01:44:30.021+0100][gc,task       ] GC(8) Using 2 workers of 2 for evacuation
[2023-07-22T01:44:30.051+0100][gc,mmu        ] GC(8) MMU target violated: 21.0ms (20.0ms/21.0ms)
[2023-07-22T01:44:30.052+0100][gc,phases     ] GC(8)   Pre Evacuate Collection Set: 0.3ms
[2023-07-22T01:44:30.052+0100][gc,phases     ] GC(8)   Evacuate Collection Set: 27.9ms
[2023-07-22T01:44:30.052+0100][gc,phases     ] GC(8)   Post Evacuate Collection Set: 1.9ms
[2023-07-22T01:44:30.052+0100][gc,phases     ] GC(8)   Other: 0.8ms
[2023-07-22T01:44:30.052+0100][gc,heap       ] GC(8) Eden regions: 46->0(47)
[2023-07-22T01:44:30.052+0100][gc,heap       ] GC(8) Survivor regions: 5->4(7)
[2023-07-22T01:44:30.052+0100][gc,heap       ] GC(8) Old regions: 16->17
[2023-07-22T01:44:30.052+0100][gc,heap       ] GC(8) Humongous regions: 130->129
[2023-07-22T01:44:30.052+0100][gc,metaspace  ] GC(8) Metaspace: 42215K(44672K)->42215K(44672K) NonClass: 37064K(38400K)->37064K(38400K) Class: 5150K(6272K)->5150K(6272K)
[2023-07-22T01:44:30.052+0100][gc            ] GC(8) Pause Young (Normal) (G1 Evacuation Pause) 194M->147M(1024M) 31.690ms
[2023-07-22T01:44:30.053+0100][gc,cpu        ] GC(8) User=0.02s Sys=0.00s Real=0.03s
[2023-07-22T01:45:27.853+0100][gc,start      ] GC(9) Pause Young (Normal) (G1 Evacuation Pause)
[2023-07-22T01:45:27.853+0100][gc,task       ] GC(9) Using 2 workers of 2 for evacuation
[2023-07-22T01:45:27.892+0100][gc,mmu        ] GC(9) MMU target violated: 21.0ms (20.0ms/21.0ms)
[2023-07-22T01:45:27.892+0100][gc,phases     ] GC(9)   Pre Evacuate Collection Set: 0.0ms
[2023-07-22T01:45:27.892+0100][gc,phases     ] GC(9)   Evacuate Collection Set: 38.4ms
[2023-07-22T01:45:27.892+0100][gc,phases     ] GC(9)   Post Evacuate Collection Set: 0.5ms
[2023-07-22T01:45:27.892+0100][gc,phases     ] GC(9)   Other: 1.2ms
[2023-07-22T01:45:27.892+0100][gc,heap       ] GC(9) Eden regions: 47->0(44)
[2023-07-22T01:45:27.892+0100][gc,heap       ] GC(9) Survivor regions: 4->7(7)
[2023-07-22T01:45:27.892+0100][gc,heap       ] GC(9) Old regions: 17->17
[2023-07-22T01:45:27.892+0100][gc,heap       ] GC(9) Humongous regions: 129->129
[2023-07-22T01:45:27.892+0100][gc,metaspace  ] GC(9) Metaspace: 42233K(44672K)->42233K(44672K) NonClass: 37081K(38400K)->37081K(38400K) Class: 5151K(6272K)->5151K(6272K)
[2023-07-22T01:45:27.893+0100][gc            ] GC(9) Pause Young (Normal) (G1 Evacuation Pause) 194M->150M(1024M) 39.322ms
[2023-07-22T01:45:27.893+0100][gc,cpu        ] GC(9) User=0.01s Sys=0.02s Real=0.04s
[2023-07-22T01:46:29.802+0100][gc,start      ] GC(10) Pause Young (Normal) (G1 Evacuation Pause)
[2023-07-22T01:46:29.803+0100][gc,task       ] GC(10) Using 2 workers of 2 for evacuation
[2023-07-22T01:46:29.838+0100][gc,mmu        ] GC(10) MMU target violated: 21.0ms (20.0ms/21.0ms)
[2023-07-22T01:46:29.839+0100][gc,phases     ] GC(10)   Pre Evacuate Collection Set: 0.1ms
[2023-07-22T01:46:29.839+0100][gc,phases     ] GC(10)   Evacuate Collection Set: 35.0ms
[2023-07-22T01:46:29.839+0100][gc,phases     ] GC(10)   Post Evacuate Collection Set: 0.6ms
[2023-07-22T01:46:29.839+0100][gc,phases     ] GC(10)   Other: 1.2ms
[2023-07-22T01:46:29.839+0100][gc,heap       ] GC(10) Eden regions: 44->0(48)
[2023-07-22T01:46:29.839+0100][gc,heap       ] GC(10) Survivor regions: 7->3(7)
[2023-07-22T01:46:29.839+0100][gc,heap       ] GC(10) Old regions: 17->23
[2023-07-22T01:46:29.839+0100][gc,heap       ] GC(10) Humongous regions: 129->129
[2023-07-22T01:46:29.839+0100][gc,metaspace  ] GC(10) Metaspace: 42246K(44672K)->42246K(44672K) NonClass: 37094K(38400K)->37094K(38400K) Class: 5151K(6272K)->5151K(6272K)
[2023-07-22T01:46:29.839+0100][gc            ] GC(10) Pause Young (Normal) (G1 Evacuation Pause) 194M->153M(1024M) 36.926ms
[2023-07-22T01:46:29.839+0100][gc,cpu        ] GC(10) User=0.03s Sys=0.00s Real=0.03s
[2023-07-22T01:47:45.558+0100][gc,start      ] GC(11) Pause Young (Normal) (G1 Evacuation Pause)
[2023-07-22T01:47:45.559+0100][gc,task       ] GC(11) Using 2 workers of 2 for evacuation
[2023-07-22T01:47:45.598+0100][gc,mmu        ] GC(11) MMU target violated: 21.0ms (20.0ms/21.0ms)
[2023-07-22T01:47:45.598+0100][gc,phases     ] GC(11)   Pre Evacuate Collection Set: 0.3ms
[2023-07-22T01:47:45.598+0100][gc,phases     ] GC(11)   Evacuate Collection Set: 38.1ms
[2023-07-22T01:47:45.598+0100][gc,phases     ] GC(11)   Post Evacuate Collection Set: 0.4ms
[2023-07-22T01:47:45.598+0100][gc,phases     ] GC(11)   Other: 0.8ms
[2023-07-22T01:47:45.598+0100][gc,heap       ] GC(11) Eden regions: 48->0(46)
[2023-07-22T01:47:45.598+0100][gc,heap       ] GC(11) Survivor regions: 3->5(7)
[2023-07-22T01:47:45.598+0100][gc,heap       ] GC(11) Old regions: 23->23
[2023-07-22T01:47:45.598+0100][gc,heap       ] GC(11) Humongous regions: 129->129
[2023-07-22T01:47:45.598+0100][gc,metaspace  ] GC(11) Metaspace: 42279K(44672K)->42279K(44672K) NonClass: 37126K(38400K)->37126K(38400K) Class: 5153K(6272K)->5153K(6272K)
[2023-07-22T01:47:45.600+0100][gc            ] GC(11) Pause Young (Normal) (G1 Evacuation Pause) 201M->155M(1024M) 39.591ms
[2023-07-22T01:47:45.600+0100][gc,cpu        ] GC(11) User=0.03s Sys=0.02s Real=0.04s
[2023-07-22T01:50:47.039+0100][gc,start      ] GC(12) Pause Young (Normal) (G1 Evacuation Pause)
[2023-07-22T01:50:47.040+0100][gc,task       ] GC(12) Using 2 workers of 2 for evacuation
[2023-07-22T01:50:47.067+0100][gc,mmu        ] GC(12) MMU target violated: 21.0ms (20.0ms/21.0ms)
[2023-07-22T01:50:47.067+0100][gc,phases     ] GC(12)   Pre Evacuate Collection Set: 0.1ms
[2023-07-22T01:50:47.067+0100][gc,phases     ] GC(12)   Evacuate Collection Set: 22.8ms
[2023-07-22T01:50:47.067+0100][gc,phases     ] GC(12)   Post Evacuate Collection Set: 4.4ms
[2023-07-22T01:50:47.067+0100][gc,phases     ] GC(12)   Other: 0.8ms
[2023-07-22T01:50:47.068+0100][gc,heap       ] GC(12) Eden regions: 46->0(45)
[2023-07-22T01:50:47.068+0100][gc,heap       ] GC(12) Survivor regions: 5->6(7)
[2023-07-22T01:50:47.068+0100][gc,heap       ] GC(12) Old regions: 23->25
[2023-07-22T01:50:47.068+0100][gc,heap       ] GC(12) Humongous regions: 131->129
[2023-07-22T01:50:47.068+0100][gc,metaspace  ] GC(12) Metaspace: 42405K(44928K)->42405K(44928K) NonClass: 37252K(38656K)->37252K(38656K) Class: 5153K(6272K)->5153K(6272K)
[2023-07-22T01:50:47.069+0100][gc            ] GC(12) Pause Young (Normal) (G1 Evacuation Pause) 203M->158M(1024M) 29.221ms
[2023-07-22T01:50:47.069+0100][gc,cpu        ] GC(12) User=0.03s Sys=0.00s Real=0.03s
[2023-07-22T01:53:15.326+0100][gc,start      ] GC(13) Pause Young (Normal) (G1 Evacuation Pause)
[2023-07-22T01:53:15.326+0100][gc,task       ] GC(13) Using 2 workers of 2 for evacuation
[2023-07-22T01:53:15.359+0100][gc,mmu        ] GC(13) MMU target violated: 21.0ms (20.0ms/21.0ms)
[2023-07-22T01:53:15.359+0100][gc,phases     ] GC(13)   Pre Evacuate Collection Set: 0.3ms
[2023-07-22T01:53:15.359+0100][gc,phases     ] GC(13)   Evacuate Collection Set: 28.3ms
[2023-07-22T01:53:15.359+0100][gc,phases     ] GC(13)   Post Evacuate Collection Set: 3.8ms
[2023-07-22T01:53:15.359+0100][gc,phases     ] GC(13)   Other: 1.8ms
[2023-07-22T01:53:15.360+0100][gc,heap       ] GC(13) Eden regions: 45->0(47)
[2023-07-22T01:53:15.360+0100][gc,heap       ] GC(13) Survivor regions: 6->4(7)
[2023-07-22T01:53:15.360+0100][gc,heap       ] GC(13) Old regions: 25->30
[2023-07-22T01:53:15.360+0100][gc,heap       ] GC(13) Humongous regions: 133->129
[2023-07-22T01:53:15.360+0100][gc,metaspace  ] GC(13) Metaspace: 42473K(44928K)->42473K(44928K) NonClass: 37320K(38656K)->37320K(38656K) Class: 5153K(6272K)->5153K(6272K)
[2023-07-22T01:53:15.360+0100][gc            ] GC(13) Pause Young (Normal) (G1 Evacuation Pause) 207M->160M(1024M) 34.129ms
[2023-07-22T01:53:15.360+0100][gc,cpu        ] GC(13) User=0.05s Sys=0.01s Real=0.03s
[2023-07-22T01:57:21.252+0100][gc,start      ] GC(14) Pause Young (Normal) (G1 Evacuation Pause)
[2023-07-22T01:57:21.253+0100][gc,task       ] GC(14) Using 2 workers of 2 for evacuation
[2023-07-22T01:57:21.287+0100][gc,mmu        ] GC(14) MMU target violated: 21.0ms (20.0ms/21.0ms)
[2023-07-22T01:57:21.287+0100][gc,phases     ] GC(14)   Pre Evacuate Collection Set: 0.4ms
[2023-07-22T01:57:21.287+0100][gc,phases     ] GC(14)   Evacuate Collection Set: 32.5ms
[2023-07-22T01:57:21.287+0100][gc,phases     ] GC(14)   Post Evacuate Collection Set: 0.7ms
[2023-07-22T01:57:21.287+0100][gc,phases     ] GC(14)   Other: 1.4ms
[2023-07-22T01:57:21.287+0100][gc,heap       ] GC(14) Eden regions: 47->0(48)
[2023-07-22T01:57:21.287+0100][gc,heap       ] GC(14) Survivor regions: 4->3(7)
[2023-07-22T01:57:21.287+0100][gc,heap       ] GC(14) Old regions: 30->32
[2023-07-22T01:57:21.287+0100][gc,heap       ] GC(14) Humongous regions: 132->129
[2023-07-22T01:57:21.287+0100][gc,metaspace  ] GC(14) Metaspace: 42523K(44928K)->42523K(44928K) NonClass: 37370K(38656K)->37370K(38656K) Class: 5153K(6272K)->5153K(6272K)
[2023-07-22T01:57:21.287+0100][gc            ] GC(14) Pause Young (Normal) (G1 Evacuation Pause) 210M->162M(1024M) 35.044ms
[2023-07-22T01:57:21.287+0100][gc,cpu        ] GC(14) User=0.03s Sys=0.01s Real=0.04s
[2023-07-22T02:01:52.892+0100][gc,start      ] GC(15) Pause Young (Normal) (G1 Evacuation Pause)
[2023-07-22T02:01:52.892+0100][gc,task       ] GC(15) Using 2 workers of 2 for evacuation
[2023-07-22T02:01:52.937+0100][gc,mmu        ] GC(15) MMU target violated: 21.0ms (20.0ms/21.0ms)
[2023-07-22T02:01:52.937+0100][gc,phases     ] GC(15)   Pre Evacuate Collection Set: 0.2ms
[2023-07-22T02:01:52.937+0100][gc,phases     ] GC(15)   Evacuate Collection Set: 44.2ms
[2023-07-22T02:01:52.937+0100][gc,phases     ] GC(15)   Post Evacuate Collection Set: 0.5ms
[2023-07-22T02:01:52.937+0100][gc,phases     ] GC(15)   Other: 0.9ms
[2023-07-22T02:01:52.937+0100][gc,heap       ] GC(15) Eden regions: 48->0(45)
[2023-07-22T02:01:52.937+0100][gc,heap       ] GC(15) Survivor regions: 3->6(7)
[2023-07-22T02:01:52.937+0100][gc,heap       ] GC(15) Old regions: 32->32
[2023-07-22T02:01:52.937+0100][gc,heap       ] GC(15) Humongous regions: 129->129
[2023-07-22T02:01:52.937+0100][gc,metaspace  ] GC(15) Metaspace: 42566K(44928K)->42566K(44928K) NonClass: 37412K(38656K)->37412K(38656K) Class: 5153K(6272K)->5153K(6272K)
[2023-07-22T02:01:52.937+0100][gc            ] GC(15) Pause Young (Normal) (G1 Evacuation Pause) 210M->165M(1024M) 45.286ms
[2023-07-22T02:01:52.937+0100][gc,cpu        ] GC(15) User=0.03s Sys=0.02s Real=0.05s
[2023-07-22T02:06:01.265+0100][gc,start      ] GC(16) Pause Young (Normal) (G1 Evacuation Pause)
[2023-07-22T02:06:01.267+0100][gc,task       ] GC(16) Using 2 workers of 2 for evacuation
[2023-07-22T02:06:01.313+0100][gc,mmu        ] GC(16) MMU target violated: 21.0ms (20.0ms/21.0ms)
[2023-07-22T02:06:01.313+0100][gc,phases     ] GC(16)   Pre Evacuate Collection Set: 0.3ms
[2023-07-22T02:06:01.313+0100][gc,phases     ] GC(16)   Evacuate Collection Set: 43.8ms
[2023-07-22T02:06:01.313+0100][gc,phases     ] GC(16)   Post Evacuate Collection Set: 1.3ms
[2023-07-22T02:06:01.313+0100][gc,phases     ] GC(16)   Other: 2.4ms
[2023-07-22T02:06:01.313+0100][gc,heap       ] GC(16) Eden regions: 45->0(48)
[2023-07-22T02:06:01.314+0100][gc,heap       ] GC(16) Survivor regions: 6->3(7)
[2023-07-22T02:06:01.314+0100][gc,heap       ] GC(16) Old regions: 32->37
[2023-07-22T02:06:01.314+0100][gc,heap       ] GC(16) Humongous regions: 131->129
[2023-07-22T02:06:01.314+0100][gc,metaspace  ] GC(16) Metaspace: 42595K(45184K)->42595K(45184K) NonClass: 37441K(38912K)->37441K(38912K) Class: 5154K(6272K)->5154K(6272K)
[2023-07-22T02:06:01.314+0100][gc            ] GC(16) Pause Young (Normal) (G1 Evacuation Pause) 212M->167M(1024M) 48.913ms
[2023-07-22T02:06:01.314+0100][gc,cpu        ] GC(16) User=0.07s Sys=0.00s Real=0.05s
[2023-07-22T02:10:28.711+0100][gc,start      ] GC(17) Pause Young (Normal) (G1 Evacuation Pause)
[2023-07-22T02:10:28.711+0100][gc,task       ] GC(17) Using 2 workers of 2 for evacuation
[2023-07-22T02:10:28.754+0100][gc,mmu        ] GC(17) MMU target violated: 21.0ms (20.0ms/21.0ms)
[2023-07-22T02:10:28.754+0100][gc,phases     ] GC(17)   Pre Evacuate Collection Set: 0.4ms
[2023-07-22T02:10:28.754+0100][gc,phases     ] GC(17)   Evacuate Collection Set: 41.5ms
[2023-07-22T02:10:28.754+0100][gc,phases     ] GC(17)   Post Evacuate Collection Set: 0.4ms
[2023-07-22T02:10:28.754+0100][gc,phases     ] GC(17)   Other: 1.0ms
[2023-07-22T02:10:28.754+0100][gc,heap       ] GC(17) Eden regions: 48->0(45)
[2023-07-22T02:10:28.754+0100][gc,heap       ] GC(17) Survivor regions: 3->6(7)
[2023-07-22T02:10:28.754+0100][gc,heap       ] GC(17) Old regions: 37->37
[2023-07-22T02:10:28.754+0100][gc,heap       ] GC(17) Humongous regions: 130->129
[2023-07-22T02:10:28.754+0100][gc,metaspace  ] GC(17) Metaspace: 42624K(45184K)->42624K(45184K) NonClass: 37470K(38912K)->37470K(38912K) Class: 5154K(6272K)->5154K(6272K)
[2023-07-22T02:10:28.754+0100][gc            ] GC(17) Pause Young (Normal) (G1 Evacuation Pause) 216M->170M(1024M) 42.930ms
[2023-07-22T02:10:28.754+0100][gc,cpu        ] GC(17) User=0.03s Sys=0.00s Real=0.05s
[2023-07-22T02:14:45.151+0100][gc,start      ] GC(18) Pause Young (Normal) (G1 Evacuation Pause)
[2023-07-22T02:14:45.152+0100][gc,task       ] GC(18) Using 2 workers of 2 for evacuation
[2023-07-22T02:14:45.193+0100][gc,mmu        ] GC(18) MMU target violated: 21.0ms (20.0ms/21.0ms)
[2023-07-22T02:14:45.193+0100][gc,phases     ] GC(18)   Pre Evacuate Collection Set: 0.6ms
[2023-07-22T02:14:45.193+0100][gc,phases     ] GC(18)   Evacuate Collection Set: 40.0ms
[2023-07-22T02:14:45.193+0100][gc,phases     ] GC(18)   Post Evacuate Collection Set: 0.4ms
[2023-07-22T02:14:45.193+0100][gc,phases     ] GC(18)   Other: 0.7ms
[2023-07-22T02:14:45.193+0100][gc,heap       ] GC(18) Eden regions: 45->0(48)
[2023-07-22T02:14:45.193+0100][gc,heap       ] GC(18) Survivor regions: 6->3(7)
[2023-07-22T02:14:45.193+0100][gc,heap       ] GC(18) Old regions: 37->41
[2023-07-22T02:14:45.193+0100][gc,heap       ] GC(18) Humongous regions: 129->129
[2023-07-22T02:14:45.193+0100][gc,metaspace  ] GC(18) Metaspace: 42637K(45184K)->42637K(45184K) NonClass: 37482K(38912K)->37482K(38912K) Class: 5154K(6272K)->5154K(6272K)
[2023-07-22T02:14:45.193+0100][gc            ] GC(18) Pause Young (Normal) (G1 Evacuation Pause) 215M->171M(1024M) 41.749ms
[2023-07-22T02:14:45.193+0100][gc,cpu        ] GC(18) User=0.05s Sys=0.01s Real=0.05s
[2023-07-22T02:19:10.865+0100][gc,start      ] GC(19) Pause Young (Normal) (G1 Evacuation Pause)
[2023-07-22T02:19:10.867+0100][gc,task       ] GC(19) Using 2 workers of 2 for evacuation
[2023-07-22T02:19:10.902+0100][gc,mmu        ] GC(19) MMU target violated: 21.0ms (20.0ms/21.0ms)
[2023-07-22T02:19:10.902+0100][gc,phases     ] GC(19)   Pre Evacuate Collection Set: 0.2ms
[2023-07-22T02:19:10.902+0100][gc,phases     ] GC(19)   Evacuate Collection Set: 32.3ms
[2023-07-22T02:19:10.902+0100][gc,phases     ] GC(19)   Post Evacuate Collection Set: 1.9ms
[2023-07-22T02:19:10.902+0100][gc,phases     ] GC(19)   Other: 2.6ms
[2023-07-22T02:19:10.902+0100][gc,heap       ] GC(19) Eden regions: 48->0(44)
[2023-07-22T02:19:10.902+0100][gc,heap       ] GC(19) Survivor regions: 3->7(7)
[2023-07-22T02:19:10.902+0100][gc,heap       ] GC(19) Old regions: 41->41
[2023-07-22T02:19:10.902+0100][gc,heap       ] GC(19) Humongous regions: 130->129
[2023-07-22T02:19:10.902+0100][gc,metaspace  ] GC(19) Metaspace: 42710K(45184K)->42710K(45184K) NonClass: 37555K(38912K)->37555K(38912K) Class: 5154K(6272K)->5154K(6272K)
[2023-07-22T02:19:10.902+0100][gc            ] GC(19) Pause Young (Normal) (G1 Evacuation Pause) 220M->175M(1024M) 36.333ms
[2023-07-22T02:19:10.902+0100][gc,cpu        ] GC(19) User=0.03s Sys=0.00s Real=0.04s
[2023-07-22T02:22:48.527+0100][gc,start      ] GC(20) Pause Young (Normal) (G1 Evacuation Pause)
[2023-07-22T02:22:48.530+0100][gc,task       ] GC(20) Using 2 workers of 2 for evacuation
[2023-07-22T02:22:48.590+0100][gc,mmu        ] GC(20) MMU target violated: 21.0ms (20.0ms/21.0ms)
[2023-07-22T02:22:48.590+0100][gc,phases     ] GC(20)   Pre Evacuate Collection Set: 0.8ms
[2023-07-22T02:22:48.590+0100][gc,phases     ] GC(20)   Evacuate Collection Set: 49.3ms
[2023-07-22T02:22:48.590+0100][gc,phases     ] GC(20)   Post Evacuate Collection Set: 9.1ms
[2023-07-22T02:22:48.590+0100][gc,phases     ] GC(20)   Other: 3.4ms
[2023-07-22T02:22:48.590+0100][gc,heap       ] GC(20) Eden regions: 44->0(46)
[2023-07-22T02:22:48.590+0100][gc,heap       ] GC(20) Survivor regions: 7->5(7)
[2023-07-22T02:22:48.590+0100][gc,heap       ] GC(20) Old regions: 41->46
[2023-07-22T02:22:48.590+0100][gc,heap       ] GC(20) Humongous regions: 137->129
[2023-07-22T02:22:48.590+0100][gc,metaspace  ] GC(20) Metaspace: 42798K(45440K)->42798K(45440K) NonClass: 37644K(39168K)->37644K(39168K) Class: 5154K(6272K)->5154K(6272K)
[2023-07-22T02:22:48.591+0100][gc            ] GC(20) Pause Young (Normal) (G1 Evacuation Pause) 227M->177M(1024M) 63.356ms
[2023-07-22T02:22:48.591+0100][gc,cpu        ] GC(20) User=0.08s Sys=0.00s Real=0.06s
[2023-07-22T02:27:13.083+0100][gc,start      ] GC(21) Pause Young (Normal) (G1 Evacuation Pause)
[2023-07-22T02:27:13.083+0100][gc,task       ] GC(21) Using 2 workers of 2 for evacuation
[2023-07-22T02:27:13.095+0100][gc,phases     ] GC(21)   Pre Evacuate Collection Set: 0.3ms
[2023-07-22T02:27:13.096+0100][gc,phases     ] GC(21)   Evacuate Collection Set: 11.3ms
[2023-07-22T02:27:13.096+0100][gc,phases     ] GC(21)   Post Evacuate Collection Set: 0.6ms
[2023-07-22T02:27:13.096+0100][gc,phases     ] GC(21)   Other: 0.4ms
[2023-07-22T02:27:13.096+0100][gc,heap       ] GC(21) Eden regions: 46->0(47)
[2023-07-22T02:27:13.096+0100][gc,heap       ] GC(21) Survivor regions: 5->4(7)
[2023-07-22T02:27:13.096+0100][gc,heap       ] GC(21) Old regions: 46->48
[2023-07-22T02:27:13.096+0100][gc,heap       ] GC(21) Humongous regions: 129->129
[2023-07-22T02:27:13.096+0100][gc,metaspace  ] GC(21) Metaspace: 42813K(45440K)->42813K(45440K) NonClass: 37659K(39168K)->37659K(39168K) Class: 5154K(6272K)->5154K(6272K)
[2023-07-22T02:27:13.096+0100][gc            ] GC(21) Pause Young (Normal) (G1 Evacuation Pause) 223M->179M(1024M) 12.806ms
[2023-07-22T02:27:13.096+0100][gc,cpu        ] GC(21) User=0.02s Sys=0.00s Real=0.01s
[2023-07-22T02:31:27.785+0100][gc,start      ] GC(22) Pause Young (Normal) (G1 Evacuation Pause)
[2023-07-22T02:31:27.785+0100][gc,task       ] GC(22) Using 2 workers of 2 for evacuation
[2023-07-22T02:31:27.880+0100][gc,mmu        ] GC(22) MMU target violated: 21.0ms (20.0ms/21.0ms)
[2023-07-22T02:31:27.880+0100][gc,phases     ] GC(22)   Pre Evacuate Collection Set: 0.2ms
[2023-07-22T02:31:27.880+0100][gc,phases     ] GC(22)   Evacuate Collection Set: 93.1ms
[2023-07-22T02:31:27.880+0100][gc,phases     ] GC(22)   Post Evacuate Collection Set: 0.8ms
[2023-07-22T02:31:27.880+0100][gc,phases     ] GC(22)   Other: 1.1ms
[2023-07-22T02:31:27.880+0100][gc,heap       ] GC(22) Eden regions: 47->0(44)
[2023-07-22T02:31:27.880+0100][gc,heap       ] GC(22) Survivor regions: 4->7(7)
[2023-07-22T02:31:27.880+0100][gc,heap       ] GC(22) Old regions: 48->48
[2023-07-22T02:31:27.880+0100][gc,heap       ] GC(22) Humongous regions: 133->129
[2023-07-22T02:31:27.880+0100][gc,metaspace  ] GC(22) Metaspace: 42867K(45440K)->42867K(45440K) NonClass: 37712K(39168K)->37712K(39168K) Class: 5154K(6272K)->5154K(6272K)
[2023-07-22T02:31:27.880+0100][gc            ] GC(22) Pause Young (Normal) (G1 Evacuation Pause) 230M->182M(1024M) 95.335ms
[2023-07-22T02:31:27.880+0100][gc,cpu        ] GC(22) User=0.04s Sys=0.03s Real=0.10s
[2023-07-22T02:35:30.525+0100][gc,start      ] GC(23) Pause Young (Normal) (G1 Evacuation Pause)
[2023-07-22T02:35:30.527+0100][gc,task       ] GC(23) Using 2 workers of 2 for evacuation
[2023-07-22T02:35:30.596+0100][gc,mmu        ] GC(23) MMU target violated: 21.0ms (20.0ms/21.0ms)
[2023-07-22T02:35:30.596+0100][gc,phases     ] GC(23)   Pre Evacuate Collection Set: 0.8ms
[2023-07-22T02:35:30.596+0100][gc,phases     ] GC(23)   Evacuate Collection Set: 67.4ms
[2023-07-22T02:35:30.596+0100][gc,phases     ] GC(23)   Post Evacuate Collection Set: 1.0ms
[2023-07-22T02:35:30.596+0100][gc,phases     ] GC(23)   Other: 3.3ms
[2023-07-22T02:35:30.596+0100][gc,heap       ] GC(23) Eden regions: 44->0(47)
[2023-07-22T02:35:30.596+0100][gc,heap       ] GC(23) Survivor regions: 7->4(7)
[2023-07-22T02:35:30.596+0100][gc,heap       ] GC(23) Old regions: 48->53
[2023-07-22T02:35:30.596+0100][gc,heap       ] GC(23) Humongous regions: 131->129
[2023-07-22T02:35:30.597+0100][gc,metaspace  ] GC(23) Metaspace: 42898K(45440K)->42898K(45440K) NonClass: 37743K(39168K)->37743K(39168K) Class: 5154K(6272K)->5154K(6272K)
[2023-07-22T02:35:30.597+0100][gc            ] GC(23) Pause Young (Normal) (G1 Evacuation Pause) 228M->183M(1024M) 71.089ms
[2023-07-22T02:35:30.597+0100][gc,cpu        ] GC(23) User=0.05s Sys=0.02s Real=0.07s
[2023-07-22T02:39:20.629+0100][gc,start      ] GC(24) Pause Young (Normal) (G1 Evacuation Pause)
[2023-07-22T02:39:20.630+0100][gc,task       ] GC(24) Using 2 workers of 2 for evacuation
[2023-07-22T02:39:20.784+0100][gc,mmu        ] GC(24) MMU target violated: 21.0ms (20.0ms/21.0ms)
[2023-07-22T02:39:20.784+0100][gc,phases     ] GC(24)   Pre Evacuate Collection Set: 0.6ms
[2023-07-22T02:39:20.784+0100][gc,phases     ] GC(24)   Evacuate Collection Set: 152.3ms
[2023-07-22T02:39:20.784+0100][gc,phases     ] GC(24)   Post Evacuate Collection Set: 0.5ms
[2023-07-22T02:39:20.784+0100][gc,phases     ] GC(24)   Other: 2.3ms
[2023-07-22T02:39:20.785+0100][gc,heap       ] GC(24) Eden regions: 47->0(44)
[2023-07-22T02:39:20.785+0100][gc,heap       ] GC(24) Survivor regions: 4->7(7)
[2023-07-22T02:39:20.785+0100][gc,heap       ] GC(24) Old regions: 53->53
[2023-07-22T02:39:20.785+0100][gc,heap       ] GC(24) Humongous regions: 130->129
[2023-07-22T02:39:20.785+0100][gc,metaspace  ] GC(24) Metaspace: 42932K(45440K)->42932K(45440K) NonClass: 37773K(39168K)->37773K(39168K) Class: 5159K(6272K)->5159K(6272K)
[2023-07-22T02:39:20.785+0100][gc            ] GC(24) Pause Young (Normal) (G1 Evacuation Pause) 231M->187M(1024M) 156.174ms
[2023-07-22T02:39:20.785+0100][gc,cpu        ] GC(24) User=0.06s Sys=0.04s Real=0.16s
[2023-07-22T02:43:19.684+0100][gc,start      ] GC(25) Pause Young (Normal) (G1 Evacuation Pause)
[2023-07-22T02:43:19.685+0100][gc,task       ] GC(25) Using 2 workers of 2 for evacuation
[2023-07-22T02:43:19.746+0100][gc,mmu        ] GC(25) MMU target violated: 21.0ms (20.0ms/21.0ms)
[2023-07-22T02:43:19.746+0100][gc,phases     ] GC(25)   Pre Evacuate Collection Set: 1.0ms
[2023-07-22T02:43:19.746+0100][gc,phases     ] GC(25)   Evacuate Collection Set: 57.9ms
[2023-07-22T02:43:19.746+0100][gc,phases     ] GC(25)   Post Evacuate Collection Set: 1.3ms
[2023-07-22T02:43:19.746+0100][gc,phases     ] GC(25)   Other: 3.8ms
[2023-07-22T02:43:19.746+0100][gc,heap       ] GC(25) Eden regions: 44->0(49)
[2023-07-22T02:43:19.747+0100][gc,heap       ] GC(25) Survivor regions: 7->2(7)
[2023-07-22T02:43:19.747+0100][gc,heap       ] GC(25) Old regions: 53->58
[2023-07-22T02:43:19.747+0100][gc,heap       ] GC(25) Humongous regions: 130->129
[2023-07-22T02:43:19.747+0100][gc,metaspace  ] GC(25) Metaspace: 42989K(45440K)->42989K(45440K) NonClass: 37829K(39168K)->37829K(39168K) Class: 5159K(6272K)->5159K(6272K)
[2023-07-22T02:43:19.747+0100][gc            ] GC(25) Pause Young (Normal) (G1 Evacuation Pause) 232M->186M(1024M) 63.405ms
[2023-07-22T02:43:19.747+0100][gc,cpu        ] GC(25) User=0.06s Sys=0.02s Real=0.06s
[2023-07-22T02:47:54.487+0100][gc,start      ] GC(26) Pause Young (Normal) (G1 Evacuation Pause)
[2023-07-22T02:47:54.488+0100][gc,task       ] GC(26) Using 2 workers of 2 for evacuation
[2023-07-22T02:47:54.587+0100][gc,mmu        ] GC(26) MMU target violated: 21.0ms (20.0ms/21.0ms)
[2023-07-22T02:47:54.587+0100][gc,phases     ] GC(26)   Pre Evacuate Collection Set: 10.6ms
[2023-07-22T02:47:54.588+0100][gc,phases     ] GC(26)   Evacuate Collection Set: 87.5ms
[2023-07-22T02:47:54.588+0100][gc,phases     ] GC(26)   Post Evacuate Collection Set: 1.1ms
[2023-07-22T02:47:54.588+0100][gc,phases     ] GC(26)   Other: 1.8ms
[2023-07-22T02:47:54.588+0100][gc,heap       ] GC(26) Eden regions: 49->0(45)
[2023-07-22T02:47:54.588+0100][gc,heap       ] GC(26) Survivor regions: 2->6(7)
[2023-07-22T02:47:54.588+0100][gc,heap       ] GC(26) Old regions: 58->58
[2023-07-22T02:47:54.588+0100][gc,heap       ] GC(26) Humongous regions: 129->129
[2023-07-22T02:47:54.588+0100][gc,metaspace  ] GC(26) Metaspace: 42992K(45440K)->42992K(45440K) NonClass: 37833K(39168K)->37833K(39168K) Class: 5159K(6272K)->5159K(6272K)
[2023-07-22T02:47:54.588+0100][gc            ] GC(26) Pause Young (Normal) (G1 Evacuation Pause) 235M->190M(1024M) 101.531ms
[2023-07-22T02:47:54.588+0100][gc,cpu        ] GC(26) User=0.01s Sys=0.04s Real=0.10s
[2023-07-22T02:52:02.834+0100][gc,start      ] GC(27) Pause Young (Normal) (G1 Evacuation Pause)
[2023-07-22T02:52:02.835+0100][gc,task       ] GC(27) Using 2 workers of 2 for evacuation
[2023-07-22T02:52:02.901+0100][gc,mmu        ] GC(27) MMU target violated: 21.0ms (20.0ms/21.0ms)
[2023-07-22T02:52:02.901+0100][gc,phases     ] GC(27)   Pre Evacuate Collection Set: 0.1ms
[2023-07-22T02:52:02.901+0100][gc,phases     ] GC(27)   Evacuate Collection Set: 65.1ms
[2023-07-22T02:52:02.901+0100][gc,phases     ] GC(27)   Post Evacuate Collection Set: 0.5ms
[2023-07-22T02:52:02.902+0100][gc,phases     ] GC(27)   Other: 3.3ms
[2023-07-22T02:52:02.902+0100][gc,heap       ] GC(27) Eden regions: 45->0(48)
[2023-07-22T02:52:02.902+0100][gc,heap       ] GC(27) Survivor regions: 6->3(7)
[2023-07-22T02:52:02.902+0100][gc,heap       ] GC(27) Old regions: 58->62
[2023-07-22T02:52:02.902+0100][gc,heap       ] GC(27) Humongous regions: 129->129
[2023-07-22T02:52:02.902+0100][gc,metaspace  ] GC(27) Metaspace: 43001K(45440K)->43001K(45440K) NonClass: 37841K(39168K)->37841K(39168K) Class: 5159K(6272K)->5159K(6272K)
[2023-07-22T02:52:02.902+0100][gc            ] GC(27) Pause Young (Normal) (G1 Evacuation Pause) 235M->191M(1024M) 68.139ms
[2023-07-22T02:52:02.902+0100][gc,cpu        ] GC(27) User=0.02s Sys=0.04s Real=0.07s
[2023-07-22T02:56:30.020+0100][gc,start      ] GC(28) Pause Young (Normal) (G1 Evacuation Pause)
[2023-07-22T02:56:30.021+0100][gc,task       ] GC(28) Using 2 workers of 2 for evacuation
[2023-07-22T02:56:30.062+0100][gc,mmu        ] GC(28) MMU target violated: 21.0ms (20.0ms/21.0ms)
[2023-07-22T02:56:30.063+0100][gc,phases     ] GC(28)   Pre Evacuate Collection Set: 0.4ms
[2023-07-22T02:56:30.063+0100][gc,phases     ] GC(28)   Evacuate Collection Set: 40.1ms
[2023-07-22T02:56:30.063+0100][gc,phases     ] GC(28)   Post Evacuate Collection Set: 0.8ms
[2023-07-22T02:56:30.063+0100][gc,phases     ] GC(28)   Other: 1.6ms
[2023-07-22T02:56:30.063+0100][gc,heap       ] GC(28) Eden regions: 48->0(44)
[2023-07-22T02:56:30.064+0100][gc,heap       ] GC(28) Survivor regions: 3->7(7)
[2023-07-22T02:56:30.064+0100][gc,heap       ] GC(28) Old regions: 62->62
[2023-07-22T02:56:30.064+0100][gc,heap       ] GC(28) Humongous regions: 129->129
[2023-07-22T02:56:30.064+0100][gc,metaspace  ] GC(28) Metaspace: 43005K(45440K)->43005K(45440K) NonClass: 37845K(39168K)->37845K(39168K) Class: 5159K(6272K)->5159K(6272K)
[2023-07-22T02:56:30.064+0100][gc            ] GC(28) Pause Young (Normal) (G1 Evacuation Pause) 239M->195M(1024M) 44.057ms
[2023-07-22T02:56:30.064+0100][gc,cpu        ] GC(28) User=0.06s Sys=0.00s Real=0.05s
[2023-07-22T03:00:33.342+0100][gc,start      ] GC(29) Pause Young (Normal) (G1 Evacuation Pause)
[2023-07-22T03:00:33.343+0100][gc,task       ] GC(29) Using 2 workers of 2 for evacuation
[2023-07-22T03:00:33.381+0100][gc,mmu        ] GC(29) MMU target violated: 21.0ms (20.0ms/21.0ms)
[2023-07-22T03:00:33.381+0100][gc,phases     ] GC(29)   Pre Evacuate Collection Set: 1.0ms
[2023-07-22T03:00:33.381+0100][gc,phases     ] GC(29)   Evacuate Collection Set: 35.4ms
[2023-07-22T03:00:33.381+0100][gc,phases     ] GC(29)   Post Evacuate Collection Set: 0.5ms
[2023-07-22T03:00:33.381+0100][gc,phases     ] GC(29)   Other: 4.1ms
[2023-07-22T03:00:33.381+0100][gc,heap       ] GC(29) Eden regions: 44->0(48)
[2023-07-22T03:00:33.382+0100][gc,heap       ] GC(29) Survivor regions: 7->3(7)
[2023-07-22T03:00:33.382+0100][gc,heap       ] GC(29) Old regions: 62->66
[2023-07-22T03:00:33.382+0100][gc,heap       ] GC(29) Humongous regions: 129->129
[2023-07-22T03:00:33.382+0100][gc,metaspace  ] GC(29) Metaspace: 43023K(45440K)->43023K(45440K) NonClass: 37863K(39168K)->37863K(39168K) Class: 5159K(6272K)->5159K(6272K)
[2023-07-22T03:00:33.383+0100][gc            ] GC(29) Pause Young (Normal) (G1 Evacuation Pause) 239M->196M(1024M) 39.993ms
[2023-07-22T03:00:33.383+0100][gc,cpu        ] GC(29) User=0.06s Sys=0.01s Real=0.04s
[2023-07-22T03:05:04.155+0100][gc,start      ] GC(30) Pause Young (Normal) (G1 Evacuation Pause)
[2023-07-22T03:05:04.155+0100][gc,task       ] GC(30) Using 2 workers of 2 for evacuation
[2023-07-22T03:05:04.177+0100][gc,mmu        ] GC(30) MMU target violated: 21.0ms (20.0ms/21.0ms)
[2023-07-22T03:05:04.177+0100][gc,phases     ] GC(30)   Pre Evacuate Collection Set: 0.2ms
[2023-07-22T03:05:04.177+0100][gc,phases     ] GC(30)   Evacuate Collection Set: 20.3ms
[2023-07-22T03:05:04.177+0100][gc,phases     ] GC(30)   Post Evacuate Collection Set: 0.6ms
[2023-07-22T03:05:04.177+0100][gc,phases     ] GC(30)   Other: 1.1ms
[2023-07-22T03:05:04.177+0100][gc,heap       ] GC(30) Eden regions: 48->0(45)
[2023-07-22T03:05:04.177+0100][gc,heap       ] GC(30) Survivor regions: 3->6(7)
[2023-07-22T03:05:04.177+0100][gc,heap       ] GC(30) Old regions: 66->66
[2023-07-22T03:05:04.177+0100][gc,heap       ] GC(30) Humongous regions: 129->129
[2023-07-22T03:05:04.177+0100][gc,metaspace  ] GC(30) Metaspace: 43025K(45440K)->43025K(45440K) NonClass: 37866K(39168K)->37866K(39168K) Class: 5159K(6272K)->5159K(6272K)
[2023-07-22T03:05:04.177+0100][gc            ] GC(30) Pause Young (Normal) (G1 Evacuation Pause) 244M->199M(1024M) 22.179ms
[2023-07-22T03:05:04.177+0100][gc,cpu        ] GC(30) User=0.05s Sys=0.00s Real=0.02s
[2023-07-22T03:09:12.669+0100][gc,start      ] GC(31) Pause Young (Normal) (G1 Evacuation Pause)
[2023-07-22T03:09:12.669+0100][gc,task       ] GC(31) Using 2 workers of 2 for evacuation
[2023-07-22T03:09:12.714+0100][gc,mmu        ] GC(31) MMU target violated: 21.0ms (20.0ms/21.0ms)
[2023-07-22T03:09:12.714+0100][gc,phases     ] GC(31)   Pre Evacuate Collection Set: 0.5ms
[2023-07-22T03:09:12.714+0100][gc,phases     ] GC(31)   Evacuate Collection Set: 44.1ms
[2023-07-22T03:09:12.714+0100][gc,phases     ] GC(31)   Post Evacuate Collection Set: 0.5ms
[2023-07-22T03:09:12.714+0100][gc,phases     ] GC(31)   Other: 0.7ms
[2023-07-22T03:09:12.714+0100][gc,heap       ] GC(31) Eden regions: 45->0(48)
[2023-07-22T03:09:12.714+0100][gc,heap       ] GC(31) Survivor regions: 6->3(7)
[2023-07-22T03:09:12.714+0100][gc,heap       ] GC(31) Old regions: 66->70
[2023-07-22T03:09:12.714+0100][gc,heap       ] GC(31) Humongous regions: 129->129
[2023-07-22T03:09:12.714+0100][gc,metaspace  ] GC(31) Metaspace: 43039K(45440K)->43039K(45440K) NonClass: 37879K(39168K)->37879K(39168K) Class: 5159K(6272K)->5159K(6272K)
[2023-07-22T03:09:12.714+0100][gc            ] GC(31) Pause Young (Normal) (G1 Evacuation Pause) 244M->200M(1024M) 45.801ms
[2023-07-22T03:09:12.714+0100][gc,cpu        ] GC(31) User=0.06s Sys=0.01s Real=0.05s
[2023-07-22T03:13:42.013+0100][gc,start      ] GC(32) Pause Young (Normal) (G1 Evacuation Pause)
[2023-07-22T03:13:42.013+0100][gc,task       ] GC(32) Using 2 workers of 2 for evacuation
[2023-07-22T03:13:42.040+0100][gc,mmu        ] GC(32) MMU target violated: 21.0ms (20.0ms/21.0ms)
[2023-07-22T03:13:42.040+0100][gc,phases     ] GC(32)   Pre Evacuate Collection Set: 0.2ms
[2023-07-22T03:13:42.040+0100][gc,phases     ] GC(32)   Evacuate Collection Set: 25.8ms
[2023-07-22T03:13:42.040+0100][gc,phases     ] GC(32)   Post Evacuate Collection Set: 0.6ms
[2023-07-22T03:13:42.040+0100][gc,phases     ] GC(32)   Other: 0.7ms
[2023-07-22T03:13:42.040+0100][gc,heap       ] GC(32) Eden regions: 48->0(45)
[2023-07-22T03:13:42.040+0100][gc,heap       ] GC(32) Survivor regions: 3->6(7)
[2023-07-22T03:13:42.040+0100][gc,heap       ] GC(32) Old regions: 70->70
[2023-07-22T03:13:42.040+0100][gc,heap       ] GC(32) Humongous regions: 129->129
[2023-07-22T03:13:42.040+0100][gc,metaspace  ] GC(32) Metaspace: 43056K(45696K)->43056K(45696K) NonClass: 37896K(39424K)->37896K(39424K) Class: 5159K(6272K)->5159K(6272K)
[2023-07-22T03:13:42.040+0100][gc            ] GC(32) Pause Young (Normal) (G1 Evacuation Pause) 248M->203M(1024M) 27.355ms
[2023-07-22T03:13:42.040+0100][gc,cpu        ] GC(32) User=0.05s Sys=0.00s Real=0.02s
[2023-07-22T03:17:49.241+0100][gc,start      ] GC(33) Pause Young (Normal) (G1 Evacuation Pause)
[2023-07-22T03:17:49.241+0100][gc,task       ] GC(33) Using 2 workers of 2 for evacuation
[2023-07-22T03:17:49.268+0100][gc,mmu        ] GC(33) MMU target violated: 21.0ms (20.0ms/21.0ms)
[2023-07-22T03:17:49.268+0100][gc,phases     ] GC(33)   Pre Evacuate Collection Set: 0.4ms
[2023-07-22T03:17:49.269+0100][gc,phases     ] GC(33)   Evacuate Collection Set: 26.3ms
[2023-07-22T03:17:49.269+0100][gc,phases     ] GC(33)   Post Evacuate Collection Set: 0.6ms
[2023-07-22T03:17:49.269+0100][gc,phases     ] GC(33)   Other: 0.7ms
[2023-07-22T03:17:49.269+0100][gc,heap       ] GC(33) Eden regions: 45->0(45)
[2023-07-22T03:17:49.269+0100][gc,heap       ] GC(33) Survivor regions: 6->6(7)
[2023-07-22T03:17:49.269+0100][gc,heap       ] GC(33) Old regions: 70->72
[2023-07-22T03:17:49.269+0100][gc,heap       ] GC(33) Humongous regions: 129->129
[2023-07-22T03:17:49.269+0100][gc,metaspace  ] GC(33) Metaspace: 43060K(45696K)->43060K(45696K) NonClass: 37901K(39424K)->37901K(39424K) Class: 5159K(6272K)->5159K(6272K)
[2023-07-22T03:17:49.269+0100][gc            ] GC(33) Pause Young (Normal) (G1 Evacuation Pause) 248M->205M(1024M) 28.018ms
[2023-07-22T03:17:49.269+0100][gc,cpu        ] GC(33) User=0.05s Sys=0.00s Real=0.02s
[2023-07-22T03:21:59.461+0100][gc,start      ] GC(34) Pause Young (Normal) (G1 Evacuation Pause)
[2023-07-22T03:21:59.462+0100][gc,task       ] GC(34) Using 2 workers of 2 for evacuation
[2023-07-22T03:21:59.485+0100][gc,mmu        ] GC(34) MMU target violated: 21.0ms (20.0ms/21.0ms)
[2023-07-22T03:21:59.485+0100][gc,phases     ] GC(34)   Pre Evacuate Collection Set: 0.3ms
[2023-07-22T03:21:59.485+0100][gc,phases     ] GC(34)   Evacuate Collection Set: 22.5ms
[2023-07-22T03:21:59.485+0100][gc,phases     ] GC(34)   Post Evacuate Collection Set: 0.4ms
[2023-07-22T03:21:59.485+0100][gc,phases     ] GC(34)   Other: 0.5ms
[2023-07-22T03:21:59.485+0100][gc,heap       ] GC(34) Eden regions: 45->0(45)
[2023-07-22T03:21:59.485+0100][gc,heap       ] GC(34) Survivor regions: 6->6(7)
[2023-07-22T03:21:59.485+0100][gc,heap       ] GC(34) Old regions: 72->75
[2023-07-22T03:21:59.485+0100][gc,heap       ] GC(34) Humongous regions: 129->129
[2023-07-22T03:21:59.485+0100][gc,metaspace  ] GC(34) Metaspace: 43060K(45696K)->43060K(45696K) NonClass: 37901K(39424K)->37901K(39424K) Class: 5159K(6272K)->5159K(6272K)
[2023-07-22T03:21:59.485+0100][gc            ] GC(34) Pause Young (Normal) (G1 Evacuation Pause) 250M->207M(1024M) 23.829ms
[2023-07-22T03:21:59.485+0100][gc,cpu        ] GC(34) User=0.04s Sys=0.00s Real=0.02s
[2023-07-22T03:26:12.235+0100][gc,start      ] GC(35) Pause Young (Normal) (G1 Evacuation Pause)
[2023-07-22T03:26:12.235+0100][gc,task       ] GC(35) Using 2 workers of 2 for evacuation
[2023-07-22T03:26:12.292+0100][gc,mmu        ] GC(35) MMU target violated: 21.0ms (20.0ms/21.0ms)
[2023-07-22T03:26:12.292+0100][gc,phases     ] GC(35)   Pre Evacuate Collection Set: 0.1ms
[2023-07-22T03:26:12.292+0100][gc,phases     ] GC(35)   Evacuate Collection Set: 55.9ms
[2023-07-22T03:26:12.292+0100][gc,phases     ] GC(35)   Post Evacuate Collection Set: 0.6ms
[2023-07-22T03:26:12.292+0100][gc,phases     ] GC(35)   Other: 0.9ms
[2023-07-22T03:26:12.292+0100][gc,heap       ] GC(35) Eden regions: 45->0(44)
[2023-07-22T03:26:12.292+0100][gc,heap       ] GC(35) Survivor regions: 6->7(7)
[2023-07-22T03:26:12.292+0100][gc,heap       ] GC(35) Old regions: 75->77
[2023-07-22T03:26:12.292+0100][gc,heap       ] GC(35) Humongous regions: 129->129
[2023-07-22T03:26:12.292+0100][gc,metaspace  ] GC(35) Metaspace: 43062K(45696K)->43062K(45696K) NonClass: 37902K(39424K)->37902K(39424K) Class: 5159K(6272K)->5159K(6272K)
[2023-07-22T03:26:12.292+0100][gc            ] GC(35) Pause Young (Normal) (G1 Evacuation Pause) 252M->211M(1024M) 57.649ms
[2023-07-22T03:26:12.293+0100][gc,cpu        ] GC(35) User=0.06s Sys=0.01s Real=0.06s
[2023-07-22T03:30:19.588+0100][gc,start      ] GC(36) Pause Young (Normal) (G1 Evacuation Pause)
[2023-07-22T03:30:19.589+0100][gc,task       ] GC(36) Using 2 workers of 2 for evacuation
[2023-07-22T03:30:19.629+0100][gc,mmu        ] GC(36) MMU target violated: 21.0ms (20.0ms/21.0ms)
[2023-07-22T03:30:19.629+0100][gc,phases     ] GC(36)   Pre Evacuate Collection Set: 1.2ms
[2023-07-22T03:30:19.629+0100][gc,phases     ] GC(36)   Evacuate Collection Set: 37.8ms
[2023-07-22T03:30:19.629+0100][gc,phases     ] GC(36)   Post Evacuate Collection Set: 0.8ms
[2023-07-22T03:30:19.629+0100][gc,phases     ] GC(36)   Other: 1.0ms
[2023-07-22T03:30:19.629+0100][gc,heap       ] GC(36) Eden regions: 44->0(47)
[2023-07-22T03:30:19.630+0100][gc,heap       ] GC(36) Survivor regions: 7->4(7)
[2023-07-22T03:30:19.630+0100][gc,heap       ] GC(36) Old regions: 77->82
[2023-07-22T03:30:19.630+0100][gc,heap       ] GC(36) Humongous regions: 129->129
[2023-07-22T03:30:19.630+0100][gc,metaspace  ] GC(36) Metaspace: 43062K(45696K)->43062K(45696K) NonClass: 37903K(39424K)->37903K(39424K) Class: 5159K(6272K)->5159K(6272K)
[2023-07-22T03:30:19.630+0100][gc            ] GC(36) Pause Young (Normal) (G1 Evacuation Pause) 255M->212M(1024M) 41.808ms
[2023-07-22T03:30:19.630+0100][gc,cpu        ] GC(36) User=0.03s Sys=0.04s Real=0.04s
[2023-07-22T03:34:43.186+0100][gc,start      ] GC(37) Pause Young (Normal) (G1 Evacuation Pause)
[2023-07-22T03:34:43.186+0100][gc,task       ] GC(37) Using 2 workers of 2 for evacuation
[2023-07-22T03:34:43.223+0100][gc,mmu        ] GC(37) MMU target violated: 21.0ms (20.0ms/21.0ms)
[2023-07-22T03:34:43.223+0100][gc,phases     ] GC(37)   Pre Evacuate Collection Set: 0.1ms
[2023-07-22T03:34:43.223+0100][gc,phases     ] GC(37)   Evacuate Collection Set: 35.7ms
[2023-07-22T03:34:43.223+0100][gc,phases     ] GC(37)   Post Evacuate Collection Set: 0.8ms
[2023-07-22T03:34:43.224+0100][gc,phases     ] GC(37)   Other: 0.8ms
[2023-07-22T03:34:43.224+0100][gc,heap       ] GC(37) Eden regions: 47->0(44)
[2023-07-22T03:34:43.224+0100][gc,heap       ] GC(37) Survivor regions: 4->7(7)
[2023-07-22T03:34:43.224+0100][gc,heap       ] GC(37) Old regions: 82->82
[2023-07-22T03:34:43.224+0100][gc,heap       ] GC(37) Humongous regions: 129->129
[2023-07-22T03:34:43.225+0100][gc,metaspace  ] GC(37) Metaspace: 43062K(45696K)->43062K(45696K) NonClass: 37903K(39424K)->37903K(39424K) Class: 5159K(6272K)->5159K(6272K)
[2023-07-22T03:34:43.225+0100][gc            ] GC(37) Pause Young (Normal) (G1 Evacuation Pause) 259M->215M(1024M) 38.811ms
[2023-07-22T03:34:43.225+0100][gc,cpu        ] GC(37) User=0.06s Sys=0.00s Real=0.04s
[2023-07-22T03:38:32.116+0100][gc,start      ] GC(38) Pause Young (Normal) (G1 Evacuation Pause)
[2023-07-22T03:38:32.116+0100][gc,task       ] GC(38) Using 2 workers of 2 for evacuation
[2023-07-22T03:38:32.151+0100][gc,mmu        ] GC(38) MMU target violated: 21.0ms (20.0ms/21.0ms)
[2023-07-22T03:38:32.151+0100][gc,phases     ] GC(38)   Pre Evacuate Collection Set: 0.9ms
[2023-07-22T03:38:32.151+0100][gc,phases     ] GC(38)   Evacuate Collection Set: 33.2ms
[2023-07-22T03:38:32.151+0100][gc,phases     ] GC(38)   Post Evacuate Collection Set: 0.7ms
[2023-07-22T03:38:32.151+0100][gc,phases     ] GC(38)   Other: 0.7ms
[2023-07-22T03:38:32.151+0100][gc,heap       ] GC(38) Eden regions: 44->0(47)
[2023-07-22T03:38:32.151+0100][gc,heap       ] GC(38) Survivor regions: 7->4(7)
[2023-07-22T03:38:32.151+0100][gc,heap       ] GC(38) Old regions: 82->86
[2023-07-22T03:38:32.151+0100][gc,heap       ] GC(38) Humongous regions: 129->129
[2023-07-22T03:38:32.151+0100][gc,metaspace  ] GC(38) Metaspace: 43065K(45696K)->43065K(45696K) NonClass: 37905K(39424K)->37905K(39424K) Class: 5159K(6272K)->5159K(6272K)
[2023-07-22T03:38:32.151+0100][gc            ] GC(38) Pause Young (Normal) (G1 Evacuation Pause) 259M->217M(1024M) 35.708ms
[2023-07-22T03:38:32.151+0100][gc,cpu        ] GC(38) User=0.06s Sys=0.01s Real=0.03s
[2023-07-22T03:42:53.927+0100][gc,start      ] GC(39) Pause Young (Normal) (G1 Evacuation Pause)
[2023-07-22T03:42:53.927+0100][gc,task       ] GC(39) Using 2 workers of 2 for evacuation
[2023-07-22T03:42:53.957+0100][gc,mmu        ] GC(39) MMU target violated: 21.0ms (20.0ms/21.0ms)
[2023-07-22T03:42:53.957+0100][gc,phases     ] GC(39)   Pre Evacuate Collection Set: 0.7ms
[2023-07-22T03:42:53.957+0100][gc,phases     ] GC(39)   Evacuate Collection Set: 28.0ms
[2023-07-22T03:42:53.957+0100][gc,phases     ] GC(39)   Post Evacuate Collection Set: 1.1ms
[2023-07-22T03:42:53.958+0100][gc,phases     ] GC(39)   Other: 0.9ms
[2023-07-22T03:42:53.958+0100][gc,heap       ] GC(39) Eden regions: 47->0(46)
[2023-07-22T03:42:53.958+0100][gc,heap       ] GC(39) Survivor regions: 4->5(7)
[2023-07-22T03:42:53.958+0100][gc,heap       ] GC(39) Old regions: 86->86
[2023-07-22T03:42:53.958+0100][gc,heap       ] GC(39) Humongous regions: 129->129
[2023-07-22T03:42:53.958+0100][gc,metaspace  ] GC(39) Metaspace: 43067K(45696K)->43067K(45696K) NonClass: 37908K(39424K)->37908K(39424K) Class: 5159K(6272K)->5159K(6272K)
[2023-07-22T03:42:53.958+0100][gc            ] GC(39) Pause Young (Normal) (G1 Evacuation Pause) 264M->218M(1024M) 30.856ms
[2023-07-22T03:42:53.958+0100][gc,cpu        ] GC(39) User=0.05s Sys=0.00s Real=0.03s
[2023-07-22T03:47:10.341+0100][gc,start      ] GC(40) Pause Young (Normal) (G1 Evacuation Pause)
[2023-07-22T03:47:10.341+0100][gc,task       ] GC(40) Using 2 workers of 2 for evacuation
[2023-07-22T03:47:10.368+0100][gc,mmu        ] GC(40) MMU target violated: 21.0ms (20.0ms/21.0ms)
[2023-07-22T03:47:10.369+0100][gc,phases     ] GC(40)   Pre Evacuate Collection Set: 2.0ms
[2023-07-22T03:47:10.369+0100][gc,phases     ] GC(40)   Evacuate Collection Set: 23.8ms
[2023-07-22T03:47:10.369+0100][gc,phases     ] GC(40)   Post Evacuate Collection Set: 0.5ms
[2023-07-22T03:47:10.369+0100][gc,phases     ] GC(40)   Other: 1.1ms
[2023-07-22T03:47:10.369+0100][gc,heap       ] GC(40) Eden regions: 46->0(48)
[2023-07-22T03:47:10.369+0100][gc,heap       ] GC(40) Survivor regions: 5->3(7)
[2023-07-22T03:47:10.369+0100][gc,heap       ] GC(40) Old regions: 86->87
[2023-07-22T03:47:10.369+0100][gc,heap       ] GC(40) Humongous regions: 129->129
[2023-07-22T03:47:10.369+0100][gc,metaspace  ] GC(40) Metaspace: 43092K(45696K)->43092K(45696K) NonClass: 37933K(39424K)->37933K(39424K) Class: 5159K(6272K)->5159K(6272K)
[2023-07-22T03:47:10.369+0100][gc            ] GC(40) Pause Young (Normal) (G1 Evacuation Pause) 264M->217M(1024M) 28.240ms
[2023-07-22T03:47:10.370+0100][gc,cpu        ] GC(40) User=0.05s Sys=0.00s Real=0.02s
[2023-07-22T03:51:41.359+0100][gc,start      ] GC(41) Pause Young (Normal) (G1 Evacuation Pause)
[2023-07-22T03:51:41.360+0100][gc,task       ] GC(41) Using 2 workers of 2 for evacuation
[2023-07-22T03:51:41.373+0100][gc,phases     ] GC(41)   Pre Evacuate Collection Set: 0.9ms
[2023-07-22T03:51:41.373+0100][gc,phases     ] GC(41)   Evacuate Collection Set: 12.0ms
[2023-07-22T03:51:41.373+0100][gc,phases     ] GC(41)   Post Evacuate Collection Set: 0.5ms
[2023-07-22T03:51:41.373+0100][gc,phases     ] GC(41)   Other: 0.5ms
[2023-07-22T03:51:41.373+0100][gc,heap       ] GC(41) Eden regions: 48->0(46)
[2023-07-22T03:51:41.373+0100][gc,heap       ] GC(41) Survivor regions: 3->5(7)
[2023-07-22T03:51:41.373+0100][gc,heap       ] GC(41) Old regions: 87->87
[2023-07-22T03:51:41.373+0100][gc,heap       ] GC(41) Humongous regions: 129->129
[2023-07-22T03:51:41.373+0100][gc,metaspace  ] GC(41) Metaspace: 43092K(45696K)->43092K(45696K) NonClass: 37933K(39424K)->37933K(39424K) Class: 5159K(6272K)->5159K(6272K)
[2023-07-22T03:51:41.373+0100][gc            ] GC(41) Pause Young (Normal) (G1 Evacuation Pause) 265M->219M(1024M) 13.983ms
[2023-07-22T03:51:41.374+0100][gc,cpu        ] GC(41) User=0.02s Sys=0.00s Real=0.02s
[2023-07-22T03:55:59.485+0100][gc,start      ] GC(42) Pause Young (Normal) (G1 Evacuation Pause)
[2023-07-22T03:55:59.485+0100][gc,task       ] GC(42) Using 2 workers of 2 for evacuation
[2023-07-22T03:55:59.521+0100][gc,mmu        ] GC(42) MMU target violated: 21.0ms (20.0ms/21.0ms)
[2023-07-22T03:55:59.522+0100][gc,phases     ] GC(42)   Pre Evacuate Collection Set: 0.6ms
[2023-07-22T03:55:59.522+0100][gc,phases     ] GC(42)   Evacuate Collection Set: 34.5ms
[2023-07-22T03:55:59.522+0100][gc,phases     ] GC(42)   Post Evacuate Collection Set: 1.0ms
[2023-07-22T03:55:59.522+0100][gc,phases     ] GC(42)   Other: 0.7ms
[2023-07-22T03:55:59.522+0100][gc,heap       ] GC(42) Eden regions: 46->0(48)
[2023-07-22T03:55:59.522+0100][gc,heap       ] GC(42) Survivor regions: 5->3(7)
[2023-07-22T03:55:59.522+0100][gc,heap       ] GC(42) Old regions: 87->90
[2023-07-22T03:55:59.522+0100][gc,heap       ] GC(42) Humongous regions: 129->129
[2023-07-22T03:55:59.522+0100][gc,metaspace  ] GC(42) Metaspace: 43092K(45696K)->43092K(45696K) NonClass: 37933K(39424K)->37933K(39424K) Class: 5159K(6272K)->5159K(6272K)
[2023-07-22T03:55:59.523+0100][gc            ] GC(42) Pause Young (Normal) (G1 Evacuation Pause) 265M->220M(1024M) 37.781ms
[2023-07-22T03:55:59.523+0100][gc,cpu        ] GC(42) User=0.05s Sys=0.01s Real=0.04s
[2023-07-22T04:00:24.274+0100][gc,start      ] GC(43) Pause Young (Normal) (G1 Evacuation Pause)
[2023-07-22T04:00:24.274+0100][gc,task       ] GC(43) Using 2 workers of 2 for evacuation
[2023-07-22T04:00:24.323+0100][gc,mmu        ] GC(43) MMU target violated: 21.0ms (20.0ms/21.0ms)
[2023-07-22T04:00:24.323+0100][gc,phases     ] GC(43)   Pre Evacuate Collection Set: 1.0ms
[2023-07-22T04:00:24.323+0100][gc,phases     ] GC(43)   Evacuate Collection Set: 47.1ms
[2023-07-22T04:00:24.323+0100][gc,phases     ] GC(43)   Post Evacuate Collection Set: 0.6ms
[2023-07-22T04:00:24.323+0100][gc,phases     ] GC(43)   Other: 0.7ms
[2023-07-22T04:00:24.323+0100][gc,heap       ] GC(43) Eden regions: 48->0(44)
[2023-07-22T04:00:24.323+0100][gc,heap       ] GC(43) Survivor regions: 3->7(7)
[2023-07-22T04:00:24.323+0100][gc,heap       ] GC(43) Old regions: 90->90
[2023-07-22T04:00:24.323+0100][gc,heap       ] GC(43) Humongous regions: 129->129
[2023-07-22T04:00:24.323+0100][gc,metaspace  ] GC(43) Metaspace: 43094K(45696K)->43094K(45696K) NonClass: 37934K(39424K)->37934K(39424K) Class: 5159K(6272K)->5159K(6272K)
[2023-07-22T04:00:24.323+0100][gc            ] GC(43) Pause Young (Normal) (G1 Evacuation Pause) 268M->224M(1024M) 49.488ms
[2023-07-22T04:00:24.323+0100][gc,cpu        ] GC(43) User=0.08s Sys=0.00s Real=0.05s
[2023-07-22T04:04:27.989+0100][gc,start      ] GC(44) Pause Young (Normal) (G1 Evacuation Pause)
[2023-07-22T04:04:27.989+0100][gc,task       ] GC(44) Using 2 workers of 2 for evacuation
[2023-07-22T04:04:28.037+0100][gc,mmu        ] GC(44) MMU target violated: 21.0ms (20.0ms/21.0ms)
[2023-07-22T04:04:28.037+0100][gc,phases     ] GC(44)   Pre Evacuate Collection Set: 1.1ms
[2023-07-22T04:04:28.037+0100][gc,phases     ] GC(44)   Evacuate Collection Set: 46.3ms
[2023-07-22T04:04:28.037+0100][gc,phases     ] GC(44)   Post Evacuate Collection Set: 0.4ms
[2023-07-22T04:04:28.037+0100][gc,phases     ] GC(44)   Other: 1.0ms
[2023-07-22T04:04:28.037+0100][gc,heap       ] GC(44) Eden regions: 44->0(48)
[2023-07-22T04:04:28.038+0100][gc,heap       ] GC(44) Survivor regions: 7->3(7)
[2023-07-22T04:04:28.038+0100][gc,heap       ] GC(44) Old regions: 90->95
[2023-07-22T04:04:28.038+0100][gc,heap       ] GC(44) Humongous regions: 129->129
[2023-07-22T04:04:28.038+0100][gc,metaspace  ] GC(44) Metaspace: 43094K(45696K)->43094K(45696K) NonClass: 37934K(39424K)->37934K(39424K) Class: 5159K(6272K)->5159K(6272K)
[2023-07-22T04:04:28.038+0100][gc            ] GC(44) Pause Young (Normal) (G1 Evacuation Pause) 268M->225M(1024M) 49.377ms
[2023-07-22T04:04:28.038+0100][gc,cpu        ] GC(44) User=0.09s Sys=0.00s Real=0.05s
[2023-07-22T04:08:55.355+0100][gc,start      ] GC(45) Pause Young (Normal) (G1 Evacuation Pause)
[2023-07-22T04:08:55.355+0100][gc,task       ] GC(45) Using 2 workers of 2 for evacuation
[2023-07-22T04:08:55.389+0100][gc,mmu        ] GC(45) MMU target violated: 21.0ms (20.0ms/21.0ms)
[2023-07-22T04:08:55.389+0100][gc,phases     ] GC(45)   Pre Evacuate Collection Set: 0.2ms
[2023-07-22T04:08:55.389+0100][gc,phases     ] GC(45)   Evacuate Collection Set: 32.3ms
[2023-07-22T04:08:55.389+0100][gc,phases     ] GC(45)   Post Evacuate Collection Set: 0.5ms
[2023-07-22T04:08:55.389+0100][gc,phases     ] GC(45)   Other: 0.7ms
[2023-07-22T04:08:55.389+0100][gc,heap       ] GC(45) Eden regions: 48->0(45)
[2023-07-22T04:08:55.390+0100][gc,heap       ] GC(45) Survivor regions: 3->6(7)
[2023-07-22T04:08:55.390+0100][gc,heap       ] GC(45) Old regions: 95->95
[2023-07-22T04:08:55.390+0100][gc,heap       ] GC(45) Humongous regions: 129->129
[2023-07-22T04:08:55.390+0100][gc,metaspace  ] GC(45) Metaspace: 43094K(45696K)->43094K(45696K) NonClass: 37934K(39424K)->37934K(39424K) Class: 5159K(6272K)->5159K(6272K)
[2023-07-22T04:08:55.390+0100][gc            ] GC(45) Pause Young (Normal) (G1 Evacuation Pause) 273M->228M(1024M) 34.956ms
[2023-07-22T04:08:55.390+0100][gc,cpu        ] GC(45) User=0.06s Sys=0.00s Real=0.03s
[2023-07-22T04:13:02.734+0100][gc,start      ] GC(46) Pause Young (Normal) (G1 Evacuation Pause)
[2023-07-22T04:13:02.734+0100][gc,task       ] GC(46) Using 2 workers of 2 for evacuation
[2023-07-22T04:13:02.754+0100][gc,phases     ] GC(46)   Pre Evacuate Collection Set: 0.4ms
[2023-07-22T04:13:02.754+0100][gc,phases     ] GC(46)   Evacuate Collection Set: 18.2ms
[2023-07-22T04:13:02.754+0100][gc,phases     ] GC(46)   Post Evacuate Collection Set: 0.5ms
[2023-07-22T04:13:02.754+0100][gc,phases     ] GC(46)   Other: 0.3ms
[2023-07-22T04:13:02.754+0100][gc,heap       ] GC(46) Eden regions: 45->0(48)
[2023-07-22T04:13:02.754+0100][gc,heap       ] GC(46) Survivor regions: 6->3(7)
[2023-07-22T04:13:02.754+0100][gc,heap       ] GC(46) Old regions: 95->99
[2023-07-22T04:13:02.754+0100][gc,heap       ] GC(46) Humongous regions: 129->129
[2023-07-22T04:13:02.754+0100][gc,metaspace  ] GC(46) Metaspace: 43094K(45696K)->43094K(45696K) NonClass: 37934K(39424K)->37934K(39424K) Class: 5159K(6272K)->5159K(6272K)
[2023-07-22T04:13:02.754+0100][gc            ] GC(46) Pause Young (Normal) (G1 Evacuation Pause) 273M->229M(1024M) 20.192ms
[2023-07-22T04:13:02.754+0100][gc,cpu        ] GC(46) User=0.02s Sys=0.01s Real=0.02s
[2023-07-22T04:17:28.396+0100][gc,start      ] GC(47) Pause Young (Normal) (G1 Evacuation Pause)
[2023-07-22T04:17:28.396+0100][gc,task       ] GC(47) Using 2 workers of 2 for evacuation
[2023-07-22T04:17:28.430+0100][gc,mmu        ] GC(47) MMU target violated: 21.0ms (20.0ms/21.0ms)
[2023-07-22T04:17:28.430+0100][gc,phases     ] GC(47)   Pre Evacuate Collection Set: 0.3ms
[2023-07-22T04:17:28.430+0100][gc,phases     ] GC(47)   Evacuate Collection Set: 32.8ms
[2023-07-22T04:17:28.430+0100][gc,phases     ] GC(47)   Post Evacuate Collection Set: 0.5ms
[2023-07-22T04:17:28.430+0100][gc,phases     ] GC(47)   Other: 0.7ms
[2023-07-22T04:17:28.430+0100][gc,heap       ] GC(47) Eden regions: 48->0(44)
[2023-07-22T04:17:28.430+0100][gc,heap       ] GC(47) Survivor regions: 3->7(7)
[2023-07-22T04:17:28.430+0100][gc,heap       ] GC(47) Old regions: 99->99
[2023-07-22T04:17:28.430+0100][gc,heap       ] GC(47) Humongous regions: 129->129
[2023-07-22T04:17:28.430+0100][gc,metaspace  ] GC(47) Metaspace: 43094K(45696K)->43094K(45696K) NonClass: 37934K(39424K)->37934K(39424K) Class: 5159K(6272K)->5159K(6272K)
[2023-07-22T04:17:28.430+0100][gc            ] GC(47) Pause Young (Normal) (G1 Evacuation Pause) 277M->232M(1024M) 34.407ms
[2023-07-22T04:17:28.430+0100][gc,cpu        ] GC(47) User=0.06s Sys=0.00s Real=0.03s
[2023-07-22T04:21:32.629+0100][gc,start      ] GC(48) Pause Young (Normal) (G1 Evacuation Pause)
[2023-07-22T04:21:32.630+0100][gc,task       ] GC(48) Using 2 workers of 2 for evacuation
[2023-07-22T04:21:32.668+0100][gc,mmu        ] GC(48) MMU target violated: 21.0ms (20.0ms/21.0ms)
[2023-07-22T04:21:32.668+0100][gc,phases     ] GC(48)   Pre Evacuate Collection Set: 0.5ms
[2023-07-22T04:21:32.668+0100][gc,phases     ] GC(48)   Evacuate Collection Set: 36.6ms
[2023-07-22T04:21:32.668+0100][gc,phases     ] GC(48)   Post Evacuate Collection Set: 0.5ms
[2023-07-22T04:21:32.668+0100][gc,phases     ] GC(48)   Other: 0.7ms
[2023-07-22T04:21:32.668+0100][gc,heap       ] GC(48) Eden regions: 44->0(48)
[2023-07-22T04:21:32.668+0100][gc,heap       ] GC(48) Survivor regions: 7->3(7)
[2023-07-22T04:21:32.668+0100][gc,heap       ] GC(48) Old regions: 99->104
[2023-07-22T04:21:32.668+0100][gc,heap       ] GC(48) Humongous regions: 129->129
[2023-07-22T04:21:32.668+0100][gc,metaspace  ] GC(48) Metaspace: 43094K(45696K)->43094K(45696K) NonClass: 37935K(39424K)->37935K(39424K) Class: 5159K(6272K)->5159K(6272K)
[2023-07-22T04:21:32.668+0100][gc            ] GC(48) Pause Young (Normal) (G1 Evacuation Pause) 276M->234M(1024M) 38.314ms
[2023-07-22T04:21:32.668+0100][gc,cpu        ] GC(48) User=0.06s Sys=0.00s Real=0.04s
[2023-07-22T04:26:03.084+0100][gc,start      ] GC(49) Pause Young (Normal) (G1 Evacuation Pause)
[2023-07-22T04:26:03.084+0100][gc,task       ] GC(49) Using 2 workers of 2 for evacuation
[2023-07-22T04:26:03.111+0100][gc,mmu        ] GC(49) MMU target violated: 21.0ms (20.0ms/21.0ms)
[2023-07-22T04:26:03.111+0100][gc,phases     ] GC(49)   Pre Evacuate Collection Set: 0.3ms
[2023-07-22T04:26:03.111+0100][gc,phases     ] GC(49)   Evacuate Collection Set: 26.0ms
[2023-07-22T04:26:03.111+0100][gc,phases     ] GC(49)   Post Evacuate Collection Set: 0.6ms
[2023-07-22T04:26:03.111+0100][gc,phases     ] GC(49)   Other: 0.7ms
[2023-07-22T04:26:03.111+0100][gc,heap       ] GC(49) Eden regions: 48->0(44)
[2023-07-22T04:26:03.111+0100][gc,heap       ] GC(49) Survivor regions: 3->7(7)
[2023-07-22T04:26:03.111+0100][gc,heap       ] GC(49) Old regions: 104->104
[2023-07-22T04:26:03.111+0100][gc,heap       ] GC(49) Humongous regions: 129->129
[2023-07-22T04:26:03.111+0100][gc,metaspace  ] GC(49) Metaspace: 43105K(45696K)->43105K(45696K) NonClass: 37945K(39424K)->37945K(39424K) Class: 5159K(6272K)->5159K(6272K)
[2023-07-22T04:26:03.112+0100][gc            ] GC(49) Pause Young (Normal) (G1 Evacuation Pause) 282M->237M(1024M) 27.703ms
[2023-07-22T04:26:03.112+0100][gc,cpu        ] GC(49) User=0.05s Sys=0.00s Real=0.02s
[2023-07-22T04:30:09.728+0100][gc,start      ] GC(50) Pause Young (Normal) (G1 Evacuation Pause)
[2023-07-22T04:30:09.728+0100][gc,task       ] GC(50) Using 2 workers of 2 for evacuation
[2023-07-22T04:30:09.765+0100][gc,mmu        ] GC(50) MMU target violated: 21.0ms (20.0ms/21.0ms)
[2023-07-22T04:30:09.766+0100][gc,phases     ] GC(50)   Pre Evacuate Collection Set: 0.2ms
[2023-07-22T04:30:09.766+0100][gc,phases     ] GC(50)   Evacuate Collection Set: 36.6ms
[2023-07-22T04:30:09.766+0100][gc,phases     ] GC(50)   Post Evacuate Collection Set: 0.4ms
[2023-07-22T04:30:09.766+0100][gc,phases     ] GC(50)   Other: 0.4ms
[2023-07-22T04:30:09.766+0100][gc,heap       ] GC(50) Eden regions: 44->0(47)
[2023-07-22T04:30:09.766+0100][gc,heap       ] GC(50) Survivor regions: 7->4(7)
[2023-07-22T04:30:09.766+0100][gc,heap       ] GC(50) Old regions: 104->108
[2023-07-22T04:30:09.766+0100][gc,heap       ] GC(50) Humongous regions: 129->129
[2023-07-22T04:30:09.766+0100][gc,metaspace  ] GC(50) Metaspace: 43105K(45696K)->43105K(45696K) NonClass: 37945K(39424K)->37945K(39424K) Class: 5159K(6272K)->5159K(6272K)
[2023-07-22T04:30:09.766+0100][gc            ] GC(50) Pause Young (Normal) (G1 Evacuation Pause) 281M->238M(1024M) 37.689ms
[2023-07-22T04:30:09.766+0100][gc,cpu        ] GC(50) User=0.01s Sys=0.04s Real=0.04s
[2023-07-22T04:34:30.105+0100][gc,start      ] GC(51) Pause Young (Normal) (G1 Evacuation Pause)
[2023-07-22T04:34:30.106+0100][gc,task       ] GC(51) Using 2 workers of 2 for evacuation
[2023-07-22T04:34:30.137+0100][gc,mmu        ] GC(51) MMU target violated: 21.0ms (20.0ms/21.0ms)
[2023-07-22T04:34:30.137+0100][gc,phases     ] GC(51)   Pre Evacuate Collection Set: 0.4ms
[2023-07-22T04:34:30.137+0100][gc,phases     ] GC(51)   Evacuate Collection Set: 29.8ms
[2023-07-22T04:34:30.137+0100][gc,phases     ] GC(51)   Post Evacuate Collection Set: 1.1ms
[2023-07-22T04:34:30.137+0100][gc,phases     ] GC(51)   Other: 0.8ms
[2023-07-22T04:34:30.137+0100][gc,heap       ] GC(51) Eden regions: 47->0(44)
[2023-07-22T04:34:30.138+0100][gc,heap       ] GC(51) Survivor regions: 4->7(7)
[2023-07-22T04:34:30.138+0100][gc,heap       ] GC(51) Old regions: 108->108
[2023-07-22T04:34:30.138+0100][gc,heap       ] GC(51) Humongous regions: 129->129
[2023-07-22T04:34:30.138+0100][gc,metaspace  ] GC(51) Metaspace: 43113K(45696K)->43113K(45696K) NonClass: 37953K(39424K)->37953K(39424K) Class: 5159K(6272K)->5159K(6272K)
[2023-07-22T04:34:30.138+0100][gc            ] GC(51) Pause Young (Normal) (G1 Evacuation Pause) 285M->241M(1024M) 32.300ms
[2023-07-22T04:34:30.138+0100][gc,cpu        ] GC(51) User=0.05s Sys=0.01s Real=0.03s
[2023-07-22T04:38:17.748+0100][gc,start      ] GC(52) Pause Young (Normal) (G1 Evacuation Pause)
[2023-07-22T04:38:17.748+0100][gc,task       ] GC(52) Using 2 workers of 2 for evacuation
[2023-07-22T04:38:17.802+0100][gc,mmu        ] GC(52) MMU target violated: 21.0ms (20.0ms/21.0ms)
[2023-07-22T04:38:17.802+0100][gc,phases     ] GC(52)   Pre Evacuate Collection Set: 0.2ms
[2023-07-22T04:38:17.803+0100][gc,phases     ] GC(52)   Evacuate Collection Set: 53.1ms
[2023-07-22T04:38:17.803+0100][gc,phases     ] GC(52)   Post Evacuate Collection Set: 0.4ms
[2023-07-22T04:38:17.803+0100][gc,phases     ] GC(52)   Other: 0.6ms
[2023-07-22T04:38:17.803+0100][gc,heap       ] GC(52) Eden regions: 44->0(47)
[2023-07-22T04:38:17.803+0100][gc,heap       ] GC(52) Survivor regions: 7->4(7)
[2023-07-22T04:38:17.803+0100][gc,heap       ] GC(52) Old regions: 108->113
[2023-07-22T04:38:17.803+0100][gc,heap       ] GC(52) Humongous regions: 129->129
[2023-07-22T04:38:17.803+0100][gc,metaspace  ] GC(52) Metaspace: 43113K(45696K)->43113K(45696K) NonClass: 37953K(39424K)->37953K(39424K) Class: 5159K(6272K)->5159K(6272K)
[2023-07-22T04:38:17.803+0100][gc            ] GC(52) Pause Young (Normal) (G1 Evacuation Pause) 285M->243M(1024M) 54.211ms
[2023-07-22T04:38:17.803+0100][gc,cpu        ] GC(52) User=0.07s Sys=0.02s Real=0.06s
[2023-07-22T04:42:41.354+0100][gc,start      ] GC(53) Pause Young (Normal) (G1 Evacuation Pause)
[2023-07-22T04:42:41.354+0100][gc,task       ] GC(53) Using 2 workers of 2 for evacuation
[2023-07-22T04:42:41.364+0100][gc,phases     ] GC(53)   Pre Evacuate Collection Set: 0.2ms
[2023-07-22T04:42:41.364+0100][gc,phases     ] GC(53)   Evacuate Collection Set: 9.4ms
[2023-07-22T04:42:41.364+0100][gc,phases     ] GC(53)   Post Evacuate Collection Set: 0.4ms
[2023-07-22T04:42:41.364+0100][gc,phases     ] GC(53)   Other: 0.3ms
[2023-07-22T04:42:41.364+0100][gc,heap       ] GC(53) Eden regions: 47->0(46)
[2023-07-22T04:42:41.364+0100][gc,heap       ] GC(53) Survivor regions: 4->5(7)
[2023-07-22T04:42:41.364+0100][gc,heap       ] GC(53) Old regions: 113->113
[2023-07-22T04:42:41.364+0100][gc,heap       ] GC(53) Humongous regions: 129->129
[2023-07-22T04:42:41.364+0100][gc,metaspace  ] GC(53) Metaspace: 43113K(45696K)->43113K(45696K) NonClass: 37953K(39424K)->37953K(39424K) Class: 5159K(6272K)->5159K(6272K)
[2023-07-22T04:42:41.364+0100][gc            ] GC(53) Pause Young (Normal) (G1 Evacuation Pause) 290M->244M(1024M) 10.446ms
[2023-07-22T04:42:41.364+0100][gc,cpu        ] GC(53) User=0.02s Sys=0.00s Real=0.01s
[2023-07-22T04:46:57.715+0100][gc,start      ] GC(54) Pause Young (Normal) (G1 Evacuation Pause)
[2023-07-22T04:46:57.715+0100][gc,task       ] GC(54) Using 2 workers of 2 for evacuation
[2023-07-22T04:46:57.749+0100][gc,mmu        ] GC(54) MMU target violated: 21.0ms (20.0ms/21.0ms)
[2023-07-22T04:46:57.749+0100][gc,phases     ] GC(54)   Pre Evacuate Collection Set: 0.2ms
[2023-07-22T04:46:57.749+0100][gc,phases     ] GC(54)   Evacuate Collection Set: 32.9ms
[2023-07-22T04:46:57.749+0100][gc,phases     ] GC(54)   Post Evacuate Collection Set: 0.4ms
[2023-07-22T04:46:57.749+0100][gc,phases     ] GC(54)   Other: 0.8ms
[2023-07-22T04:46:57.749+0100][gc,heap       ] GC(54) Eden regions: 46->0(49)
[2023-07-22T04:46:57.749+0100][gc,heap       ] GC(54) Survivor regions: 5->2(7)
[2023-07-22T04:46:57.749+0100][gc,heap       ] GC(54) Old regions: 113->114
[2023-07-22T04:46:57.749+0100][gc,heap       ] GC(54) Humongous regions: 129->129
[2023-07-22T04:46:57.749+0100][gc,metaspace  ] GC(54) Metaspace: 43114K(45696K)->43114K(45696K) NonClass: 37955K(39424K)->37955K(39424K) Class: 5159K(6272K)->5159K(6272K)
[2023-07-22T04:46:57.749+0100][gc            ] GC(54) Pause Young (Normal) (G1 Evacuation Pause) 290M->243M(1024M) 34.357ms
[2023-07-22T04:46:57.749+0100][gc,cpu        ] GC(54) User=0.05s Sys=0.00s Real=0.03s
[2023-07-22T04:51:28.084+0100][gc,start      ] GC(55) Pause Young (Normal) (G1 Evacuation Pause)
[2023-07-22T04:51:28.084+0100][gc,task       ] GC(55) Using 2 workers of 2 for evacuation
[2023-07-22T04:51:28.103+0100][gc,phases     ] GC(55)   Pre Evacuate Collection Set: 0.7ms
[2023-07-22T04:51:28.103+0100][gc,phases     ] GC(55)   Evacuate Collection Set: 17.5ms
[2023-07-22T04:51:28.103+0100][gc,phases     ] GC(55)   Post Evacuate Collection Set: 0.6ms
[2023-07-22T04:51:28.103+0100][gc,phases     ] GC(55)   Other: 0.6ms
[2023-07-22T04:51:28.103+0100][gc,heap       ] GC(55) Eden regions: 49->0(46)
[2023-07-22T04:51:28.103+0100][gc,heap       ] GC(55) Survivor regions: 2->5(7)
[2023-07-22T04:51:28.103+0100][gc,heap       ] GC(55) Old regions: 114->114
[2023-07-22T04:51:28.103+0100][gc,heap       ] GC(55) Humongous regions: 129->129
[2023-07-22T04:51:28.103+0100][gc,metaspace  ] GC(55) Metaspace: 43115K(45696K)->43115K(45696K) NonClass: 37956K(39424K)->37956K(39424K) Class: 5159K(6272K)->5159K(6272K)
[2023-07-22T04:51:28.104+0100][gc            ] GC(55) Pause Young (Normal) (G1 Evacuation Pause) 292M->245M(1024M) 19.522ms
[2023-07-22T04:51:28.104+0100][gc,cpu        ] GC(55) User=0.04s Sys=0.00s Real=0.02s
[2023-07-22T04:55:43.083+0100][gc,start      ] GC(56) Pause Young (Normal) (G1 Evacuation Pause)
[2023-07-22T04:55:43.083+0100][gc,task       ] GC(56) Using 2 workers of 2 for evacuation
[2023-07-22T04:55:43.094+0100][gc,phases     ] GC(56)   Pre Evacuate Collection Set: 0.2ms
[2023-07-22T04:55:43.094+0100][gc,phases     ] GC(56)   Evacuate Collection Set: 10.3ms
[2023-07-22T04:55:43.094+0100][gc,phases     ] GC(56)   Post Evacuate Collection Set: 0.4ms
[2023-07-22T04:55:43.094+0100][gc,phases     ] GC(56)   Other: 0.3ms
[2023-07-22T04:55:43.094+0100][gc,heap       ] GC(56) Eden regions: 46->0(47)
[2023-07-22T04:55:43.094+0100][gc,heap       ] GC(56) Survivor regions: 5->4(7)
[2023-07-22T04:55:43.094+0100][gc,heap       ] GC(56) Old regions: 114->115
[2023-07-22T04:55:43.094+0100][gc,heap       ] GC(56) Humongous regions: 129->129
[2023-07-22T04:55:43.094+0100][gc,metaspace  ] GC(56) Metaspace: 43116K(45696K)->43116K(45696K) NonClass: 37957K(39424K)->37957K(39424K) Class: 5159K(6272K)->5159K(6272K)
[2023-07-22T04:55:43.094+0100][gc            ] GC(56) Pause Young (Normal) (G1 Evacuation Pause) 291M->246M(1024M) 11.346ms
[2023-07-22T04:55:43.095+0100][gc,cpu        ] GC(56) User=0.02s Sys=0.00s Real=0.01s
[2023-07-22T05:00:01.533+0100][gc,start      ] GC(57) Pause Young (Normal) (G1 Evacuation Pause)
[2023-07-22T05:00:01.533+0100][gc,task       ] GC(57) Using 2 workers of 2 for evacuation
[2023-07-22T05:00:01.552+0100][gc,phases     ] GC(57)   Pre Evacuate Collection Set: 0.2ms
[2023-07-22T05:00:01.552+0100][gc,phases     ] GC(57)   Evacuate Collection Set: 18.1ms
[2023-07-22T05:00:01.552+0100][gc,phases     ] GC(57)   Post Evacuate Collection Set: 0.4ms
[2023-07-22T05:00:01.552+0100][gc,phases     ] GC(57)   Other: 0.3ms
[2023-07-22T05:00:01.552+0100][gc,heap       ] GC(57) Eden regions: 47->0(45)
[2023-07-22T05:00:01.552+0100][gc,heap       ] GC(57) Survivor regions: 4->6(7)
[2023-07-22T05:00:01.552+0100][gc,heap       ] GC(57) Old regions: 115->116
[2023-07-22T05:00:01.552+0100][gc,heap       ] GC(57) Humongous regions: 129->129
[2023-07-22T05:00:01.552+0100][gc,metaspace  ] GC(57) Metaspace: 43116K(45696K)->43116K(45696K) NonClass: 37957K(39424K)->37957K(39424K) Class: 5159K(6272K)->5159K(6272K)
[2023-07-22T05:00:01.552+0100][gc            ] GC(57) Pause Young (Normal) (G1 Evacuation Pause) 293M->249M(1024M) 19.168ms
[2023-07-22T05:00:01.552+0100][gc,cpu        ] GC(57) User=0.04s Sys=0.00s Real=0.01s
[2023-07-22T05:04:16.366+0100][gc,start      ] GC(58) Pause Young (Normal) (G1 Evacuation Pause)
[2023-07-22T05:04:16.366+0100][gc,task       ] GC(58) Using 2 workers of 2 for evacuation
[2023-07-22T05:04:16.417+0100][gc,mmu        ] GC(58) MMU target violated: 21.0ms (20.0ms/21.0ms)
[2023-07-22T05:04:16.417+0100][gc,phases     ] GC(58)   Pre Evacuate Collection Set: 0.3ms
[2023-07-22T05:04:16.417+0100][gc,phases     ] GC(58)   Evacuate Collection Set: 49.5ms
[2023-07-22T05:04:16.418+0100][gc,phases     ] GC(58)   Post Evacuate Collection Set: 0.8ms
[2023-07-22T05:04:16.418+0100][gc,phases     ] GC(58)   Other: 1.2ms
[2023-07-22T05:04:16.418+0100][gc,heap       ] GC(58) Eden regions: 45->0(48)
[2023-07-22T05:04:16.418+0100][gc,heap       ] GC(58) Survivor regions: 6->3(7)
[2023-07-22T05:04:16.418+0100][gc,heap       ] GC(58) Old regions: 116->121
[2023-07-22T05:04:16.418+0100][gc,heap       ] GC(58) Humongous regions: 129->129
[2023-07-22T05:04:16.418+0100][gc,metaspace  ] GC(58) Metaspace: 43118K(45696K)->43118K(45696K) NonClass: 37958K(39424K)->37958K(39424K) Class: 5159K(6272K)->5159K(6272K)
[2023-07-22T05:04:16.418+0100][gc            ] GC(58) Pause Young (Normal) (G1 Evacuation Pause) 294M->250M(1024M) 52.495ms
[2023-07-22T05:04:16.418+0100][gc,cpu        ] GC(58) User=0.02s Sys=0.04s Real=0.05s
[2023-07-22T05:08:43.083+0100][gc,start      ] GC(59) Pause Young (Normal) (G1 Evacuation Pause)
[2023-07-22T05:08:43.084+0100][gc,task       ] GC(59) Using 2 workers of 2 for evacuation
[2023-07-22T05:08:43.098+0100][gc,phases     ] GC(59)   Pre Evacuate Collection Set: 0.4ms
[2023-07-22T05:08:43.099+0100][gc,phases     ] GC(59)   Evacuate Collection Set: 13.0ms
[2023-07-22T05:08:43.099+0100][gc,phases     ] GC(59)   Post Evacuate Collection Set: 0.4ms
[2023-07-22T05:08:43.099+0100][gc,phases     ] GC(59)   Other: 1.3ms
[2023-07-22T05:08:43.099+0100][gc,heap       ] GC(59) Eden regions: 48->0(45)
[2023-07-22T05:08:43.099+0100][gc,heap       ] GC(59) Survivor regions: 3->6(7)
[2023-07-22T05:08:43.099+0100][gc,heap       ] GC(59) Old regions: 121->121
[2023-07-22T05:08:43.099+0100][gc,heap       ] GC(59) Humongous regions: 129->129
[2023-07-22T05:08:43.099+0100][gc,metaspace  ] GC(59) Metaspace: 43118K(45696K)->43118K(45696K) NonClass: 37958K(39424K)->37958K(39424K) Class: 5159K(6272K)->5159K(6272K)
[2023-07-22T05:08:43.099+0100][gc            ] GC(59) Pause Young (Normal) (G1 Evacuation Pause) 298M->253M(1024M) 15.852ms
[2023-07-22T05:08:43.099+0100][gc,cpu        ] GC(59) User=0.03s Sys=0.00s Real=0.01s
[2023-07-22T05:12:54.814+0100][gc,start      ] GC(60) Pause Young (Normal) (G1 Evacuation Pause)
[2023-07-22T05:12:54.814+0100][gc,task       ] GC(60) Using 2 workers of 2 for evacuation
[2023-07-22T05:12:54.851+0100][gc,mmu        ] GC(60) MMU target violated: 21.0ms (20.0ms/21.0ms)
[2023-07-22T05:12:54.851+0100][gc,phases     ] GC(60)   Pre Evacuate Collection Set: 0.8ms
[2023-07-22T05:12:54.851+0100][gc,phases     ] GC(60)   Evacuate Collection Set: 35.0ms
[2023-07-22T05:12:54.851+0100][gc,phases     ] GC(60)   Post Evacuate Collection Set: 0.5ms
[2023-07-22T05:12:54.851+0100][gc,phases     ] GC(60)   Other: 0.8ms
[2023-07-22T05:12:54.851+0100][gc,heap       ] GC(60) Eden regions: 45->0(48)
[2023-07-22T05:12:54.851+0100][gc,heap       ] GC(60) Survivor regions: 6->3(7)
[2023-07-22T05:12:54.851+0100][gc,heap       ] GC(60) Old regions: 121->125
[2023-07-22T05:12:54.851+0100][gc,heap       ] GC(60) Humongous regions: 129->129
[2023-07-22T05:12:54.851+0100][gc,metaspace  ] GC(60) Metaspace: 43118K(45696K)->43118K(45696K) NonClass: 37958K(39424K)->37958K(39424K) Class: 5159K(6272K)->5159K(6272K)
[2023-07-22T05:12:54.851+0100][gc            ] GC(60) Pause Young (Normal) (G1 Evacuation Pause) 298M->255M(1024M) 37.186ms
[2023-07-22T05:12:54.851+0100][gc,cpu        ] GC(60) User=0.06s Sys=0.01s Real=0.03s
[2023-07-22T05:17:22.698+0100][gc,start      ] GC(61) Pause Young (Normal) (G1 Evacuation Pause)
[2023-07-22T05:17:22.698+0100][gc,task       ] GC(61) Using 2 workers of 2 for evacuation
[2023-07-22T05:17:22.731+0100][gc,mmu        ] GC(61) MMU target violated: 21.0ms (20.0ms/21.0ms)
[2023-07-22T05:17:22.731+0100][gc,phases     ] GC(61)   Pre Evacuate Collection Set: 0.3ms
[2023-07-22T05:17:22.731+0100][gc,phases     ] GC(61)   Evacuate Collection Set: 31.6ms
[2023-07-22T05:17:22.731+0100][gc,phases     ] GC(61)   Post Evacuate Collection Set: 0.6ms
[2023-07-22T05:17:22.731+0100][gc,phases     ] GC(61)   Other: 0.8ms
[2023-07-22T05:17:22.731+0100][gc,heap       ] GC(61) Eden regions: 48->0(44)
[2023-07-22T05:17:22.731+0100][gc,heap       ] GC(61) Survivor regions: 3->7(7)
[2023-07-22T05:17:22.731+0100][gc,heap       ] GC(61) Old regions: 125->125
[2023-07-22T05:17:22.731+0100][gc,heap       ] GC(61) Humongous regions: 129->129
[2023-07-22T05:17:22.731+0100][gc,metaspace  ] GC(61) Metaspace: 43118K(45696K)->43118K(45696K) NonClass: 37958K(39424K)->37958K(39424K) Class: 5159K(6272K)->5159K(6272K)
[2023-07-22T05:17:22.731+0100][gc            ] GC(61) Pause Young (Normal) (G1 Evacuation Pause) 303M->258M(1024M) 33.309ms
[2023-07-22T05:17:22.731+0100][gc,cpu        ] GC(61) User=0.06s Sys=0.00s Real=0.03s
[2023-07-22T05:21:30.006+0100][gc,start      ] GC(62) Pause Young (Normal) (G1 Evacuation Pause)
[2023-07-22T05:21:30.006+0100][gc,task       ] GC(62) Using 2 workers of 2 for evacuation
[2023-07-22T05:21:30.042+0100][gc,mmu        ] GC(62) MMU target violated: 21.0ms (20.0ms/21.0ms)
[2023-07-22T05:21:30.042+0100][gc,phases     ] GC(62)   Pre Evacuate Collection Set: 0.3ms
[2023-07-22T05:21:30.042+0100][gc,phases     ] GC(62)   Evacuate Collection Set: 34.0ms
[2023-07-22T05:21:30.042+0100][gc,phases     ] GC(62)   Post Evacuate Collection Set: 0.5ms
[2023-07-22T05:21:30.042+0100][gc,phases     ] GC(62)   Other: 1.8ms
[2023-07-22T05:21:30.042+0100][gc,heap       ] GC(62) Eden regions: 44->0(48)
[2023-07-22T05:21:30.042+0100][gc,heap       ] GC(62) Survivor regions: 7->3(7)
[2023-07-22T05:21:30.043+0100][gc,heap       ] GC(62) Old regions: 125->129
[2023-07-22T05:21:30.043+0100][gc,heap       ] GC(62) Humongous regions: 129->129
[2023-07-22T05:21:30.043+0100][gc,metaspace  ] GC(62) Metaspace: 43118K(45696K)->43118K(45696K) NonClass: 37959K(39424K)->37959K(39424K) Class: 5159K(6272K)->5159K(6272K)
[2023-07-22T05:21:30.043+0100][gc            ] GC(62) Pause Young (Normal) (G1 Evacuation Pause) 302M->259M(1024M) 37.191ms
[2023-07-22T05:21:30.043+0100][gc,cpu        ] GC(62) User=0.07s Sys=0.00s Real=0.04s
[2023-07-22T05:26:02.720+0100][gc,start      ] GC(63) Pause Young (Normal) (G1 Evacuation Pause)
[2023-07-22T05:26:02.721+0100][gc,task       ] GC(63) Using 2 workers of 2 for evacuation
[2023-07-22T05:26:02.738+0100][gc,phases     ] GC(63)   Pre Evacuate Collection Set: 0.6ms
[2023-07-22T05:26:02.738+0100][gc,phases     ] GC(63)   Evacuate Collection Set: 16.2ms
[2023-07-22T05:26:02.738+0100][gc,phases     ] GC(63)   Post Evacuate Collection Set: 0.5ms
[2023-07-22T05:26:02.738+0100][gc,phases     ] GC(63)   Other: 0.5ms
[2023-07-22T05:26:02.738+0100][gc,heap       ] GC(63) Eden regions: 48->0(44)
[2023-07-22T05:26:02.738+0100][gc,heap       ] GC(63) Survivor regions: 3->7(7)
[2023-07-22T05:26:02.738+0100][gc,heap       ] GC(63) Old regions: 129->129
[2023-07-22T05:26:02.738+0100][gc,heap       ] GC(63) Humongous regions: 129->129
[2023-07-22T05:26:02.738+0100][gc,metaspace  ] GC(63) Metaspace: 43118K(45696K)->43118K(45696K) NonClass: 37959K(39424K)->37959K(39424K) Class: 5159K(6272K)->5159K(6272K)
[2023-07-22T05:26:02.738+0100][gc            ] GC(63) Pause Young (Normal) (G1 Evacuation Pause) 307M->262M(1024M) 17.933ms
[2023-07-22T05:26:02.738+0100][gc,cpu        ] GC(63) User=0.03s Sys=0.00s Real=0.01s
[2023-07-22T05:30:10.444+0100][gc,start      ] GC(64) Pause Young (Normal) (G1 Evacuation Pause)
[2023-07-22T05:30:10.444+0100][gc,task       ] GC(64) Using 2 workers of 2 for evacuation
[2023-07-22T05:30:10.481+0100][gc,mmu        ] GC(64) MMU target violated: 21.0ms (20.0ms/21.0ms)
[2023-07-22T05:30:10.481+0100][gc,phases     ] GC(64)   Pre Evacuate Collection Set: 0.3ms
[2023-07-22T05:30:10.481+0100][gc,phases     ] GC(64)   Evacuate Collection Set: 36.1ms
[2023-07-22T05:30:10.481+0100][gc,phases     ] GC(64)   Post Evacuate Collection Set: 0.5ms
[2023-07-22T05:30:10.482+0100][gc,phases     ] GC(64)   Other: 1.0ms
[2023-07-22T05:30:10.482+0100][gc,heap       ] GC(64) Eden regions: 44->0(48)
[2023-07-22T05:30:10.482+0100][gc,heap       ] GC(64) Survivor regions: 7->3(7)
[2023-07-22T05:30:10.482+0100][gc,heap       ] GC(64) Old regions: 129->134
[2023-07-22T05:30:10.482+0100][gc,heap       ] GC(64) Humongous regions: 129->129
[2023-07-22T05:30:10.482+0100][gc,metaspace  ] GC(64) Metaspace: 43118K(45696K)->43118K(45696K) NonClass: 37959K(39424K)->37959K(39424K) Class: 5159K(6272K)->5159K(6272K)
[2023-07-22T05:30:10.482+0100][gc            ] GC(64) Pause Young (Normal) (G1 Evacuation Pause) 306M->264M(1024M) 38.605ms
[2023-07-22T05:30:10.482+0100][gc,cpu        ] GC(64) User=0.05s Sys=0.02s Real=0.04s
[2023-07-22T05:34:39.100+0100][gc,start      ] GC(65) Pause Young (Normal) (G1 Evacuation Pause)
[2023-07-22T05:34:39.100+0100][gc,task       ] GC(65) Using 2 workers of 2 for evacuation
[2023-07-22T05:34:39.128+0100][gc,mmu        ] GC(65) MMU target violated: 21.0ms (20.0ms/21.0ms)
[2023-07-22T05:34:39.128+0100][gc,phases     ] GC(65)   Pre Evacuate Collection Set: 0.4ms
[2023-07-22T05:34:39.128+0100][gc,phases     ] GC(65)   Evacuate Collection Set: 27.2ms
[2023-07-22T05:34:39.129+0100][gc,phases     ] GC(65)   Post Evacuate Collection Set: 0.5ms
[2023-07-22T05:34:39.129+0100][gc,phases     ] GC(65)   Other: 0.4ms
[2023-07-22T05:34:39.129+0100][gc,heap       ] GC(65) Eden regions: 48->0(45)
[2023-07-22T05:34:39.129+0100][gc,heap       ] GC(65) Survivor regions: 3->6(7)
[2023-07-22T05:34:39.129+0100][gc,heap       ] GC(65) Old regions: 134->134
[2023-07-22T05:34:39.129+0100][gc,heap       ] GC(65) Humongous regions: 129->129
[2023-07-22T05:34:39.129+0100][gc,metaspace  ] GC(65) Metaspace: 43142K(45696K)->43142K(45696K) NonClass: 37983K(39424K)->37983K(39424K) Class: 5159K(6272K)->5159K(6272K)
[2023-07-22T05:34:39.129+0100][gc            ] GC(65) Pause Young (Normal) (G1 Evacuation Pause) 312M->267M(1024M) 28.552ms
[2023-07-22T05:34:39.129+0100][gc,cpu        ] GC(65) User=0.03s Sys=0.01s Real=0.03s
[2023-07-22T05:38:33.386+0100][gc,start      ] GC(66) Pause Young (Normal) (G1 Evacuation Pause)
[2023-07-22T05:38:33.387+0100][gc,task       ] GC(66) Using 2 workers of 2 for evacuation
[2023-07-22T05:38:33.430+0100][gc,mmu        ] GC(66) MMU target violated: 21.0ms (20.0ms/21.0ms)
[2023-07-22T05:38:33.430+0100][gc,phases     ] GC(66)   Pre Evacuate Collection Set: 0.5ms
[2023-07-22T05:38:33.430+0100][gc,phases     ] GC(66)   Evacuate Collection Set: 41.3ms
[2023-07-22T05:38:33.430+0100][gc,phases     ] GC(66)   Post Evacuate Collection Set: 0.8ms
[2023-07-22T05:38:33.430+0100][gc,phases     ] GC(66)   Other: 1.2ms
[2023-07-22T05:38:33.430+0100][gc,heap       ] GC(66) Eden regions: 45->0(47)
[2023-07-22T05:38:33.430+0100][gc,heap       ] GC(66) Survivor regions: 6->4(7)
[2023-07-22T05:38:33.430+0100][gc,heap       ] GC(66) Old regions: 134->138
[2023-07-22T05:38:33.430+0100][gc,heap       ] GC(66) Humongous regions: 129->129
[2023-07-22T05:38:33.430+0100][gc,metaspace  ] GC(66) Metaspace: 43142K(45696K)->43142K(45696K) NonClass: 37983K(39424K)->37983K(39424K) Class: 5159K(6272K)->5159K(6272K)
[2023-07-22T05:38:33.430+0100][gc            ] GC(66) Pause Young (Normal) (G1 Evacuation Pause) 312M->269M(1024M) 43.889ms
[2023-07-22T05:38:33.430+0100][gc,cpu        ] GC(66) User=0.08s Sys=0.00s Real=0.04s
[2023-07-22T05:43:26.475+0100][gc,start      ] GC(67) Pause Young (Normal) (G1 Evacuation Pause)
[2023-07-22T05:43:26.475+0100][gc,task       ] GC(67) Using 2 workers of 2 for evacuation
[2023-07-22T05:43:26.510+0100][gc,mmu        ] GC(67) MMU target violated: 21.0ms (20.0ms/21.0ms)
[2023-07-22T05:43:26.510+0100][gc,phases     ] GC(67)   Pre Evacuate Collection Set: 0.4ms
[2023-07-22T05:43:26.510+0100][gc,phases     ] GC(67)   Evacuate Collection Set: 33.7ms
[2023-07-22T05:43:26.510+0100][gc,phases     ] GC(67)   Post Evacuate Collection Set: 0.4ms
[2023-07-22T05:43:26.510+0100][gc,phases     ] GC(67)   Other: 0.8ms
[2023-07-22T05:43:26.510+0100][gc,heap       ] GC(67) Eden regions: 47->0(47)
[2023-07-22T05:43:26.510+0100][gc,heap       ] GC(67) Survivor regions: 4->4(7)
[2023-07-22T05:43:26.510+0100][gc,heap       ] GC(67) Old regions: 138->138
[2023-07-22T05:43:26.510+0100][gc,heap       ] GC(67) Humongous regions: 129->129
[2023-07-22T05:43:26.510+0100][gc,metaspace  ] GC(67) Metaspace: 43143K(45696K)->43143K(45696K) NonClass: 37984K(39424K)->37984K(39424K) Class: 5159K(6272K)->5159K(6272K)
[2023-07-22T05:43:26.510+0100][gc            ] GC(67) Pause Young (Normal) (G1 Evacuation Pause) 316M->269M(1024M) 35.436ms
[2023-07-22T05:43:26.510+0100][gc,cpu        ] GC(67) User=0.06s Sys=0.00s Real=0.03s
[2023-07-22T05:48:00.212+0100][gc,start      ] GC(68) Pause Young (Normal) (G1 Evacuation Pause)
[2023-07-22T05:48:00.217+0100][gc,task       ] GC(68) Using 2 workers of 2 for evacuation
[2023-07-22T05:48:00.258+0100][gc,mmu        ] GC(68) MMU target violated: 21.0ms (20.0ms/21.0ms)
[2023-07-22T05:48:00.261+0100][gc,phases     ] GC(68)   Pre Evacuate Collection Set: 0.3ms
[2023-07-22T05:48:00.262+0100][gc,phases     ] GC(68)   Evacuate Collection Set: 39.3ms
[2023-07-22T05:48:00.262+0100][gc,phases     ] GC(68)   Post Evacuate Collection Set: 0.4ms
[2023-07-22T05:48:00.262+0100][gc,phases     ] GC(68)   Other: 6.9ms
[2023-07-22T05:48:00.262+0100][gc,heap       ] GC(68) Eden regions: 47->0(47)
[2023-07-22T05:48:00.262+0100][gc,heap       ] GC(68) Survivor regions: 4->4(7)
[2023-07-22T05:48:00.262+0100][gc,heap       ] GC(68) Old regions: 138->140
[2023-07-22T05:48:00.262+0100][gc,heap       ] GC(68) Humongous regions: 129->129
[2023-07-22T05:48:00.263+0100][gc,metaspace  ] GC(68) Metaspace: 43144K(45696K)->43144K(45696K) NonClass: 37984K(39424K)->37984K(39424K) Class: 5159K(6272K)->5159K(6272K)
[2023-07-22T05:48:00.265+0100][gc            ] GC(68) Pause Young (Normal) (G1 Evacuation Pause) 316M->270M(1024M) 51.424ms
[2023-07-22T05:48:00.265+0100][gc,cpu        ] GC(68) User=0.03s Sys=0.00s Real=0.06s
[2023-07-22T05:48:44.463+0100][gc,start      ] GC(69) Pause Young (Normal) (G1 Evacuation Pause)
[2023-07-22T05:48:44.463+0100][gc,task       ] GC(69) Using 2 workers of 2 for evacuation
[2023-07-22T05:48:44.474+0100][gc,phases     ] GC(69)   Pre Evacuate Collection Set: 0.0ms
[2023-07-22T05:48:44.474+0100][gc,phases     ] GC(69)   Evacuate Collection Set: 10.2ms
[2023-07-22T05:48:44.474+0100][gc,phases     ] GC(69)   Post Evacuate Collection Set: 0.4ms
[2023-07-22T05:48:44.474+0100][gc,phases     ] GC(69)   Other: 0.2ms
[2023-07-22T05:48:44.474+0100][gc,heap       ] GC(69) Eden regions: 47->0(46)
[2023-07-22T05:48:44.474+0100][gc,heap       ] GC(69) Survivor regions: 4->5(7)
[2023-07-22T05:48:44.474+0100][gc,heap       ] GC(69) Old regions: 140->140
[2023-07-22T05:48:44.474+0100][gc,heap       ] GC(69) Humongous regions: 129->129
[2023-07-22T05:48:44.474+0100][gc,metaspace  ] GC(69) Metaspace: 43144K(45696K)->43144K(45696K) NonClass: 37984K(39424K)->37984K(39424K) Class: 5159K(6272K)->5159K(6272K)
[2023-07-22T05:48:44.474+0100][gc            ] GC(69) Pause Young (Normal) (G1 Evacuation Pause) 317M->272M(1024M) 11.560ms
[2023-07-22T05:48:44.474+0100][gc,cpu        ] GC(69) User=0.02s Sys=0.00s Real=0.01s
[2023-07-22T05:49:28.555+0100][gc,start      ] GC(70) Pause Young (Normal) (G1 Evacuation Pause)
[2023-07-22T05:49:28.555+0100][gc,task       ] GC(70) Using 2 workers of 2 for evacuation
[2023-07-22T05:49:28.572+0100][gc,phases     ] GC(70)   Pre Evacuate Collection Set: 0.0ms
[2023-07-22T05:49:28.572+0100][gc,phases     ] GC(70)   Evacuate Collection Set: 16.1ms
[2023-07-22T05:49:28.572+0100][gc,phases     ] GC(70)   Post Evacuate Collection Set: 0.5ms
[2023-07-22T05:49:28.572+0100][gc,phases     ] GC(70)   Other: 0.3ms
[2023-07-22T05:49:28.573+0100][gc,heap       ] GC(70) Eden regions: 46->0(47)
[2023-07-22T05:49:28.573+0100][gc,heap       ] GC(70) Survivor regions: 5->4(7)
[2023-07-22T05:49:28.573+0100][gc,heap       ] GC(70) Old regions: 140->142
[2023-07-22T05:49:28.573+0100][gc,heap       ] GC(70) Humongous regions: 129->129
[2023-07-22T05:49:28.573+0100][gc,metaspace  ] GC(70) Metaspace: 43144K(45696K)->43144K(45696K) NonClass: 37985K(39424K)->37985K(39424K) Class: 5159K(6272K)->5159K(6272K)
[2023-07-22T05:49:28.573+0100][gc            ] GC(70) Pause Young (Normal) (G1 Evacuation Pause) 318M->273M(1024M) 18.184ms
[2023-07-22T05:49:28.573+0100][gc,cpu        ] GC(70) User=0.02s Sys=0.01s Real=0.02s
[2023-07-22T05:51:28.087+0100][gc,start      ] GC(71) Pause Young (Normal) (G1 Evacuation Pause)
[2023-07-22T05:51:28.087+0100][gc,task       ] GC(71) Using 2 workers of 2 for evacuation
[2023-07-22T05:51:28.116+0100][gc,mmu        ] GC(71) MMU target violated: 21.0ms (20.0ms/21.0ms)
[2023-07-22T05:51:28.116+0100][gc,phases     ] GC(71)   Pre Evacuate Collection Set: 0.3ms
[2023-07-22T05:51:28.117+0100][gc,phases     ] GC(71)   Evacuate Collection Set: 27.1ms
[2023-07-22T05:51:28.117+0100][gc,phases     ] GC(71)   Post Evacuate Collection Set: 1.1ms
[2023-07-22T05:51:28.117+0100][gc,phases     ] GC(71)   Other: 1.2ms
[2023-07-22T05:51:28.117+0100][gc,heap       ] GC(71) Eden regions: 47->0(46)
[2023-07-22T05:51:28.118+0100][gc,heap       ] GC(71) Survivor regions: 4->5(7)
[2023-07-22T05:51:28.118+0100][gc,heap       ] GC(71) Old regions: 142->144
[2023-07-22T05:51:28.118+0100][gc,heap       ] GC(71) Humongous regions: 129->129
[2023-07-22T05:51:28.118+0100][gc,metaspace  ] GC(71) Metaspace: 43155K(45696K)->43155K(45696K) NonClass: 37995K(39424K)->37995K(39424K) Class: 5159K(6272K)->5159K(6272K)
[2023-07-22T05:51:28.119+0100][gc            ] GC(71) Pause Young (Normal) (G1 Evacuation Pause) 320M->276M(1024M) 32.161ms
[2023-07-22T05:51:28.119+0100][gc,cpu        ] GC(71) User=0.03s Sys=0.00s Real=0.03s
[2023-07-22T05:52:14.582+0100][gc,start      ] GC(72) Pause Young (Normal) (G1 Evacuation Pause)
[2023-07-22T05:52:14.583+0100][gc,task       ] GC(72) Using 2 workers of 2 for evacuation
[2023-07-22T05:52:14.599+0100][gc,phases     ] GC(72)   Pre Evacuate Collection Set: 0.1ms
[2023-07-22T05:52:14.599+0100][gc,phases     ] GC(72)   Evacuate Collection Set: 15.6ms
[2023-07-22T05:52:14.599+0100][gc,phases     ] GC(72)   Post Evacuate Collection Set: 0.4ms
[2023-07-22T05:52:14.599+0100][gc,phases     ] GC(72)   Other: 0.3ms
[2023-07-22T05:52:14.599+0100][gc,heap       ] GC(72) Eden regions: 46->0(45)
[2023-07-22T05:52:14.599+0100][gc,heap       ] GC(72) Survivor regions: 5->6(7)
[2023-07-22T05:52:14.599+0100][gc,heap       ] GC(72) Old regions: 144->146
[2023-07-22T05:52:14.599+0100][gc,heap       ] GC(72) Humongous regions: 129->129
[2023-07-22T05:52:14.599+0100][gc,metaspace  ] GC(72) Metaspace: 43155K(45696K)->43155K(45696K) NonClass: 37995K(39424K)->37995K(39424K) Class: 5159K(6272K)->5159K(6272K)
[2023-07-22T05:52:14.599+0100][gc            ] GC(72) Pause Young (Normal) (G1 Evacuation Pause) 322M->278M(1024M) 16.427ms
[2023-07-22T05:52:14.599+0100][gc,cpu        ] GC(72) User=0.02s Sys=0.00s Real=0.01s
[2023-07-22T05:52:58.919+0100][gc,start      ] GC(73) Pause Young (Normal) (G1 Evacuation Pause)
[2023-07-22T05:52:58.919+0100][gc,task       ] GC(73) Using 2 workers of 2 for evacuation
[2023-07-22T05:52:58.941+0100][gc,mmu        ] GC(73) MMU target violated: 21.0ms (20.0ms/21.0ms)
[2023-07-22T05:52:58.941+0100][gc,phases     ] GC(73)   Pre Evacuate Collection Set: 0.2ms
[2023-07-22T05:52:58.941+0100][gc,phases     ] GC(73)   Evacuate Collection Set: 19.6ms
[2023-07-22T05:52:58.941+0100][gc,phases     ] GC(73)   Post Evacuate Collection Set: 1.2ms
[2023-07-22T05:52:58.941+0100][gc,phases     ] GC(73)   Other: 1.1ms
[2023-07-22T05:52:58.941+0100][gc,heap       ] GC(73) Eden regions: 45->0(46)
[2023-07-22T05:52:58.942+0100][gc,heap       ] GC(73) Survivor regions: 6->5(7)
[2023-07-22T05:52:58.942+0100][gc,heap       ] GC(73) Old regions: 146->149
[2023-07-22T05:52:58.942+0100][gc,heap       ] GC(73) Humongous regions: 129->129
[2023-07-22T05:52:58.942+0100][gc,metaspace  ] GC(73) Metaspace: 43156K(45696K)->43156K(45696K) NonClass: 37996K(39424K)->37996K(39424K) Class: 5159K(6272K)->5159K(6272K)
[2023-07-22T05:52:58.942+0100][gc            ] GC(73) Pause Young (Normal) (G1 Evacuation Pause) 323M->280M(1024M) 22.312ms
[2023-07-22T05:52:58.942+0100][gc,cpu        ] GC(73) User=0.04s Sys=0.00s Real=0.03s
[2023-07-22T05:54:06.157+0100][gc,start      ] GC(74) Pause Young (Normal) (G1 Evacuation Pause)
[2023-07-22T05:54:06.158+0100][gc,task       ] GC(74) Using 2 workers of 2 for evacuation
[2023-07-22T05:54:06.175+0100][gc,phases     ] GC(74)   Pre Evacuate Collection Set: 0.1ms
[2023-07-22T05:54:06.175+0100][gc,phases     ] GC(74)   Evacuate Collection Set: 16.6ms
[2023-07-22T05:54:06.175+0100][gc,phases     ] GC(74)   Post Evacuate Collection Set: 0.4ms
[2023-07-22T05:54:06.175+0100][gc,phases     ] GC(74)   Other: 1.0ms
[2023-07-22T05:54:06.175+0100][gc,heap       ] GC(74) Eden regions: 46->0(46)
[2023-07-22T05:54:06.175+0100][gc,heap       ] GC(74) Survivor regions: 5->5(7)
[2023-07-22T05:54:06.175+0100][gc,heap       ] GC(74) Old regions: 149->151
[2023-07-22T05:54:06.175+0100][gc,heap       ] GC(74) Humongous regions: 129->129
[2023-07-22T05:54:06.175+0100][gc,metaspace  ] GC(74) Metaspace: 43157K(45696K)->43157K(45696K) NonClass: 37998K(39424K)->37998K(39424K) Class: 5159K(6272K)->5159K(6272K)
[2023-07-22T05:54:06.175+0100][gc            ] GC(74) Pause Young (Normal) (G1 Evacuation Pause) 326M->282M(1024M) 18.230ms
[2023-07-22T05:54:06.175+0100][gc,cpu        ] GC(74) User=0.02s Sys=0.00s Real=0.02s
[2023-07-22T05:54:52.562+0100][gc,start      ] GC(75) Pause Young (Normal) (G1 Evacuation Pause)
[2023-07-22T05:54:52.562+0100][gc,task       ] GC(75) Using 2 workers of 2 for evacuation
[2023-07-22T05:54:52.586+0100][gc,mmu        ] GC(75) MMU target violated: 21.0ms (20.0ms/21.0ms)
[2023-07-22T05:54:52.586+0100][gc,phases     ] GC(75)   Pre Evacuate Collection Set: 0.0ms
[2023-07-22T05:54:52.586+0100][gc,phases     ] GC(75)   Evacuate Collection Set: 23.4ms
[2023-07-22T05:54:52.586+0100][gc,phases     ] GC(75)   Post Evacuate Collection Set: 0.6ms
[2023-07-22T05:54:52.586+0100][gc,phases     ] GC(75)   Other: 0.4ms
[2023-07-22T05:54:52.586+0100][gc,heap       ] GC(75) Eden regions: 46->0(47)
[2023-07-22T05:54:52.586+0100][gc,heap       ] GC(75) Survivor regions: 5->4(7)
[2023-07-22T05:54:52.586+0100][gc,heap       ] GC(75) Old regions: 151->153
[2023-07-22T05:54:52.586+0100][gc,heap       ] GC(75) Humongous regions: 129->129
[2023-07-22T05:54:52.586+0100][gc,metaspace  ] GC(75) Metaspace: 43157K(45696K)->43157K(45696K) NonClass: 37998K(39424K)->37998K(39424K) Class: 5159K(6272K)->5159K(6272K)
[2023-07-22T05:54:52.586+0100][gc            ] GC(75) Pause Young (Normal) (G1 Evacuation Pause) 328M->283M(1024M) 24.506ms
[2023-07-22T05:54:52.586+0100][gc,cpu        ] GC(75) User=0.04s Sys=0.00s Real=0.02s
[2023-07-22T05:55:38.336+0100][gc,start      ] GC(76) Pause Young (Normal) (G1 Evacuation Pause)
[2023-07-22T05:55:38.336+0100][gc,task       ] GC(76) Using 2 workers of 2 for evacuation
[2023-07-22T05:55:38.349+0100][gc,phases     ] GC(76)   Pre Evacuate Collection Set: 0.1ms
[2023-07-22T05:55:38.349+0100][gc,phases     ] GC(76)   Evacuate Collection Set: 12.5ms
[2023-07-22T05:55:38.349+0100][gc,phases     ] GC(76)   Post Evacuate Collection Set: 0.4ms
[2023-07-22T05:55:38.349+0100][gc,phases     ] GC(76)   Other: 0.4ms
[2023-07-22T05:55:38.349+0100][gc,heap       ] GC(76) Eden regions: 47->0(45)
[2023-07-22T05:55:38.349+0100][gc,heap       ] GC(76) Survivor regions: 4->6(7)
[2023-07-22T05:55:38.349+0100][gc,heap       ] GC(76) Old regions: 153->153
[2023-07-22T05:55:38.349+0100][gc,heap       ] GC(76) Humongous regions: 129->129
[2023-07-22T05:55:38.349+0100][gc,metaspace  ] GC(76) Metaspace: 43157K(45696K)->43157K(45696K) NonClass: 37998K(39424K)->37998K(39424K) Class: 5159K(6272K)->5159K(6272K)
[2023-07-22T05:55:38.349+0100][gc            ] GC(76) Pause Young (Normal) (G1 Evacuation Pause) 330M->285M(1024M) 13.570ms
[2023-07-22T05:55:38.349+0100][gc,cpu        ] GC(76) User=0.02s Sys=0.00s Real=0.01s
[2023-07-22T05:56:23.548+0100][gc,start      ] GC(77) Pause Young (Normal) (G1 Evacuation Pause)
[2023-07-22T05:56:23.549+0100][gc,task       ] GC(77) Using 2 workers of 2 for evacuation
[2023-07-22T05:56:23.610+0100][gc,mmu        ] GC(77) MMU target violated: 21.0ms (20.0ms/21.0ms)
[2023-07-22T05:56:23.610+0100][gc,phases     ] GC(77)   Pre Evacuate Collection Set: 0.1ms
[2023-07-22T05:56:23.610+0100][gc,phases     ] GC(77)   Evacuate Collection Set: 60.2ms
[2023-07-22T05:56:23.610+0100][gc,phases     ] GC(77)   Post Evacuate Collection Set: 0.3ms
[2023-07-22T05:56:23.610+0100][gc,phases     ] GC(77)   Other: 1.0ms
[2023-07-22T05:56:23.610+0100][gc,heap       ] GC(77) Eden regions: 45->0(45)
[2023-07-22T05:56:23.610+0100][gc,heap       ] GC(77) Survivor regions: 6->6(7)
[2023-07-22T05:56:23.610+0100][gc,heap       ] GC(77) Old regions: 153->155
[2023-07-22T05:56:23.610+0100][gc,heap       ] GC(77) Humongous regions: 129->129
[2023-07-22T05:56:23.610+0100][gc,metaspace  ] GC(77) Metaspace: 43159K(45696K)->43159K(45696K) NonClass: 37999K(39424K)->37999K(39424K) Class: 5159K(6272K)->5159K(6272K)
[2023-07-22T05:56:23.610+0100][gc            ] GC(77) Pause Young (Normal) (G1 Evacuation Pause) 330M->287M(1024M) 61.872ms
[2023-07-22T05:56:23.610+0100][gc,cpu        ] GC(77) User=0.03s Sys=0.01s Real=0.06s
[2023-07-22T05:57:08.052+0100][gc,start      ] GC(78) Pause Young (Normal) (G1 Evacuation Pause)
[2023-07-22T05:57:08.053+0100][gc,task       ] GC(78) Using 2 workers of 2 for evacuation
[2023-07-22T05:57:08.111+0100][gc,mmu        ] GC(78) MMU target violated: 21.0ms (20.0ms/21.0ms)
[2023-07-22T05:57:08.112+0100][gc,phases     ] GC(78)   Pre Evacuate Collection Set: 0.5ms
[2023-07-22T05:57:08.112+0100][gc,phases     ] GC(78)   Evacuate Collection Set: 55.5ms
[2023-07-22T05:57:08.112+0100][gc,phases     ] GC(78)   Post Evacuate Collection Set: 2.4ms
[2023-07-22T05:57:08.112+0100][gc,phases     ] GC(78)   Other: 1.4ms
[2023-07-22T05:57:08.113+0100][gc,heap       ] GC(78) Eden regions: 45->0(45)
[2023-07-22T05:57:08.113+0100][gc,heap       ] GC(78) Survivor regions: 6->6(7)
[2023-07-22T05:57:08.113+0100][gc,heap       ] GC(78) Old regions: 155->156
[2023-07-22T05:57:08.113+0100][gc,heap       ] GC(78) Humongous regions: 129->129
[2023-07-22T05:57:08.113+0100][gc,metaspace  ] GC(78) Metaspace: 43978K(46720K)->43978K(46720K) NonClass: 38637K(40192K)->38637K(40192K) Class: 5341K(6528K)->5341K(6528K)
[2023-07-22T05:57:08.114+0100][gc            ] GC(78) Pause Young (Normal) (G1 Evacuation Pause) 332M->289M(1024M) 61.430ms
[2023-07-22T05:57:08.114+0100][gc,cpu        ] GC(78) User=0.05s Sys=0.00s Real=0.07s
[2023-07-22T05:57:53.614+0100][gc,start      ] GC(79) Pause Young (Normal) (G1 Evacuation Pause)
[2023-07-22T05:57:53.614+0100][gc,task       ] GC(79) Using 2 workers of 2 for evacuation
[2023-07-22T05:57:53.638+0100][gc,mmu        ] GC(79) MMU target violated: 21.0ms (20.0ms/21.0ms)
[2023-07-22T05:57:53.638+0100][gc,phases     ] GC(79)   Pre Evacuate Collection Set: 0.2ms
[2023-07-22T05:57:53.638+0100][gc,phases     ] GC(79)   Evacuate Collection Set: 23.1ms
[2023-07-22T05:57:53.638+0100][gc,phases     ] GC(79)   Post Evacuate Collection Set: 0.4ms
[2023-07-22T05:57:53.638+0100][gc,phases     ] GC(79)   Other: 1.4ms
[2023-07-22T05:57:53.638+0100][gc,heap       ] GC(79) Eden regions: 45->0(45)
[2023-07-22T05:57:53.638+0100][gc,heap       ] GC(79) Survivor regions: 6->6(7)
[2023-07-22T05:57:53.638+0100][gc,heap       ] GC(79) Old regions: 156->158
[2023-07-22T05:57:53.638+0100][gc,heap       ] GC(79) Humongous regions: 129->129
[2023-07-22T05:57:53.638+0100][gc,metaspace  ] GC(79) Metaspace: 44044K(46720K)->44044K(46720K) NonClass: 38696K(40192K)->38696K(40192K) Class: 5347K(6528K)->5347K(6528K)
[2023-07-22T05:57:53.638+0100][gc            ] GC(79) Pause Young (Normal) (G1 Evacuation Pause) 334M->290M(1024M) 24.139ms
[2023-07-22T05:57:53.638+0100][gc,cpu        ] GC(79) User=0.03s Sys=0.00s Real=0.02s
[2023-07-22T05:58:12.240+0100][gc,start      ] GC(80) Pause Young (Normal) (G1 Evacuation Pause)
[2023-07-22T05:58:12.240+0100][gc,task       ] GC(80) Using 2 workers of 2 for evacuation
[2023-07-22T05:58:12.293+0100][gc,mmu        ] GC(80) MMU target violated: 21.0ms (20.0ms/21.0ms)
[2023-07-22T05:58:12.293+0100][gc,phases     ] GC(80)   Pre Evacuate Collection Set: 0.1ms
[2023-07-22T05:58:12.293+0100][gc,phases     ] GC(80)   Evacuate Collection Set: 52.0ms
[2023-07-22T05:58:12.293+0100][gc,phases     ] GC(80)   Post Evacuate Collection Set: 0.6ms
[2023-07-22T05:58:12.293+0100][gc,phases     ] GC(80)   Other: 1.1ms
[2023-07-22T05:58:12.293+0100][gc,heap       ] GC(80) Eden regions: 45->0(46)
[2023-07-22T05:58:12.293+0100][gc,heap       ] GC(80) Survivor regions: 6->5(7)
[2023-07-22T05:58:12.293+0100][gc,heap       ] GC(80) Old regions: 158->160
[2023-07-22T05:58:12.293+0100][gc,heap       ] GC(80) Humongous regions: 129->129
[2023-07-22T05:58:12.293+0100][gc,metaspace  ] GC(80) Metaspace: 46174K(49408K)->46174K(49408K) NonClass: 40287K(41984K)->40287K(41984K) Class: 5886K(7424K)->5886K(7424K)
[2023-07-22T05:58:12.293+0100][gc            ] GC(80) Pause Young (Normal) (G1 Evacuation Pause) 335M->292M(1024M) 53.835ms
[2023-07-22T05:58:12.293+0100][gc,cpu        ] GC(80) User=0.03s Sys=0.01s Real=0.06s
[2023-07-22T05:58:15.242+0100][gc,start      ] GC(81) Pause Young (Concurrent Start) (Metadata GC Threshold)
[2023-07-22T05:58:15.242+0100][gc,task       ] GC(81) Using 2 workers of 2 for evacuation
[2023-07-22T05:58:15.315+0100][gc,mmu        ] GC(81) MMU target violated: 21.0ms (20.0ms/21.0ms)
[2023-07-22T05:58:15.315+0100][gc,phases     ] GC(81)   Pre Evacuate Collection Set: 0.6ms
[2023-07-22T05:58:15.315+0100][gc,phases     ] GC(81)   Evacuate Collection Set: 67.2ms
[2023-07-22T05:58:15.315+0100][gc,phases     ] GC(81)   Post Evacuate Collection Set: 0.5ms
[2023-07-22T05:58:15.315+0100][gc,phases     ] GC(81)   Other: 5.3ms
[2023-07-22T05:58:15.315+0100][gc,heap       ] GC(81) Eden regions: 13->0(47)
[2023-07-22T05:58:15.315+0100][gc,heap       ] GC(81) Survivor regions: 5->4(7)
[2023-07-22T05:58:15.315+0100][gc,heap       ] GC(81) Old regions: 160->162
[2023-07-22T05:58:15.315+0100][gc,heap       ] GC(81) Humongous regions: 129->129
[2023-07-22T05:58:15.315+0100][gc,metaspace  ] GC(81) Metaspace: 46795K(49920K)->46795K(49920K) NonClass: 40733K(42368K)->40733K(42368K) Class: 6062K(7552K)->6062K(7552K)
[2023-07-22T05:58:15.315+0100][gc            ] GC(81) Pause Young (Concurrent Start) (Metadata GC Threshold) 305M->292M(1024M) 73.058ms
[2023-07-22T05:58:15.315+0100][gc,cpu        ] GC(81) User=0.04s Sys=0.01s Real=0.07s
[2023-07-22T05:58:15.321+0100][gc            ] GC(82) Concurrent Cycle
[2023-07-22T05:58:15.321+0100][gc,marking    ] GC(82) Concurrent Clear Claimed Marks
[2023-07-22T05:58:15.321+0100][gc,marking    ] GC(82) Concurrent Clear Claimed Marks 0.351ms
[2023-07-22T05:58:15.321+0100][gc,marking    ] GC(82) Concurrent Scan Root Regions
[2023-07-22T05:58:15.384+0100][gc,marking    ] GC(82) Concurrent Scan Root Regions 62.510ms
[2023-07-22T05:58:15.384+0100][gc,marking    ] GC(82) Concurrent Mark (15742.850s)
[2023-07-22T05:58:15.384+0100][gc,marking    ] GC(82) Concurrent Mark From Roots
[2023-07-22T05:58:15.384+0100][gc,task       ] GC(82) Using 1 workers of 1 for marking
[2023-07-22T05:58:15.950+0100][gc,marking    ] GC(82) Concurrent Mark From Roots 566.150ms
[2023-07-22T05:58:15.950+0100][gc,marking    ] GC(82) Concurrent Preclean
[2023-07-22T05:58:15.951+0100][gc,marking    ] GC(82) Concurrent Preclean 0.811ms
[2023-07-22T05:58:15.951+0100][gc,marking    ] GC(82) Concurrent Mark (15742.850s, 15743.417s) 567.085ms
[2023-07-22T05:58:15.951+0100][gc,start      ] GC(82) Pause Remark
[2023-07-22T05:58:16.439+0100][gc,stringtable] GC(82) Cleaned string and symbol table, strings: 13563 processed, 1282 removed, symbols: 94157 processed, 9 removed
[2023-07-22T05:58:16.505+0100][gc,mmu        ] GC(82) MMU target violated: 21.0ms (20.0ms/21.0ms)
[2023-07-22T05:58:16.505+0100][gc            ] GC(82) Pause Remark 292M->109M(1024M) 553.873ms
[2023-07-22T05:58:16.505+0100][gc,cpu        ] GC(82) User=0.04s Sys=0.15s Real=0.56s
[2023-07-22T05:58:16.505+0100][gc,marking    ] GC(82) Concurrent Rebuild Remembered Sets
[2023-07-22T05:58:16.656+0100][gc,marking    ] GC(82) Concurrent Rebuild Remembered Sets 150.361ms
[2023-07-22T05:58:16.656+0100][gc,start      ] GC(82) Pause Cleanup
[2023-07-22T05:58:16.658+0100][gc            ] GC(82) Pause Cleanup 109M->109M(1024M) 2.587ms
[2023-07-22T05:58:16.658+0100][gc,cpu        ] GC(82) User=0.00s Sys=0.00s Real=0.00s
[2023-07-22T05:58:16.658+0100][gc,marking    ] GC(82) Concurrent Cleanup for Next Mark
[2023-07-22T05:58:17.011+0100][gc,marking    ] GC(82) Concurrent Cleanup for Next Mark 352.403ms
[2023-07-22T05:58:17.011+0100][gc            ] GC(82) Concurrent Cycle 1690.195ms
[2023-07-22T05:58:17.011+0100][gc,heap,exit  ] Heap
[2023-07-22T05:58:17.011+0100][gc,heap,exit  ]  garbage-first heap   total 1048576K, used 112117K [0x00000000c0000000, 0x0000000100000000)
[2023-07-22T05:58:17.011+0100][gc,heap,exit  ]   region size 1024K, 5 young (5120K), 4 survivors (4096K)
[2023-07-22T05:58:17.011+0100][gc,heap,exit  ]  Metaspace       used 46591K, capacity 49607K, committed 50048K, reserved 1091584K
[2023-07-22T05:58:17.011+0100][gc,heap,exit  ]   class space    used 5995K, capacity 7437K, committed 7680K, reserved 1048576K
