[2023-07-22T06:02:26.073+0100][gc,heap] Heap region size: 1M
[2023-07-22T06:02:26.088+0100][gc     ] Using G1
[2023-07-22T06:02:26.088+0100][gc,heap,coops] Heap address: 0x00000000c0000000, size: 1024 MB, Compressed Oops mode: 32-bit
[2023-07-22T06:02:26.089+0100][gc,cds       ] Mark closed archive regions in map: [0x00000000fff00000, 0x00000000fff6aff8]
[2023-07-22T06:02:26.089+0100][gc,cds       ] Mark open archive regions in map: [0x00000000ffe00000, 0x00000000ffe46ff8]
[2023-07-22T06:02:27.281+0100][gc,start     ] GC(0) Pause Young (Normal) (G1 Evacuation Pause)
[2023-07-22T06:02:27.282+0100][gc,task      ] GC(0) Using 2 workers of 2 for evacuation
[2023-07-22T06:02:27.294+0100][gc,phases    ] GC(0)   Pre Evacuate Collection Set: 0.0ms
[2023-07-22T06:02:27.294+0100][gc,phases    ] GC(0)   Evacuate Collection Set: 11.2ms
[2023-07-22T06:02:27.294+0100][gc,phases    ] GC(0)   Post Evacuate Collection Set: 0.6ms
[2023-07-22T06:02:27.294+0100][gc,phases    ] GC(0)   Other: 0.3ms
[2023-07-22T06:02:27.294+0100][gc,heap      ] GC(0) Eden regions: 51->0(44)
[2023-07-22T06:02:27.294+0100][gc,heap      ] GC(0) Survivor regions: 0->7(7)
[2023-07-22T06:02:27.294+0100][gc,heap      ] GC(0) Old regions: 2->2
[2023-07-22T06:02:27.294+0100][gc,heap      ] GC(0) Humongous regions: 0->0
[2023-07-22T06:02:27.294+0100][gc,metaspace ] GC(0) Metaspace: 14213K(14848K)->14213K(14848K) NonClass: 12469K(12800K)->12469K(12800K) Class: 1744K(2048K)->1744K(2048K)
[2023-07-22T06:02:27.294+0100][gc           ] GC(0) Pause Young (Normal) (G1 Evacuation Pause) 51M->7M(1024M) 12.233ms
[2023-07-22T06:02:27.294+0100][gc,cpu       ] GC(0) User=0.02s Sys=0.00s Real=0.01s
[2023-07-22T06:02:27.830+0100][gc,start     ] GC(1) Pause Young (Concurrent Start) (Metadata GC Threshold)
[2023-07-22T06:02:27.831+0100][gc,task      ] GC(1) Using 2 workers of 2 for evacuation
[2023-07-22T06:02:27.846+0100][gc,phases    ] GC(1)   Pre Evacuate Collection Set: 0.1ms
[2023-07-22T06:02:27.846+0100][gc,phases    ] GC(1)   Evacuate Collection Set: 14.5ms
[2023-07-22T06:02:27.846+0100][gc,phases    ] GC(1)   Post Evacuate Collection Set: 0.4ms
[2023-07-22T06:02:27.846+0100][gc,phases    ] GC(1)   Other: 0.4ms
[2023-07-22T06:02:27.846+0100][gc,heap      ] GC(1) Eden regions: 30->0(50)
[2023-07-22T06:02:27.846+0100][gc,heap      ] GC(1) Survivor regions: 7->1(7)
[2023-07-22T06:02:27.846+0100][gc,heap      ] GC(1) Old regions: 2->9
[2023-07-22T06:02:27.846+0100][gc,heap      ] GC(1) Humongous regions: 0->0
[2023-07-22T06:02:27.846+0100][gc,metaspace ] GC(1) Metaspace: 20514K(21248K)->20514K(21248K) NonClass: 18033K(18432K)->18033K(18432K) Class: 2480K(2816K)->2480K(2816K)
[2023-07-22T06:02:27.846+0100][gc           ] GC(1) Pause Young (Concurrent Start) (Metadata GC Threshold) 37M->8M(1024M) 15.439ms
[2023-07-22T06:02:27.846+0100][gc,cpu       ] GC(1) User=0.02s Sys=0.00s Real=0.02s
[2023-07-22T06:02:27.846+0100][gc           ] GC(2) Concurrent Cycle
[2023-07-22T06:02:27.846+0100][gc,marking   ] GC(2) Concurrent Clear Claimed Marks
[2023-07-22T06:02:27.846+0100][gc,marking   ] GC(2) Concurrent Clear Claimed Marks 0.126ms
[2023-07-22T06:02:27.847+0100][gc,marking   ] GC(2) Concurrent Scan Root Regions
[2023-07-22T06:02:27.848+0100][gc,marking   ] GC(2) Concurrent Scan Root Regions 0.924ms
[2023-07-22T06:02:27.848+0100][gc,marking   ] GC(2) Concurrent Mark (1.782s)
[2023-07-22T06:02:27.848+0100][gc,marking   ] GC(2) Concurrent Mark From Roots
[2023-07-22T06:02:27.848+0100][gc,task      ] GC(2) Using 1 workers of 1 for marking
[2023-07-22T06:02:27.861+0100][gc,marking   ] GC(2) Concurrent Mark From Roots 12.982ms
[2023-07-22T06:02:27.861+0100][gc,marking   ] GC(2) Concurrent Preclean
[2023-07-22T06:02:27.862+0100][gc,marking   ] GC(2) Concurrent Preclean 0.149ms
[2023-07-22T06:02:27.862+0100][gc,marking   ] GC(2) Concurrent Mark (1.782s, 1.795s) 13.427ms
[2023-07-22T06:02:27.863+0100][gc,start     ] GC(2) Pause Remark
[2023-07-22T06:02:27.866+0100][gc,stringtable] GC(2) Cleaned string and symbol table, strings: 5088 processed, 0 removed, symbols: 52707 processed, 42 removed
[2023-07-22T06:02:27.867+0100][gc            ] GC(2) Pause Remark 8M->8M(1024M) 3.782ms
[2023-07-22T06:02:27.867+0100][gc,cpu        ] GC(2) User=0.01s Sys=0.00s Real=0.00s
[2023-07-22T06:02:27.867+0100][gc,marking    ] GC(2) Concurrent Rebuild Remembered Sets
[2023-07-22T06:02:27.872+0100][gc,marking    ] GC(2) Concurrent Rebuild Remembered Sets 4.742ms
[2023-07-22T06:02:27.877+0100][gc,start      ] GC(2) Pause Cleanup
[2023-07-22T06:02:27.877+0100][gc            ] GC(2) Pause Cleanup 8M->8M(1024M) 0.374ms
[2023-07-22T06:02:27.877+0100][gc,cpu        ] GC(2) User=0.00s Sys=0.00s Real=0.00s
[2023-07-22T06:02:27.877+0100][gc,marking    ] GC(2) Concurrent Cleanup for Next Mark
[2023-07-22T06:02:27.896+0100][gc,marking    ] GC(2) Concurrent Cleanup for Next Mark 18.221ms
[2023-07-22T06:02:27.896+0100][gc            ] GC(2) Concurrent Cycle 49.779ms
[2023-07-22T06:02:28.750+0100][gc,start      ] GC(3) Pause Young (Normal) (G1 Evacuation Pause)
[2023-07-22T06:02:28.751+0100][gc,task       ] GC(3) Using 2 workers of 2 for evacuation
[2023-07-22T06:02:28.766+0100][gc,phases     ] GC(3)   Pre Evacuate Collection Set: 0.0ms
[2023-07-22T06:02:28.766+0100][gc,phases     ] GC(3)   Evacuate Collection Set: 6.5ms
[2023-07-22T06:02:28.766+0100][gc,phases     ] GC(3)   Post Evacuate Collection Set: 8.3ms
[2023-07-22T06:02:28.766+0100][gc,phases     ] GC(3)   Other: 0.8ms
[2023-07-22T06:02:28.766+0100][gc,heap       ] GC(3) Eden regions: 50->0(46)
[2023-07-22T06:02:28.767+0100][gc,heap       ] GC(3) Survivor regions: 1->5(7)
[2023-07-22T06:02:28.767+0100][gc,heap       ] GC(3) Old regions: 9->9
[2023-07-22T06:02:28.767+0100][gc,heap       ] GC(3) Humongous regions: 129->129
[2023-07-22T06:02:28.767+0100][gc,metaspace  ] GC(3) Metaspace: 28937K(30080K)->28937K(30080K) NonClass: 25537K(26112K)->25537K(26112K) Class: 3399K(3968K)->3399K(3968K)
[2023-07-22T06:02:28.767+0100][gc            ] GC(3) Pause Young (Normal) (G1 Evacuation Pause) 187M->140M(1024M) 16.789ms
[2023-07-22T06:02:28.767+0100][gc,cpu        ] GC(3) User=0.01s Sys=0.01s Real=0.02s
[2023-07-22T06:02:31.605+0100][gc,start      ] GC(4) Pause Young (Concurrent Start) (Metadata GC Threshold)
[2023-07-22T06:02:31.605+0100][gc,task       ] GC(4) Using 2 workers of 2 for evacuation
[2023-07-22T06:02:31.639+0100][gc,mmu        ] GC(4) MMU target violated: 21.0ms (20.0ms/21.0ms)
[2023-07-22T06:02:31.640+0100][gc,phases     ] GC(4)   Pre Evacuate Collection Set: 0.2ms
[2023-07-22T06:02:31.640+0100][gc,phases     ] GC(4)   Evacuate Collection Set: 33.0ms
[2023-07-22T06:02:31.640+0100][gc,phases     ] GC(4)   Post Evacuate Collection Set: 0.9ms
[2023-07-22T06:02:31.640+0100][gc,phases     ] GC(4)   Other: 1.0ms
[2023-07-22T06:02:31.640+0100][gc,heap       ] GC(4) Eden regions: 31->0(49)
[2023-07-22T06:02:31.640+0100][gc,heap       ] GC(4) Survivor regions: 5->2(7)
[2023-07-22T06:02:31.640+0100][gc,heap       ] GC(4) Old regions: 9->13
[2023-07-22T06:02:31.640+0100][gc,heap       ] GC(4) Humongous regions: 129->129
[2023-07-22T06:02:31.640+0100][gc,metaspace  ] GC(4) Metaspace: 34593K(35840K)->34593K(35840K) NonClass: 30579K(31232K)->30579K(31232K) Class: 4013K(4608K)->4013K(4608K)
[2023-07-22T06:02:31.640+0100][gc            ] GC(4) Pause Young (Concurrent Start) (Metadata GC Threshold) 171M->142M(1024M) 35.423ms
[2023-07-22T06:02:31.640+0100][gc,cpu        ] GC(4) User=0.06s Sys=0.01s Real=0.03s
[2023-07-22T06:02:31.640+0100][gc            ] GC(5) Concurrent Cycle
[2023-07-22T06:02:31.640+0100][gc,marking    ] GC(5) Concurrent Clear Claimed Marks
[2023-07-22T06:02:31.641+0100][gc,marking    ] GC(5) Concurrent Clear Claimed Marks 0.180ms
[2023-07-22T06:02:31.641+0100][gc,marking    ] GC(5) Concurrent Scan Root Regions
[2023-07-22T06:02:31.643+0100][gc,marking    ] GC(5) Concurrent Scan Root Regions 2.002ms
[2023-07-22T06:02:31.643+0100][gc,marking    ] GC(5) Concurrent Mark (5.576s)
[2023-07-22T06:02:31.643+0100][gc,marking    ] GC(5) Concurrent Mark From Roots
[2023-07-22T06:02:31.643+0100][gc,task       ] GC(5) Using 1 workers of 1 for marking
[2023-07-22T06:02:31.663+0100][gc,marking    ] GC(5) Concurrent Mark From Roots 20.778ms
[2023-07-22T06:02:31.663+0100][gc,marking    ] GC(5) Concurrent Preclean
[2023-07-22T06:02:31.664+0100][gc,marking    ] GC(5) Concurrent Preclean 0.111ms
[2023-07-22T06:02:31.664+0100][gc,marking    ] GC(5) Concurrent Mark (5.576s, 5.597s) 21.020ms
[2023-07-22T06:02:31.664+0100][gc,start      ] GC(5) Pause Remark
[2023-07-22T06:02:31.673+0100][gc,stringtable] GC(5) Cleaned string and symbol table, strings: 10274 processed, 14 removed, symbols: 84857 processed, 15 removed
[2023-07-22T06:02:31.673+0100][gc            ] GC(5) Pause Remark 142M->142M(1024M) 9.445ms
[2023-07-22T06:02:31.674+0100][gc,cpu        ] GC(5) User=0.01s Sys=0.00s Real=0.01s
[2023-07-22T06:02:31.674+0100][gc,marking    ] GC(5) Concurrent Rebuild Remembered Sets
[2023-07-22T06:02:31.684+0100][gc,marking    ] GC(5) Concurrent Rebuild Remembered Sets 9.967ms
[2023-07-22T06:02:31.684+0100][gc,start      ] GC(5) Pause Cleanup
[2023-07-22T06:02:31.684+0100][gc            ] GC(5) Pause Cleanup 142M->142M(1024M) 0.165ms
[2023-07-22T06:02:31.684+0100][gc,cpu        ] GC(5) User=0.00s Sys=0.00s Real=0.00s
[2023-07-22T06:02:31.684+0100][gc,marking    ] GC(5) Concurrent Cleanup for Next Mark
[2023-07-22T06:02:31.696+0100][gc,marking    ] GC(5) Concurrent Cleanup for Next Mark 12.055ms
[2023-07-22T06:02:31.696+0100][gc            ] GC(5) Concurrent Cycle 55.822ms
[2023-07-22T06:04:38.926+0100][gc,start      ] GC(6) Pause Young (Normal) (G1 Evacuation Pause)
[2023-07-22T06:04:38.930+0100][gc,task       ] GC(6) Using 2 workers of 2 for evacuation
[2023-07-22T06:04:39.439+0100][gc,mmu        ] GC(6) MMU target violated: 21.0ms (20.0ms/21.0ms)
[2023-07-22T06:04:39.440+0100][gc,phases     ] GC(6)   Pre Evacuate Collection Set: 295.2ms
[2023-07-22T06:04:39.440+0100][gc,phases     ] GC(6)   Evacuate Collection Set: 201.8ms
[2023-07-22T06:04:39.440+0100][gc,phases     ] GC(6)   Post Evacuate Collection Set: 9.0ms
[2023-07-22T06:04:39.440+0100][gc,phases     ] GC(6)   Other: 9.3ms
[2023-07-22T06:04:39.440+0100][gc,heap       ] GC(6) Eden regions: 49->0(47)
[2023-07-22T06:04:39.440+0100][gc,heap       ] GC(6) Survivor regions: 2->4(7)
[2023-07-22T06:04:39.440+0100][gc,heap       ] GC(6) Old regions: 13->13
[2023-07-22T06:04:39.440+0100][gc,heap       ] GC(6) Humongous regions: 129->129
[2023-07-22T06:04:39.440+0100][gc,metaspace  ] GC(6) Metaspace: 40588K(42752K)->40588K(42752K) NonClass: 35579K(36608K)->35579K(36608K) Class: 5009K(6144K)->5009K(6144K)
[2023-07-22T06:04:39.441+0100][gc            ] GC(6) Pause Young (Normal) (G1 Evacuation Pause) 191M->144M(1024M) 514.919ms
[2023-07-22T06:04:39.441+0100][gc,cpu        ] GC(6) User=0.03s Sys=0.13s Real=0.52s
[2023-07-22T06:13:50.935+0100][gc,start      ] GC(7) Pause Young (Normal) (G1 Evacuation Pause)
[2023-07-22T06:13:50.935+0100][gc,task       ] GC(7) Using 2 workers of 2 for evacuation
[2023-07-22T06:13:50.952+0100][gc,phases     ] GC(7)   Pre Evacuate Collection Set: 0.2ms
[2023-07-22T06:13:50.952+0100][gc,phases     ] GC(7)   Evacuate Collection Set: 14.9ms
[2023-07-22T06:13:50.952+0100][gc,phases     ] GC(7)   Post Evacuate Collection Set: 1.6ms
[2023-07-22T06:13:50.952+0100][gc,phases     ] GC(7)   Other: 0.4ms
[2023-07-22T06:13:50.952+0100][gc,heap       ] GC(7) Eden regions: 47->0(47)
[2023-07-22T06:13:50.952+0100][gc,heap       ] GC(7) Survivor regions: 4->4(7)
[2023-07-22T06:13:50.952+0100][gc,heap       ] GC(7) Old regions: 13->15
[2023-07-22T06:13:50.952+0100][gc,heap       ] GC(7) Humongous regions: 129->129
[2023-07-22T06:13:50.952+0100][gc,metaspace  ] GC(7) Metaspace: 41460K(43904K)->41460K(43904K) NonClass: 36362K(37632K)->36362K(37632K) Class: 5097K(6272K)->5097K(6272K)
[2023-07-22T06:13:50.952+0100][gc            ] GC(7) Pause Young (Normal) (G1 Evacuation Pause) 191M->146M(1024M) 17.147ms
[2023-07-22T06:13:50.952+0100][gc,cpu        ] GC(7) User=0.03s Sys=0.00s Real=0.02s
[2023-07-22T06:27:30.817+0100][gc,start      ] GC(8) Pause Young (Normal) (G1 Evacuation Pause)
[2023-07-22T06:27:30.820+0100][gc,task       ] GC(8) Using 2 workers of 2 for evacuation
[2023-07-22T06:27:31.306+0100][gc,mmu        ] GC(8) MMU target violated: 21.0ms (20.0ms/21.0ms)
[2023-07-22T06:27:31.310+0100][gc,phases     ] GC(8)   Pre Evacuate Collection Set: 90.4ms
[2023-07-22T06:27:31.311+0100][gc,phases     ] GC(8)   Evacuate Collection Set: 376.8ms
[2023-07-22T06:27:31.312+0100][gc,phases     ] GC(8)   Post Evacuate Collection Set: 14.2ms
[2023-07-22T06:27:31.312+0100][gc,phases     ] GC(8)   Other: 12.6ms
[2023-07-22T06:27:31.313+0100][gc,heap       ] GC(8) Eden regions: 47->0(48)
[2023-07-22T06:27:31.313+0100][gc,heap       ] GC(8) Survivor regions: 4->3(7)
[2023-07-22T06:27:31.313+0100][gc,heap       ] GC(8) Old regions: 15->16
[2023-07-22T06:27:31.314+0100][gc,heap       ] GC(8) Humongous regions: 129->129
[2023-07-22T06:27:31.314+0100][gc,metaspace  ] GC(8) Metaspace: 41778K(44160K)->41778K(44160K) NonClass: 36656K(37888K)->36656K(37888K) Class: 5122K(6272K)->5122K(6272K)
[2023-07-22T06:27:31.316+0100][gc            ] GC(8) Pause Young (Normal) (G1 Evacuation Pause) 193M->146M(1024M) 496.391ms
[2023-07-22T06:27:31.316+0100][gc,cpu        ] GC(8) User=0.09s Sys=0.23s Real=0.50s
[2023-07-22T06:29:13.401+0100][gc,start      ] GC(9) Pause Young (Normal) (G1 Evacuation Pause)
[2023-07-22T06:29:13.402+0100][gc,task       ] GC(9) Using 2 workers of 2 for evacuation
[2023-07-22T06:29:13.667+0100][gc,mmu        ] GC(9) MMU target violated: 21.0ms (20.0ms/21.0ms)
[2023-07-22T06:29:13.668+0100][gc,phases     ] GC(9)   Pre Evacuate Collection Set: 0.7ms
[2023-07-22T06:29:13.668+0100][gc,phases     ] GC(9)   Evacuate Collection Set: 262.6ms
[2023-07-22T06:29:13.669+0100][gc,phases     ] GC(9)   Post Evacuate Collection Set: 1.5ms
[2023-07-22T06:29:13.669+0100][gc,phases     ] GC(9)   Other: 3.5ms
[2023-07-22T06:29:13.670+0100][gc,heap       ] GC(9) Eden regions: 48->0(46)
[2023-07-22T06:29:13.670+0100][gc,heap       ] GC(9) Survivor regions: 3->5(7)
[2023-07-22T06:29:13.670+0100][gc,heap       ] GC(9) Old regions: 16->16
[2023-07-22T06:29:13.671+0100][gc,heap       ] GC(9) Humongous regions: 129->129
[2023-07-22T06:29:13.671+0100][gc,metaspace  ] GC(9) Metaspace: 41782K(44160K)->41782K(44160K) NonClass: 36659K(37888K)->36659K(37888K) Class: 5122K(6272K)->5122K(6272K)
[2023-07-22T06:29:13.672+0100][gc            ] GC(9) Pause Young (Normal) (G1 Evacuation Pause) 194M->148M(1024M) 270.473ms
[2023-07-22T06:29:13.672+0100][gc,cpu        ] GC(9) User=0.08s Sys=0.10s Real=0.27s
[2023-07-22T06:36:32.810+0100][gc,start      ] GC(10) Pause Young (Normal) (G1 Evacuation Pause)
[2023-07-22T06:36:32.813+0100][gc,task       ] GC(10) Using 2 workers of 2 for evacuation
[2023-07-22T06:36:32.993+0100][gc,mmu        ] GC(10) MMU target violated: 21.0ms (20.0ms/21.0ms)
[2023-07-22T06:36:32.994+0100][gc,phases     ] GC(10)   Pre Evacuate Collection Set: 8.5ms
[2023-07-22T06:36:32.994+0100][gc,phases     ] GC(10)   Evacuate Collection Set: 168.0ms
[2023-07-22T06:36:32.994+0100][gc,phases     ] GC(10)   Post Evacuate Collection Set: 2.5ms
[2023-07-22T06:36:32.994+0100][gc,phases     ] GC(10)   Other: 3.4ms
[2023-07-22T06:36:32.994+0100][gc,heap       ] GC(10) Eden regions: 46->0(45)
[2023-07-22T06:36:32.994+0100][gc,heap       ] GC(10) Survivor regions: 5->6(7)
[2023-07-22T06:36:32.994+0100][gc,heap       ] GC(10) Old regions: 16->17
[2023-07-22T06:36:32.994+0100][gc,heap       ] GC(10) Humongous regions: 129->129
[2023-07-22T06:36:32.995+0100][gc,metaspace  ] GC(10) Metaspace: 41840K(44160K)->41840K(44160K) NonClass: 36717K(37888K)->36717K(37888K) Class: 5122K(6272K)->5122K(6272K)
[2023-07-22T06:36:32.997+0100][gc            ] GC(10) Pause Young (Normal) (G1 Evacuation Pause) 194M->149M(1024M) 184.549ms
[2023-07-22T06:36:32.997+0100][gc,cpu        ] GC(10) User=0.04s Sys=0.07s Real=0.19s
[2023-07-22T06:38:41.605+0100][gc,start      ] GC(11) Pause Young (Normal) (G1 Evacuation Pause)
[2023-07-22T06:38:41.606+0100][gc,task       ] GC(11) Using 2 workers of 2 for evacuation
[2023-07-22T06:38:41.738+0100][gc,mmu        ] GC(11) MMU target violated: 21.0ms (20.0ms/21.0ms)
[2023-07-22T06:38:41.738+0100][gc,phases     ] GC(11)   Pre Evacuate Collection Set: 2.5ms
[2023-07-22T06:38:41.739+0100][gc,phases     ] GC(11)   Evacuate Collection Set: 124.1ms
[2023-07-22T06:38:41.739+0100][gc,phases     ] GC(11)   Post Evacuate Collection Set: 4.1ms
[2023-07-22T06:38:41.739+0100][gc,phases     ] GC(11)   Other: 3.3ms
[2023-07-22T06:38:41.739+0100][gc,heap       ] GC(11) Eden regions: 45->0(45)
[2023-07-22T06:38:41.739+0100][gc,heap       ] GC(11) Survivor regions: 6->6(7)
[2023-07-22T06:38:41.739+0100][gc,heap       ] GC(11) Old regions: 17->20
[2023-07-22T06:38:41.739+0100][gc,heap       ] GC(11) Humongous regions: 129->129
[2023-07-22T06:38:41.739+0100][gc,metaspace  ] GC(11) Metaspace: 41852K(44160K)->41852K(44160K) NonClass: 36729K(37888K)->36729K(37888K) Class: 5122K(6272K)->5122K(6272K)
[2023-07-22T06:38:41.739+0100][gc            ] GC(11) Pause Young (Normal) (G1 Evacuation Pause) 194M->152M(1024M) 134.360ms
[2023-07-22T06:38:41.739+0100][gc,cpu        ] GC(11) User=0.13s Sys=0.03s Real=0.13s
[2023-07-22T06:39:59.347+0100][gc,start      ] GC(12) Pause Young (Normal) (G1 Evacuation Pause)
[2023-07-22T06:39:59.347+0100][gc,task       ] GC(12) Using 2 workers of 2 for evacuation
[2023-07-22T06:39:59.432+0100][gc,mmu        ] GC(12) MMU target violated: 21.0ms (20.0ms/21.0ms)
[2023-07-22T06:39:59.434+0100][gc,phases     ] GC(12)   Pre Evacuate Collection Set: 0.3ms
[2023-07-22T06:39:59.435+0100][gc,phases     ] GC(12)   Evacuate Collection Set: 80.3ms
[2023-07-22T06:39:59.435+0100][gc,phases     ] GC(12)   Post Evacuate Collection Set: 3.9ms
[2023-07-22T06:39:59.438+0100][gc,phases     ] GC(12)   Other: 2.7ms
[2023-07-22T06:39:59.438+0100][gc,heap       ] GC(12) Eden regions: 45->0(46)
[2023-07-22T06:39:59.439+0100][gc,heap       ] GC(12) Survivor regions: 6->5(7)
[2023-07-22T06:39:59.440+0100][gc,heap       ] GC(12) Old regions: 20->22
[2023-07-22T06:39:59.440+0100][gc,heap       ] GC(12) Humongous regions: 129->129
[2023-07-22T06:39:59.440+0100][gc,metaspace  ] GC(12) Metaspace: 41870K(44160K)->41870K(44160K) NonClass: 36747K(37888K)->36747K(37888K) Class: 5122K(6272K)->5122K(6272K)
[2023-07-22T06:39:59.440+0100][gc            ] GC(12) Pause Young (Normal) (G1 Evacuation Pause) 197M->154M(1024M) 93.422ms
[2023-07-22T06:39:59.441+0100][gc,cpu        ] GC(12) User=0.12s Sys=0.01s Real=0.09s
[2023-07-22T06:41:01.586+0100][gc,start      ] GC(13) Pause Young (Normal) (G1 Evacuation Pause)
[2023-07-22T06:41:01.586+0100][gc,task       ] GC(13) Using 2 workers of 2 for evacuation
[2023-07-22T06:41:01.626+0100][gc,mmu        ] GC(13) MMU target violated: 21.0ms (20.0ms/21.0ms)
[2023-07-22T06:41:01.627+0100][gc,phases     ] GC(13)   Pre Evacuate Collection Set: 0.1ms
[2023-07-22T06:41:01.627+0100][gc,phases     ] GC(13)   Evacuate Collection Set: 38.4ms
[2023-07-22T06:41:01.627+0100][gc,phases     ] GC(13)   Post Evacuate Collection Set: 1.3ms
[2023-07-22T06:41:01.627+0100][gc,phases     ] GC(13)   Other: 2.1ms
[2023-07-22T06:41:01.627+0100][gc,heap       ] GC(13) Eden regions: 46->0(47)
[2023-07-22T06:41:01.627+0100][gc,heap       ] GC(13) Survivor regions: 5->4(7)
[2023-07-22T06:41:01.627+0100][gc,heap       ] GC(13) Old regions: 22->25
[2023-07-22T06:41:01.627+0100][gc,heap       ] GC(13) Humongous regions: 129->129
[2023-07-22T06:41:01.627+0100][gc,metaspace  ] GC(13) Metaspace: 41870K(44160K)->41870K(44160K) NonClass: 36747K(37888K)->36747K(37888K) Class: 5122K(6272K)->5122K(6272K)
[2023-07-22T06:41:01.627+0100][gc            ] GC(13) Pause Young (Normal) (G1 Evacuation Pause) 200M->156M(1024M) 41.218ms
[2023-07-22T06:41:01.627+0100][gc,cpu        ] GC(13) User=0.06s Sys=0.02s Real=0.04s
[2023-07-22T06:42:05.846+0100][gc,start      ] GC(14) Pause Young (Normal) (G1 Evacuation Pause)
[2023-07-22T06:42:05.846+0100][gc,task       ] GC(14) Using 2 workers of 2 for evacuation
[2023-07-22T06:42:05.880+0100][gc,mmu        ] GC(14) MMU target violated: 21.0ms (20.0ms/21.0ms)
[2023-07-22T06:42:05.880+0100][gc,phases     ] GC(14)   Pre Evacuate Collection Set: 0.1ms
[2023-07-22T06:42:05.880+0100][gc,phases     ] GC(14)   Evacuate Collection Set: 31.8ms
[2023-07-22T06:42:05.880+0100][gc,phases     ] GC(14)   Post Evacuate Collection Set: 0.9ms
[2023-07-22T06:42:05.880+0100][gc,phases     ] GC(14)   Other: 1.1ms
[2023-07-22T06:42:05.880+0100][gc,heap       ] GC(14) Eden regions: 47->0(47)
[2023-07-22T06:42:05.880+0100][gc,heap       ] GC(14) Survivor regions: 4->4(7)
[2023-07-22T06:42:05.880+0100][gc,heap       ] GC(14) Old regions: 25->25
[2023-07-22T06:42:05.880+0100][gc,heap       ] GC(14) Humongous regions: 129->129
[2023-07-22T06:42:05.880+0100][gc,metaspace  ] GC(14) Metaspace: 41874K(44160K)->41874K(44160K) NonClass: 36751K(37888K)->36751K(37888K) Class: 5122K(6272K)->5122K(6272K)
[2023-07-22T06:42:05.880+0100][gc            ] GC(14) Pause Young (Normal) (G1 Evacuation Pause) 203M->156M(1024M) 34.260ms
[2023-07-22T06:42:05.880+0100][gc,cpu        ] GC(14) User=0.06s Sys=0.00s Real=0.03s
[2023-07-22T06:43:10.178+0100][gc,start      ] GC(15) Pause Young (Normal) (G1 Evacuation Pause)
[2023-07-22T06:43:10.178+0100][gc,task       ] GC(15) Using 2 workers of 2 for evacuation
[2023-07-22T06:43:10.213+0100][gc,mmu        ] GC(15) MMU target violated: 21.0ms (20.0ms/21.0ms)
[2023-07-22T06:43:10.214+0100][gc,phases     ] GC(15)   Pre Evacuate Collection Set: 0.1ms
[2023-07-22T06:43:10.214+0100][gc,phases     ] GC(15)   Evacuate Collection Set: 33.8ms
[2023-07-22T06:43:10.214+0100][gc,phases     ] GC(15)   Post Evacuate Collection Set: 1.2ms
[2023-07-22T06:43:10.214+0100][gc,phases     ] GC(15)   Other: 2.1ms
[2023-07-22T06:43:10.214+0100][gc,heap       ] GC(15) Eden regions: 47->0(46)
[2023-07-22T06:43:10.214+0100][gc,heap       ] GC(15) Survivor regions: 4->5(7)
[2023-07-22T06:43:10.214+0100][gc,heap       ] GC(15) Old regions: 25->25
[2023-07-22T06:43:10.214+0100][gc,heap       ] GC(15) Humongous regions: 129->129
[2023-07-22T06:43:10.214+0100][gc,metaspace  ] GC(15) Metaspace: 41875K(44160K)->41875K(44160K) NonClass: 36752K(37888K)->36752K(37888K) Class: 5122K(6272K)->5122K(6272K)
[2023-07-22T06:43:10.214+0100][gc            ] GC(15) Pause Young (Normal) (G1 Evacuation Pause) 203M->157M(1024M) 36.221ms
[2023-07-22T06:43:10.214+0100][gc,cpu        ] GC(15) User=0.07s Sys=0.00s Real=0.04s
[2023-07-22T06:44:13.044+0100][gc,start      ] GC(16) Pause Young (Normal) (G1 Evacuation Pause)
[2023-07-22T06:44:13.044+0100][gc,task       ] GC(16) Using 2 workers of 2 for evacuation
[2023-07-22T06:44:13.071+0100][gc,mmu        ] GC(16) MMU target violated: 21.0ms (20.0ms/21.0ms)
[2023-07-22T06:44:13.071+0100][gc,phases     ] GC(16)   Pre Evacuate Collection Set: 0.1ms
[2023-07-22T06:44:13.071+0100][gc,phases     ] GC(16)   Evacuate Collection Set: 25.8ms
[2023-07-22T06:44:13.071+0100][gc,phases     ] GC(16)   Post Evacuate Collection Set: 0.4ms
[2023-07-22T06:44:13.071+0100][gc,phases     ] GC(16)   Other: 0.5ms
[2023-07-22T06:44:13.071+0100][gc,heap       ] GC(16) Eden regions: 46->0(46)
[2023-07-22T06:44:13.071+0100][gc,heap       ] GC(16) Survivor regions: 5->5(7)
[2023-07-22T06:44:13.071+0100][gc,heap       ] GC(16) Old regions: 25->27
[2023-07-22T06:44:13.071+0100][gc,heap       ] GC(16) Humongous regions: 129->129
[2023-07-22T06:44:13.071+0100][gc,metaspace  ] GC(16) Metaspace: 41875K(44160K)->41875K(44160K) NonClass: 36752K(37888K)->36752K(37888K) Class: 5122K(6272K)->5122K(6272K)
[2023-07-22T06:44:13.071+0100][gc            ] GC(16) Pause Young (Normal) (G1 Evacuation Pause) 203M->158M(1024M) 26.848ms
[2023-07-22T06:44:13.071+0100][gc,cpu        ] GC(16) User=0.04s Sys=0.01s Real=0.02s
[2023-07-22T06:45:15.241+0100][gc,start      ] GC(17) Pause Young (Normal) (G1 Evacuation Pause)
[2023-07-22T06:45:15.241+0100][gc,task       ] GC(17) Using 2 workers of 2 for evacuation
[2023-07-22T06:45:15.282+0100][gc,mmu        ] GC(17) MMU target violated: 21.0ms (20.0ms/21.0ms)
[2023-07-22T06:45:15.283+0100][gc,phases     ] GC(17)   Pre Evacuate Collection Set: 0.3ms
[2023-07-22T06:45:15.283+0100][gc,phases     ] GC(17)   Evacuate Collection Set: 39.1ms
[2023-07-22T06:45:15.283+0100][gc,phases     ] GC(17)   Post Evacuate Collection Set: 1.2ms
[2023-07-22T06:45:15.283+0100][gc,phases     ] GC(17)   Other: 3.2ms
[2023-07-22T06:45:15.284+0100][gc,heap       ] GC(17) Eden regions: 46->0(46)
[2023-07-22T06:45:15.284+0100][gc,heap       ] GC(17) Survivor regions: 5->5(7)
[2023-07-22T06:45:15.284+0100][gc,heap       ] GC(17) Old regions: 27->28
[2023-07-22T06:45:15.285+0100][gc,heap       ] GC(17) Humongous regions: 129->129
[2023-07-22T06:45:15.285+0100][gc,metaspace  ] GC(17) Metaspace: 41886K(44160K)->41886K(44160K) NonClass: 36763K(37888K)->36763K(37888K) Class: 5122K(6272K)->5122K(6272K)
[2023-07-22T06:45:15.285+0100][gc            ] GC(17) Pause Young (Normal) (G1 Evacuation Pause) 204M->159M(1024M) 44.441ms
[2023-07-22T06:45:15.285+0100][gc,cpu        ] GC(17) User=0.06s Sys=0.01s Real=0.05s
[2023-07-22T06:46:19.315+0100][gc,start      ] GC(18) Pause Young (Normal) (G1 Evacuation Pause)
[2023-07-22T06:46:19.316+0100][gc,task       ] GC(18) Using 2 workers of 2 for evacuation
[2023-07-22T06:46:19.352+0100][gc,mmu        ] GC(18) MMU target violated: 21.0ms (20.0ms/21.0ms)
[2023-07-22T06:46:19.353+0100][gc,phases     ] GC(18)   Pre Evacuate Collection Set: 0.3ms
[2023-07-22T06:46:19.353+0100][gc,phases     ] GC(18)   Evacuate Collection Set: 35.4ms
[2023-07-22T06:46:19.353+0100][gc,phases     ] GC(18)   Post Evacuate Collection Set: 0.7ms
[2023-07-22T06:46:19.353+0100][gc,phases     ] GC(18)   Other: 1.8ms
[2023-07-22T06:46:19.353+0100][gc,heap       ] GC(18) Eden regions: 46->0(46)
[2023-07-22T06:46:19.353+0100][gc,heap       ] GC(18) Survivor regions: 5->5(7)
[2023-07-22T06:46:19.353+0100][gc,heap       ] GC(18) Old regions: 28->29
[2023-07-22T06:46:19.353+0100][gc,heap       ] GC(18) Humongous regions: 129->129
[2023-07-22T06:46:19.353+0100][gc,metaspace  ] GC(18) Metaspace: 41898K(44160K)->41898K(44160K) NonClass: 36775K(37888K)->36775K(37888K) Class: 5122K(6272K)->5122K(6272K)
[2023-07-22T06:46:19.353+0100][gc            ] GC(18) Pause Young (Normal) (G1 Evacuation Pause) 205M->160M(1024M) 38.135ms
[2023-07-22T06:46:19.353+0100][gc,cpu        ] GC(18) User=0.07s Sys=0.00s Real=0.03s
[2023-07-22T06:47:22.986+0100][gc,start      ] GC(19) Pause Young (Normal) (G1 Evacuation Pause)
[2023-07-22T06:47:22.986+0100][gc,task       ] GC(19) Using 2 workers of 2 for evacuation
[2023-07-22T06:47:23.098+0100][gc,mmu        ] GC(19) MMU target violated: 21.0ms (20.0ms/21.0ms)
[2023-07-22T06:47:23.099+0100][gc,phases     ] GC(19)   Pre Evacuate Collection Set: 0.3ms
[2023-07-22T06:47:23.100+0100][gc,phases     ] GC(19)   Evacuate Collection Set: 110.9ms
[2023-07-22T06:47:23.100+0100][gc,phases     ] GC(19)   Post Evacuate Collection Set: 1.1ms
[2023-07-22T06:47:23.100+0100][gc,phases     ] GC(19)   Other: 1.4ms
[2023-07-22T06:47:23.100+0100][gc,heap       ] GC(19) Eden regions: 46->0(46)
[2023-07-22T06:47:23.100+0100][gc,heap       ] GC(19) Survivor regions: 5->5(7)
[2023-07-22T06:47:23.100+0100][gc,heap       ] GC(19) Old regions: 29->30
[2023-07-22T06:47:23.100+0100][gc,heap       ] GC(19) Humongous regions: 129->129
[2023-07-22T06:47:23.100+0100][gc,metaspace  ] GC(19) Metaspace: 41898K(44160K)->41898K(44160K) NonClass: 36775K(37888K)->36775K(37888K) Class: 5122K(6272K)->5122K(6272K)
[2023-07-22T06:47:23.100+0100][gc            ] GC(19) Pause Young (Normal) (G1 Evacuation Pause) 206M->161M(1024M) 114.762ms
[2023-07-22T06:47:23.100+0100][gc,cpu        ] GC(19) User=0.09s Sys=0.00s Real=0.11s
[2023-07-22T06:48:26.218+0100][gc,start      ] GC(20) Pause Young (Normal) (G1 Evacuation Pause)
[2023-07-22T06:48:26.218+0100][gc,task       ] GC(20) Using 2 workers of 2 for evacuation
[2023-07-22T06:48:26.232+0100][gc,phases     ] GC(20)   Pre Evacuate Collection Set: 0.1ms
[2023-07-22T06:48:26.232+0100][gc,phases     ] GC(20)   Evacuate Collection Set: 12.5ms
[2023-07-22T06:48:26.232+0100][gc,phases     ] GC(20)   Post Evacuate Collection Set: 0.7ms
[2023-07-22T06:48:26.232+0100][gc,phases     ] GC(20)   Other: 0.3ms
[2023-07-22T06:48:26.232+0100][gc,heap       ] GC(20) Eden regions: 46->0(46)
[2023-07-22T06:48:26.232+0100][gc,heap       ] GC(20) Survivor regions: 5->5(7)
[2023-07-22T06:48:26.232+0100][gc,heap       ] GC(20) Old regions: 30->31
[2023-07-22T06:48:26.232+0100][gc,heap       ] GC(20) Humongous regions: 129->129
[2023-07-22T06:48:26.232+0100][gc,metaspace  ] GC(20) Metaspace: 41903K(44416K)->41903K(44416K) NonClass: 36780K(38144K)->36780K(38144K) Class: 5122K(6272K)->5122K(6272K)
[2023-07-22T06:48:26.232+0100][gc            ] GC(20) Pause Young (Normal) (G1 Evacuation Pause) 207M->162M(1024M) 13.802ms
[2023-07-22T06:48:26.232+0100][gc,cpu        ] GC(20) User=0.02s Sys=0.01s Real=0.01s
[2023-07-22T06:49:41.896+0100][gc,start      ] GC(21) Pause Young (Normal) (G1 Evacuation Pause)
[2023-07-22T06:49:41.896+0100][gc,task       ] GC(21) Using 2 workers of 2 for evacuation
[2023-07-22T06:49:41.930+0100][gc,mmu        ] GC(21) MMU target violated: 21.0ms (20.0ms/21.0ms)
[2023-07-22T06:49:41.930+0100][gc,phases     ] GC(21)   Pre Evacuate Collection Set: 0.1ms
[2023-07-22T06:49:41.930+0100][gc,phases     ] GC(21)   Evacuate Collection Set: 32.1ms
[2023-07-22T06:49:41.930+0100][gc,phases     ] GC(21)   Post Evacuate Collection Set: 1.1ms
[2023-07-22T06:49:41.930+0100][gc,phases     ] GC(21)   Other: 0.7ms
[2023-07-22T06:49:41.930+0100][gc,heap       ] GC(21) Eden regions: 46->0(46)
[2023-07-22T06:49:41.930+0100][gc,heap       ] GC(21) Survivor regions: 5->5(7)
[2023-07-22T06:49:41.930+0100][gc,heap       ] GC(21) Old regions: 31->32
[2023-07-22T06:49:41.930+0100][gc,heap       ] GC(21) Humongous regions: 129->129
[2023-07-22T06:49:41.930+0100][gc,metaspace  ] GC(21) Metaspace: 41911K(44416K)->41911K(44416K) NonClass: 36788K(38144K)->36788K(38144K) Class: 5122K(6272K)->5122K(6272K)
[2023-07-22T06:49:41.930+0100][gc            ] GC(21) Pause Young (Normal) (G1 Evacuation Pause) 208M->163M(1024M) 34.389ms
[2023-07-22T06:49:41.930+0100][gc,cpu        ] GC(21) User=0.05s Sys=0.01s Real=0.03s
[2023-07-22T06:51:39.976+0100][gc,start      ] GC(22) Pause Young (Normal) (G1 Evacuation Pause)
[2023-07-22T06:51:39.976+0100][gc,task       ] GC(22) Using 2 workers of 2 for evacuation
[2023-07-22T06:51:40.006+0100][gc,mmu        ] GC(22) MMU target violated: 21.0ms (20.0ms/21.0ms)
[2023-07-22T06:51:40.006+0100][gc,phases     ] GC(22)   Pre Evacuate Collection Set: 0.3ms
[2023-07-22T06:51:40.006+0100][gc,phases     ] GC(22)   Evacuate Collection Set: 28.5ms
[2023-07-22T06:51:40.006+0100][gc,phases     ] GC(22)   Post Evacuate Collection Set: 0.9ms
[2023-07-22T06:51:40.006+0100][gc,phases     ] GC(22)   Other: 0.8ms
[2023-07-22T06:51:40.006+0100][gc,heap       ] GC(22) Eden regions: 46->0(46)
[2023-07-22T06:51:40.006+0100][gc,heap       ] GC(22) Survivor regions: 5->5(7)
[2023-07-22T06:51:40.006+0100][gc,heap       ] GC(22) Old regions: 32->33
[2023-07-22T06:51:40.006+0100][gc,heap       ] GC(22) Humongous regions: 129->129
[2023-07-22T06:51:40.006+0100][gc,metaspace  ] GC(22) Metaspace: 41917K(44416K)->41917K(44416K) NonClass: 36794K(38144K)->36794K(38144K) Class: 5122K(6272K)->5122K(6272K)
[2023-07-22T06:51:40.006+0100][gc            ] GC(22) Pause Young (Normal) (G1 Evacuation Pause) 209M->164M(1024M) 30.713ms
[2023-07-22T06:51:40.006+0100][gc,cpu        ] GC(22) User=0.05s Sys=0.00s Real=0.03s
[2023-07-22T06:53:37.674+0100][gc,start      ] GC(23) Pause Young (Normal) (G1 Evacuation Pause)
[2023-07-22T06:53:37.676+0100][gc,task       ] GC(23) Using 2 workers of 2 for evacuation
[2023-07-22T06:53:37.771+0100][gc,mmu        ] GC(23) MMU target violated: 21.0ms (20.0ms/21.0ms)
[2023-07-22T06:53:37.772+0100][gc,phases     ] GC(23)   Pre Evacuate Collection Set: 2.1ms
[2023-07-22T06:53:37.772+0100][gc,phases     ] GC(23)   Evacuate Collection Set: 92.2ms
[2023-07-22T06:53:37.772+0100][gc,phases     ] GC(23)   Post Evacuate Collection Set: 0.7ms
[2023-07-22T06:53:37.772+0100][gc,phases     ] GC(23)   Other: 2.5ms
[2023-07-22T06:53:37.772+0100][gc,heap       ] GC(23) Eden regions: 46->0(45)
[2023-07-22T06:53:37.772+0100][gc,heap       ] GC(23) Survivor regions: 5->6(7)
[2023-07-22T06:53:37.772+0100][gc,heap       ] GC(23) Old regions: 33->34
[2023-07-22T06:53:37.772+0100][gc,heap       ] GC(23) Humongous regions: 129->129
[2023-07-22T06:53:37.772+0100][gc,metaspace  ] GC(23) Metaspace: 41919K(44416K)->41919K(44416K) NonClass: 36796K(38144K)->36796K(38144K) Class: 5122K(6272K)->5122K(6272K)
[2023-07-22T06:53:37.772+0100][gc            ] GC(23) Pause Young (Normal) (G1 Evacuation Pause) 210M->167M(1024M) 97.790ms
[2023-07-22T06:53:37.772+0100][gc,cpu        ] GC(23) User=0.09s Sys=0.01s Real=0.09s
[2023-07-22T06:57:44.001+0100][gc,start      ] GC(24) Pause Young (Normal) (G1 Evacuation Pause)
[2023-07-22T06:57:44.001+0100][gc,task       ] GC(24) Using 2 workers of 2 for evacuation
[2023-07-22T06:57:44.026+0100][gc,mmu        ] GC(24) MMU target violated: 21.0ms (20.0ms/21.0ms)
[2023-07-22T06:57:44.027+0100][gc,phases     ] GC(24)   Pre Evacuate Collection Set: 0.7ms
[2023-07-22T06:57:44.027+0100][gc,phases     ] GC(24)   Evacuate Collection Set: 23.9ms
[2023-07-22T06:57:44.027+0100][gc,phases     ] GC(24)   Post Evacuate Collection Set: 0.5ms
[2023-07-22T06:57:44.027+0100][gc,phases     ] GC(24)   Other: 0.6ms
[2023-07-22T06:57:44.027+0100][gc,heap       ] GC(24) Eden regions: 45->0(45)
[2023-07-22T06:57:44.027+0100][gc,heap       ] GC(24) Survivor regions: 6->6(7)
[2023-07-22T06:57:44.027+0100][gc,heap       ] GC(24) Old regions: 34->36
[2023-07-22T06:57:44.027+0100][gc,heap       ] GC(24) Humongous regions: 129->129
[2023-07-22T06:57:44.027+0100][gc,metaspace  ] GC(24) Metaspace: 41937K(44416K)->41937K(44416K) NonClass: 36814K(38144K)->36814K(38144K) Class: 5122K(6272K)->5122K(6272K)
[2023-07-22T06:57:44.027+0100][gc            ] GC(24) Pause Young (Normal) (G1 Evacuation Pause) 212M->169M(1024M) 25.740ms
[2023-07-22T06:57:44.027+0100][gc,cpu        ] GC(24) User=0.04s Sys=0.00s Real=0.03s
[2023-07-22T07:10:39.275+0100][gc,start      ] GC(25) Pause Young (Normal) (G1 Evacuation Pause)
[2023-07-22T07:10:39.287+0100][gc,task       ] GC(25) Using 2 workers of 2 for evacuation
[2023-07-22T07:10:41.347+0100][gc,mmu        ] GC(25) MMU target violated: 21.0ms (20.0ms/21.0ms)
[2023-07-22T07:10:41.348+0100][gc,phases     ] GC(25)   Pre Evacuate Collection Set: 529.3ms
[2023-07-22T07:10:41.349+0100][gc,phases     ] GC(25)   Evacuate Collection Set: 1497.2ms
[2023-07-22T07:10:41.349+0100][gc,phases     ] GC(25)   Post Evacuate Collection Set: 16.9ms
[2023-07-22T07:10:41.349+0100][gc,phases     ] GC(25)   Other: 34.9ms
[2023-07-22T07:10:41.349+0100][gc,heap       ] GC(25) Eden regions: 45->0(44)
[2023-07-22T07:10:41.349+0100][gc,heap       ] GC(25) Survivor regions: 6->7(7)
[2023-07-22T07:10:41.350+0100][gc,heap       ] GC(25) Old regions: 36->39
[2023-07-22T07:10:41.350+0100][gc,heap       ] GC(25) Humongous regions: 129->129
[2023-07-22T07:10:41.350+0100][gc,metaspace  ] GC(25) Metaspace: 42028K(44416K)->42028K(44416K) NonClass: 36899K(38144K)->36899K(38144K) Class: 5128K(6272K)->5128K(6272K)
[2023-07-22T07:10:41.352+0100][gc            ] GC(25) Pause Young (Normal) (G1 Evacuation Pause) 214M->173M(1024M) 2075.393ms
[2023-07-22T07:10:41.352+0100][gc,cpu        ] GC(25) User=0.16s Sys=0.51s Real=2.07s
[2023-07-22T07:20:04.268+0100][gc,start      ] GC(26) Pause Young (Normal) (G1 Evacuation Pause)
[2023-07-22T07:20:04.273+0100][gc,task       ] GC(26) Using 2 workers of 2 for evacuation
[2023-07-22T07:20:05.089+0100][gc,mmu        ] GC(26) MMU target violated: 21.0ms (20.0ms/21.0ms)
[2023-07-22T07:20:05.089+0100][gc,phases     ] GC(26)   Pre Evacuate Collection Set: 282.1ms
[2023-07-22T07:20:05.089+0100][gc,phases     ] GC(26)   Evacuate Collection Set: 519.4ms
[2023-07-22T07:20:05.089+0100][gc,phases     ] GC(26)   Post Evacuate Collection Set: 7.4ms
[2023-07-22T07:20:05.089+0100][gc,phases     ] GC(26)   Other: 13.1ms
[2023-07-22T07:20:05.089+0100][gc,heap       ] GC(26) Eden regions: 44->0(48)
[2023-07-22T07:20:05.089+0100][gc,heap       ] GC(26) Survivor regions: 7->3(7)
[2023-07-22T07:20:05.089+0100][gc,heap       ] GC(26) Old regions: 39->44
[2023-07-22T07:20:05.089+0100][gc,heap       ] GC(26) Humongous regions: 129->129
[2023-07-22T07:20:05.089+0100][gc,metaspace  ] GC(26) Metaspace: 42053K(44416K)->42053K(44416K) NonClass: 36924K(38144K)->36924K(38144K) Class: 5128K(6272K)->5128K(6272K)
[2023-07-22T07:20:05.089+0100][gc            ] GC(26) Pause Young (Normal) (G1 Evacuation Pause) 217M->174M(1024M) 821.034ms
[2023-07-22T07:20:05.089+0100][gc,cpu        ] GC(26) User=0.07s Sys=0.23s Real=0.82s
[2023-07-22T07:21:36.426+0100][gc,start      ] GC(27) Pause Young (Normal) (G1 Evacuation Pause)
[2023-07-22T07:21:36.426+0100][gc,task       ] GC(27) Using 2 workers of 2 for evacuation
[2023-07-22T07:21:36.621+0100][gc,mmu        ] GC(27) MMU target violated: 21.0ms (20.0ms/21.0ms)
[2023-07-22T07:21:36.621+0100][gc,phases     ] GC(27)   Pre Evacuate Collection Set: 0.2ms
[2023-07-22T07:21:36.621+0100][gc,phases     ] GC(27)   Evacuate Collection Set: 192.9ms
[2023-07-22T07:21:36.621+0100][gc,phases     ] GC(27)   Post Evacuate Collection Set: 1.9ms
[2023-07-22T07:21:36.621+0100][gc,phases     ] GC(27)   Other: 2.1ms
[2023-07-22T07:21:36.621+0100][gc,heap       ] GC(27) Eden regions: 48->0(47)
[2023-07-22T07:21:36.621+0100][gc,heap       ] GC(27) Survivor regions: 3->4(7)
[2023-07-22T07:21:36.621+0100][gc,heap       ] GC(27) Old regions: 44->44
[2023-07-22T07:21:36.621+0100][gc,heap       ] GC(27) Humongous regions: 129->129
[2023-07-22T07:21:36.621+0100][gc,metaspace  ] GC(27) Metaspace: 42053K(44416K)->42053K(44416K) NonClass: 36924K(38144K)->36924K(38144K) Class: 5128K(6272K)->5128K(6272K)
[2023-07-22T07:21:36.622+0100][gc            ] GC(27) Pause Young (Normal) (G1 Evacuation Pause) 222M->175M(1024M) 195.860ms
[2023-07-22T07:21:36.622+0100][gc,cpu        ] GC(27) User=0.04s Sys=0.09s Real=0.19s
[2023-07-22T07:23:41.982+0100][gc,start      ] GC(28) Pause Young (Normal) (G1 Evacuation Pause)
[2023-07-22T07:23:41.983+0100][gc,task       ] GC(28) Using 2 workers of 2 for evacuation
[2023-07-22T07:23:42.022+0100][gc,mmu        ] GC(28) MMU target violated: 21.0ms (20.0ms/21.0ms)
[2023-07-22T07:23:42.023+0100][gc,phases     ] GC(28)   Pre Evacuate Collection Set: 0.9ms
[2023-07-22T07:23:42.023+0100][gc,phases     ] GC(28)   Evacuate Collection Set: 35.1ms
[2023-07-22T07:23:42.024+0100][gc,phases     ] GC(28)   Post Evacuate Collection Set: 2.5ms
[2023-07-22T07:23:42.024+0100][gc,phases     ] GC(28)   Other: 3.2ms
[2023-07-22T07:23:42.024+0100][gc,heap       ] GC(28) Eden regions: 47->0(47)
[2023-07-22T07:23:42.024+0100][gc,heap       ] GC(28) Survivor regions: 4->4(7)
[2023-07-22T07:23:42.025+0100][gc,heap       ] GC(28) Old regions: 44->44
[2023-07-22T07:23:42.025+0100][gc,heap       ] GC(28) Humongous regions: 129->129
[2023-07-22T07:23:42.025+0100][gc,metaspace  ] GC(28) Metaspace: 42053K(44416K)->42053K(44416K) NonClass: 36924K(38144K)->36924K(38144K) Class: 5128K(6272K)->5128K(6272K)
[2023-07-22T07:23:42.026+0100][gc            ] GC(28) Pause Young (Normal) (G1 Evacuation Pause) 222M->175M(1024M) 44.247ms
[2023-07-22T07:23:42.026+0100][gc,cpu        ] GC(28) User=0.06s Sys=0.00s Real=0.05s
[2023-07-22T07:25:28.039+0100][gc,start      ] GC(29) Pause Young (Normal) (G1 Evacuation Pause)
[2023-07-22T07:25:28.039+0100][gc,task       ] GC(29) Using 2 workers of 2 for evacuation
[2023-07-22T07:25:28.050+0100][gc,phases     ] GC(29)   Pre Evacuate Collection Set: 0.1ms
[2023-07-22T07:25:28.050+0100][gc,phases     ] GC(29)   Evacuate Collection Set: 10.0ms
[2023-07-22T07:25:28.050+0100][gc,phases     ] GC(29)   Post Evacuate Collection Set: 1.1ms
[2023-07-22T07:25:28.050+0100][gc,phases     ] GC(29)   Other: 0.9ms
[2023-07-22T07:25:28.050+0100][gc,heap       ] GC(29) Eden regions: 47->0(48)
[2023-07-22T07:25:28.050+0100][gc,heap       ] GC(29) Survivor regions: 4->3(7)
[2023-07-22T07:25:28.050+0100][gc,heap       ] GC(29) Old regions: 44->46
[2023-07-22T07:25:28.050+0100][gc,heap       ] GC(29) Humongous regions: 129->129
[2023-07-22T07:25:28.050+0100][gc,metaspace  ] GC(29) Metaspace: 42057K(44416K)->42057K(44416K) NonClass: 36928K(38144K)->36928K(38144K) Class: 5128K(6272K)->5128K(6272K)
[2023-07-22T07:25:28.050+0100][gc            ] GC(29) Pause Young (Normal) (G1 Evacuation Pause) 222M->176M(1024M) 11.618ms
[2023-07-22T07:25:28.051+0100][gc,cpu        ] GC(29) User=0.01s Sys=0.00s Real=0.01s
[2023-07-22T07:29:25.809+0100][gc,start      ] GC(30) Pause Young (Normal) (G1 Evacuation Pause)
[2023-07-22T07:29:25.810+0100][gc,task       ] GC(30) Using 2 workers of 2 for evacuation
[2023-07-22T07:29:25.849+0100][gc,mmu        ] GC(30) MMU target violated: 21.0ms (20.0ms/21.0ms)
[2023-07-22T07:29:25.858+0100][gc,phases     ] GC(30)   Pre Evacuate Collection Set: 0.4ms
[2023-07-22T07:29:25.858+0100][gc,phases     ] GC(30)   Evacuate Collection Set: 37.6ms
[2023-07-22T07:29:25.858+0100][gc,phases     ] GC(30)   Post Evacuate Collection Set: 0.6ms
[2023-07-22T07:29:25.858+0100][gc,phases     ] GC(30)   Other: 9.8ms
[2023-07-22T07:29:25.858+0100][gc,heap       ] GC(30) Eden regions: 48->0(47)
[2023-07-22T07:29:25.858+0100][gc,heap       ] GC(30) Survivor regions: 3->4(7)
[2023-07-22T07:29:25.858+0100][gc,heap       ] GC(30) Old regions: 46->46
[2023-07-22T07:29:25.858+0100][gc,heap       ] GC(30) Humongous regions: 129->129
[2023-07-22T07:29:25.858+0100][gc,metaspace  ] GC(30) Metaspace: 42059K(44416K)->42059K(44416K) NonClass: 36930K(38144K)->36930K(38144K) Class: 5128K(6272K)->5128K(6272K)
[2023-07-22T07:29:25.858+0100][gc            ] GC(30) Pause Young (Normal) (G1 Evacuation Pause) 224M->177M(1024M) 48.699ms
[2023-07-22T07:29:25.858+0100][gc,cpu        ] GC(30) User=0.02s Sys=0.00s Real=0.05s
[2023-07-22T07:56:38.391+0100][gc,start      ] GC(31) Pause Young (Normal) (G1 Evacuation Pause)
[2023-07-22T07:56:38.395+0100][gc,task       ] GC(31) Using 2 workers of 2 for evacuation
[2023-07-22T07:56:39.252+0100][gc,mmu        ] GC(31) MMU target violated: 21.0ms (20.0ms/21.0ms)
[2023-07-22T07:56:39.252+0100][gc,phases     ] GC(31)   Pre Evacuate Collection Set: 182.8ms
[2023-07-22T07:56:39.253+0100][gc,phases     ] GC(31)   Evacuate Collection Set: 653.3ms
[2023-07-22T07:56:39.253+0100][gc,phases     ] GC(31)   Post Evacuate Collection Set: 17.4ms
[2023-07-22T07:56:39.254+0100][gc,phases     ] GC(31)   Other: 8.2ms
[2023-07-22T07:56:39.254+0100][gc,heap       ] GC(31) Eden regions: 47->0(44)
[2023-07-22T07:56:39.254+0100][gc,heap       ] GC(31) Survivor regions: 4->7(7)
[2023-07-22T07:56:39.254+0100][gc,heap       ] GC(31) Old regions: 46->47
[2023-07-22T07:56:39.254+0100][gc,heap       ] GC(31) Humongous regions: 129->129
[2023-07-22T07:56:39.254+0100][gc,metaspace  ] GC(31) Metaspace: 42171K(44672K)->42171K(44672K) NonClass: 37032K(38400K)->37032K(38400K) Class: 5139K(6272K)->5139K(6272K)
[2023-07-22T07:56:39.254+0100][gc            ] GC(31) Pause Young (Normal) (G1 Evacuation Pause) 224M->180M(1024M) 863.564ms
[2023-07-22T07:56:39.255+0100][gc,cpu        ] GC(31) User=0.04s Sys=0.14s Real=0.87s
[2023-07-22T08:13:58.390+0100][gc,start      ] GC(32) Pause Young (Normal) (G1 Evacuation Pause)
[2023-07-22T08:13:58.392+0100][gc,task       ] GC(32) Using 2 workers of 2 for evacuation
[2023-07-22T08:13:58.459+0100][gc,mmu        ] GC(32) MMU target violated: 21.0ms (20.0ms/21.0ms)
[2023-07-22T08:13:58.460+0100][gc,phases     ] GC(32)   Pre Evacuate Collection Set: 0.7ms
[2023-07-22T08:13:58.460+0100][gc,phases     ] GC(32)   Evacuate Collection Set: 65.3ms
[2023-07-22T08:13:58.460+0100][gc,phases     ] GC(32)   Post Evacuate Collection Set: 1.2ms
[2023-07-22T08:13:58.460+0100][gc,phases     ] GC(32)   Other: 2.6ms
[2023-07-22T08:13:58.460+0100][gc,heap       ] GC(32) Eden regions: 44->0(46)
[2023-07-22T08:13:58.460+0100][gc,heap       ] GC(32) Survivor regions: 7->5(7)
[2023-07-22T08:13:58.460+0100][gc,heap       ] GC(32) Old regions: 47->53
[2023-07-22T08:13:58.460+0100][gc,heap       ] GC(32) Humongous regions: 129->129
[2023-07-22T08:13:58.461+0100][gc,metaspace  ] GC(32) Metaspace: 42174K(44672K)->42174K(44672K) NonClass: 37035K(38400K)->37035K(38400K) Class: 5139K(6272K)->5139K(6272K)
[2023-07-22T08:13:58.461+0100][gc            ] GC(32) Pause Young (Normal) (G1 Evacuation Pause) 224M->184M(1024M) 70.672ms
[2023-07-22T08:13:58.461+0100][gc,cpu        ] GC(32) User=0.06s Sys=0.01s Real=0.08s
[2023-07-22T08:31:11.462+0100][gc,start      ] GC(33) Pause Young (Normal) (G1 Evacuation Pause)
[2023-07-22T08:31:11.462+0100][gc,task       ] GC(33) Using 2 workers of 2 for evacuation
[2023-07-22T08:31:11.509+0100][gc,mmu        ] GC(33) MMU target violated: 21.0ms (20.0ms/21.0ms)
[2023-07-22T08:31:11.509+0100][gc,phases     ] GC(33)   Pre Evacuate Collection Set: 0.1ms
[2023-07-22T08:31:11.510+0100][gc,phases     ] GC(33)   Evacuate Collection Set: 45.9ms
[2023-07-22T08:31:11.510+0100][gc,phases     ] GC(33)   Post Evacuate Collection Set: 0.5ms
[2023-07-22T08:31:11.510+0100][gc,phases     ] GC(33)   Other: 2.9ms
[2023-07-22T08:31:11.510+0100][gc,heap       ] GC(33) Eden regions: 46->0(46)
[2023-07-22T08:31:11.510+0100][gc,heap       ] GC(33) Survivor regions: 5->5(7)
[2023-07-22T08:31:11.510+0100][gc,heap       ] GC(33) Old regions: 53->56
[2023-07-22T08:31:11.510+0100][gc,heap       ] GC(33) Humongous regions: 129->129
[2023-07-22T08:31:11.510+0100][gc,metaspace  ] GC(33) Metaspace: 42199K(44672K)->42199K(44672K) NonClass: 37059K(38400K)->37059K(38400K) Class: 5139K(6272K)->5139K(6272K)
[2023-07-22T08:31:11.510+0100][gc            ] GC(33) Pause Young (Normal) (G1 Evacuation Pause) 230M->188M(1024M) 48.532ms
[2023-07-22T08:31:11.510+0100][gc,cpu        ] GC(33) User=0.06s Sys=0.00s Real=0.04s
[2023-07-22T08:49:24.895+0100][gc,start      ] GC(34) Pause Young (Normal) (G1 Evacuation Pause)
[2023-07-22T08:49:24.895+0100][gc,task       ] GC(34) Using 2 workers of 2 for evacuation
[2023-07-22T08:49:24.923+0100][gc,mmu        ] GC(34) MMU target violated: 21.0ms (20.0ms/21.0ms)
[2023-07-22T08:49:24.923+0100][gc,phases     ] GC(34)   Pre Evacuate Collection Set: 1.2ms
[2023-07-22T08:49:24.923+0100][gc,phases     ] GC(34)   Evacuate Collection Set: 25.3ms
[2023-07-22T08:49:24.923+0100][gc,phases     ] GC(34)   Post Evacuate Collection Set: 0.9ms
[2023-07-22T08:49:24.923+0100][gc,phases     ] GC(34)   Other: 0.9ms
[2023-07-22T08:49:24.923+0100][gc,heap       ] GC(34) Eden regions: 46->0(48)
[2023-07-22T08:49:24.923+0100][gc,heap       ] GC(34) Survivor regions: 5->3(7)
[2023-07-22T08:49:24.923+0100][gc,heap       ] GC(34) Old regions: 56->58
[2023-07-22T08:49:24.923+0100][gc,heap       ] GC(34) Humongous regions: 129->129
[2023-07-22T08:49:24.923+0100][gc,metaspace  ] GC(34) Metaspace: 42199K(44672K)->42199K(44672K) NonClass: 37059K(38400K)->37059K(38400K) Class: 5139K(6272K)->5139K(6272K)
[2023-07-22T08:49:24.923+0100][gc            ] GC(34) Pause Young (Normal) (G1 Evacuation Pause) 234M->188M(1024M) 28.452ms
[2023-07-22T08:49:24.923+0100][gc,cpu        ] GC(34) User=0.03s Sys=0.01s Real=0.03s
[2023-07-22T09:08:36.004+0100][gc,start      ] GC(35) Pause Young (Normal) (G1 Evacuation Pause)
[2023-07-22T09:08:36.004+0100][gc,task       ] GC(35) Using 2 workers of 2 for evacuation
[2023-07-22T09:08:36.016+0100][gc,phases     ] GC(35)   Pre Evacuate Collection Set: 0.1ms
[2023-07-22T09:08:36.017+0100][gc,phases     ] GC(35)   Evacuate Collection Set: 11.0ms
[2023-07-22T09:08:36.017+0100][gc,phases     ] GC(35)   Post Evacuate Collection Set: 1.1ms
[2023-07-22T09:08:36.017+0100][gc,phases     ] GC(35)   Other: 2.2ms
[2023-07-22T09:08:36.017+0100][gc,heap       ] GC(35) Eden regions: 48->0(48)
[2023-07-22T09:08:36.017+0100][gc,heap       ] GC(35) Survivor regions: 3->3(7)
[2023-07-22T09:08:36.017+0100][gc,heap       ] GC(35) Old regions: 58->58
[2023-07-22T09:08:36.017+0100][gc,heap       ] GC(35) Humongous regions: 129->129
[2023-07-22T09:08:36.017+0100][gc,metaspace  ] GC(35) Metaspace: 42205K(44672K)->42205K(44672K) NonClass: 37065K(38400K)->37065K(38400K) Class: 5139K(6272K)->5139K(6272K)
[2023-07-22T09:08:36.017+0100][gc            ] GC(35) Pause Young (Normal) (G1 Evacuation Pause) 236M->187M(1024M) 13.319ms
[2023-07-22T09:08:36.017+0100][gc,cpu        ] GC(35) User=0.02s Sys=0.00s Real=0.01s
[2023-07-22T10:01:57.067+0100][gc,start      ] GC(36) Pause Young (Normal) (G1 Evacuation Pause)
[2023-07-22T10:01:57.067+0100][gc,task       ] GC(36) Using 2 workers of 2 for evacuation
[2023-07-22T10:01:57.097+0100][gc,mmu        ] GC(36) MMU target violated: 21.0ms (20.0ms/21.0ms)
[2023-07-22T10:01:57.098+0100][gc,phases     ] GC(36)   Pre Evacuate Collection Set: 0.4ms
[2023-07-22T10:01:57.098+0100][gc,phases     ] GC(36)   Evacuate Collection Set: 28.2ms
[2023-07-22T10:01:57.098+0100][gc,phases     ] GC(36)   Post Evacuate Collection Set: 1.1ms
[2023-07-22T10:01:57.098+0100][gc,phases     ] GC(36)   Other: 1.0ms
[2023-07-22T10:01:57.098+0100][gc,heap       ] GC(36) Eden regions: 48->0(47)
[2023-07-22T10:01:57.098+0100][gc,heap       ] GC(36) Survivor regions: 3->4(7)
[2023-07-22T10:01:57.098+0100][gc,heap       ] GC(36) Old regions: 58->58
[2023-07-22T10:01:57.098+0100][gc,heap       ] GC(36) Humongous regions: 129->129
[2023-07-22T10:01:57.098+0100][gc,metaspace  ] GC(36) Metaspace: 42206K(44672K)->42206K(44672K) NonClass: 37067K(38400K)->37067K(38400K) Class: 5139K(6272K)->5139K(6272K)
[2023-07-22T10:01:57.098+0100][gc            ] GC(36) Pause Young (Normal) (G1 Evacuation Pause) 235M->188M(1024M) 31.391ms
[2023-07-22T10:01:57.098+0100][gc,cpu        ] GC(36) User=0.04s Sys=0.00s Real=0.03s
[2023-07-22T10:16:06.204+0100][gc,start      ] GC(37) Pause Young (Normal) (G1 Evacuation Pause)
[2023-07-22T10:16:06.208+0100][gc,task       ] GC(37) Using 2 workers of 2 for evacuation
[2023-07-22T10:16:06.813+0100][gc,mmu        ] GC(37) MMU target violated: 21.0ms (20.0ms/21.0ms)
[2023-07-22T10:16:06.815+0100][gc,phases     ] GC(37)   Pre Evacuate Collection Set: 106.2ms
[2023-07-22T10:16:06.816+0100][gc,phases     ] GC(37)   Evacuate Collection Set: 484.6ms
[2023-07-22T10:16:06.817+0100][gc,phases     ] GC(37)   Post Evacuate Collection Set: 8.1ms
[2023-07-22T10:16:06.818+0100][gc,phases     ] GC(37)   Other: 15.8ms
[2023-07-22T10:16:06.818+0100][gc,heap       ] GC(37) Eden regions: 47->0(46)
[2023-07-22T10:16:06.819+0100][gc,heap       ] GC(37) Survivor regions: 4->5(7)
[2023-07-22T10:16:06.821+0100][gc,heap       ] GC(37) Old regions: 58->58
[2023-07-22T10:16:06.822+0100][gc,heap       ] GC(37) Humongous regions: 129->129
[2023-07-22T10:16:06.823+0100][gc,metaspace  ] GC(37) Metaspace: 42313K(44672K)->42313K(44672K) NonClass: 37150K(38400K)->37150K(38400K) Class: 5163K(6272K)->5163K(6272K)
[2023-07-22T10:16:06.827+0100][gc            ] GC(37) Pause Young (Normal) (G1 Evacuation Pause) 235M->190M(1024M) 622.967ms
[2023-07-22T10:16:06.828+0100][gc,cpu        ] GC(37) User=0.38s Sys=0.07s Real=0.62s
[2023-07-22T10:31:37.683+0100][gc,start      ] GC(38) Pause Young (Normal) (G1 Evacuation Pause)
[2023-07-22T10:31:37.686+0100][gc,task       ] GC(38) Using 2 workers of 2 for evacuation
[2023-07-22T10:31:38.038+0100][gc,mmu        ] GC(38) MMU target violated: 21.0ms (20.0ms/21.0ms)
[2023-07-22T10:31:38.038+0100][gc,phases     ] GC(38)   Pre Evacuate Collection Set: 75.1ms
[2023-07-22T10:31:38.038+0100][gc,phases     ] GC(38)   Evacuate Collection Set: 262.6ms
[2023-07-22T10:31:38.038+0100][gc,phases     ] GC(38)   Post Evacuate Collection Set: 13.1ms
[2023-07-22T10:31:38.038+0100][gc,phases     ] GC(38)   Other: 3.8ms
[2023-07-22T10:31:38.038+0100][gc,heap       ] GC(38) Eden regions: 46->0(47)
[2023-07-22T10:31:38.038+0100][gc,heap       ] GC(38) Survivor regions: 5->4(7)
[2023-07-22T10:31:38.039+0100][gc,heap       ] GC(38) Old regions: 58->60
[2023-07-22T10:31:38.039+0100][gc,heap       ] GC(38) Humongous regions: 129->129
[2023-07-22T10:31:38.039+0100][gc,metaspace  ] GC(38) Metaspace: 42338K(44800K)->42338K(44800K) NonClass: 37167K(38400K)->37167K(38400K) Class: 5171K(6400K)->5171K(6400K)
[2023-07-22T10:31:38.039+0100][gc            ] GC(38) Pause Young (Normal) (G1 Evacuation Pause) 236M->190M(1024M) 355.653ms
[2023-07-22T10:31:38.039+0100][gc,cpu        ] GC(38) User=0.03s Sys=0.07s Real=0.35s
