[2023-07-22T10:54:46.819+0100][gc,heap] Heap region size: 1M
[2023-07-22T10:54:46.849+0100][gc     ] Using G1
[2023-07-22T10:54:46.849+0100][gc,heap,coops] Heap address: 0x00000000c0000000, size: 1024 MB, Compressed Oops mode: 32-bit
[2023-07-22T10:54:46.850+0100][gc,cds       ] Mark closed archive regions in map: [0x00000000fff00000, 0x00000000fff6aff8]
[2023-07-22T10:54:46.850+0100][gc,cds       ] Mark open archive regions in map: [0x00000000ffe00000, 0x00000000ffe46ff8]
[2023-07-22T10:54:51.399+0100][gc,start     ] GC(0) Pause Young (Normal) (G1 Evacuation Pause)
[2023-07-22T10:54:51.400+0100][gc,task      ] GC(0) Using 2 workers of 2 for evacuation
[2023-07-22T10:54:51.480+0100][gc,mmu       ] GC(0) MMU target violated: 21.0ms (20.0ms/21.0ms)
[2023-07-22T10:54:51.480+0100][gc,phases    ] GC(0)   Pre Evacuate Collection Set: 0.0ms
[2023-07-22T10:54:51.480+0100][gc,phases    ] GC(0)   Evacuate Collection Set: 79.2ms
[2023-07-22T10:54:51.480+0100][gc,phases    ] GC(0)   Post Evacuate Collection Set: 0.7ms
[2023-07-22T10:54:51.480+0100][gc,phases    ] GC(0)   Other: 1.4ms
[2023-07-22T10:54:51.480+0100][gc,heap      ] GC(0) Eden regions: 51->0(44)
[2023-07-22T10:54:51.480+0100][gc,heap      ] GC(0) Survivor regions: 0->7(7)
[2023-07-22T10:54:51.480+0100][gc,heap      ] GC(0) Old regions: 2->2
[2023-07-22T10:54:51.480+0100][gc,heap      ] GC(0) Humongous regions: 0->0
[2023-07-22T10:54:51.480+0100][gc,metaspace ] GC(0) Metaspace: 14261K(15104K)->14261K(15104K) NonClass: 12516K(13056K)->12516K(13056K) Class: 1745K(2048K)->1745K(2048K)
[2023-07-22T10:54:51.480+0100][gc           ] GC(0) Pause Young (Normal) (G1 Evacuation Pause) 51M->7M(1024M) 81.500ms
[2023-07-22T10:54:51.480+0100][gc,cpu       ] GC(0) User=0.06s Sys=0.10s Real=0.08s
[2023-07-22T10:54:53.183+0100][gc,start     ] GC(1) Pause Young (Concurrent Start) (Metadata GC Threshold)
[2023-07-22T10:54:53.183+0100][gc,task      ] GC(1) Using 2 workers of 2 for evacuation
[2023-07-22T10:54:53.290+0100][gc,mmu       ] GC(1) MMU target violated: 21.0ms (20.0ms/21.0ms)
[2023-07-22T10:54:53.290+0100][gc,phases    ] GC(1)   Pre Evacuate Collection Set: 0.1ms
[2023-07-22T10:54:53.290+0100][gc,phases    ] GC(1)   Evacuate Collection Set: 105.3ms
[2023-07-22T10:54:53.290+0100][gc,phases    ] GC(1)   Post Evacuate Collection Set: 0.8ms
[2023-07-22T10:54:53.290+0100][gc,phases    ] GC(1)   Other: 1.0ms
[2023-07-22T10:54:53.290+0100][gc,heap      ] GC(1) Eden regions: 29->0(50)
[2023-07-22T10:54:53.290+0100][gc,heap      ] GC(1) Survivor regions: 7->1(7)
[2023-07-22T10:54:53.290+0100][gc,heap      ] GC(1) Old regions: 2->9
[2023-07-22T10:54:53.290+0100][gc,heap      ] GC(1) Humongous regions: 0->0
[2023-07-22T10:54:53.290+0100][gc,metaspace ] GC(1) Metaspace: 20512K(21248K)->20512K(21248K) NonClass: 18022K(18432K)->18022K(18432K) Class: 2489K(2816K)->2489K(2816K)
[2023-07-22T10:54:53.290+0100][gc           ] GC(1) Pause Young (Concurrent Start) (Metadata GC Threshold) 35M->8M(1024M) 107.345ms
[2023-07-22T10:54:53.290+0100][gc,cpu       ] GC(1) User=0.06s Sys=0.13s Real=0.11s
[2023-07-22T10:54:53.290+0100][gc           ] GC(2) Concurrent Cycle
[2023-07-22T10:54:53.290+0100][gc,marking   ] GC(2) Concurrent Clear Claimed Marks
[2023-07-22T10:54:53.290+0100][gc,marking   ] GC(2) Concurrent Clear Claimed Marks 0.085ms
[2023-07-22T10:54:53.290+0100][gc,marking   ] GC(2) Concurrent Scan Root Regions
[2023-07-22T10:54:53.295+0100][gc,marking   ] GC(2) Concurrent Scan Root Regions 4.502ms
[2023-07-22T10:54:53.295+0100][gc,marking   ] GC(2) Concurrent Mark (6.488s)
[2023-07-22T10:54:53.295+0100][gc,marking   ] GC(2) Concurrent Mark From Roots
[2023-07-22T10:54:53.295+0100][gc,task      ] GC(2) Using 1 workers of 1 for marking
[2023-07-22T10:54:53.312+0100][gc,marking   ] GC(2) Concurrent Mark From Roots 16.688ms
[2023-07-22T10:54:53.312+0100][gc,marking   ] GC(2) Concurrent Preclean
[2023-07-22T10:54:53.312+0100][gc,marking   ] GC(2) Concurrent Preclean 0.316ms
[2023-07-22T10:54:53.312+0100][gc,marking   ] GC(2) Concurrent Mark (6.488s, 6.505s) 17.138ms
[2023-07-22T10:54:53.313+0100][gc,start     ] GC(2) Pause Remark
[2023-07-22T10:54:53.319+0100][gc,stringtable] GC(2) Cleaned string and symbol table, strings: 5157 processed, 0 removed, symbols: 52168 processed, 44 removed
[2023-07-22T10:54:53.320+0100][gc            ] GC(2) Pause Remark 8M->8M(1024M) 6.378ms
[2023-07-22T10:54:53.320+0100][gc,cpu        ] GC(2) User=0.01s Sys=0.01s Real=0.00s
[2023-07-22T10:54:53.320+0100][gc,marking    ] GC(2) Concurrent Rebuild Remembered Sets
[2023-07-22T10:54:53.331+0100][gc,marking    ] GC(2) Concurrent Rebuild Remembered Sets 11.410ms
[2023-07-22T10:54:53.332+0100][gc,start      ] GC(2) Pause Cleanup
[2023-07-22T10:54:53.333+0100][gc            ] GC(2) Pause Cleanup 9M->9M(1024M) 1.712ms
[2023-07-22T10:54:53.334+0100][gc,cpu        ] GC(2) User=0.00s Sys=0.00s Real=0.00s
[2023-07-22T10:54:53.334+0100][gc,marking    ] GC(2) Concurrent Cleanup for Next Mark
[2023-07-22T10:54:53.672+0100][gc,marking    ] GC(2) Concurrent Cleanup for Next Mark 338.035ms
[2023-07-22T10:54:53.672+0100][gc            ] GC(2) Concurrent Cycle 381.566ms
[2023-07-22T10:54:58.589+0100][gc,start      ] GC(3) Pause Young (Normal) (G1 Evacuation Pause)
[2023-07-22T10:54:58.589+0100][gc,task       ] GC(3) Using 2 workers of 2 for evacuation
[2023-07-22T10:54:58.606+0100][gc,phases     ] GC(3)   Pre Evacuate Collection Set: 0.0ms
[2023-07-22T10:54:58.606+0100][gc,phases     ] GC(3)   Evacuate Collection Set: 16.5ms
[2023-07-22T10:54:58.606+0100][gc,phases     ] GC(3)   Post Evacuate Collection Set: 0.6ms
[2023-07-22T10:54:58.606+0100][gc,phases     ] GC(3)   Other: 0.3ms
[2023-07-22T10:54:58.606+0100][gc,heap       ] GC(3) Eden regions: 50->0(46)
[2023-07-22T10:54:58.606+0100][gc,heap       ] GC(3) Survivor regions: 1->5(7)
[2023-07-22T10:54:58.606+0100][gc,heap       ] GC(3) Old regions: 9->9
[2023-07-22T10:54:58.606+0100][gc,heap       ] GC(3) Humongous regions: 129->129
[2023-07-22T10:54:58.606+0100][gc,metaspace  ] GC(3) Metaspace: 28783K(29952K)->28783K(29952K) NonClass: 25450K(26112K)->25450K(26112K) Class: 3332K(3840K)->3332K(3840K)
[2023-07-22T10:54:58.606+0100][gc            ] GC(3) Pause Young (Normal) (G1 Evacuation Pause) 187M->140M(1024M) 17.666ms
[2023-07-22T10:54:58.606+0100][gc,cpu        ] GC(3) User=0.02s Sys=0.00s Real=0.02s
[2023-07-22T10:54:59.657+0100][gc,start      ] GC(4) Pause Young (Concurrent Start) (Metadata GC Threshold)
[2023-07-22T10:54:59.657+0100][gc,task       ] GC(4) Using 2 workers of 2 for evacuation
[2023-07-22T10:54:59.723+0100][gc,mmu        ] GC(4) MMU target violated: 21.0ms (20.0ms/21.0ms)
[2023-07-22T10:54:59.723+0100][gc,phases     ] GC(4)   Pre Evacuate Collection Set: 0.1ms
[2023-07-22T10:54:59.723+0100][gc,phases     ] GC(4)   Evacuate Collection Set: 65.0ms
[2023-07-22T10:54:59.723+0100][gc,phases     ] GC(4)   Post Evacuate Collection Set: 0.4ms
[2023-07-22T10:54:59.723+0100][gc,phases     ] GC(4)   Other: 0.7ms
[2023-07-22T10:54:59.723+0100][gc,heap       ] GC(4) Eden regions: 29->0(49)
[2023-07-22T10:54:59.723+0100][gc,heap       ] GC(4) Survivor regions: 5->2(7)
[2023-07-22T10:54:59.723+0100][gc,heap       ] GC(4) Old regions: 9->13
[2023-07-22T10:54:59.723+0100][gc,heap       ] GC(4) Humongous regions: 129->129
[2023-07-22T10:54:59.723+0100][gc,metaspace  ] GC(4) Metaspace: 34428K(35840K)->34428K(35840K) NonClass: 30413K(31104K)->30413K(31104K) Class: 4015K(4736K)->4015K(4736K)
[2023-07-22T10:54:59.723+0100][gc            ] GC(4) Pause Young (Concurrent Start) (Metadata GC Threshold) 169M->142M(1024M) 66.304ms
[2023-07-22T10:54:59.723+0100][gc,cpu        ] GC(4) User=0.04s Sys=0.07s Real=0.07s
[2023-07-22T10:54:59.723+0100][gc            ] GC(5) Concurrent Cycle
[2023-07-22T10:54:59.723+0100][gc,marking    ] GC(5) Concurrent Clear Claimed Marks
[2023-07-22T10:54:59.724+0100][gc,marking    ] GC(5) Concurrent Clear Claimed Marks 0.096ms
[2023-07-22T10:54:59.724+0100][gc,marking    ] GC(5) Concurrent Scan Root Regions
[2023-07-22T10:54:59.726+0100][gc,marking    ] GC(5) Concurrent Scan Root Regions 2.177ms
[2023-07-22T10:54:59.726+0100][gc,marking    ] GC(5) Concurrent Mark (12.919s)
[2023-07-22T10:54:59.726+0100][gc,marking    ] GC(5) Concurrent Mark From Roots
[2023-07-22T10:54:59.726+0100][gc,task       ] GC(5) Using 1 workers of 1 for marking
[2023-07-22T10:54:59.762+0100][gc,marking    ] GC(5) Concurrent Mark From Roots 35.917ms
[2023-07-22T10:54:59.762+0100][gc,marking    ] GC(5) Concurrent Preclean
[2023-07-22T10:54:59.762+0100][gc,marking    ] GC(5) Concurrent Preclean 0.137ms
[2023-07-22T10:54:59.762+0100][gc,marking    ] GC(5) Concurrent Mark (12.919s, 12.955s) 36.131ms
[2023-07-22T10:54:59.766+0100][gc,start      ] GC(5) Pause Remark
[2023-07-22T10:54:59.772+0100][gc,stringtable] GC(5) Cleaned string and symbol table, strings: 10283 processed, 11 removed, symbols: 84381 processed, 16 removed
[2023-07-22T10:54:59.772+0100][gc            ] GC(5) Pause Remark 143M->143M(1024M) 6.465ms
[2023-07-22T10:54:59.772+0100][gc,cpu        ] GC(5) User=0.01s Sys=0.00s Real=0.01s
[2023-07-22T10:54:59.772+0100][gc,marking    ] GC(5) Concurrent Rebuild Remembered Sets
[2023-07-22T10:54:59.798+0100][gc,marking    ] GC(5) Concurrent Rebuild Remembered Sets 25.610ms
[2023-07-22T10:54:59.799+0100][gc,start      ] GC(5) Pause Cleanup
[2023-07-22T10:54:59.800+0100][gc            ] GC(5) Pause Cleanup 144M->144M(1024M) 1.078ms
[2023-07-22T10:54:59.800+0100][gc,cpu        ] GC(5) User=0.00s Sys=0.00s Real=0.00s
[2023-07-22T10:54:59.800+0100][gc,marking    ] GC(5) Concurrent Cleanup for Next Mark
[2023-07-22T10:55:00.159+0100][gc,marking    ] GC(5) Concurrent Cleanup for Next Mark 359.301ms
[2023-07-22T10:55:00.159+0100][gc            ] GC(5) Concurrent Cycle 436.037ms
[2023-07-22T13:39:57.514+0100][gc,start      ] GC(6) Pause Young (Normal) (G1 Evacuation Pause)
[2023-07-22T13:39:57.518+0100][gc,task       ] GC(6) Using 2 workers of 2 for evacuation
[2023-07-22T13:39:59.081+0100][gc,mmu        ] GC(6) MMU target violated: 21.0ms (20.0ms/21.0ms)
[2023-07-22T13:39:59.082+0100][gc,phases     ] GC(6)   Pre Evacuate Collection Set: 274.9ms
[2023-07-22T13:39:59.082+0100][gc,phases     ] GC(6)   Evacuate Collection Set: 1253.5ms
[2023-07-22T13:39:59.082+0100][gc,phases     ] GC(6)   Post Evacuate Collection Set: 15.9ms
[2023-07-22T13:39:59.082+0100][gc,phases     ] GC(6)   Other: 25.6ms
[2023-07-22T13:39:59.082+0100][gc,heap       ] GC(6) Eden regions: 49->0(48)
[2023-07-22T13:39:59.082+0100][gc,heap       ] GC(6) Survivor regions: 2->3(7)
[2023-07-22T13:39:59.082+0100][gc,heap       ] GC(6) Old regions: 13->13
[2023-07-22T13:39:59.082+0100][gc,heap       ] GC(6) Humongous regions: 129->129
[2023-07-22T13:39:59.083+0100][gc,metaspace  ] GC(6) Metaspace: 38247K(40192K)->38247K(40192K) NonClass: 33566K(34560K)->33566K(34560K) Class: 4680K(5632K)->4680K(5632K)
[2023-07-22T13:39:59.083+0100][gc            ] GC(6) Pause Young (Normal) (G1 Evacuation Pause) 191M->143M(1024M) 1568.519ms
[2023-07-22T13:39:59.083+0100][gc,cpu        ] GC(6) User=0.36s Sys=0.39s Real=1.57s
[2023-07-22T13:40:55.023+0100][gc,start      ] GC(7) Pause Young (Normal) (G1 Evacuation Pause)
[2023-07-22T13:40:55.023+0100][gc,task       ] GC(7) Using 2 workers of 2 for evacuation
[2023-07-22T13:40:55.048+0100][gc,mmu        ] GC(7) MMU target violated: 21.0ms (20.0ms/21.0ms)
[2023-07-22T13:40:55.048+0100][gc,phases     ] GC(7)   Pre Evacuate Collection Set: 0.0ms
[2023-07-22T13:40:55.049+0100][gc,phases     ] GC(7)   Evacuate Collection Set: 24.7ms
[2023-07-22T13:40:55.049+0100][gc,phases     ] GC(7)   Post Evacuate Collection Set: 0.7ms
[2023-07-22T13:40:55.049+0100][gc,phases     ] GC(7)   Other: 1.4ms
[2023-07-22T13:40:55.049+0100][gc,heap       ] GC(7) Eden regions: 48->0(48)
[2023-07-22T13:40:55.049+0100][gc,heap       ] GC(7) Survivor regions: 3->3(7)
[2023-07-22T13:40:55.049+0100][gc,heap       ] GC(7) Old regions: 13->13
[2023-07-22T13:40:55.049+0100][gc,heap       ] GC(7) Humongous regions: 129->129
[2023-07-22T13:40:55.049+0100][gc,metaspace  ] GC(7) Metaspace: 38251K(40192K)->38251K(40192K) NonClass: 33570K(34560K)->33570K(34560K) Class: 4680K(5632K)->4680K(5632K)
[2023-07-22T13:40:55.049+0100][gc            ] GC(7) Pause Young (Normal) (G1 Evacuation Pause) 191M->143M(1024M) 25.838ms
[2023-07-22T13:40:55.049+0100][gc,cpu        ] GC(7) User=0.02s Sys=0.00s Real=0.03s
[2023-07-22T13:41:52.541+0100][gc,start      ] GC(8) Pause Young (Normal) (G1 Evacuation Pause)
[2023-07-22T13:41:52.541+0100][gc,task       ] GC(8) Using 2 workers of 2 for evacuation
[2023-07-22T13:41:52.549+0100][gc,phases     ] GC(8)   Pre Evacuate Collection Set: 0.1ms
[2023-07-22T13:41:52.549+0100][gc,phases     ] GC(8)   Evacuate Collection Set: 7.0ms
[2023-07-22T13:41:52.549+0100][gc,phases     ] GC(8)   Post Evacuate Collection Set: 0.6ms
[2023-07-22T13:41:52.549+0100][gc,phases     ] GC(8)   Other: 0.3ms
[2023-07-22T13:41:52.549+0100][gc,heap       ] GC(8) Eden regions: 48->0(48)
[2023-07-22T13:41:52.549+0100][gc,heap       ] GC(8) Survivor regions: 3->3(7)
[2023-07-22T13:41:52.549+0100][gc,heap       ] GC(8) Old regions: 13->13
[2023-07-22T13:41:52.549+0100][gc,heap       ] GC(8) Humongous regions: 129->129
[2023-07-22T13:41:52.549+0100][gc,metaspace  ] GC(8) Metaspace: 38255K(40192K)->38255K(40192K) NonClass: 33574K(34560K)->33574K(34560K) Class: 4680K(5632K)->4680K(5632K)
[2023-07-22T13:41:52.549+0100][gc            ] GC(8) Pause Young (Normal) (G1 Evacuation Pause) 191M->143M(1024M) 8.380ms
[2023-07-22T13:41:52.549+0100][gc,cpu        ] GC(8) User=0.01s Sys=0.00s Real=0.01s
[2023-07-22T13:42:49.817+0100][gc,start      ] GC(9) Pause Young (Normal) (G1 Evacuation Pause)
[2023-07-22T13:42:49.817+0100][gc,task       ] GC(9) Using 2 workers of 2 for evacuation
[2023-07-22T13:42:49.827+0100][gc,phases     ] GC(9)   Pre Evacuate Collection Set: 0.1ms
[2023-07-22T13:42:49.827+0100][gc,phases     ] GC(9)   Evacuate Collection Set: 9.1ms
[2023-07-22T13:42:49.828+0100][gc,phases     ] GC(9)   Post Evacuate Collection Set: 0.7ms
[2023-07-22T13:42:49.828+0100][gc,phases     ] GC(9)   Other: 0.3ms
[2023-07-22T13:42:49.828+0100][gc,heap       ] GC(9) Eden regions: 48->0(48)
[2023-07-22T13:42:49.828+0100][gc,heap       ] GC(9) Survivor regions: 3->3(7)
[2023-07-22T13:42:49.828+0100][gc,heap       ] GC(9) Old regions: 13->13
[2023-07-22T13:42:49.828+0100][gc,heap       ] GC(9) Humongous regions: 129->129
[2023-07-22T13:42:49.828+0100][gc,metaspace  ] GC(9) Metaspace: 38256K(40192K)->38256K(40192K) NonClass: 33576K(34560K)->33576K(34560K) Class: 4680K(5632K)->4680K(5632K)
[2023-07-22T13:42:49.828+0100][gc            ] GC(9) Pause Young (Normal) (G1 Evacuation Pause) 191M->143M(1024M) 10.664ms
[2023-07-22T13:42:49.828+0100][gc,cpu        ] GC(9) User=0.01s Sys=0.00s Real=0.01s
[2023-07-22T13:43:46.790+0100][gc,start      ] GC(10) Pause Young (Normal) (G1 Evacuation Pause)
[2023-07-22T13:43:46.790+0100][gc,task       ] GC(10) Using 2 workers of 2 for evacuation
[2023-07-22T13:43:46.804+0100][gc,phases     ] GC(10)   Pre Evacuate Collection Set: 0.1ms
[2023-07-22T13:43:46.805+0100][gc,phases     ] GC(10)   Evacuate Collection Set: 13.9ms
[2023-07-22T13:43:46.805+0100][gc,phases     ] GC(10)   Post Evacuate Collection Set: 0.6ms
[2023-07-22T13:43:46.805+0100][gc,phases     ] GC(10)   Other: 0.4ms
[2023-07-22T13:43:46.805+0100][gc,heap       ] GC(10) Eden regions: 48->0(48)
[2023-07-22T13:43:46.805+0100][gc,heap       ] GC(10) Survivor regions: 3->3(7)
[2023-07-22T13:43:46.805+0100][gc,heap       ] GC(10) Old regions: 13->13
[2023-07-22T13:43:46.805+0100][gc,heap       ] GC(10) Humongous regions: 129->129
[2023-07-22T13:43:46.805+0100][gc,metaspace  ] GC(10) Metaspace: 38267K(40192K)->38267K(40192K) NonClass: 33586K(34560K)->33586K(34560K) Class: 4680K(5632K)->4680K(5632K)
[2023-07-22T13:43:46.805+0100][gc            ] GC(10) Pause Young (Normal) (G1 Evacuation Pause) 191M->143M(1024M) 15.139ms
[2023-07-22T13:43:46.805+0100][gc,cpu        ] GC(10) User=0.02s Sys=0.00s Real=0.01s
[2023-07-22T13:44:44.511+0100][gc,start      ] GC(11) Pause Young (Normal) (G1 Evacuation Pause)
[2023-07-22T13:44:44.511+0100][gc,task       ] GC(11) Using 2 workers of 2 for evacuation
[2023-07-22T13:44:44.527+0100][gc,phases     ] GC(11)   Pre Evacuate Collection Set: 0.1ms
[2023-07-22T13:44:44.527+0100][gc,phases     ] GC(11)   Evacuate Collection Set: 7.4ms
[2023-07-22T13:44:44.527+0100][gc,phases     ] GC(11)   Post Evacuate Collection Set: 7.5ms
[2023-07-22T13:44:44.527+0100][gc,phases     ] GC(11)   Other: 0.3ms
[2023-07-22T13:44:44.527+0100][gc,heap       ] GC(11) Eden regions: 48->0(48)
[2023-07-22T13:44:44.527+0100][gc,heap       ] GC(11) Survivor regions: 3->3(7)
[2023-07-22T13:44:44.527+0100][gc,heap       ] GC(11) Old regions: 13->13
[2023-07-22T13:44:44.527+0100][gc,heap       ] GC(11) Humongous regions: 129->129
[2023-07-22T13:44:44.527+0100][gc,metaspace  ] GC(11) Metaspace: 38267K(40192K)->38267K(40192K) NonClass: 33586K(34560K)->33586K(34560K) Class: 4680K(5632K)->4680K(5632K)
[2023-07-22T13:44:44.527+0100][gc            ] GC(11) Pause Young (Normal) (G1 Evacuation Pause) 191M->143M(1024M) 15.404ms
[2023-07-22T13:44:44.528+0100][gc,cpu        ] GC(11) User=0.01s Sys=0.01s Real=0.01s
[2023-07-22T13:45:43.333+0100][gc,start      ] GC(12) Pause Young (Normal) (G1 Evacuation Pause)
[2023-07-22T13:45:43.333+0100][gc,task       ] GC(12) Using 2 workers of 2 for evacuation
[2023-07-22T13:45:43.342+0100][gc,phases     ] GC(12)   Pre Evacuate Collection Set: 0.1ms
[2023-07-22T13:45:43.342+0100][gc,phases     ] GC(12)   Evacuate Collection Set: 6.6ms
[2023-07-22T13:45:43.342+0100][gc,phases     ] GC(12)   Post Evacuate Collection Set: 2.1ms
[2023-07-22T13:45:43.343+0100][gc,phases     ] GC(12)   Other: 0.2ms
[2023-07-22T13:45:43.343+0100][gc,heap       ] GC(12) Eden regions: 48->0(48)
[2023-07-22T13:45:43.343+0100][gc,heap       ] GC(12) Survivor regions: 3->3(7)
[2023-07-22T13:45:43.343+0100][gc,heap       ] GC(12) Old regions: 13->13
[2023-07-22T13:45:43.343+0100][gc,heap       ] GC(12) Humongous regions: 129->129
[2023-07-22T13:45:43.343+0100][gc,metaspace  ] GC(12) Metaspace: 38268K(40192K)->38268K(40192K) NonClass: 33587K(34560K)->33587K(34560K) Class: 4680K(5632K)->4680K(5632K)
[2023-07-22T13:45:43.344+0100][gc            ] GC(12) Pause Young (Normal) (G1 Evacuation Pause) 191M->143M(1024M) 10.328ms
[2023-07-22T13:45:43.344+0100][gc,cpu        ] GC(12) User=0.01s Sys=0.00s Real=0.01s
[2023-07-23T01:23:51.589+0100][gc,start      ] GC(13) Pause Young (Normal) (G1 Evacuation Pause)
[2023-07-23T01:23:51.590+0100][gc,task       ] GC(13) Using 2 workers of 2 for evacuation
[2023-07-23T01:23:51.602+0100][gc,phases     ] GC(13)   Pre Evacuate Collection Set: 1.4ms
[2023-07-23T01:23:51.602+0100][gc,phases     ] GC(13)   Evacuate Collection Set: 9.9ms
[2023-07-23T01:23:51.603+0100][gc,phases     ] GC(13)   Post Evacuate Collection Set: 1.1ms
[2023-07-23T01:23:51.603+0100][gc,phases     ] GC(13)   Other: 0.6ms
[2023-07-23T01:23:51.603+0100][gc,heap       ] GC(13) Eden regions: 48->0(48)
[2023-07-23T01:23:51.603+0100][gc,heap       ] GC(13) Survivor regions: 3->3(7)
[2023-07-23T01:23:51.603+0100][gc,heap       ] GC(13) Old regions: 13->13
[2023-07-23T01:23:51.603+0100][gc,heap       ] GC(13) Humongous regions: 129->129
[2023-07-23T01:23:51.603+0100][gc,metaspace  ] GC(13) Metaspace: 38817K(40960K)->38817K(40960K) NonClass: 33971K(35072K)->33971K(35072K) Class: 4846K(5888K)->4846K(5888K)
[2023-07-23T01:23:51.603+0100][gc            ] GC(13) Pause Young (Normal) (G1 Evacuation Pause) 191M->143M(1024M) 14.156ms
[2023-07-23T01:23:51.604+0100][gc,cpu        ] GC(13) User=0.02s Sys=0.01s Real=0.02s
[2023-07-23T01:24:20.279+0100][gc,start      ] GC(14) Pause Young (Normal) (G1 Evacuation Pause)
[2023-07-23T01:24:20.279+0100][gc,task       ] GC(14) Using 2 workers of 2 for evacuation
[2023-07-23T01:24:20.291+0100][gc,phases     ] GC(14)   Pre Evacuate Collection Set: 0.2ms
[2023-07-23T01:24:20.291+0100][gc,phases     ] GC(14)   Evacuate Collection Set: 10.4ms
[2023-07-23T01:24:20.291+0100][gc,phases     ] GC(14)   Post Evacuate Collection Set: 0.7ms
[2023-07-23T01:24:20.291+0100][gc,phases     ] GC(14)   Other: 0.4ms
[2023-07-23T01:24:20.291+0100][gc,heap       ] GC(14) Eden regions: 48->0(48)
[2023-07-23T01:24:20.291+0100][gc,heap       ] GC(14) Survivor regions: 3->3(7)
[2023-07-23T01:24:20.291+0100][gc,heap       ] GC(14) Old regions: 13->13
[2023-07-23T01:24:20.291+0100][gc,heap       ] GC(14) Humongous regions: 129->129
[2023-07-23T01:24:20.291+0100][gc,metaspace  ] GC(14) Metaspace: 38819K(40960K)->38819K(40960K) NonClass: 33972K(35072K)->33972K(35072K) Class: 4846K(5888K)->4846K(5888K)
[2023-07-23T01:24:20.291+0100][gc            ] GC(14) Pause Young (Normal) (G1 Evacuation Pause) 191M->143M(1024M) 11.837ms
[2023-07-23T01:24:20.291+0100][gc,cpu        ] GC(14) User=0.01s Sys=0.00s Real=0.01s
[2023-07-23T01:24:48.348+0100][gc,start      ] GC(15) Pause Young (Normal) (G1 Evacuation Pause)
[2023-07-23T01:24:48.348+0100][gc,task       ] GC(15) Using 2 workers of 2 for evacuation
[2023-07-23T01:24:48.354+0100][gc,phases     ] GC(15)   Pre Evacuate Collection Set: 0.0ms
[2023-07-23T01:24:48.354+0100][gc,phases     ] GC(15)   Evacuate Collection Set: 5.9ms
[2023-07-23T01:24:48.354+0100][gc,phases     ] GC(15)   Post Evacuate Collection Set: 0.5ms
[2023-07-23T01:24:48.354+0100][gc,phases     ] GC(15)   Other: 0.3ms
[2023-07-23T01:24:48.354+0100][gc,heap       ] GC(15) Eden regions: 48->0(48)
[2023-07-23T01:24:48.355+0100][gc,heap       ] GC(15) Survivor regions: 3->3(7)
[2023-07-23T01:24:48.355+0100][gc,heap       ] GC(15) Old regions: 13->13
[2023-07-23T01:24:48.355+0100][gc,heap       ] GC(15) Humongous regions: 129->129
[2023-07-23T01:24:48.355+0100][gc,metaspace  ] GC(15) Metaspace: 38821K(40960K)->38821K(40960K) NonClass: 33974K(35072K)->33974K(35072K) Class: 4846K(5888K)->4846K(5888K)
[2023-07-23T01:24:48.355+0100][gc            ] GC(15) Pause Young (Normal) (G1 Evacuation Pause) 191M->143M(1024M) 6.823ms
[2023-07-23T01:24:48.355+0100][gc,cpu        ] GC(15) User=0.01s Sys=0.00s Real=0.00s
[2023-07-23T01:25:16.417+0100][gc,start      ] GC(16) Pause Young (Normal) (G1 Evacuation Pause)
[2023-07-23T01:25:16.417+0100][gc,task       ] GC(16) Using 2 workers of 2 for evacuation
[2023-07-23T01:25:16.424+0100][gc,phases     ] GC(16)   Pre Evacuate Collection Set: 0.0ms
[2023-07-23T01:25:16.424+0100][gc,phases     ] GC(16)   Evacuate Collection Set: 5.8ms
[2023-07-23T01:25:16.424+0100][gc,phases     ] GC(16)   Post Evacuate Collection Set: 0.6ms
[2023-07-23T01:25:16.424+0100][gc,phases     ] GC(16)   Other: 0.2ms
[2023-07-23T01:25:16.424+0100][gc,heap       ] GC(16) Eden regions: 48->0(48)
[2023-07-23T01:25:16.424+0100][gc,heap       ] GC(16) Survivor regions: 3->3(7)
[2023-07-23T01:25:16.424+0100][gc,heap       ] GC(16) Old regions: 13->13
[2023-07-23T01:25:16.424+0100][gc,heap       ] GC(16) Humongous regions: 129->129
[2023-07-23T01:25:16.424+0100][gc,metaspace  ] GC(16) Metaspace: 38821K(40960K)->38821K(40960K) NonClass: 33974K(35072K)->33974K(35072K) Class: 4846K(5888K)->4846K(5888K)
[2023-07-23T01:25:16.424+0100][gc            ] GC(16) Pause Young (Normal) (G1 Evacuation Pause) 191M->143M(1024M) 6.819ms
[2023-07-23T01:25:16.424+0100][gc,cpu        ] GC(16) User=0.02s Sys=0.00s Real=0.01s
[2023-07-23T01:25:44.564+0100][gc,start      ] GC(17) Pause Young (Normal) (G1 Evacuation Pause)
[2023-07-23T01:25:44.564+0100][gc,task       ] GC(17) Using 2 workers of 2 for evacuation
[2023-07-23T01:25:44.572+0100][gc,phases     ] GC(17)   Pre Evacuate Collection Set: 0.1ms
[2023-07-23T01:25:44.572+0100][gc,phases     ] GC(17)   Evacuate Collection Set: 6.6ms
[2023-07-23T01:25:44.572+0100][gc,phases     ] GC(17)   Post Evacuate Collection Set: 0.6ms
[2023-07-23T01:25:44.572+0100][gc,phases     ] GC(17)   Other: 0.2ms
[2023-07-23T01:25:44.572+0100][gc,heap       ] GC(17) Eden regions: 48->0(48)
[2023-07-23T01:25:44.572+0100][gc,heap       ] GC(17) Survivor regions: 3->3(7)
[2023-07-23T01:25:44.572+0100][gc,heap       ] GC(17) Old regions: 13->13
[2023-07-23T01:25:44.572+0100][gc,heap       ] GC(17) Humongous regions: 129->129
[2023-07-23T01:25:44.572+0100][gc,metaspace  ] GC(17) Metaspace: 38821K(40960K)->38821K(40960K) NonClass: 33974K(35072K)->33974K(35072K) Class: 4846K(5888K)->4846K(5888K)
[2023-07-23T01:25:44.572+0100][gc            ] GC(17) Pause Young (Normal) (G1 Evacuation Pause) 191M->143M(1024M) 7.587ms
[2023-07-23T01:25:44.572+0100][gc,cpu        ] GC(17) User=0.01s Sys=0.00s Real=0.00s
[2023-07-23T01:26:12.643+0100][gc,start      ] GC(18) Pause Young (Normal) (G1 Evacuation Pause)
[2023-07-23T01:26:12.643+0100][gc,task       ] GC(18) Using 2 workers of 2 for evacuation
[2023-07-23T01:26:12.650+0100][gc,phases     ] GC(18)   Pre Evacuate Collection Set: 0.1ms
[2023-07-23T01:26:12.650+0100][gc,phases     ] GC(18)   Evacuate Collection Set: 5.7ms
[2023-07-23T01:26:12.650+0100][gc,phases     ] GC(18)   Post Evacuate Collection Set: 1.0ms
[2023-07-23T01:26:12.650+0100][gc,phases     ] GC(18)   Other: 0.2ms
[2023-07-23T01:26:12.650+0100][gc,heap       ] GC(18) Eden regions: 48->0(48)
[2023-07-23T01:26:12.650+0100][gc,heap       ] GC(18) Survivor regions: 3->3(7)
[2023-07-23T01:26:12.650+0100][gc,heap       ] GC(18) Old regions: 13->13
[2023-07-23T01:26:12.650+0100][gc,heap       ] GC(18) Humongous regions: 129->129
[2023-07-23T01:26:12.650+0100][gc,metaspace  ] GC(18) Metaspace: 38825K(40960K)->38825K(40960K) NonClass: 33979K(35072K)->33979K(35072K) Class: 4846K(5888K)->4846K(5888K)
[2023-07-23T01:26:12.651+0100][gc            ] GC(18) Pause Young (Normal) (G1 Evacuation Pause) 191M->143M(1024M) 7.084ms
[2023-07-23T01:26:12.651+0100][gc,cpu        ] GC(18) User=0.01s Sys=0.00s Real=0.00s
[2023-07-23T01:26:41.048+0100][gc,start      ] GC(19) Pause Young (Normal) (G1 Evacuation Pause)
[2023-07-23T01:26:41.048+0100][gc,task       ] GC(19) Using 2 workers of 2 for evacuation
[2023-07-23T01:26:41.063+0100][gc,phases     ] GC(19)   Pre Evacuate Collection Set: 0.1ms
[2023-07-23T01:26:41.063+0100][gc,phases     ] GC(19)   Evacuate Collection Set: 13.9ms
[2023-07-23T01:26:41.063+0100][gc,phases     ] GC(19)   Post Evacuate Collection Set: 0.9ms
[2023-07-23T01:26:41.063+0100][gc,phases     ] GC(19)   Other: 0.4ms
[2023-07-23T01:26:41.063+0100][gc,heap       ] GC(19) Eden regions: 48->0(48)
[2023-07-23T01:26:41.063+0100][gc,heap       ] GC(19) Survivor regions: 3->3(7)
[2023-07-23T01:26:41.063+0100][gc,heap       ] GC(19) Old regions: 13->13
[2023-07-23T01:26:41.063+0100][gc,heap       ] GC(19) Humongous regions: 129->129
[2023-07-23T01:26:41.063+0100][gc,metaspace  ] GC(19) Metaspace: 38850K(40960K)->38850K(40960K) NonClass: 34004K(35072K)->34004K(35072K) Class: 4846K(5888K)->4846K(5888K)
[2023-07-23T01:26:41.063+0100][gc            ] GC(19) Pause Young (Normal) (G1 Evacuation Pause) 191M->143M(1024M) 15.428ms
[2023-07-23T01:26:41.063+0100][gc,cpu        ] GC(19) User=0.03s Sys=0.00s Real=0.02s
[2023-07-23T01:27:09.153+0100][gc,start      ] GC(20) Pause Young (Normal) (G1 Evacuation Pause)
[2023-07-23T01:27:09.153+0100][gc,task       ] GC(20) Using 2 workers of 2 for evacuation
[2023-07-23T01:27:09.163+0100][gc,phases     ] GC(20)   Pre Evacuate Collection Set: 0.0ms
[2023-07-23T01:27:09.163+0100][gc,phases     ] GC(20)   Evacuate Collection Set: 8.4ms
[2023-07-23T01:27:09.163+0100][gc,phases     ] GC(20)   Post Evacuate Collection Set: 0.5ms
[2023-07-23T01:27:09.163+0100][gc,phases     ] GC(20)   Other: 0.2ms
[2023-07-23T01:27:09.163+0100][gc,heap       ] GC(20) Eden regions: 48->0(49)
[2023-07-23T01:27:09.163+0100][gc,heap       ] GC(20) Survivor regions: 3->2(7)
[2023-07-23T01:27:09.163+0100][gc,heap       ] GC(20) Old regions: 13->15
[2023-07-23T01:27:09.163+0100][gc,heap       ] GC(20) Humongous regions: 129->129
[2023-07-23T01:27:09.163+0100][gc,metaspace  ] GC(20) Metaspace: 38858K(40960K)->38858K(40960K) NonClass: 34012K(35072K)->34012K(35072K) Class: 4846K(5888K)->4846K(5888K)
[2023-07-23T01:27:09.163+0100][gc            ] GC(20) Pause Young (Normal) (G1 Evacuation Pause) 191M->143M(1024M) 9.278ms
[2023-07-23T01:27:09.163+0100][gc,cpu        ] GC(20) User=0.01s Sys=0.01s Real=0.01s
[2023-07-23T01:27:38.219+0100][gc,start      ] GC(21) Pause Young (Normal) (G1 Evacuation Pause)
[2023-07-23T01:27:38.219+0100][gc,task       ] GC(21) Using 2 workers of 2 for evacuation
[2023-07-23T01:27:38.224+0100][gc,phases     ] GC(21)   Pre Evacuate Collection Set: 0.0ms
[2023-07-23T01:27:38.224+0100][gc,phases     ] GC(21)   Evacuate Collection Set: 4.4ms
[2023-07-23T01:27:38.224+0100][gc,phases     ] GC(21)   Post Evacuate Collection Set: 0.4ms
[2023-07-23T01:27:38.224+0100][gc,phases     ] GC(21)   Other: 0.2ms
[2023-07-23T01:27:38.224+0100][gc,heap       ] GC(21) Eden regions: 49->0(50)
[2023-07-23T01:27:38.224+0100][gc,heap       ] GC(21) Survivor regions: 2->1(7)
[2023-07-23T01:27:38.224+0100][gc,heap       ] GC(21) Old regions: 15->15
[2023-07-23T01:27:38.224+0100][gc,heap       ] GC(21) Humongous regions: 129->129
[2023-07-23T01:27:38.224+0100][gc,metaspace  ] GC(21) Metaspace: 38858K(40960K)->38858K(40960K) NonClass: 34012K(35072K)->34012K(35072K) Class: 4846K(5888K)->4846K(5888K)
[2023-07-23T01:27:38.224+0100][gc            ] GC(21) Pause Young (Normal) (G1 Evacuation Pause) 192M->143M(1024M) 5.215ms
[2023-07-23T01:27:38.224+0100][gc,cpu        ] GC(21) User=0.01s Sys=0.00s Real=0.01s
[2023-07-23T01:28:07.648+0100][gc,start      ] GC(22) Pause Young (Normal) (G1 Evacuation Pause)
[2023-07-23T01:28:07.648+0100][gc,task       ] GC(22) Using 2 workers of 2 for evacuation
[2023-07-23T01:28:07.652+0100][gc,phases     ] GC(22)   Pre Evacuate Collection Set: 0.2ms
[2023-07-23T01:28:07.652+0100][gc,phases     ] GC(22)   Evacuate Collection Set: 2.9ms
[2023-07-23T01:28:07.652+0100][gc,phases     ] GC(22)   Post Evacuate Collection Set: 0.3ms
[2023-07-23T01:28:07.652+0100][gc,phases     ] GC(22)   Other: 0.5ms
[2023-07-23T01:28:07.652+0100][gc,heap       ] GC(22) Eden regions: 50->0(50)
[2023-07-23T01:28:07.652+0100][gc,heap       ] GC(22) Survivor regions: 1->1(7)
[2023-07-23T01:28:07.652+0100][gc,heap       ] GC(22) Old regions: 15->16
[2023-07-23T01:28:07.652+0100][gc,heap       ] GC(22) Humongous regions: 129->129
[2023-07-23T01:28:07.652+0100][gc,metaspace  ] GC(22) Metaspace: 38858K(40960K)->38858K(40960K) NonClass: 34012K(35072K)->34012K(35072K) Class: 4846K(5888K)->4846K(5888K)
[2023-07-23T01:28:07.652+0100][gc            ] GC(22) Pause Young (Normal) (G1 Evacuation Pause) 193M->143M(1024M) 4.091ms
[2023-07-23T01:28:07.652+0100][gc,cpu        ] GC(22) User=0.01s Sys=0.00s Real=0.00s
[2023-07-23T01:28:52.425+0100][gc,start      ] GC(23) Pause Young (Normal) (G1 Evacuation Pause)
[2023-07-23T01:28:52.425+0100][gc,task       ] GC(23) Using 2 workers of 2 for evacuation
[2023-07-23T01:28:52.429+0100][gc,phases     ] GC(23)   Pre Evacuate Collection Set: 0.0ms
[2023-07-23T01:28:52.429+0100][gc,phases     ] GC(23)   Evacuate Collection Set: 2.4ms
[2023-07-23T01:28:52.429+0100][gc,phases     ] GC(23)   Post Evacuate Collection Set: 0.6ms
[2023-07-23T01:28:52.429+0100][gc,phases     ] GC(23)   Other: 0.4ms
[2023-07-23T01:28:52.429+0100][gc,heap       ] GC(23) Eden regions: 50->0(51)
[2023-07-23T01:28:52.429+0100][gc,heap       ] GC(23) Survivor regions: 1->1(7)
[2023-07-23T01:28:52.429+0100][gc,heap       ] GC(23) Old regions: 16->16
[2023-07-23T01:28:52.429+0100][gc,heap       ] GC(23) Humongous regions: 129->129
[2023-07-23T01:28:52.429+0100][gc,metaspace  ] GC(23) Metaspace: 38861K(40960K)->38861K(40960K) NonClass: 34014K(35072K)->34014K(35072K) Class: 4846K(5888K)->4846K(5888K)
[2023-07-23T01:28:52.429+0100][gc            ] GC(23) Pause Young (Normal) (G1 Evacuation Pause) 193M->143M(1024M) 4.034ms
[2023-07-23T01:28:52.429+0100][gc,cpu        ] GC(23) User=0.00s Sys=0.00s Real=0.00s
[2023-07-23T01:29:52.901+0100][gc,start      ] GC(24) Pause Young (Normal) (G1 Evacuation Pause)
[2023-07-23T01:29:52.901+0100][gc,task       ] GC(24) Using 2 workers of 2 for evacuation
[2023-07-23T01:29:52.909+0100][gc,phases     ] GC(24)   Pre Evacuate Collection Set: 0.1ms
[2023-07-23T01:29:52.909+0100][gc,phases     ] GC(24)   Evacuate Collection Set: 4.6ms
[2023-07-23T01:29:52.909+0100][gc,phases     ] GC(24)   Post Evacuate Collection Set: 2.6ms
[2023-07-23T01:29:52.909+0100][gc,phases     ] GC(24)   Other: 0.5ms
[2023-07-23T01:29:52.909+0100][gc,heap       ] GC(24) Eden regions: 51->0(52)
[2023-07-23T01:29:52.909+0100][gc,heap       ] GC(24) Survivor regions: 1->1(7)
[2023-07-23T01:29:52.910+0100][gc,heap       ] GC(24) Old regions: 16->16
[2023-07-23T01:29:52.910+0100][gc,heap       ] GC(24) Humongous regions: 129->129
[2023-07-23T01:29:52.910+0100][gc,metaspace  ] GC(24) Metaspace: 38869K(40960K)->38869K(40960K) NonClass: 34023K(35072K)->34023K(35072K) Class: 4846K(5888K)->4846K(5888K)
[2023-07-23T01:29:52.910+0100][gc            ] GC(24) Pause Young (Normal) (G1 Evacuation Pause) 194M->143M(1024M) 9.186ms
[2023-07-23T01:29:52.910+0100][gc,cpu        ] GC(24) User=0.01s Sys=0.00s Real=0.01s
[2023-07-23T01:30:52.913+0100][gc,start      ] GC(25) Pause Young (Normal) (G1 Evacuation Pause)
[2023-07-23T01:30:52.913+0100][gc,task       ] GC(25) Using 2 workers of 2 for evacuation
[2023-07-23T01:30:52.917+0100][gc,phases     ] GC(25)   Pre Evacuate Collection Set: 0.1ms
[2023-07-23T01:30:52.918+0100][gc,phases     ] GC(25)   Evacuate Collection Set: 2.9ms
[2023-07-23T01:30:52.918+0100][gc,phases     ] GC(25)   Post Evacuate Collection Set: 0.6ms
[2023-07-23T01:30:52.918+0100][gc,phases     ] GC(25)   Other: 0.5ms
[2023-07-23T01:30:52.918+0100][gc,heap       ] GC(25) Eden regions: 52->0(53)
[2023-07-23T01:30:52.918+0100][gc,heap       ] GC(25) Survivor regions: 1->1(7)
[2023-07-23T01:30:52.918+0100][gc,heap       ] GC(25) Old regions: 16->16
[2023-07-23T01:30:52.918+0100][gc,heap       ] GC(25) Humongous regions: 129->129
[2023-07-23T01:30:52.918+0100][gc,metaspace  ] GC(25) Metaspace: 38869K(40960K)->38869K(40960K) NonClass: 34023K(35072K)->34023K(35072K) Class: 4846K(5888K)->4846K(5888K)
[2023-07-23T01:30:52.918+0100][gc            ] GC(25) Pause Young (Normal) (G1 Evacuation Pause) 195M->143M(1024M) 4.965ms
[2023-07-23T01:30:52.918+0100][gc,cpu        ] GC(25) User=0.01s Sys=0.00s Real=0.01s
[2023-07-23T01:31:55.298+0100][gc,start      ] GC(26) Pause Young (Normal) (G1 Evacuation Pause)
[2023-07-23T01:31:55.298+0100][gc,task       ] GC(26) Using 2 workers of 2 for evacuation
[2023-07-23T01:31:55.331+0100][gc,mmu        ] GC(26) MMU target violated: 21.0ms (20.0ms/21.0ms)
[2023-07-23T01:31:55.331+0100][gc,phases     ] GC(26)   Pre Evacuate Collection Set: 0.3ms
[2023-07-23T01:31:55.331+0100][gc,phases     ] GC(26)   Evacuate Collection Set: 32.1ms
[2023-07-23T01:31:55.331+0100][gc,phases     ] GC(26)   Post Evacuate Collection Set: 0.4ms
[2023-07-23T01:31:55.331+0100][gc,phases     ] GC(26)   Other: 0.3ms
[2023-07-23T01:31:55.331+0100][gc,heap       ] GC(26) Eden regions: 53->0(50)
[2023-07-23T01:31:55.331+0100][gc,heap       ] GC(26) Survivor regions: 1->1(7)
[2023-07-23T01:31:55.331+0100][gc,heap       ] GC(26) Old regions: 16->16
[2023-07-23T01:31:55.331+0100][gc,heap       ] GC(26) Humongous regions: 129->129
[2023-07-23T01:31:55.331+0100][gc,metaspace  ] GC(26) Metaspace: 38871K(40960K)->38871K(40960K) NonClass: 34025K(35072K)->34025K(35072K) Class: 4846K(5888K)->4846K(5888K)
[2023-07-23T01:31:55.331+0100][gc            ] GC(26) Pause Young (Normal) (G1 Evacuation Pause) 196M->143M(1024M) 33.197ms
[2023-07-23T01:31:55.331+0100][gc,cpu        ] GC(26) User=0.01s Sys=0.00s Real=0.03s
[2023-07-23T01:32:55.852+0100][gc,start      ] GC(27) Pause Young (Normal) (G1 Evacuation Pause)
[2023-07-23T01:32:55.852+0100][gc,task       ] GC(27) Using 2 workers of 2 for evacuation
[2023-07-23T01:32:55.858+0100][gc,phases     ] GC(27)   Pre Evacuate Collection Set: 0.0ms
[2023-07-23T01:32:55.858+0100][gc,phases     ] GC(27)   Evacuate Collection Set: 3.7ms
[2023-07-23T01:32:55.858+0100][gc,phases     ] GC(27)   Post Evacuate Collection Set: 1.4ms
[2023-07-23T01:32:55.858+0100][gc,phases     ] GC(27)   Other: 0.8ms
[2023-07-23T01:32:55.858+0100][gc,heap       ] GC(27) Eden regions: 50->0(50)
[2023-07-23T01:32:55.858+0100][gc,heap       ] GC(27) Survivor regions: 1->1(7)
[2023-07-23T01:32:55.858+0100][gc,heap       ] GC(27) Old regions: 16->16
[2023-07-23T01:32:55.858+0100][gc,heap       ] GC(27) Humongous regions: 129->129
[2023-07-23T01:32:55.858+0100][gc,metaspace  ] GC(27) Metaspace: 38872K(40960K)->38872K(40960K) NonClass: 34025K(35072K)->34025K(35072K) Class: 4846K(5888K)->4846K(5888K)
[2023-07-23T01:32:55.858+0100][gc            ] GC(27) Pause Young (Normal) (G1 Evacuation Pause) 193M->143M(1024M) 6.089ms
[2023-07-23T01:32:55.858+0100][gc,cpu        ] GC(27) User=0.01s Sys=0.00s Real=0.01s
[2023-07-23T01:33:40.230+0100][gc,start      ] GC(28) Pause Young (Normal) (G1 Evacuation Pause)
[2023-07-23T01:33:40.231+0100][gc,task       ] GC(28) Using 2 workers of 2 for evacuation
[2023-07-23T01:33:40.233+0100][gc,phases     ] GC(28)   Pre Evacuate Collection Set: 0.1ms
[2023-07-23T01:33:40.234+0100][gc,phases     ] GC(28)   Evacuate Collection Set: 2.2ms
[2023-07-23T01:33:40.234+0100][gc,phases     ] GC(28)   Post Evacuate Collection Set: 0.3ms
[2023-07-23T01:33:40.234+0100][gc,phases     ] GC(28)   Other: 0.6ms
[2023-07-23T01:33:40.234+0100][gc,heap       ] GC(28) Eden regions: 50->0(51)
[2023-07-23T01:33:40.234+0100][gc,heap       ] GC(28) Survivor regions: 1->1(7)
[2023-07-23T01:33:40.234+0100][gc,heap       ] GC(28) Old regions: 16->16
[2023-07-23T01:33:40.234+0100][gc,heap       ] GC(28) Humongous regions: 129->129
[2023-07-23T01:33:40.234+0100][gc,metaspace  ] GC(28) Metaspace: 38873K(40960K)->38873K(40960K) NonClass: 34027K(35072K)->34027K(35072K) Class: 4846K(5888K)->4846K(5888K)
[2023-07-23T01:33:40.234+0100][gc            ] GC(28) Pause Young (Normal) (G1 Evacuation Pause) 193M->143M(1024M) 4.073ms
[2023-07-23T01:33:40.234+0100][gc,cpu        ] GC(28) User=0.00s Sys=0.01s Real=0.00s
[2023-07-23T01:34:10.488+0100][gc,start      ] GC(29) Pause Young (Normal) (G1 Evacuation Pause)
[2023-07-23T01:34:10.488+0100][gc,task       ] GC(29) Using 2 workers of 2 for evacuation
[2023-07-23T01:34:10.489+0100][gc,phases     ] GC(29)   Pre Evacuate Collection Set: 0.0ms
[2023-07-23T01:34:10.489+0100][gc,phases     ] GC(29)   Evacuate Collection Set: 0.7ms
[2023-07-23T01:34:10.489+0100][gc,phases     ] GC(29)   Post Evacuate Collection Set: 0.3ms
[2023-07-23T01:34:10.489+0100][gc,phases     ] GC(29)   Other: 0.6ms
[2023-07-23T01:34:10.489+0100][gc,heap       ] GC(29) Eden regions: 51->0(52)
[2023-07-23T01:34:10.489+0100][gc,heap       ] GC(29) Survivor regions: 1->1(7)
[2023-07-23T01:34:10.489+0100][gc,heap       ] GC(29) Old regions: 16->16
[2023-07-23T01:34:10.489+0100][gc,heap       ] GC(29) Humongous regions: 129->129
[2023-07-23T01:34:10.489+0100][gc,metaspace  ] GC(29) Metaspace: 38874K(40960K)->38874K(40960K) NonClass: 34028K(35072K)->34028K(35072K) Class: 4846K(5888K)->4846K(5888K)
[2023-07-23T01:34:10.489+0100][gc            ] GC(29) Pause Young (Normal) (G1 Evacuation Pause) 194M->143M(1024M) 1.804ms
[2023-07-23T01:34:10.489+0100][gc,cpu        ] GC(29) User=0.00s Sys=0.00s Real=0.00s
[2023-07-23T01:34:41.693+0100][gc,start      ] GC(30) Pause Young (Normal) (G1 Evacuation Pause)
[2023-07-23T01:34:41.693+0100][gc,task       ] GC(30) Using 2 workers of 2 for evacuation
[2023-07-23T01:34:41.694+0100][gc,phases     ] GC(30)   Pre Evacuate Collection Set: 0.0ms
[2023-07-23T01:34:41.695+0100][gc,phases     ] GC(30)   Evacuate Collection Set: 0.8ms
[2023-07-23T01:34:41.695+0100][gc,phases     ] GC(30)   Post Evacuate Collection Set: 0.5ms
[2023-07-23T01:34:41.695+0100][gc,phases     ] GC(30)   Other: 0.3ms
[2023-07-23T01:34:41.695+0100][gc,heap       ] GC(30) Eden regions: 52->0(54)
[2023-07-23T01:34:41.695+0100][gc,heap       ] GC(30) Survivor regions: 1->1(7)
[2023-07-23T01:34:41.695+0100][gc,heap       ] GC(30) Old regions: 16->16
[2023-07-23T01:34:41.695+0100][gc,heap       ] GC(30) Humongous regions: 129->129
[2023-07-23T01:34:41.695+0100][gc,metaspace  ] GC(30) Metaspace: 38874K(40960K)->38874K(40960K) NonClass: 34028K(35072K)->34028K(35072K) Class: 4846K(5888K)->4846K(5888K)
[2023-07-23T01:34:41.695+0100][gc            ] GC(30) Pause Young (Normal) (G1 Evacuation Pause) 195M->143M(1024M) 1.682ms
[2023-07-23T01:34:41.695+0100][gc,cpu        ] GC(30) User=0.00s Sys=0.00s Real=0.00s
[2023-07-23T01:35:15.255+0100][gc,start      ] GC(31) Pause Young (Normal) (G1 Evacuation Pause)
[2023-07-23T01:35:15.255+0100][gc,task       ] GC(31) Using 2 workers of 2 for evacuation
[2023-07-23T01:35:15.258+0100][gc,phases     ] GC(31)   Pre Evacuate Collection Set: 0.4ms
[2023-07-23T01:35:15.258+0100][gc,phases     ] GC(31)   Evacuate Collection Set: 1.5ms
[2023-07-23T01:35:15.258+0100][gc,phases     ] GC(31)   Post Evacuate Collection Set: 0.3ms
[2023-07-23T01:35:15.259+0100][gc,phases     ] GC(31)   Other: 0.7ms
[2023-07-23T01:35:15.259+0100][gc,heap       ] GC(31) Eden regions: 54->0(221)
[2023-07-23T01:35:15.259+0100][gc,heap       ] GC(31) Survivor regions: 1->1(7)
[2023-07-23T01:35:15.259+0100][gc,heap       ] GC(31) Old regions: 16->16
[2023-07-23T01:35:15.259+0100][gc,heap       ] GC(31) Humongous regions: 129->129
[2023-07-23T01:35:15.259+0100][gc,metaspace  ] GC(31) Metaspace: 38874K(40960K)->38874K(40960K) NonClass: 34028K(35072K)->34028K(35072K) Class: 4846K(5888K)->4846K(5888K)
[2023-07-23T01:35:15.259+0100][gc            ] GC(31) Pause Young (Normal) (G1 Evacuation Pause) 197M->143M(1024M) 4.019ms
[2023-07-23T01:35:15.259+0100][gc,cpu        ] GC(31) User=0.00s Sys=0.00s Real=0.00s
