[2023-07-22T06:02:34.418+0100][gc,heap] Heap region size: 1M
[2023-07-22T06:02:34.433+0100][gc     ] Using G1
[2023-07-22T06:02:34.433+0100][gc,heap,coops] Heap address: 0x00000000c0000000, size: 1024 MB, Compressed Oops mode: 32-bit
[2023-07-22T06:02:34.434+0100][gc,cds       ] Mark closed archive regions in map: [0x00000000fff00000, 0x00000000fff6aff8]
[2023-07-22T06:02:34.434+0100][gc,cds       ] Mark open archive regions in map: [0x00000000ffe00000, 0x00000000ffe46ff8]
[2023-07-22T06:02:35.493+0100][gc,start     ] GC(0) Pause Young (Normal) (G1 Evacuation Pause)
[2023-07-22T06:02:35.493+0100][gc,task      ] GC(0) Using 2 workers of 2 for evacuation
[2023-07-22T06:02:35.510+0100][gc,phases    ] GC(0)   Pre Evacuate Collection Set: 0.1ms
[2023-07-22T06:02:35.510+0100][gc,phases    ] GC(0)   Evacuate Collection Set: 15.7ms
[2023-07-22T06:02:35.510+0100][gc,phases    ] GC(0)   Post Evacuate Collection Set: 0.7ms
[2023-07-22T06:02:35.510+0100][gc,phases    ] GC(0)   Other: 0.8ms
[2023-07-22T06:02:35.510+0100][gc,heap      ] GC(0) Eden regions: 51->0(44)
[2023-07-22T06:02:35.510+0100][gc,heap      ] GC(0) Survivor regions: 0->7(7)
[2023-07-22T06:02:35.510+0100][gc,heap      ] GC(0) Old regions: 2->2
[2023-07-22T06:02:35.510+0100][gc,heap      ] GC(0) Humongous regions: 0->0
[2023-07-22T06:02:35.510+0100][gc,metaspace ] GC(0) Metaspace: 14123K(14848K)->14123K(14848K) NonClass: 12387K(12800K)->12387K(12800K) Class: 1736K(2048K)->1736K(2048K)
[2023-07-22T06:02:35.511+0100][gc           ] GC(0) Pause Young (Normal) (G1 Evacuation Pause) 51M->7M(1024M) 17.536ms
[2023-07-22T06:02:35.511+0100][gc,cpu       ] GC(0) User=0.02s Sys=0.00s Real=0.01s
[2023-07-22T06:02:36.012+0100][gc,start     ] GC(1) Pause Young (Concurrent Start) (Metadata GC Threshold)
[2023-07-22T06:02:36.012+0100][gc,task      ] GC(1) Using 2 workers of 2 for evacuation
[2023-07-22T06:02:36.050+0100][gc,mmu       ] GC(1) MMU target violated: 21.0ms (20.0ms/21.0ms)
[2023-07-22T06:02:36.050+0100][gc,phases    ] GC(1)   Pre Evacuate Collection Set: 0.1ms
[2023-07-22T06:02:36.050+0100][gc,phases    ] GC(1)   Evacuate Collection Set: 37.2ms
[2023-07-22T06:02:36.050+0100][gc,phases    ] GC(1)   Post Evacuate Collection Set: 0.4ms
[2023-07-22T06:02:36.050+0100][gc,phases    ] GC(1)   Other: 0.3ms
[2023-07-22T06:02:36.050+0100][gc,heap      ] GC(1) Eden regions: 31->0(50)
[2023-07-22T06:02:36.050+0100][gc,heap      ] GC(1) Survivor regions: 7->1(7)
[2023-07-22T06:02:36.050+0100][gc,heap      ] GC(1) Old regions: 2->9
[2023-07-22T06:02:36.050+0100][gc,heap      ] GC(1) Humongous regions: 0->0
[2023-07-22T06:02:36.050+0100][gc,metaspace ] GC(1) Metaspace: 20666K(21296K)->20666K(21296K) NonClass: 18164K(18480K)->18164K(18480K) Class: 2501K(2816K)->2501K(2816K)
[2023-07-22T06:02:36.050+0100][gc           ] GC(1) Pause Young (Concurrent Start) (Metadata GC Threshold) 37M->8M(1024M) 38.028ms
[2023-07-22T06:02:36.050+0100][gc,cpu       ] GC(1) User=0.05s Sys=0.00s Real=0.03s
[2023-07-22T06:02:36.051+0100][gc           ] GC(2) Concurrent Cycle
[2023-07-22T06:02:36.052+0100][gc,marking   ] GC(2) Concurrent Clear Claimed Marks
[2023-07-22T06:02:36.052+0100][gc,marking   ] GC(2) Concurrent Clear Claimed Marks 0.141ms
[2023-07-22T06:02:36.052+0100][gc,marking   ] GC(2) Concurrent Scan Root Regions
[2023-07-22T06:02:36.053+0100][gc,marking   ] GC(2) Concurrent Scan Root Regions 0.906ms
[2023-07-22T06:02:36.053+0100][gc,marking   ] GC(2) Concurrent Mark (1.640s)
[2023-07-22T06:02:36.054+0100][gc,marking   ] GC(2) Concurrent Mark From Roots
[2023-07-22T06:02:36.054+0100][gc,task      ] GC(2) Using 1 workers of 1 for marking
[2023-07-22T06:02:36.078+0100][gc,marking   ] GC(2) Concurrent Mark From Roots 24.276ms
[2023-07-22T06:02:36.078+0100][gc,marking   ] GC(2) Concurrent Preclean
[2023-07-22T06:02:36.078+0100][gc,marking   ] GC(2) Concurrent Preclean 0.163ms
[2023-07-22T06:02:36.078+0100][gc,marking   ] GC(2) Concurrent Mark (1.640s, 1.666s) 25.573ms
[2023-07-22T06:02:36.083+0100][gc,start     ] GC(2) Pause Remark
[2023-07-22T06:02:36.093+0100][gc,stringtable] GC(2) Cleaned string and symbol table, strings: 5134 processed, 0 removed, symbols: 52960 processed, 42 removed
[2023-07-22T06:02:36.093+0100][gc            ] GC(2) Pause Remark 9M->9M(1024M) 9.637ms
[2023-07-22T06:02:36.093+0100][gc,cpu        ] GC(2) User=0.00s Sys=0.00s Real=0.01s
[2023-07-22T06:02:36.095+0100][gc,marking    ] GC(2) Concurrent Rebuild Remembered Sets
[2023-07-22T06:02:36.109+0100][gc,marking    ] GC(2) Concurrent Rebuild Remembered Sets 14.593ms
[2023-07-22T06:02:36.110+0100][gc,start      ] GC(2) Pause Cleanup
[2023-07-22T06:02:36.110+0100][gc            ] GC(2) Pause Cleanup 9M->9M(1024M) 0.323ms
[2023-07-22T06:02:36.110+0100][gc,cpu        ] GC(2) User=0.00s Sys=0.00s Real=0.00s
[2023-07-22T06:02:36.110+0100][gc,marking    ] GC(2) Concurrent Cleanup for Next Mark
[2023-07-22T06:02:36.137+0100][gc,marking    ] GC(2) Concurrent Cleanup for Next Mark 26.348ms
[2023-07-22T06:02:36.137+0100][gc            ] GC(2) Concurrent Cycle 86.442ms
[2023-07-22T06:02:37.581+0100][gc,start      ] GC(3) Pause Young (Normal) (G1 Evacuation Pause)
[2023-07-22T06:02:37.582+0100][gc,task       ] GC(3) Using 2 workers of 2 for evacuation
[2023-07-22T06:02:37.592+0100][gc,phases     ] GC(3)   Pre Evacuate Collection Set: 0.3ms
[2023-07-22T06:02:37.592+0100][gc,phases     ] GC(3)   Evacuate Collection Set: 8.4ms
[2023-07-22T06:02:37.592+0100][gc,phases     ] GC(3)   Post Evacuate Collection Set: 0.3ms
[2023-07-22T06:02:37.595+0100][gc,phases     ] GC(3)   Other: 1.9ms
[2023-07-22T06:02:37.595+0100][gc,heap       ] GC(3) Eden regions: 50->0(46)
[2023-07-22T06:02:37.595+0100][gc,heap       ] GC(3) Survivor regions: 1->5(7)
[2023-07-22T06:02:37.595+0100][gc,heap       ] GC(3) Old regions: 9->9
[2023-07-22T06:02:37.595+0100][gc,heap       ] GC(3) Humongous regions: 129->129
[2023-07-22T06:02:37.595+0100][gc,metaspace  ] GC(3) Metaspace: 28902K(29952K)->28902K(29952K) NonClass: 25519K(26112K)->25519K(26112K) Class: 3383K(3840K)->3383K(3840K)
[2023-07-22T06:02:37.595+0100][gc            ] GC(3) Pause Young (Normal) (G1 Evacuation Pause) 187M->140M(1024M) 14.477ms
[2023-07-22T06:02:37.595+0100][gc,cpu        ] GC(3) User=0.02s Sys=0.00s Real=0.01s
[2023-07-22T06:02:38.243+0100][gc,start      ] GC(4) Pause Young (Concurrent Start) (Metadata GC Threshold)
[2023-07-22T06:02:38.243+0100][gc,task       ] GC(4) Using 2 workers of 2 for evacuation
[2023-07-22T06:02:38.280+0100][gc,mmu        ] GC(4) MMU target violated: 21.0ms (20.0ms/21.0ms)
[2023-07-22T06:02:38.281+0100][gc,phases     ] GC(4)   Pre Evacuate Collection Set: 0.1ms
[2023-07-22T06:02:38.281+0100][gc,phases     ] GC(4)   Evacuate Collection Set: 36.6ms
[2023-07-22T06:02:38.281+0100][gc,phases     ] GC(4)   Post Evacuate Collection Set: 0.7ms
[2023-07-22T06:02:38.281+0100][gc,phases     ] GC(4)   Other: 0.8ms
[2023-07-22T06:02:38.281+0100][gc,heap       ] GC(4) Eden regions: 31->0(49)
[2023-07-22T06:02:38.281+0100][gc,heap       ] GC(4) Survivor regions: 5->2(7)
[2023-07-22T06:02:38.281+0100][gc,heap       ] GC(4) Old regions: 9->13
[2023-07-22T06:02:38.282+0100][gc,heap       ] GC(4) Humongous regions: 129->129
[2023-07-22T06:02:38.282+0100][gc,metaspace  ] GC(4) Metaspace: 34604K(35840K)->34604K(35840K) NonClass: 30590K(31232K)->30590K(31232K) Class: 4013K(4608K)->4013K(4608K)
[2023-07-22T06:02:38.283+0100][gc            ] GC(4) Pause Young (Concurrent Start) (Metadata GC Threshold) 171M->142M(1024M) 39.872ms
[2023-07-22T06:02:38.283+0100][gc,cpu        ] GC(4) User=0.03s Sys=0.01s Real=0.04s
[2023-07-22T06:02:38.283+0100][gc            ] GC(5) Concurrent Cycle
[2023-07-22T06:02:38.284+0100][gc,marking    ] GC(5) Concurrent Clear Claimed Marks
[2023-07-22T06:02:38.285+0100][gc,marking    ] GC(5) Concurrent Clear Claimed Marks 0.391ms
[2023-07-22T06:02:38.285+0100][gc,marking    ] GC(5) Concurrent Scan Root Regions
[2023-07-22T06:02:38.292+0100][gc,marking    ] GC(5) Concurrent Scan Root Regions 7.720ms
[2023-07-22T06:02:38.293+0100][gc,marking    ] GC(5) Concurrent Mark (3.880s)
[2023-07-22T06:02:38.293+0100][gc,marking    ] GC(5) Concurrent Mark From Roots
[2023-07-22T06:02:38.293+0100][gc,task       ] GC(5) Using 1 workers of 1 for marking
[2023-07-22T06:02:38.415+0100][gc,marking    ] GC(5) Concurrent Mark From Roots 122.604ms
[2023-07-22T06:02:38.416+0100][gc,marking    ] GC(5) Concurrent Preclean
[2023-07-22T06:02:38.418+0100][gc,marking    ] GC(5) Concurrent Preclean 2.031ms
[2023-07-22T06:02:38.418+0100][gc,marking    ] GC(5) Concurrent Mark (3.880s, 4.005s) 125.591ms
[2023-07-22T06:02:38.422+0100][gc,start      ] GC(5) Pause Remark
[2023-07-22T06:02:38.451+0100][gc,stringtable] GC(5) Cleaned string and symbol table, strings: 10297 processed, 13 removed, symbols: 85009 processed, 15 removed
[2023-07-22T06:02:38.455+0100][gc,mmu        ] GC(5) MMU target violated: 21.0ms (20.0ms/21.0ms)
[2023-07-22T06:02:38.456+0100][gc            ] GC(5) Pause Remark 144M->144M(1024M) 33.449ms
[2023-07-22T06:02:38.456+0100][gc,cpu        ] GC(5) User=0.04s Sys=0.00s Real=0.03s
[2023-07-22T06:02:38.457+0100][gc,marking    ] GC(5) Concurrent Rebuild Remembered Sets
[2023-07-22T06:02:38.489+0100][gc,marking    ] GC(5) Concurrent Rebuild Remembered Sets 31.736ms
[2023-07-22T06:02:38.489+0100][gc,start      ] GC(5) Pause Cleanup
[2023-07-22T06:02:38.491+0100][gc            ] GC(5) Pause Cleanup 144M->144M(1024M) 1.438ms
[2023-07-22T06:02:38.491+0100][gc,cpu        ] GC(5) User=0.00s Sys=0.00s Real=0.00s
[2023-07-22T06:02:38.492+0100][gc,marking    ] GC(5) Concurrent Cleanup for Next Mark
[2023-07-22T06:02:38.512+0100][gc,marking    ] GC(5) Concurrent Cleanup for Next Mark 20.122ms
[2023-07-22T06:02:38.512+0100][gc            ] GC(5) Concurrent Cycle 228.875ms
[2023-07-22T06:25:04.609+0100][gc,start      ] GC(6) Pause Young (Normal) (G1 Evacuation Pause)
[2023-07-22T06:25:04.612+0100][gc,task       ] GC(6) Using 2 workers of 2 for evacuation
[2023-07-22T06:25:05.328+0100][gc,mmu        ] GC(6) MMU target violated: 21.0ms (20.0ms/21.0ms)
[2023-07-22T06:25:05.328+0100][gc,phases     ] GC(6)   Pre Evacuate Collection Set: 181.7ms
[2023-07-22T06:25:05.328+0100][gc,phases     ] GC(6)   Evacuate Collection Set: 498.2ms
[2023-07-22T06:25:05.328+0100][gc,phases     ] GC(6)   Post Evacuate Collection Set: 23.9ms
[2023-07-22T06:25:05.328+0100][gc,phases     ] GC(6)   Other: 16.9ms
[2023-07-22T06:25:05.328+0100][gc,heap       ] GC(6) Eden regions: 49->0(47)
[2023-07-22T06:25:05.328+0100][gc,heap       ] GC(6) Survivor regions: 2->4(7)
[2023-07-22T06:25:05.328+0100][gc,heap       ] GC(6) Old regions: 13->13
[2023-07-22T06:25:05.328+0100][gc,heap       ] GC(6) Humongous regions: 131->129
[2023-07-22T06:25:05.328+0100][gc,metaspace  ] GC(6) Metaspace: 39850K(41984K)->39850K(41984K) NonClass: 35031K(36096K)->35031K(36096K) Class: 4818K(5888K)->4818K(5888K)
[2023-07-22T06:25:05.329+0100][gc            ] GC(6) Pause Young (Normal) (G1 Evacuation Pause) 193M->143M(1024M) 719.683ms
[2023-07-22T06:25:05.329+0100][gc,cpu        ] GC(6) User=0.02s Sys=0.23s Real=0.72s
[2023-07-22T06:27:44.892+0100][gc,start      ] GC(7) Pause Young (Normal) (G1 Evacuation Pause)
[2023-07-22T06:27:44.893+0100][gc,task       ] GC(7) Using 2 workers of 2 for evacuation
[2023-07-22T06:27:44.943+0100][gc,mmu        ] GC(7) MMU target violated: 21.0ms (20.0ms/21.0ms)
[2023-07-22T06:27:44.943+0100][gc,phases     ] GC(7)   Pre Evacuate Collection Set: 0.3ms
[2023-07-22T06:27:44.944+0100][gc,phases     ] GC(7)   Evacuate Collection Set: 46.1ms
[2023-07-22T06:27:44.944+0100][gc,phases     ] GC(7)   Post Evacuate Collection Set: 3.1ms
[2023-07-22T06:27:44.944+0100][gc,phases     ] GC(7)   Other: 2.7ms
[2023-07-22T06:27:44.944+0100][gc,heap       ] GC(7) Eden regions: 47->0(47)
[2023-07-22T06:27:44.944+0100][gc,heap       ] GC(7) Survivor regions: 4->4(7)
[2023-07-22T06:27:44.944+0100][gc,heap       ] GC(7) Old regions: 13->13
[2023-07-22T06:27:44.944+0100][gc,heap       ] GC(7) Humongous regions: 130->129
[2023-07-22T06:27:44.944+0100][gc,metaspace  ] GC(7) Metaspace: 40709K(42880K)->40709K(42880K) NonClass: 35751K(36864K)->35751K(36864K) Class: 4958K(6016K)->4958K(6016K)
[2023-07-22T06:27:44.945+0100][gc            ] GC(7) Pause Young (Normal) (G1 Evacuation Pause) 191M->144M(1024M) 52.427ms
[2023-07-22T06:27:44.945+0100][gc,cpu        ] GC(7) User=0.03s Sys=0.01s Real=0.06s
[2023-07-22T06:28:28.089+0100][gc,start      ] GC(8) Pause Young (Normal) (G1 Evacuation Pause)
[2023-07-22T06:28:28.089+0100][gc,task       ] GC(8) Using 2 workers of 2 for evacuation
[2023-07-22T06:28:28.106+0100][gc,phases     ] GC(8)   Pre Evacuate Collection Set: 0.3ms
[2023-07-22T06:28:28.106+0100][gc,phases     ] GC(8)   Evacuate Collection Set: 14.9ms
[2023-07-22T06:28:28.106+0100][gc,phases     ] GC(8)   Post Evacuate Collection Set: 1.8ms
[2023-07-22T06:28:28.106+0100][gc,phases     ] GC(8)   Other: 0.7ms
[2023-07-22T06:28:28.106+0100][gc,heap       ] GC(8) Eden regions: 47->0(48)
[2023-07-22T06:28:28.106+0100][gc,heap       ] GC(8) Survivor regions: 4->3(7)
[2023-07-22T06:28:28.106+0100][gc,heap       ] GC(8) Old regions: 13->15
[2023-07-22T06:28:28.106+0100][gc,heap       ] GC(8) Humongous regions: 129->129
[2023-07-22T06:28:28.106+0100][gc,metaspace  ] GC(8) Metaspace: 40711K(42880K)->40711K(42880K) NonClass: 35752K(36864K)->35752K(36864K) Class: 4958K(6016K)->4958K(6016K)
[2023-07-22T06:28:28.106+0100][gc            ] GC(8) Pause Young (Normal) (G1 Evacuation Pause) 191M->144M(1024M) 17.942ms
[2023-07-22T06:28:28.106+0100][gc,cpu        ] GC(8) User=0.03s Sys=0.00s Real=0.02s
[2023-07-22T06:29:29.453+0100][gc,start      ] GC(9) Pause Young (Normal) (G1 Evacuation Pause)
[2023-07-22T06:29:29.453+0100][gc,task       ] GC(9) Using 2 workers of 2 for evacuation
[2023-07-22T06:29:29.488+0100][gc,mmu        ] GC(9) MMU target violated: 21.0ms (20.0ms/21.0ms)
[2023-07-22T06:29:29.489+0100][gc,phases     ] GC(9)   Pre Evacuate Collection Set: 0.6ms
[2023-07-22T06:29:29.489+0100][gc,phases     ] GC(9)   Evacuate Collection Set: 30.5ms
[2023-07-22T06:29:29.490+0100][gc,phases     ] GC(9)   Post Evacuate Collection Set: 2.2ms
[2023-07-22T06:29:29.491+0100][gc,phases     ] GC(9)   Other: 3.3ms
[2023-07-22T06:29:29.491+0100][gc,heap       ] GC(9) Eden regions: 48->0(48)
[2023-07-22T06:29:29.491+0100][gc,heap       ] GC(9) Survivor regions: 3->3(7)
[2023-07-22T06:29:29.492+0100][gc,heap       ] GC(9) Old regions: 15->15
[2023-07-22T06:29:29.493+0100][gc,heap       ] GC(9) Humongous regions: 129->129
[2023-07-22T06:29:29.493+0100][gc,metaspace  ] GC(9) Metaspace: 40725K(42880K)->40725K(42880K) NonClass: 35766K(36864K)->35766K(36864K) Class: 4958K(6016K)->4958K(6016K)
[2023-07-22T06:29:29.494+0100][gc            ] GC(9) Pause Young (Normal) (G1 Evacuation Pause) 192M->144M(1024M) 41.130ms
[2023-07-22T06:29:29.494+0100][gc,cpu        ] GC(9) User=0.06s Sys=0.00s Real=0.05s
[2023-07-22T07:00:03.361+0100][gc,start      ] GC(10) Pause Young (Normal) (G1 Evacuation Pause)
[2023-07-22T07:00:03.363+0100][gc,task       ] GC(10) Using 2 workers of 2 for evacuation
[2023-07-22T07:00:04.531+0100][gc,mmu        ] GC(10) MMU target violated: 21.0ms (20.0ms/21.0ms)
[2023-07-22T07:00:04.531+0100][gc,phases     ] GC(10)   Pre Evacuate Collection Set: 171.0ms
[2023-07-22T07:00:04.531+0100][gc,phases     ] GC(10)   Evacuate Collection Set: 958.4ms
[2023-07-22T07:00:04.531+0100][gc,phases     ] GC(10)   Post Evacuate Collection Set: 25.0ms
[2023-07-22T07:00:04.531+0100][gc,phases     ] GC(10)   Other: 18.1ms
[2023-07-22T07:00:04.531+0100][gc,heap       ] GC(10) Eden regions: 48->0(48)
[2023-07-22T07:00:04.531+0100][gc,heap       ] GC(10) Survivor regions: 3->3(7)
[2023-07-22T07:00:04.531+0100][gc,heap       ] GC(10) Old regions: 15->15
[2023-07-22T07:00:04.531+0100][gc,heap       ] GC(10) Humongous regions: 129->129
[2023-07-22T07:00:04.531+0100][gc,metaspace  ] GC(10) Metaspace: 40873K(43136K)->40873K(43136K) NonClass: 35910K(37120K)->35910K(37120K) Class: 4962K(6016K)->4962K(6016K)
[2023-07-22T07:00:04.531+0100][gc            ] GC(10) Pause Young (Normal) (G1 Evacuation Pause) 192M->144M(1024M) 1169.771ms
[2023-07-22T07:00:04.531+0100][gc,cpu        ] GC(10) User=0.11s Sys=0.35s Real=1.17s
[2023-07-22T07:18:47.894+0100][gc,start      ] GC(11) Pause Young (Normal) (G1 Evacuation Pause)
[2023-07-22T07:18:47.898+0100][gc,task       ] GC(11) Using 2 workers of 2 for evacuation
[2023-07-22T07:18:48.963+0100][gc,mmu        ] GC(11) MMU target violated: 21.0ms (20.0ms/21.0ms)
[2023-07-22T07:18:48.963+0100][gc,phases     ] GC(11)   Pre Evacuate Collection Set: 342.8ms
[2023-07-22T07:18:48.963+0100][gc,phases     ] GC(11)   Evacuate Collection Set: 684.9ms
[2023-07-22T07:18:48.963+0100][gc,phases     ] GC(11)   Post Evacuate Collection Set: 29.7ms
[2023-07-22T07:18:48.964+0100][gc,phases     ] GC(11)   Other: 13.2ms
[2023-07-22T07:18:48.964+0100][gc,heap       ] GC(11) Eden regions: 48->0(48)
[2023-07-22T07:18:48.964+0100][gc,heap       ] GC(11) Survivor regions: 3->3(7)
[2023-07-22T07:18:48.964+0100][gc,heap       ] GC(11) Old regions: 15->15
[2023-07-22T07:18:48.964+0100][gc,heap       ] GC(11) Humongous regions: 134->129
[2023-07-22T07:18:48.964+0100][gc,metaspace  ] GC(11) Metaspace: 41026K(43136K)->41026K(43136K) NonClass: 36059K(37120K)->36059K(37120K) Class: 4967K(6016K)->4967K(6016K)
[2023-07-22T07:18:48.964+0100][gc            ] GC(11) Pause Young (Normal) (G1 Evacuation Pause) 197M->144M(1024M) 1069.591ms
[2023-07-22T07:18:48.964+0100][gc,cpu        ] GC(11) User=0.01s Sys=0.30s Real=1.06s
[2023-07-22T07:20:50.702+0100][gc,start      ] GC(12) Pause Young (Normal) (G1 Evacuation Pause)
[2023-07-22T07:20:50.702+0100][gc,task       ] GC(12) Using 2 workers of 2 for evacuation
[2023-07-22T07:20:50.813+0100][gc,mmu        ] GC(12) MMU target violated: 21.0ms (20.0ms/21.0ms)
[2023-07-22T07:20:50.814+0100][gc,phases     ] GC(12)   Pre Evacuate Collection Set: 0.1ms
[2023-07-22T07:20:50.814+0100][gc,phases     ] GC(12)   Evacuate Collection Set: 108.0ms
[2023-07-22T07:20:50.814+0100][gc,phases     ] GC(12)   Post Evacuate Collection Set: 2.5ms
[2023-07-22T07:20:50.815+0100][gc,phases     ] GC(12)   Other: 1.1ms
[2023-07-22T07:20:50.815+0100][gc,heap       ] GC(12) Eden regions: 48->0(48)
[2023-07-22T07:20:50.815+0100][gc,heap       ] GC(12) Survivor regions: 3->3(7)
[2023-07-22T07:20:50.815+0100][gc,heap       ] GC(12) Old regions: 15->15
[2023-07-22T07:20:50.816+0100][gc,heap       ] GC(12) Humongous regions: 129->129
[2023-07-22T07:20:50.816+0100][gc,metaspace  ] GC(12) Metaspace: 41026K(43136K)->41026K(43136K) NonClass: 36059K(37120K)->36059K(37120K) Class: 4967K(6016K)->4967K(6016K)
[2023-07-22T07:20:50.817+0100][gc            ] GC(12) Pause Young (Normal) (G1 Evacuation Pause) 192M->144M(1024M) 114.265ms
[2023-07-22T07:20:50.817+0100][gc,cpu        ] GC(12) User=0.08s Sys=0.01s Real=0.12s
[2023-07-22T07:21:39.675+0100][gc,start      ] GC(13) Pause Young (Normal) (G1 Evacuation Pause)
[2023-07-22T07:21:39.675+0100][gc,task       ] GC(13) Using 2 workers of 2 for evacuation
[2023-07-22T07:21:39.693+0100][gc,phases     ] GC(13)   Pre Evacuate Collection Set: 0.1ms
[2023-07-22T07:21:39.694+0100][gc,phases     ] GC(13)   Evacuate Collection Set: 17.5ms
[2023-07-22T07:21:39.694+0100][gc,phases     ] GC(13)   Post Evacuate Collection Set: 1.0ms
[2023-07-22T07:21:39.694+0100][gc,phases     ] GC(13)   Other: 1.7ms
[2023-07-22T07:21:39.694+0100][gc,heap       ] GC(13) Eden regions: 48->0(48)
[2023-07-22T07:21:39.694+0100][gc,heap       ] GC(13) Survivor regions: 3->3(7)
[2023-07-22T07:21:39.694+0100][gc,heap       ] GC(13) Old regions: 15->15
[2023-07-22T07:21:39.694+0100][gc,heap       ] GC(13) Humongous regions: 129->129
[2023-07-22T07:21:39.694+0100][gc,metaspace  ] GC(13) Metaspace: 41026K(43136K)->41026K(43136K) NonClass: 36059K(37120K)->36059K(37120K) Class: 4967K(6016K)->4967K(6016K)
[2023-07-22T07:21:39.694+0100][gc            ] GC(13) Pause Young (Normal) (G1 Evacuation Pause) 192M->144M(1024M) 19.325ms
[2023-07-22T07:21:39.694+0100][gc,cpu        ] GC(13) User=0.03s Sys=0.00s Real=0.02s
[2023-07-22T07:22:26.958+0100][gc,start      ] GC(14) Pause Young (Normal) (G1 Evacuation Pause)
[2023-07-22T07:22:26.959+0100][gc,task       ] GC(14) Using 2 workers of 2 for evacuation
[2023-07-22T07:22:26.989+0100][gc,mmu        ] GC(14) MMU target violated: 21.0ms (20.0ms/21.0ms)
[2023-07-22T07:22:26.990+0100][gc,phases     ] GC(14)   Pre Evacuate Collection Set: 1.0ms
[2023-07-22T07:22:26.990+0100][gc,phases     ] GC(14)   Evacuate Collection Set: 26.3ms
[2023-07-22T07:22:26.990+0100][gc,phases     ] GC(14)   Post Evacuate Collection Set: 1.2ms
[2023-07-22T07:22:26.990+0100][gc,phases     ] GC(14)   Other: 3.4ms
[2023-07-22T07:22:26.990+0100][gc,heap       ] GC(14) Eden regions: 48->0(48)
[2023-07-22T07:22:26.990+0100][gc,heap       ] GC(14) Survivor regions: 3->3(7)
[2023-07-22T07:22:26.991+0100][gc,heap       ] GC(14) Old regions: 15->15
[2023-07-22T07:22:26.991+0100][gc,heap       ] GC(14) Humongous regions: 129->129
[2023-07-22T07:22:26.991+0100][gc,metaspace  ] GC(14) Metaspace: 41026K(43136K)->41026K(43136K) NonClass: 36059K(37120K)->36059K(37120K) Class: 4967K(6016K)->4967K(6016K)
[2023-07-22T07:22:26.991+0100][gc            ] GC(14) Pause Young (Normal) (G1 Evacuation Pause) 192M->144M(1024M) 33.175ms
[2023-07-22T07:22:26.991+0100][gc,cpu        ] GC(14) User=0.05s Sys=0.00s Real=0.03s
[2023-07-22T07:23:15.130+0100][gc,start      ] GC(15) Pause Young (Normal) (G1 Evacuation Pause)
[2023-07-22T07:23:15.131+0100][gc,task       ] GC(15) Using 2 workers of 2 for evacuation
[2023-07-22T07:23:15.161+0100][gc,mmu        ] GC(15) MMU target violated: 21.0ms (20.0ms/21.0ms)
[2023-07-22T07:23:15.162+0100][gc,phases     ] GC(15)   Pre Evacuate Collection Set: 0.4ms
[2023-07-22T07:23:15.162+0100][gc,phases     ] GC(15)   Evacuate Collection Set: 26.4ms
[2023-07-22T07:23:15.162+0100][gc,phases     ] GC(15)   Post Evacuate Collection Set: 2.9ms
[2023-07-22T07:23:15.163+0100][gc,phases     ] GC(15)   Other: 4.0ms
[2023-07-22T07:23:15.163+0100][gc,heap       ] GC(15) Eden regions: 48->0(48)
[2023-07-22T07:23:15.163+0100][gc,heap       ] GC(15) Survivor regions: 3->3(7)
[2023-07-22T07:23:15.163+0100][gc,heap       ] GC(15) Old regions: 15->15
[2023-07-22T07:23:15.163+0100][gc,heap       ] GC(15) Humongous regions: 129->129
[2023-07-22T07:23:15.164+0100][gc,metaspace  ] GC(15) Metaspace: 41027K(43136K)->41027K(43136K) NonClass: 36059K(37120K)->36059K(37120K) Class: 4967K(6016K)->4967K(6016K)
[2023-07-22T07:23:15.164+0100][gc            ] GC(15) Pause Young (Normal) (G1 Evacuation Pause) 192M->144M(1024M) 33.794ms
[2023-07-22T07:23:15.164+0100][gc,cpu        ] GC(15) User=0.05s Sys=0.00s Real=0.03s
[2023-07-22T07:24:01.997+0100][gc,start      ] GC(16) Pause Young (Normal) (G1 Evacuation Pause)
[2023-07-22T07:24:01.997+0100][gc,task       ] GC(16) Using 2 workers of 2 for evacuation
[2023-07-22T07:24:02.023+0100][gc,mmu        ] GC(16) MMU target violated: 21.0ms (20.0ms/21.0ms)
[2023-07-22T07:24:02.023+0100][gc,phases     ] GC(16)   Pre Evacuate Collection Set: 0.1ms
[2023-07-22T07:24:02.023+0100][gc,phases     ] GC(16)   Evacuate Collection Set: 23.1ms
[2023-07-22T07:24:02.023+0100][gc,phases     ] GC(16)   Post Evacuate Collection Set: 2.3ms
[2023-07-22T07:24:02.023+0100][gc,phases     ] GC(16)   Other: 0.6ms
[2023-07-22T07:24:02.023+0100][gc,heap       ] GC(16) Eden regions: 48->0(48)
[2023-07-22T07:24:02.023+0100][gc,heap       ] GC(16) Survivor regions: 3->3(7)
[2023-07-22T07:24:02.024+0100][gc,heap       ] GC(16) Old regions: 15->15
[2023-07-22T07:24:02.024+0100][gc,heap       ] GC(16) Humongous regions: 129->129
[2023-07-22T07:24:02.024+0100][gc,metaspace  ] GC(16) Metaspace: 41028K(43136K)->41028K(43136K) NonClass: 36061K(37120K)->36061K(37120K) Class: 4967K(6016K)->4967K(6016K)
[2023-07-22T07:24:02.024+0100][gc            ] GC(16) Pause Young (Normal) (G1 Evacuation Pause) 192M->144M(1024M) 27.447ms
[2023-07-22T07:24:02.024+0100][gc,cpu        ] GC(16) User=0.03s Sys=0.00s Real=0.02s
[2023-07-22T07:24:43.874+0100][gc,start      ] GC(17) Pause Young (Normal) (G1 Evacuation Pause)
[2023-07-22T07:24:43.874+0100][gc,task       ] GC(17) Using 2 workers of 2 for evacuation
[2023-07-22T07:24:43.886+0100][gc,phases     ] GC(17)   Pre Evacuate Collection Set: 0.0ms
[2023-07-22T07:24:43.886+0100][gc,phases     ] GC(17)   Evacuate Collection Set: 10.5ms
[2023-07-22T07:24:43.886+0100][gc,phases     ] GC(17)   Post Evacuate Collection Set: 0.6ms
[2023-07-22T07:24:43.886+0100][gc,phases     ] GC(17)   Other: 1.4ms
[2023-07-22T07:24:43.886+0100][gc,heap       ] GC(17) Eden regions: 48->0(48)
[2023-07-22T07:24:43.886+0100][gc,heap       ] GC(17) Survivor regions: 3->3(7)
[2023-07-22T07:24:43.886+0100][gc,heap       ] GC(17) Old regions: 15->15
[2023-07-22T07:24:43.886+0100][gc,heap       ] GC(17) Humongous regions: 129->129
[2023-07-22T07:24:43.887+0100][gc,metaspace  ] GC(17) Metaspace: 41028K(43136K)->41028K(43136K) NonClass: 36061K(37120K)->36061K(37120K) Class: 4967K(6016K)->4967K(6016K)
[2023-07-22T07:24:43.887+0100][gc            ] GC(17) Pause Young (Normal) (G1 Evacuation Pause) 192M->144M(1024M) 12.228ms
[2023-07-22T07:24:43.887+0100][gc,cpu        ] GC(17) User=0.01s Sys=0.01s Real=0.01s
[2023-07-22T07:25:21.902+0100][gc,start      ] GC(18) Pause Young (Normal) (G1 Evacuation Pause)
[2023-07-22T07:25:21.902+0100][gc,task       ] GC(18) Using 2 workers of 2 for evacuation
[2023-07-22T07:25:21.909+0100][gc,phases     ] GC(18)   Pre Evacuate Collection Set: 0.0ms
[2023-07-22T07:25:21.909+0100][gc,phases     ] GC(18)   Evacuate Collection Set: 6.2ms
[2023-07-22T07:25:21.909+0100][gc,phases     ] GC(18)   Post Evacuate Collection Set: 0.6ms
[2023-07-22T07:25:21.909+0100][gc,phases     ] GC(18)   Other: 0.3ms
[2023-07-22T07:25:21.909+0100][gc,heap       ] GC(18) Eden regions: 48->0(48)
[2023-07-22T07:25:21.909+0100][gc,heap       ] GC(18) Survivor regions: 3->3(7)
[2023-07-22T07:25:21.909+0100][gc,heap       ] GC(18) Old regions: 15->15
[2023-07-22T07:25:21.909+0100][gc,heap       ] GC(18) Humongous regions: 129->129
[2023-07-22T07:25:21.909+0100][gc,metaspace  ] GC(18) Metaspace: 41028K(43136K)->41028K(43136K) NonClass: 36061K(37120K)->36061K(37120K) Class: 4967K(6016K)->4967K(6016K)
[2023-07-22T07:25:21.909+0100][gc            ] GC(18) Pause Young (Normal) (G1 Evacuation Pause) 192M->144M(1024M) 7.277ms
[2023-07-22T07:25:21.909+0100][gc,cpu        ] GC(18) User=0.02s Sys=0.00s Real=0.01s
[2023-07-22T07:26:02.374+0100][gc,start      ] GC(19) Pause Young (Normal) (G1 Evacuation Pause)
[2023-07-22T07:26:02.374+0100][gc,task       ] GC(19) Using 2 workers of 2 for evacuation
[2023-07-22T07:26:02.382+0100][gc,phases     ] GC(19)   Pre Evacuate Collection Set: 0.0ms
[2023-07-22T07:26:02.382+0100][gc,phases     ] GC(19)   Evacuate Collection Set: 6.5ms
[2023-07-22T07:26:02.382+0100][gc,phases     ] GC(19)   Post Evacuate Collection Set: 0.6ms
[2023-07-22T07:26:02.382+0100][gc,phases     ] GC(19)   Other: 1.0ms
[2023-07-22T07:26:02.382+0100][gc,heap       ] GC(19) Eden regions: 48->0(48)
[2023-07-22T07:26:02.382+0100][gc,heap       ] GC(19) Survivor regions: 3->3(7)
[2023-07-22T07:26:02.382+0100][gc,heap       ] GC(19) Old regions: 15->15
[2023-07-22T07:26:02.382+0100][gc,heap       ] GC(19) Humongous regions: 129->129
[2023-07-22T07:26:02.382+0100][gc,metaspace  ] GC(19) Metaspace: 41028K(43136K)->41028K(43136K) NonClass: 36061K(37120K)->36061K(37120K) Class: 4967K(6016K)->4967K(6016K)
[2023-07-22T07:26:02.382+0100][gc            ] GC(19) Pause Young (Normal) (G1 Evacuation Pause) 192M->144M(1024M) 7.488ms
[2023-07-22T07:26:02.382+0100][gc,cpu        ] GC(19) User=0.01s Sys=0.00s Real=0.00s
[2023-07-22T07:49:36.534+0100][gc,start      ] GC(20) Pause Young (Normal) (G1 Evacuation Pause)
[2023-07-22T07:49:36.539+0100][gc,task       ] GC(20) Using 2 workers of 2 for evacuation
[2023-07-22T07:49:37.491+0100][gc,mmu        ] GC(20) MMU target violated: 21.0ms (20.0ms/21.0ms)
[2023-07-22T07:49:37.491+0100][gc,phases     ] GC(20)   Pre Evacuate Collection Set: 214.1ms
[2023-07-22T07:49:37.491+0100][gc,phases     ] GC(20)   Evacuate Collection Set: 706.2ms
[2023-07-22T07:49:37.491+0100][gc,phases     ] GC(20)   Post Evacuate Collection Set: 23.6ms
[2023-07-22T07:49:37.491+0100][gc,phases     ] GC(20)   Other: 15.1ms
[2023-07-22T07:49:37.491+0100][gc,heap       ] GC(20) Eden regions: 48->0(48)
[2023-07-22T07:49:37.491+0100][gc,heap       ] GC(20) Survivor regions: 3->3(7)
[2023-07-22T07:49:37.491+0100][gc,heap       ] GC(20) Old regions: 15->15
[2023-07-22T07:49:37.491+0100][gc,heap       ] GC(20) Humongous regions: 135->129
[2023-07-22T07:49:37.491+0100][gc,metaspace  ] GC(20) Metaspace: 41201K(43392K)->41201K(43392K) NonClass: 36233K(37376K)->36233K(37376K) Class: 4968K(6016K)->4968K(6016K)
[2023-07-22T07:49:37.493+0100][gc            ] GC(20) Pause Young (Normal) (G1 Evacuation Pause) 198M->144M(1024M) 957.629ms
[2023-07-22T07:49:37.493+0100][gc,cpu        ] GC(20) User=0.15s Sys=0.15s Real=0.96s
[2023-07-22T08:36:56.529+0100][gc,start      ] GC(21) Pause Young (Normal) (G1 Evacuation Pause)
[2023-07-22T08:36:56.531+0100][gc,task       ] GC(21) Using 2 workers of 2 for evacuation
[2023-07-22T08:36:56.661+0100][gc,mmu        ] GC(21) MMU target violated: 21.0ms (20.0ms/21.0ms)
[2023-07-22T08:36:56.661+0100][gc,phases     ] GC(21)   Pre Evacuate Collection Set: 1.3ms
[2023-07-22T08:36:56.662+0100][gc,phases     ] GC(21)   Evacuate Collection Set: 125.1ms
[2023-07-22T08:36:56.662+0100][gc,phases     ] GC(21)   Post Evacuate Collection Set: 2.2ms
[2023-07-22T08:36:56.662+0100][gc,phases     ] GC(21)   Other: 3.9ms
[2023-07-22T08:36:56.662+0100][gc,heap       ] GC(21) Eden regions: 48->0(49)
[2023-07-22T08:36:56.662+0100][gc,heap       ] GC(21) Survivor regions: 3->2(7)
[2023-07-22T08:36:56.662+0100][gc,heap       ] GC(21) Old regions: 15->16
[2023-07-22T08:36:56.662+0100][gc,heap       ] GC(21) Humongous regions: 129->129
[2023-07-22T08:36:56.662+0100][gc,metaspace  ] GC(21) Metaspace: 41245K(43648K)->41245K(43648K) NonClass: 36277K(37632K)->36277K(37632K) Class: 4968K(6016K)->4968K(6016K)
[2023-07-22T08:36:56.662+0100][gc            ] GC(21) Pause Young (Normal) (G1 Evacuation Pause) 192M->145M(1024M) 132.661ms
[2023-07-22T08:36:56.662+0100][gc,cpu        ] GC(21) User=0.01s Sys=0.03s Real=0.14s
[2023-07-22T10:02:22.574+0100][gc,start      ] GC(22) Pause Young (Normal) (G1 Evacuation Pause)
[2023-07-22T10:02:22.574+0100][gc,task       ] GC(22) Using 2 workers of 2 for evacuation
[2023-07-22T10:02:22.620+0100][gc,mmu        ] GC(22) MMU target violated: 21.0ms (20.0ms/21.0ms)
[2023-07-22T10:02:22.621+0100][gc,phases     ] GC(22)   Pre Evacuate Collection Set: 0.8ms
[2023-07-22T10:02:22.621+0100][gc,phases     ] GC(22)   Evacuate Collection Set: 41.4ms
[2023-07-22T10:02:22.621+0100][gc,phases     ] GC(22)   Post Evacuate Collection Set: 1.6ms
[2023-07-22T10:02:22.622+0100][gc,phases     ] GC(22)   Other: 3.1ms
[2023-07-22T10:02:22.622+0100][gc,heap       ] GC(22) Eden regions: 49->0(49)
[2023-07-22T10:02:22.623+0100][gc,heap       ] GC(22) Survivor regions: 2->2(7)
[2023-07-22T10:02:22.623+0100][gc,heap       ] GC(22) Old regions: 16->16
[2023-07-22T10:02:22.623+0100][gc,heap       ] GC(22) Humongous regions: 129->129
[2023-07-22T10:02:22.624+0100][gc,metaspace  ] GC(22) Metaspace: 41250K(43648K)->41250K(43648K) NonClass: 36282K(37632K)->36282K(37632K) Class: 4968K(6016K)->4968K(6016K)
[2023-07-22T10:02:22.624+0100][gc            ] GC(22) Pause Young (Normal) (G1 Evacuation Pause) 194M->144M(1024M) 50.169ms
[2023-07-22T10:02:22.624+0100][gc,cpu        ] GC(22) User=0.04s Sys=0.01s Real=0.05s
