[2023-07-22T05:58:34.712+0100][gc,heap] Heap region size: 1M
[2023-07-22T05:58:34.729+0100][gc     ] Using G1
[2023-07-22T05:58:34.729+0100][gc,heap,coops] Heap address: 0x00000000c0000000, size: 1024 MB, Compressed Oops mode: 32-bit
[2023-07-22T05:58:34.730+0100][gc,cds       ] Mark closed archive regions in map: [0x00000000fff00000, 0x00000000fff6aff8]
[2023-07-22T05:58:34.730+0100][gc,cds       ] Mark open archive regions in map: [0x00000000ffe00000, 0x00000000ffe46ff8]
[2023-07-22T05:58:36.212+0100][gc,start     ] GC(0) Pause Young (Normal) (G1 Evacuation Pause)
[2023-07-22T05:58:36.213+0100][gc,task      ] GC(0) Using 2 workers of 2 for evacuation
[2023-07-22T05:58:36.230+0100][gc,phases    ] GC(0)   Pre Evacuate Collection Set: 0.2ms
[2023-07-22T05:58:36.230+0100][gc,phases    ] GC(0)   Evacuate Collection Set: 16.8ms
[2023-07-22T05:58:36.230+0100][gc,phases    ] GC(0)   Post Evacuate Collection Set: 0.4ms
[2023-07-22T05:58:36.230+0100][gc,phases    ] GC(0)   Other: 0.4ms
[2023-07-22T05:58:36.230+0100][gc,heap      ] GC(0) Eden regions: 51->0(44)
[2023-07-22T05:58:36.230+0100][gc,heap      ] GC(0) Survivor regions: 0->7(7)
[2023-07-22T05:58:36.230+0100][gc,heap      ] GC(0) Old regions: 2->2
[2023-07-22T05:58:36.230+0100][gc,heap      ] GC(0) Humongous regions: 0->0
[2023-07-22T05:58:36.230+0100][gc,metaspace ] GC(0) Metaspace: 14243K(15104K)->14243K(15104K) NonClass: 12499K(13056K)->12499K(13056K) Class: 1744K(2048K)->1744K(2048K)
[2023-07-22T05:58:36.230+0100][gc           ] GC(0) Pause Young (Normal) (G1 Evacuation Pause) 51M->7M(1024M) 17.871ms
[2023-07-22T05:58:36.230+0100][gc,cpu       ] GC(0) User=0.02s Sys=0.01s Real=0.01s
[2023-07-22T05:58:36.730+0100][gc,start     ] GC(1) Pause Young (Concurrent Start) (Metadata GC Threshold)
[2023-07-22T05:58:36.730+0100][gc,task      ] GC(1) Using 2 workers of 2 for evacuation
[2023-07-22T05:58:36.744+0100][gc,phases    ] GC(1)   Pre Evacuate Collection Set: 0.1ms
[2023-07-22T05:58:36.744+0100][gc,phases    ] GC(1)   Evacuate Collection Set: 13.1ms
[2023-07-22T05:58:36.745+0100][gc,phases    ] GC(1)   Post Evacuate Collection Set: 0.7ms
[2023-07-22T05:58:36.745+0100][gc,phases    ] GC(1)   Other: 0.6ms
[2023-07-22T05:58:36.745+0100][gc,heap      ] GC(1) Eden regions: 29->0(50)
[2023-07-22T05:58:36.745+0100][gc,heap      ] GC(1) Survivor regions: 7->1(7)
[2023-07-22T05:58:36.745+0100][gc,heap      ] GC(1) Old regions: 2->9
[2023-07-22T05:58:36.745+0100][gc,heap      ] GC(1) Humongous regions: 0->0
[2023-07-22T05:58:36.745+0100][gc,metaspace ] GC(1) Metaspace: 20568K(21248K)->20568K(21248K) NonClass: 18087K(18432K)->18087K(18432K) Class: 2480K(2816K)->2480K(2816K)
[2023-07-22T05:58:36.745+0100][gc           ] GC(1) Pause Young (Concurrent Start) (Metadata GC Threshold) 35M->8M(1024M) 15.268ms
[2023-07-22T05:58:36.745+0100][gc,cpu       ] GC(1) User=0.02s Sys=0.01s Real=0.02s
[2023-07-22T05:58:36.746+0100][gc           ] GC(2) Concurrent Cycle
[2023-07-22T05:58:36.747+0100][gc,marking   ] GC(2) Concurrent Clear Claimed Marks
[2023-07-22T05:58:36.750+0100][gc,marking   ] GC(2) Concurrent Clear Claimed Marks 2.339ms
[2023-07-22T05:58:36.750+0100][gc,marking   ] GC(2) Concurrent Scan Root Regions
[2023-07-22T05:58:36.751+0100][gc,marking   ] GC(2) Concurrent Scan Root Regions 1.423ms
[2023-07-22T05:58:36.751+0100][gc,marking   ] GC(2) Concurrent Mark (2.045s)
[2023-07-22T05:58:36.752+0100][gc,marking   ] GC(2) Concurrent Mark From Roots
[2023-07-22T05:58:36.752+0100][gc,task      ] GC(2) Using 1 workers of 1 for marking
[2023-07-22T05:58:36.762+0100][gc,marking   ] GC(2) Concurrent Mark From Roots 10.720ms
[2023-07-22T05:58:36.762+0100][gc,marking   ] GC(2) Concurrent Preclean
[2023-07-22T05:58:36.763+0100][gc,marking   ] GC(2) Concurrent Preclean 0.153ms
[2023-07-22T05:58:36.763+0100][gc,marking   ] GC(2) Concurrent Mark (2.045s, 2.056s) 11.161ms
[2023-07-22T05:58:36.766+0100][gc,start     ] GC(2) Pause Remark
[2023-07-22T05:58:36.769+0100][gc,stringtable] GC(2) Cleaned string and symbol table, strings: 5098 processed, 0 removed, symbols: 52777 processed, 42 removed
[2023-07-22T05:58:36.769+0100][gc            ] GC(2) Pause Remark 8M->8M(1024M) 2.586ms
[2023-07-22T05:58:36.769+0100][gc,cpu        ] GC(2) User=0.01s Sys=0.00s Real=0.00s
[2023-07-22T05:58:36.769+0100][gc,marking    ] GC(2) Concurrent Rebuild Remembered Sets
[2023-07-22T05:58:36.775+0100][gc,marking    ] GC(2) Concurrent Rebuild Remembered Sets 5.652ms
[2023-07-22T05:58:36.775+0100][gc,start      ] GC(2) Pause Cleanup
[2023-07-22T05:58:36.775+0100][gc            ] GC(2) Pause Cleanup 9M->9M(1024M) 0.268ms
[2023-07-22T05:58:36.775+0100][gc,cpu        ] GC(2) User=0.00s Sys=0.00s Real=0.00s
[2023-07-22T05:58:36.775+0100][gc,marking    ] GC(2) Concurrent Cleanup for Next Mark
[2023-07-22T05:58:36.877+0100][gc,marking    ] GC(2) Concurrent Cleanup for Next Mark 101.882ms
[2023-07-22T05:58:36.877+0100][gc            ] GC(2) Concurrent Cycle 131.889ms
[2023-07-22T05:58:39.000+0100][gc,start      ] GC(3) Pause Young (Normal) (G1 Evacuation Pause)
[2023-07-22T05:58:39.002+0100][gc,task       ] GC(3) Using 2 workers of 2 for evacuation
[2023-07-22T05:58:39.010+0100][gc,phases     ] GC(3)   Pre Evacuate Collection Set: 0.3ms
[2023-07-22T05:58:39.011+0100][gc,phases     ] GC(3)   Evacuate Collection Set: 6.9ms
[2023-07-22T05:58:39.011+0100][gc,phases     ] GC(3)   Post Evacuate Collection Set: 0.5ms
[2023-07-22T05:58:39.011+0100][gc,phases     ] GC(3)   Other: 3.4ms
[2023-07-22T05:58:39.011+0100][gc,heap       ] GC(3) Eden regions: 50->0(47)
[2023-07-22T05:58:39.011+0100][gc,heap       ] GC(3) Survivor regions: 1->4(7)
[2023-07-22T05:58:39.011+0100][gc,heap       ] GC(3) Old regions: 9->9
[2023-07-22T05:58:39.011+0100][gc,heap       ] GC(3) Humongous regions: 129->129
[2023-07-22T05:58:39.011+0100][gc,metaspace  ] GC(3) Metaspace: 29196K(30464K)->29196K(30464K) NonClass: 25740K(26368K)->25740K(26368K) Class: 3455K(4096K)->3455K(4096K)
[2023-07-22T05:58:39.012+0100][gc            ] GC(3) Pause Young (Normal) (G1 Evacuation Pause) 187M->139M(1024M) 10.973ms
[2023-07-22T05:58:39.012+0100][gc,cpu        ] GC(3) User=0.01s Sys=0.00s Real=0.02s
[2023-07-22T05:58:40.716+0100][gc,start      ] GC(4) Pause Young (Concurrent Start) (Metadata GC Threshold)
[2023-07-22T05:58:40.716+0100][gc,task       ] GC(4) Using 2 workers of 2 for evacuation
[2023-07-22T05:58:40.734+0100][gc,phases     ] GC(4)   Pre Evacuate Collection Set: 0.1ms
[2023-07-22T05:58:40.734+0100][gc,phases     ] GC(4)   Evacuate Collection Set: 17.3ms
[2023-07-22T05:58:40.734+0100][gc,phases     ] GC(4)   Post Evacuate Collection Set: 0.4ms
[2023-07-22T05:58:40.734+0100][gc,phases     ] GC(4)   Other: 0.9ms
[2023-07-22T05:58:40.735+0100][gc,heap       ] GC(4) Eden regions: 32->0(44)
[2023-07-22T05:58:40.735+0100][gc,heap       ] GC(4) Survivor regions: 4->7(7)
[2023-07-22T05:58:40.735+0100][gc,heap       ] GC(4) Old regions: 9->9
[2023-07-22T05:58:40.735+0100][gc,heap       ] GC(4) Humongous regions: 129->129
[2023-07-22T05:58:40.735+0100][gc,metaspace  ] GC(4) Metaspace: 34572K(35840K)->34572K(35840K) NonClass: 30568K(31232K)->30568K(31232K) Class: 4003K(4608K)->4003K(4608K)
[2023-07-22T05:58:40.735+0100][gc            ] GC(4) Pause Young (Concurrent Start) (Metadata GC Threshold) 170M->142M(1024M) 19.534ms
[2023-07-22T05:58:40.735+0100][gc,cpu        ] GC(4) User=0.03s Sys=0.00s Real=0.02s
[2023-07-22T05:58:40.736+0100][gc            ] GC(5) Concurrent Cycle
[2023-07-22T05:58:40.736+0100][gc,marking    ] GC(5) Concurrent Clear Claimed Marks
[2023-07-22T05:58:40.736+0100][gc,marking    ] GC(5) Concurrent Clear Claimed Marks 0.217ms
[2023-07-22T05:58:40.737+0100][gc,marking    ] GC(5) Concurrent Scan Root Regions
[2023-07-22T05:58:40.742+0100][gc,marking    ] GC(5) Concurrent Scan Root Regions 5.433ms
[2023-07-22T05:58:40.742+0100][gc,marking    ] GC(5) Concurrent Mark (6.036s)
[2023-07-22T05:58:40.742+0100][gc,marking    ] GC(5) Concurrent Mark From Roots
[2023-07-22T05:58:40.742+0100][gc,task       ] GC(5) Using 1 workers of 1 for marking
[2023-07-22T05:58:40.773+0100][gc,marking    ] GC(5) Concurrent Mark From Roots 30.880ms
[2023-07-22T05:58:40.773+0100][gc,marking    ] GC(5) Concurrent Preclean
[2023-07-22T05:58:40.773+0100][gc,marking    ] GC(5) Concurrent Preclean 0.298ms
[2023-07-22T05:58:40.774+0100][gc,marking    ] GC(5) Concurrent Mark (6.036s, 6.067s) 31.492ms
[2023-07-22T05:58:40.774+0100][gc,start      ] GC(5) Pause Remark
[2023-07-22T05:58:40.788+0100][gc,stringtable] GC(5) Cleaned string and symbol table, strings: 10298 processed, 14 removed, symbols: 85848 processed, 11 removed
[2023-07-22T05:58:40.788+0100][gc            ] GC(5) Pause Remark 144M->144M(1024M) 14.583ms
[2023-07-22T05:58:40.788+0100][gc,cpu        ] GC(5) User=0.01s Sys=0.00s Real=0.01s
[2023-07-22T05:58:40.789+0100][gc,marking    ] GC(5) Concurrent Rebuild Remembered Sets
[2023-07-22T05:58:40.798+0100][gc,marking    ] GC(5) Concurrent Rebuild Remembered Sets 9.146ms
[2023-07-22T05:58:40.798+0100][gc,start      ] GC(5) Pause Cleanup
[2023-07-22T05:58:40.798+0100][gc            ] GC(5) Pause Cleanup 144M->144M(1024M) 0.428ms
[2023-07-22T05:58:40.799+0100][gc,cpu        ] GC(5) User=0.00s Sys=0.00s Real=0.00s
[2023-07-22T05:58:40.799+0100][gc,marking    ] GC(5) Concurrent Cleanup for Next Mark
[2023-07-22T05:58:40.850+0100][gc,marking    ] GC(5) Concurrent Cleanup for Next Mark 51.332ms
[2023-07-22T05:58:40.851+0100][gc            ] GC(5) Concurrent Cycle 115.170ms
[2023-07-22T05:58:53.165+0100][gc,start      ] GC(6) Pause Young (Normal) (G1 Evacuation Pause)
[2023-07-22T05:58:53.165+0100][gc,task       ] GC(6) Using 2 workers of 2 for evacuation
[2023-07-22T05:58:53.194+0100][gc,mmu        ] GC(6) MMU target violated: 21.0ms (20.0ms/21.0ms)
[2023-07-22T05:58:53.195+0100][gc,phases     ] GC(6)   Pre Evacuate Collection Set: 0.2ms
[2023-07-22T05:58:53.195+0100][gc,phases     ] GC(6)   Evacuate Collection Set: 25.3ms
[2023-07-22T05:58:53.196+0100][gc,phases     ] GC(6)   Post Evacuate Collection Set: 2.9ms
[2023-07-22T05:58:53.196+0100][gc,phases     ] GC(6)   Other: 1.6ms
[2023-07-22T05:58:53.196+0100][gc,heap       ] GC(6) Eden regions: 44->0(45)
[2023-07-22T05:58:53.196+0100][gc,heap       ] GC(6) Survivor regions: 7->6(7)
[2023-07-22T05:58:53.196+0100][gc,heap       ] GC(6) Old regions: 9->12
[2023-07-22T05:58:53.196+0100][gc,heap       ] GC(6) Humongous regions: 135->129
[2023-07-22T05:58:53.197+0100][gc,metaspace  ] GC(6) Metaspace: 40634K(42828K)->40634K(42828K) NonClass: 35714K(36864K)->35714K(36864K) Class: 4920K(5964K)->4920K(5964K)
[2023-07-22T05:58:53.198+0100][gc            ] GC(6) Pause Young (Normal) (G1 Evacuation Pause) 192M->144M(1024M) 32.257ms
[2023-07-22T05:58:53.198+0100][gc,cpu        ] GC(6) User=0.03s Sys=0.00s Real=0.03s
[2023-07-22T05:59:24.645+0100][gc,start      ] GC(7) Pause Young (Normal) (G1 Evacuation Pause)
[2023-07-22T05:59:24.645+0100][gc,task       ] GC(7) Using 2 workers of 2 for evacuation
[2023-07-22T05:59:24.658+0100][gc,phases     ] GC(7)   Pre Evacuate Collection Set: 0.0ms
[2023-07-22T05:59:24.658+0100][gc,phases     ] GC(7)   Evacuate Collection Set: 12.1ms
[2023-07-22T05:59:24.658+0100][gc,phases     ] GC(7)   Post Evacuate Collection Set: 0.4ms
[2023-07-22T05:59:24.658+0100][gc,phases     ] GC(7)   Other: 0.7ms
[2023-07-22T05:59:24.658+0100][gc,heap       ] GC(7) Eden regions: 45->0(47)
[2023-07-22T05:59:24.658+0100][gc,heap       ] GC(7) Survivor regions: 6->4(7)
[2023-07-22T05:59:24.658+0100][gc,heap       ] GC(7) Old regions: 12->15
[2023-07-22T05:59:24.658+0100][gc,heap       ] GC(7) Humongous regions: 129->129
[2023-07-22T05:59:24.658+0100][gc,metaspace  ] GC(7) Metaspace: 40988K(43212K)->40988K(43212K) NonClass: 36002K(37120K)->36002K(37120K) Class: 4986K(6092K)->4986K(6092K)
[2023-07-22T05:59:24.658+0100][gc            ] GC(7) Pause Young (Normal) (G1 Evacuation Pause) 189M->145M(1024M) 12.954ms
[2023-07-22T05:59:24.658+0100][gc,cpu        ] GC(7) User=0.02s Sys=0.00s Real=0.01s
[2023-07-22T05:59:56.637+0100][gc,start      ] GC(8) Pause Young (Normal) (G1 Evacuation Pause)
[2023-07-22T05:59:56.637+0100][gc,task       ] GC(8) Using 2 workers of 2 for evacuation
[2023-07-22T05:59:56.645+0100][gc,phases     ] GC(8)   Pre Evacuate Collection Set: 0.1ms
[2023-07-22T05:59:56.646+0100][gc,phases     ] GC(8)   Evacuate Collection Set: 7.8ms
[2023-07-22T05:59:56.646+0100][gc,phases     ] GC(8)   Post Evacuate Collection Set: 0.6ms
[2023-07-22T05:59:56.646+0100][gc,phases     ] GC(8)   Other: 0.2ms
[2023-07-22T05:59:56.646+0100][gc,heap       ] GC(8) Eden regions: 47->0(46)
[2023-07-22T05:59:56.646+0100][gc,heap       ] GC(8) Survivor regions: 4->5(7)
[2023-07-22T05:59:56.646+0100][gc,heap       ] GC(8) Old regions: 15->15
[2023-07-22T05:59:56.646+0100][gc,heap       ] GC(8) Humongous regions: 129->129
[2023-07-22T05:59:56.646+0100][gc,metaspace  ] GC(8) Metaspace: 41712K(44108K)->41712K(44108K) NonClass: 36591K(37888K)->36591K(37888K) Class: 5121K(6220K)->5121K(6220K)
[2023-07-22T05:59:56.646+0100][gc            ] GC(8) Pause Young (Normal) (G1 Evacuation Pause) 192M->146M(1024M) 8.847ms
[2023-07-22T05:59:56.646+0100][gc,cpu        ] GC(8) User=0.01s Sys=0.00s Real=0.01s
[2023-07-22T06:00:34.155+0100][gc,start      ] GC(9) Pause Young (Normal) (G1 Evacuation Pause)
[2023-07-22T06:00:34.155+0100][gc,task       ] GC(9) Using 2 workers of 2 for evacuation
[2023-07-22T06:00:34.166+0100][gc,phases     ] GC(9)   Pre Evacuate Collection Set: 0.2ms
[2023-07-22T06:00:34.166+0100][gc,phases     ] GC(9)   Evacuate Collection Set: 9.8ms
[2023-07-22T06:00:34.166+0100][gc,phases     ] GC(9)   Post Evacuate Collection Set: 0.5ms
[2023-07-22T06:00:34.166+0100][gc,phases     ] GC(9)   Other: 1.5ms
[2023-07-22T06:00:34.166+0100][gc,heap       ] GC(9) Eden regions: 46->0(47)
[2023-07-22T06:00:34.166+0100][gc,heap       ] GC(9) Survivor regions: 5->4(7)
[2023-07-22T06:00:34.166+0100][gc,heap       ] GC(9) Old regions: 15->17
[2023-07-22T06:00:34.166+0100][gc,heap       ] GC(9) Humongous regions: 129->129
[2023-07-22T06:00:34.166+0100][gc,metaspace  ] GC(9) Metaspace: 41759K(44108K)->41759K(44108K) NonClass: 36637K(37888K)->36637K(37888K) Class: 5121K(6220K)->5121K(6220K)
[2023-07-22T06:00:34.166+0100][gc            ] GC(9) Pause Young (Normal) (G1 Evacuation Pause) 192M->147M(1024M) 11.665ms
[2023-07-22T06:00:34.166+0100][gc,cpu        ] GC(9) User=0.02s Sys=0.00s Real=0.01s
[2023-07-22T06:01:15.027+0100][gc,start      ] GC(10) Pause Young (Normal) (G1 Evacuation Pause)
[2023-07-22T06:01:15.029+0100][gc,task       ] GC(10) Using 2 workers of 2 for evacuation
[2023-07-22T06:01:15.041+0100][gc,phases     ] GC(10)   Pre Evacuate Collection Set: 0.3ms
[2023-07-22T06:01:15.041+0100][gc,phases     ] GC(10)   Evacuate Collection Set: 9.7ms
[2023-07-22T06:01:15.041+0100][gc,phases     ] GC(10)   Post Evacuate Collection Set: 0.3ms
[2023-07-22T06:01:15.041+0100][gc,phases     ] GC(10)   Other: 2.0ms
[2023-07-22T06:01:15.041+0100][gc,heap       ] GC(10) Eden regions: 47->0(46)
[2023-07-22T06:01:15.041+0100][gc,heap       ] GC(10) Survivor regions: 4->5(7)
[2023-07-22T06:01:15.041+0100][gc,heap       ] GC(10) Old regions: 17->17
[2023-07-22T06:01:15.041+0100][gc,heap       ] GC(10) Humongous regions: 129->129
[2023-07-22T06:01:15.041+0100][gc,metaspace  ] GC(10) Metaspace: 41820K(44108K)->41820K(44108K) NonClass: 36696K(37888K)->36696K(37888K) Class: 5124K(6220K)->5124K(6220K)
[2023-07-22T06:01:15.042+0100][gc            ] GC(10) Pause Young (Normal) (G1 Evacuation Pause) 194M->148M(1024M) 14.062ms
[2023-07-22T06:01:15.042+0100][gc,cpu        ] GC(10) User=0.01s Sys=0.00s Real=0.02s
[2023-07-22T06:01:46.969+0100][gc,heap,exit  ] Heap
[2023-07-22T06:01:46.969+0100][gc,heap,exit  ]  garbage-first heap   total 1048576K, used 193484K [0x00000000c0000000, 0x0000000100000000)
[2023-07-22T06:01:46.970+0100][gc,heap,exit  ]   region size 1024K, 46 young (47104K), 5 survivors (5120K)
[2023-07-22T06:01:46.970+0100][gc,heap,exit  ]  Metaspace       used 42019K, capacity 44228K, committed 44492K, reserved 1087488K
[2023-07-22T06:01:46.970+0100][gc,heap,exit  ]   class space    used 5165K, capacity 6241K, committed 6348K, reserved 1048576K
