[2023-07-22T01:35:50.838+0100][gc,heap] Heap region size: 1M
[2023-07-22T01:35:50.858+0100][gc     ] Using G1
[2023-07-22T01:35:50.858+0100][gc,heap,coops] Heap address: 0x00000000c0000000, size: 1024 MB, Compressed Oops mode: 32-bit
[2023-07-22T01:35:50.858+0100][gc,cds       ] Mark closed archive regions in map: [0x00000000fff00000, 0x00000000fff6aff8]
[2023-07-22T01:35:50.858+0100][gc,cds       ] Mark open archive regions in map: [0x00000000ffe00000, 0x00000000ffe46ff8]
[2023-07-22T01:35:53.730+0100][gc,start     ] GC(0) Pause Young (Normal) (G1 Evacuation Pause)
[2023-07-22T01:35:53.732+0100][gc,task      ] GC(0) Using 2 workers of 2 for evacuation
[2023-07-22T01:35:53.797+0100][gc,mmu       ] GC(0) MMU target violated: 21.0ms (20.0ms/21.0ms)
[2023-07-22T01:35:53.797+0100][gc,phases    ] GC(0)   Pre Evacuate Collection Set: 0.0ms
[2023-07-22T01:35:53.797+0100][gc,phases    ] GC(0)   Evacuate Collection Set: 64.3ms
[2023-07-22T01:35:53.797+0100][gc,phases    ] GC(0)   Post Evacuate Collection Set: 1.1ms
[2023-07-22T01:35:53.797+0100][gc,phases    ] GC(0)   Other: 1.5ms
[2023-07-22T01:35:53.797+0100][gc,heap      ] GC(0) Eden regions: 51->0(44)
[2023-07-22T01:35:53.797+0100][gc,heap      ] GC(0) Survivor regions: 0->7(7)
[2023-07-22T01:35:53.797+0100][gc,heap      ] GC(0) Old regions: 2->2
[2023-07-22T01:35:53.797+0100][gc,heap      ] GC(0) Humongous regions: 0->0
[2023-07-22T01:35:53.797+0100][gc,metaspace ] GC(0) Metaspace: 14346K(15104K)->14346K(15104K) NonClass: 12596K(13056K)->12596K(13056K) Class: 1749K(2048K)->1749K(2048K)
[2023-07-22T01:35:53.797+0100][gc           ] GC(0) Pause Young (Normal) (G1 Evacuation Pause) 51M->7M(1024M) 66.949ms
[2023-07-22T01:35:53.797+0100][gc,cpu       ] GC(0) User=0.02s Sys=0.01s Real=0.07s
[2023-07-22T01:35:55.251+0100][gc,start     ] GC(1) Pause Young (Concurrent Start) (Metadata GC Threshold)
[2023-07-22T01:35:55.251+0100][gc,task      ] GC(1) Using 2 workers of 2 for evacuation
[2023-07-22T01:35:55.285+0100][gc,mmu       ] GC(1) MMU target violated: 21.0ms (20.0ms/21.0ms)
[2023-07-22T01:35:55.285+0100][gc,phases    ] GC(1)   Pre Evacuate Collection Set: 0.1ms
[2023-07-22T01:35:55.285+0100][gc,phases    ] GC(1)   Evacuate Collection Set: 32.4ms
[2023-07-22T01:35:55.285+0100][gc,phases    ] GC(1)   Post Evacuate Collection Set: 0.4ms
[2023-07-22T01:35:55.285+0100][gc,phases    ] GC(1)   Other: 0.6ms
[2023-07-22T01:35:55.285+0100][gc,heap      ] GC(1) Eden regions: 28->0(50)
[2023-07-22T01:35:55.285+0100][gc,heap      ] GC(1) Survivor regions: 7->1(7)
[2023-07-22T01:35:55.285+0100][gc,heap      ] GC(1) Old regions: 2->9
[2023-07-22T01:35:55.285+0100][gc,heap      ] GC(1) Humongous regions: 0->0
[2023-07-22T01:35:55.285+0100][gc,metaspace ] GC(1) Metaspace: 20583K(21248K)->20583K(21248K) NonClass: 18104K(18432K)->18104K(18432K) Class: 2479K(2816K)->2479K(2816K)
[2023-07-22T01:35:55.285+0100][gc           ] GC(1) Pause Young (Concurrent Start) (Metadata GC Threshold) 35M->8M(1024M) 34.185ms
[2023-07-22T01:35:55.286+0100][gc,cpu       ] GC(1) User=0.01s Sys=0.02s Real=0.04s
[2023-07-22T01:35:55.286+0100][gc           ] GC(2) Concurrent Cycle
[2023-07-22T01:35:55.286+0100][gc,marking   ] GC(2) Concurrent Clear Claimed Marks
[2023-07-22T01:35:55.286+0100][gc,marking   ] GC(2) Concurrent Clear Claimed Marks 0.112ms
[2023-07-22T01:35:55.286+0100][gc,marking   ] GC(2) Concurrent Scan Root Regions
[2023-07-22T01:35:55.288+0100][gc,marking   ] GC(2) Concurrent Scan Root Regions 2.080ms
[2023-07-22T01:35:55.288+0100][gc,marking   ] GC(2) Concurrent Mark (4.456s)
[2023-07-22T01:35:55.288+0100][gc,marking   ] GC(2) Concurrent Mark From Roots
[2023-07-22T01:35:55.288+0100][gc,task      ] GC(2) Using 1 workers of 1 for marking
[2023-07-22T01:35:55.314+0100][gc,marking   ] GC(2) Concurrent Mark From Roots 25.400ms
[2023-07-22T01:35:55.314+0100][gc,marking   ] GC(2) Concurrent Preclean
[2023-07-22T01:35:55.314+0100][gc,marking   ] GC(2) Concurrent Preclean 0.150ms
[2023-07-22T01:35:55.314+0100][gc,marking   ] GC(2) Concurrent Mark (4.456s, 4.482s) 25.911ms
[2023-07-22T01:35:55.314+0100][gc,start     ] GC(2) Pause Remark
[2023-07-22T01:35:55.323+0100][gc,stringtable] GC(2) Cleaned string and symbol table, strings: 5105 processed, 0 removed, symbols: 52821 processed, 42 removed
[2023-07-22T01:35:55.323+0100][gc            ] GC(2) Pause Remark 8M->8M(1024M) 8.818ms
[2023-07-22T01:35:55.324+0100][gc,cpu        ] GC(2) User=0.01s Sys=0.00s Real=0.01s
[2023-07-22T01:35:55.324+0100][gc,marking    ] GC(2) Concurrent Rebuild Remembered Sets
[2023-07-22T01:35:55.332+0100][gc,marking    ] GC(2) Concurrent Rebuild Remembered Sets 8.445ms
[2023-07-22T01:35:55.333+0100][gc,start      ] GC(2) Pause Cleanup
[2023-07-22T01:35:55.333+0100][gc            ] GC(2) Pause Cleanup 9M->9M(1024M) 0.277ms
[2023-07-22T01:35:55.333+0100][gc,cpu        ] GC(2) User=0.00s Sys=0.00s Real=0.00s
[2023-07-22T01:35:55.333+0100][gc,marking    ] GC(2) Concurrent Cleanup for Next Mark
[2023-07-22T01:35:55.395+0100][gc,marking    ] GC(2) Concurrent Cleanup for Next Mark 62.264ms
[2023-07-22T01:35:55.396+0100][gc            ] GC(2) Concurrent Cycle 109.831ms
[2023-07-22T01:35:56.932+0100][gc,start      ] GC(3) Pause Young (Normal) (G1 Evacuation Pause)
[2023-07-22T01:35:56.932+0100][gc,task       ] GC(3) Using 2 workers of 2 for evacuation
[2023-07-22T01:35:56.966+0100][gc,mmu        ] GC(3) MMU target violated: 21.0ms (20.0ms/21.0ms)
[2023-07-22T01:35:56.966+0100][gc,phases     ] GC(3)   Pre Evacuate Collection Set: 0.1ms
[2023-07-22T01:35:56.966+0100][gc,phases     ] GC(3)   Evacuate Collection Set: 32.8ms
[2023-07-22T01:35:56.966+0100][gc,phases     ] GC(3)   Post Evacuate Collection Set: 1.2ms
[2023-07-22T01:35:56.966+0100][gc,phases     ] GC(3)   Other: 0.4ms
[2023-07-22T01:35:56.966+0100][gc,heap       ] GC(3) Eden regions: 50->0(46)
[2023-07-22T01:35:56.966+0100][gc,heap       ] GC(3) Survivor regions: 1->5(7)
[2023-07-22T01:35:56.966+0100][gc,heap       ] GC(3) Old regions: 9->9
[2023-07-22T01:35:56.966+0100][gc,heap       ] GC(3) Humongous regions: 129->129
[2023-07-22T01:35:56.966+0100][gc,metaspace  ] GC(3) Metaspace: 28803K(29952K)->28803K(29952K) NonClass: 25438K(26112K)->25438K(26112K) Class: 3364K(3840K)->3364K(3840K)
[2023-07-22T01:35:56.966+0100][gc            ] GC(3) Pause Young (Normal) (G1 Evacuation Pause) 187M->140M(1024M) 34.676ms
[2023-07-22T01:35:56.966+0100][gc,cpu        ] GC(3) User=0.02s Sys=0.00s Real=0.04s
[2023-07-22T01:35:58.069+0100][gc,start      ] GC(4) Pause Young (Concurrent Start) (Metadata GC Threshold)
[2023-07-22T01:35:58.069+0100][gc,task       ] GC(4) Using 2 workers of 2 for evacuation
[2023-07-22T01:35:58.105+0100][gc,mmu        ] GC(4) MMU target violated: 21.0ms (20.0ms/21.0ms)
[2023-07-22T01:35:58.105+0100][gc,phases     ] GC(4)   Pre Evacuate Collection Set: 0.4ms
[2023-07-22T01:35:58.105+0100][gc,phases     ] GC(4)   Evacuate Collection Set: 23.1ms
[2023-07-22T01:35:58.105+0100][gc,phases     ] GC(4)   Post Evacuate Collection Set: 10.3ms
[2023-07-22T01:35:58.105+0100][gc,phases     ] GC(4)   Other: 3.0ms
[2023-07-22T01:35:58.105+0100][gc,heap       ] GC(4) Eden regions: 31->0(49)
[2023-07-22T01:35:58.105+0100][gc,heap       ] GC(4) Survivor regions: 5->2(7)
[2023-07-22T01:35:58.105+0100][gc,heap       ] GC(4) Old regions: 9->13
[2023-07-22T01:35:58.105+0100][gc,heap       ] GC(4) Humongous regions: 129->129
[2023-07-22T01:35:58.105+0100][gc,metaspace  ] GC(4) Metaspace: 34569K(35840K)->34569K(35840K) NonClass: 30566K(31232K)->30566K(31232K) Class: 4003K(4608K)->4003K(4608K)
[2023-07-22T01:35:58.105+0100][gc            ] GC(4) Pause Young (Concurrent Start) (Metadata GC Threshold) 171M->142M(1024M) 36.868ms
[2023-07-22T01:35:58.106+0100][gc,cpu        ] GC(4) User=0.02s Sys=0.02s Real=0.04s
[2023-07-22T01:35:58.107+0100][gc            ] GC(5) Concurrent Cycle
[2023-07-22T01:35:58.110+0100][gc,marking    ] GC(5) Concurrent Clear Claimed Marks
[2023-07-22T01:35:58.110+0100][gc,marking    ] GC(5) Concurrent Clear Claimed Marks 0.241ms
[2023-07-22T01:35:58.110+0100][gc,marking    ] GC(5) Concurrent Scan Root Regions
[2023-07-22T01:35:58.118+0100][gc,marking    ] GC(5) Concurrent Scan Root Regions 8.037ms
[2023-07-22T01:35:58.123+0100][gc,marking    ] GC(5) Concurrent Mark (7.290s)
[2023-07-22T01:35:58.123+0100][gc,marking    ] GC(5) Concurrent Mark From Roots
[2023-07-22T01:35:58.123+0100][gc,task       ] GC(5) Using 1 workers of 1 for marking
[2023-07-22T01:35:58.174+0100][gc,marking    ] GC(5) Concurrent Mark From Roots 51.161ms
[2023-07-22T01:35:58.174+0100][gc,marking    ] GC(5) Concurrent Preclean
[2023-07-22T01:35:58.174+0100][gc,marking    ] GC(5) Concurrent Preclean 0.164ms
[2023-07-22T01:35:58.174+0100][gc,marking    ] GC(5) Concurrent Mark (7.290s, 7.342s) 51.797ms
[2023-07-22T01:35:58.178+0100][gc,start      ] GC(5) Pause Remark
[2023-07-22T01:35:58.188+0100][gc,stringtable] GC(5) Cleaned string and symbol table, strings: 10286 processed, 13 removed, symbols: 84857 processed, 14 removed
[2023-07-22T01:35:58.189+0100][gc            ] GC(5) Pause Remark 142M->142M(1024M) 10.951ms
[2023-07-22T01:35:58.189+0100][gc,cpu        ] GC(5) User=0.01s Sys=0.00s Real=0.01s
[2023-07-22T01:35:58.196+0100][gc,marking    ] GC(5) Concurrent Rebuild Remembered Sets
[2023-07-22T01:35:58.219+0100][gc,marking    ] GC(5) Concurrent Rebuild Remembered Sets 23.335ms
[2023-07-22T01:35:58.220+0100][gc,start      ] GC(5) Pause Cleanup
[2023-07-22T01:35:58.220+0100][gc            ] GC(5) Pause Cleanup 142M->142M(1024M) 0.366ms
[2023-07-22T01:35:58.220+0100][gc,cpu        ] GC(5) User=0.00s Sys=0.00s Real=0.00s
[2023-07-22T01:35:58.220+0100][gc,marking    ] GC(5) Concurrent Cleanup for Next Mark
[2023-07-22T01:35:58.258+0100][gc,marking    ] GC(5) Concurrent Cleanup for Next Mark 37.386ms
[2023-07-22T01:35:58.258+0100][gc            ] GC(5) Concurrent Cycle 151.215ms
[2023-07-22T01:40:03.649+0100][gc,start      ] GC(6) Pause Young (Normal) (G1 Evacuation Pause)
[2023-07-22T01:40:03.651+0100][gc,task       ] GC(6) Using 2 workers of 2 for evacuation
[2023-07-22T01:40:03.731+0100][gc,mmu        ] GC(6) MMU target violated: 21.0ms (20.0ms/21.0ms)
[2023-07-22T01:40:03.731+0100][gc,phases     ] GC(6)   Pre Evacuate Collection Set: 0.9ms
[2023-07-22T01:40:03.731+0100][gc,phases     ] GC(6)   Evacuate Collection Set: 77.7ms
[2023-07-22T01:40:03.731+0100][gc,phases     ] GC(6)   Post Evacuate Collection Set: 0.9ms
[2023-07-22T01:40:03.731+0100][gc,phases     ] GC(6)   Other: 2.1ms
[2023-07-22T01:40:03.731+0100][gc,heap       ] GC(6) Eden regions: 49->0(46)
[2023-07-22T01:40:03.731+0100][gc,heap       ] GC(6) Survivor regions: 2->5(7)
[2023-07-22T01:40:03.731+0100][gc,heap       ] GC(6) Old regions: 13->13
[2023-07-22T01:40:03.732+0100][gc,heap       ] GC(6) Humongous regions: 129->129
[2023-07-22T01:40:03.732+0100][gc,metaspace  ] GC(6) Metaspace: 40498K(42752K)->40498K(42752K) NonClass: 35644K(36864K)->35644K(36864K) Class: 4854K(5888K)->4854K(5888K)
[2023-07-22T01:40:03.733+0100][gc            ] GC(6) Pause Young (Normal) (G1 Evacuation Pause) 191M->145M(1024M) 82.653ms
[2023-07-22T01:40:03.733+0100][gc,cpu        ] GC(6) User=0.04s Sys=0.03s Real=0.09s
[2023-07-22T01:41:49.250+0100][gc,start      ] GC(7) Pause Young (Normal) (G1 Evacuation Pause)
[2023-07-22T01:41:49.250+0100][gc,task       ] GC(7) Using 2 workers of 2 for evacuation
[2023-07-22T01:41:49.269+0100][gc,phases     ] GC(7)   Pre Evacuate Collection Set: 0.1ms
[2023-07-22T01:41:49.269+0100][gc,phases     ] GC(7)   Evacuate Collection Set: 17.2ms
[2023-07-22T01:41:49.269+0100][gc,phases     ] GC(7)   Post Evacuate Collection Set: 1.2ms
[2023-07-22T01:41:49.269+0100][gc,phases     ] GC(7)   Other: 0.3ms
[2023-07-22T01:41:49.269+0100][gc,heap       ] GC(7) Eden regions: 46->0(46)
[2023-07-22T01:41:49.269+0100][gc,heap       ] GC(7) Survivor regions: 5->5(7)
[2023-07-22T01:41:49.269+0100][gc,heap       ] GC(7) Old regions: 13->15
[2023-07-22T01:41:49.269+0100][gc,heap       ] GC(7) Humongous regions: 129->129
[2023-07-22T01:41:49.269+0100][gc,metaspace  ] GC(7) Metaspace: 41704K(44160K)->41704K(44160K) NonClass: 36628K(37888K)->36628K(37888K) Class: 5075K(6272K)->5075K(6272K)
[2023-07-22T01:41:49.269+0100][gc            ] GC(7) Pause Young (Normal) (G1 Evacuation Pause) 191M->146M(1024M) 18.855ms
[2023-07-22T01:41:49.269+0100][gc,cpu        ] GC(7) User=0.02s Sys=0.01s Real=0.02s
[2023-07-22T01:43:53.069+0100][gc,start      ] GC(8) Pause Young (Normal) (G1 Evacuation Pause)
[2023-07-22T01:43:53.070+0100][gc,task       ] GC(8) Using 2 workers of 2 for evacuation
[2023-07-22T01:43:53.128+0100][gc,mmu        ] GC(8) MMU target violated: 21.0ms (20.0ms/21.0ms)
[2023-07-22T01:43:53.128+0100][gc,phases     ] GC(8)   Pre Evacuate Collection Set: 0.3ms
[2023-07-22T01:43:53.128+0100][gc,phases     ] GC(8)   Evacuate Collection Set: 54.8ms
[2023-07-22T01:43:53.128+0100][gc,phases     ] GC(8)   Post Evacuate Collection Set: 3.1ms
[2023-07-22T01:43:53.128+0100][gc,phases     ] GC(8)   Other: 1.2ms
[2023-07-22T01:43:53.128+0100][gc,heap       ] GC(8) Eden regions: 46->0(46)
[2023-07-22T01:43:53.128+0100][gc,heap       ] GC(8) Survivor regions: 5->5(7)
[2023-07-22T01:43:53.128+0100][gc,heap       ] GC(8) Old regions: 15->16
[2023-07-22T01:43:53.128+0100][gc,heap       ] GC(8) Humongous regions: 130->129
[2023-07-22T01:43:53.128+0100][gc,metaspace  ] GC(8) Metaspace: 42182K(44672K)->42182K(44672K) NonClass: 37023K(38400K)->37023K(38400K) Class: 5158K(6272K)->5158K(6272K)
[2023-07-22T01:43:53.130+0100][gc            ] GC(8) Pause Young (Normal) (G1 Evacuation Pause) 193M->148M(1024M) 59.467ms
[2023-07-22T01:43:53.130+0100][gc,cpu        ] GC(8) User=0.02s Sys=0.01s Real=0.06s
[2023-07-22T01:45:21.462+0100][gc,start      ] GC(9) Pause Young (Normal) (G1 Evacuation Pause)
[2023-07-22T01:45:21.462+0100][gc,task       ] GC(9) Using 2 workers of 2 for evacuation
[2023-07-22T01:45:21.489+0100][gc,mmu        ] GC(9) MMU target violated: 21.0ms (20.0ms/21.0ms)
[2023-07-22T01:45:21.489+0100][gc,phases     ] GC(9)   Pre Evacuate Collection Set: 0.0ms
[2023-07-22T01:45:21.489+0100][gc,phases     ] GC(9)   Evacuate Collection Set: 26.1ms
[2023-07-22T01:45:21.489+0100][gc,phases     ] GC(9)   Post Evacuate Collection Set: 0.4ms
[2023-07-22T01:45:21.489+0100][gc,phases     ] GC(9)   Other: 1.6ms
[2023-07-22T01:45:21.489+0100][gc,heap       ] GC(9) Eden regions: 46->0(45)
[2023-07-22T01:45:21.489+0100][gc,heap       ] GC(9) Survivor regions: 5->6(7)
[2023-07-22T01:45:21.489+0100][gc,heap       ] GC(9) Old regions: 16->18
[2023-07-22T01:45:21.489+0100][gc,heap       ] GC(9) Humongous regions: 129->129
[2023-07-22T01:45:21.489+0100][gc,metaspace  ] GC(9) Metaspace: 42230K(44672K)->42230K(44672K) NonClass: 37070K(38400K)->37070K(38400K) Class: 5159K(6272K)->5159K(6272K)
[2023-07-22T01:45:21.489+0100][gc            ] GC(9) Pause Young (Normal) (G1 Evacuation Pause) 194M->150M(1024M) 27.274ms
[2023-07-22T01:45:21.489+0100][gc,cpu        ] GC(9) User=0.03s Sys=0.00s Real=0.02s
[2023-07-22T01:46:27.837+0100][gc,start      ] GC(10) Pause Young (Normal) (G1 Evacuation Pause)
[2023-07-22T01:46:27.838+0100][gc,task       ] GC(10) Using 2 workers of 2 for evacuation
[2023-07-22T01:46:27.872+0100][gc,mmu        ] GC(10) MMU target violated: 21.0ms (20.0ms/21.0ms)
[2023-07-22T01:46:27.872+0100][gc,phases     ] GC(10)   Pre Evacuate Collection Set: 0.1ms
[2023-07-22T01:46:27.872+0100][gc,phases     ] GC(10)   Evacuate Collection Set: 31.0ms
[2023-07-22T01:46:27.872+0100][gc,phases     ] GC(10)   Post Evacuate Collection Set: 2.4ms
[2023-07-22T01:46:27.872+0100][gc,phases     ] GC(10)   Other: 1.0ms
[2023-07-22T01:46:27.872+0100][gc,heap       ] GC(10) Eden regions: 45->0(48)
[2023-07-22T01:46:27.872+0100][gc,heap       ] GC(10) Survivor regions: 6->3(7)
[2023-07-22T01:46:27.872+0100][gc,heap       ] GC(10) Old regions: 18->23
[2023-07-22T01:46:27.872+0100][gc,heap       ] GC(10) Humongous regions: 129->129
[2023-07-22T01:46:27.872+0100][gc,metaspace  ] GC(10) Metaspace: 42250K(44672K)->42250K(44672K) NonClass: 37091K(38400K)->37091K(38400K) Class: 5159K(6272K)->5159K(6272K)
[2023-07-22T01:46:27.872+0100][gc            ] GC(10) Pause Young (Normal) (G1 Evacuation Pause) 195M->153M(1024M) 35.056ms
[2023-07-22T01:46:27.873+0100][gc,cpu        ] GC(10) User=0.04s Sys=0.01s Real=0.04s
[2023-07-22T01:47:46.900+0100][gc,start      ] GC(11) Pause Young (Normal) (G1 Evacuation Pause)
[2023-07-22T01:47:46.901+0100][gc,task       ] GC(11) Using 2 workers of 2 for evacuation
[2023-07-22T01:47:46.971+0100][gc,mmu        ] GC(11) MMU target violated: 21.0ms (20.0ms/21.0ms)
[2023-07-22T01:47:46.971+0100][gc,phases     ] GC(11)   Pre Evacuate Collection Set: 0.3ms
[2023-07-22T01:47:46.971+0100][gc,phases     ] GC(11)   Evacuate Collection Set: 66.5ms
[2023-07-22T01:47:46.971+0100][gc,phases     ] GC(11)   Post Evacuate Collection Set: 3.2ms
[2023-07-22T01:47:46.971+0100][gc,phases     ] GC(11)   Other: 0.6ms
[2023-07-22T01:47:46.971+0100][gc,heap       ] GC(11) Eden regions: 48->0(45)
[2023-07-22T01:47:46.971+0100][gc,heap       ] GC(11) Survivor regions: 3->6(7)
[2023-07-22T01:47:46.971+0100][gc,heap       ] GC(11) Old regions: 23->23
[2023-07-22T01:47:46.971+0100][gc,heap       ] GC(11) Humongous regions: 129->129
[2023-07-22T01:47:46.971+0100][gc,metaspace  ] GC(11) Metaspace: 42292K(44672K)->42292K(44672K) NonClass: 37131K(38400K)->37131K(38400K) Class: 5161K(6272K)->5161K(6272K)
[2023-07-22T01:47:46.971+0100][gc            ] GC(11) Pause Young (Normal) (G1 Evacuation Pause) 201M->155M(1024M) 70.635ms
[2023-07-22T01:47:46.971+0100][gc,cpu        ] GC(11) User=0.03s Sys=0.01s Real=0.07s
[2023-07-22T01:50:51.960+0100][gc,start      ] GC(12) Pause Young (Normal) (G1 Evacuation Pause)
[2023-07-22T01:50:51.960+0100][gc,task       ] GC(12) Using 2 workers of 2 for evacuation
[2023-07-22T01:50:51.994+0100][gc,mmu        ] GC(12) MMU target violated: 21.0ms (20.0ms/21.0ms)
[2023-07-22T01:50:51.994+0100][gc,phases     ] GC(12)   Pre Evacuate Collection Set: 0.3ms
[2023-07-22T01:50:51.994+0100][gc,phases     ] GC(12)   Evacuate Collection Set: 28.2ms
[2023-07-22T01:50:51.994+0100][gc,phases     ] GC(12)   Post Evacuate Collection Set: 5.1ms
[2023-07-22T01:50:51.994+0100][gc,phases     ] GC(12)   Other: 1.1ms
[2023-07-22T01:50:51.994+0100][gc,heap       ] GC(12) Eden regions: 45->0(44)
[2023-07-22T01:50:51.994+0100][gc,heap       ] GC(12) Survivor regions: 6->7(7)
[2023-07-22T01:50:51.994+0100][gc,heap       ] GC(12) Old regions: 23->25
[2023-07-22T01:50:51.994+0100][gc,heap       ] GC(12) Humongous regions: 131->129
[2023-07-22T01:50:51.994+0100][gc,metaspace  ] GC(12) Metaspace: 42390K(44928K)->42390K(44928K) NonClass: 37229K(38656K)->37229K(38656K) Class: 5161K(6272K)->5161K(6272K)
[2023-07-22T01:50:51.995+0100][gc            ] GC(12) Pause Young (Normal) (G1 Evacuation Pause) 202M->159M(1024M) 34.749ms
[2023-07-22T01:50:51.995+0100][gc,cpu        ] GC(12) User=0.04s Sys=0.00s Real=0.04s
[2023-07-22T01:54:15.923+0100][gc,start      ] GC(13) Pause Young (Normal) (G1 Evacuation Pause)
[2023-07-22T01:54:15.924+0100][gc,task       ] GC(13) Using 2 workers of 2 for evacuation
[2023-07-22T01:54:15.988+0100][gc,mmu        ] GC(13) MMU target violated: 21.0ms (20.0ms/21.0ms)
[2023-07-22T01:54:15.989+0100][gc,phases     ] GC(13)   Pre Evacuate Collection Set: 0.2ms
[2023-07-22T01:54:15.989+0100][gc,phases     ] GC(13)   Evacuate Collection Set: 60.4ms
[2023-07-22T01:54:15.989+0100][gc,phases     ] GC(13)   Post Evacuate Collection Set: 4.0ms
[2023-07-22T01:54:15.989+0100][gc,phases     ] GC(13)   Other: 1.6ms
[2023-07-22T01:54:15.989+0100][gc,heap       ] GC(13) Eden regions: 44->0(46)
[2023-07-22T01:54:15.990+0100][gc,heap       ] GC(13) Survivor regions: 7->5(7)
[2023-07-22T01:54:15.990+0100][gc,heap       ] GC(13) Old regions: 25->30
[2023-07-22T01:54:15.990+0100][gc,heap       ] GC(13) Humongous regions: 133->129
[2023-07-22T01:54:15.990+0100][gc,metaspace  ] GC(13) Metaspace: 42507K(44928K)->42507K(44928K) NonClass: 37346K(38656K)->37346K(38656K) Class: 5161K(6272K)->5161K(6272K)
[2023-07-22T01:54:15.990+0100][gc            ] GC(13) Pause Young (Normal) (G1 Evacuation Pause) 207M->161M(1024M) 66.623ms
[2023-07-22T01:54:15.990+0100][gc,cpu        ] GC(13) User=0.05s Sys=0.00s Real=0.06s
[2023-07-22T01:58:56.879+0100][gc,start      ] GC(14) Pause Young (Normal) (G1 Evacuation Pause)
[2023-07-22T01:58:56.881+0100][gc,task       ] GC(14) Using 2 workers of 2 for evacuation
[2023-07-22T01:58:56.921+0100][gc,mmu        ] GC(14) MMU target violated: 21.0ms (20.0ms/21.0ms)
[2023-07-22T01:58:56.922+0100][gc,phases     ] GC(14)   Pre Evacuate Collection Set: 0.9ms
[2023-07-22T01:58:56.922+0100][gc,phases     ] GC(14)   Evacuate Collection Set: 38.9ms
[2023-07-22T01:58:56.922+0100][gc,phases     ] GC(14)   Post Evacuate Collection Set: 0.6ms
[2023-07-22T01:58:56.922+0100][gc,phases     ] GC(14)   Other: 1.8ms
[2023-07-22T01:58:56.922+0100][gc,heap       ] GC(14) Eden regions: 46->0(47)
[2023-07-22T01:58:56.922+0100][gc,heap       ] GC(14) Survivor regions: 5->4(7)
[2023-07-22T01:58:56.922+0100][gc,heap       ] GC(14) Old regions: 30->32
[2023-07-22T01:58:56.922+0100][gc,heap       ] GC(14) Humongous regions: 132->129
[2023-07-22T01:58:56.922+0100][gc,metaspace  ] GC(14) Metaspace: 42542K(45184K)->42542K(45184K) NonClass: 37381K(38912K)->37381K(38912K) Class: 5161K(6272K)->5161K(6272K)
[2023-07-22T01:58:56.922+0100][gc            ] GC(14) Pause Young (Normal) (G1 Evacuation Pause) 210M->163M(1024M) 42.250ms
[2023-07-22T01:58:56.922+0100][gc,cpu        ] GC(14) User=0.06s Sys=0.00s Real=0.05s
[2023-07-22T02:03:57.886+0100][gc,start      ] GC(15) Pause Young (Normal) (G1 Evacuation Pause)
[2023-07-22T02:03:57.887+0100][gc,task       ] GC(15) Using 2 workers of 2 for evacuation
[2023-07-22T02:03:57.947+0100][gc,mmu        ] GC(15) MMU target violated: 21.0ms (20.0ms/21.0ms)
[2023-07-22T02:03:57.947+0100][gc,phases     ] GC(15)   Pre Evacuate Collection Set: 0.5ms
[2023-07-22T02:03:57.947+0100][gc,phases     ] GC(15)   Evacuate Collection Set: 58.3ms
[2023-07-22T02:03:57.947+0100][gc,phases     ] GC(15)   Post Evacuate Collection Set: 0.4ms
[2023-07-22T02:03:57.947+0100][gc,phases     ] GC(15)   Other: 3.5ms
[2023-07-22T02:03:57.947+0100][gc,heap       ] GC(15) Eden regions: 47->0(45)
[2023-07-22T02:03:57.947+0100][gc,heap       ] GC(15) Survivor regions: 4->6(7)
[2023-07-22T02:03:57.947+0100][gc,heap       ] GC(15) Old regions: 32->32
[2023-07-22T02:03:57.947+0100][gc,heap       ] GC(15) Humongous regions: 131->129
[2023-07-22T02:03:57.947+0100][gc,metaspace  ] GC(15) Metaspace: 42646K(45184K)->42646K(45184K) NonClass: 37484K(38912K)->37484K(38912K) Class: 5161K(6272K)->5161K(6272K)
[2023-07-22T02:03:57.947+0100][gc            ] GC(15) Pause Young (Normal) (G1 Evacuation Pause) 212M->165M(1024M) 61.374ms
[2023-07-22T02:03:57.947+0100][gc,cpu        ] GC(15) User=0.04s Sys=0.03s Real=0.06s
[2023-07-22T02:08:56.884+0100][gc,start      ] GC(16) Pause Young (Normal) (G1 Evacuation Pause)
[2023-07-22T02:08:56.884+0100][gc,task       ] GC(16) Using 2 workers of 2 for evacuation
[2023-07-22T02:08:56.905+0100][gc,mmu        ] GC(16) MMU target violated: 21.0ms (20.0ms/21.0ms)
[2023-07-22T02:08:56.905+0100][gc,phases     ] GC(16)   Pre Evacuate Collection Set: 0.2ms
[2023-07-22T02:08:56.905+0100][gc,phases     ] GC(16)   Evacuate Collection Set: 20.8ms
[2023-07-22T02:08:56.905+0100][gc,phases     ] GC(16)   Post Evacuate Collection Set: 0.5ms
[2023-07-22T02:08:56.905+0100][gc,phases     ] GC(16)   Other: 0.4ms
[2023-07-22T02:08:56.905+0100][gc,heap       ] GC(16) Eden regions: 45->0(45)
[2023-07-22T02:08:56.905+0100][gc,heap       ] GC(16) Survivor regions: 6->6(7)
[2023-07-22T02:08:56.905+0100][gc,heap       ] GC(16) Old regions: 32->35
[2023-07-22T02:08:56.905+0100][gc,heap       ] GC(16) Humongous regions: 129->129
[2023-07-22T02:08:56.905+0100][gc,metaspace  ] GC(16) Metaspace: 42665K(45184K)->42665K(45184K) NonClass: 37503K(38912K)->37503K(38912K) Class: 5162K(6272K)->5162K(6272K)
[2023-07-22T02:08:56.905+0100][gc            ] GC(16) Pause Young (Normal) (G1 Evacuation Pause) 210M->168M(1024M) 21.922ms
[2023-07-22T02:08:56.905+0100][gc,cpu        ] GC(16) User=0.03s Sys=0.00s Real=0.02s
[2023-07-22T02:13:48.070+0100][gc,start      ] GC(17) Pause Young (Normal) (G1 Evacuation Pause)
[2023-07-22T02:13:48.071+0100][gc,task       ] GC(17) Using 2 workers of 2 for evacuation
[2023-07-22T02:13:48.152+0100][gc,mmu        ] GC(17) MMU target violated: 21.0ms (20.0ms/21.0ms)
[2023-07-22T02:13:48.152+0100][gc,phases     ] GC(17)   Pre Evacuate Collection Set: 1.0ms
[2023-07-22T02:13:48.152+0100][gc,phases     ] GC(17)   Evacuate Collection Set: 76.9ms
[2023-07-22T02:13:48.152+0100][gc,phases     ] GC(17)   Post Evacuate Collection Set: 2.7ms
[2023-07-22T02:13:48.152+0100][gc,phases     ] GC(17)   Other: 2.1ms
[2023-07-22T02:13:48.152+0100][gc,heap       ] GC(17) Eden regions: 45->0(44)
[2023-07-22T02:13:48.152+0100][gc,heap       ] GC(17) Survivor regions: 6->7(7)
[2023-07-22T02:13:48.152+0100][gc,heap       ] GC(17) Old regions: 35->38
[2023-07-22T02:13:48.152+0100][gc,heap       ] GC(17) Humongous regions: 130->129
[2023-07-22T02:13:48.152+0100][gc,metaspace  ] GC(17) Metaspace: 42734K(45184K)->42734K(45184K) NonClass: 37571K(38912K)->37571K(38912K) Class: 5163K(6272K)->5163K(6272K)
[2023-07-22T02:13:48.152+0100][gc            ] GC(17) Pause Young (Normal) (G1 Evacuation Pause) 214M->171M(1024M) 82.395ms
[2023-07-22T02:13:48.153+0100][gc,cpu        ] GC(17) User=0.10s Sys=0.01s Real=0.09s
[2023-07-22T02:18:28.479+0100][gc,start      ] GC(18) Pause Young (Normal) (G1 Evacuation Pause)
[2023-07-22T02:18:28.479+0100][gc,task       ] GC(18) Using 2 workers of 2 for evacuation
[2023-07-22T02:18:28.512+0100][gc,mmu        ] GC(18) MMU target violated: 21.0ms (20.0ms/21.0ms)
[2023-07-22T02:18:28.512+0100][gc,phases     ] GC(18)   Pre Evacuate Collection Set: 0.4ms
[2023-07-22T02:18:28.512+0100][gc,phases     ] GC(18)   Evacuate Collection Set: 30.3ms
[2023-07-22T02:18:28.512+0100][gc,phases     ] GC(18)   Post Evacuate Collection Set: 1.4ms
[2023-07-22T02:18:28.512+0100][gc,phases     ] GC(18)   Other: 1.0ms
[2023-07-22T02:18:28.512+0100][gc,heap       ] GC(18) Eden regions: 44->0(47)
[2023-07-22T02:18:28.512+0100][gc,heap       ] GC(18) Survivor regions: 7->4(7)
[2023-07-22T02:18:28.512+0100][gc,heap       ] GC(18) Old regions: 38->43
[2023-07-22T02:18:28.512+0100][gc,heap       ] GC(18) Humongous regions: 130->129
[2023-07-22T02:18:28.512+0100][gc,metaspace  ] GC(18) Metaspace: 42747K(45184K)->42747K(45184K) NonClass: 37584K(38912K)->37584K(38912K) Class: 5163K(6272K)->5163K(6272K)
[2023-07-22T02:18:28.514+0100][gc            ] GC(18) Pause Young (Normal) (G1 Evacuation Pause) 216M->173M(1024M) 33.159ms
[2023-07-22T02:18:28.514+0100][gc,cpu        ] GC(18) User=0.03s Sys=0.02s Real=0.04s
[2023-07-22T02:23:04.489+0100][gc,start      ] GC(19) Pause Young (Normal) (G1 Evacuation Pause)
[2023-07-22T02:23:04.489+0100][gc,task       ] GC(19) Using 2 workers of 2 for evacuation
[2023-07-22T02:23:04.555+0100][gc,mmu        ] GC(19) MMU target violated: 21.0ms (20.0ms/21.0ms)
[2023-07-22T02:23:04.556+0100][gc,phases     ] GC(19)   Pre Evacuate Collection Set: 0.4ms
[2023-07-22T02:23:04.556+0100][gc,phases     ] GC(19)   Evacuate Collection Set: 47.2ms
[2023-07-22T02:23:04.556+0100][gc,phases     ] GC(19)   Post Evacuate Collection Set: 18.8ms
[2023-07-22T02:23:04.556+0100][gc,phases     ] GC(19)   Other: 1.3ms
[2023-07-22T02:23:04.556+0100][gc,heap       ] GC(19) Eden regions: 47->0(45)
[2023-07-22T02:23:04.556+0100][gc,heap       ] GC(19) Survivor regions: 4->6(7)
[2023-07-22T02:23:04.556+0100][gc,heap       ] GC(19) Old regions: 43->43
[2023-07-22T02:23:04.556+0100][gc,heap       ] GC(19) Humongous regions: 137->129
[2023-07-22T02:23:04.556+0100][gc,metaspace  ] GC(19) Metaspace: 42804K(45184K)->42804K(45184K) NonClass: 37641K(38912K)->37641K(38912K) Class: 5163K(6272K)->5163K(6272K)
[2023-07-22T02:23:04.556+0100][gc            ] GC(19) Pause Young (Normal) (G1 Evacuation Pause) 228M->175M(1024M) 67.094ms
[2023-07-22T02:23:04.556+0100][gc,cpu        ] GC(19) User=0.03s Sys=0.00s Real=0.07s
[2023-07-22T02:27:53.769+0100][gc,start      ] GC(20) Pause Young (Normal) (G1 Evacuation Pause)
[2023-07-22T02:27:53.770+0100][gc,task       ] GC(20) Using 2 workers of 2 for evacuation
[2023-07-22T02:27:53.835+0100][gc,mmu        ] GC(20) MMU target violated: 21.0ms (20.0ms/21.0ms)
[2023-07-22T02:27:53.835+0100][gc,phases     ] GC(20)   Pre Evacuate Collection Set: 0.3ms
[2023-07-22T02:27:53.835+0100][gc,phases     ] GC(20)   Evacuate Collection Set: 63.9ms
[2023-07-22T02:27:53.835+0100][gc,phases     ] GC(20)   Post Evacuate Collection Set: 0.4ms
[2023-07-22T02:27:53.835+0100][gc,phases     ] GC(20)   Other: 1.3ms
[2023-07-22T02:27:53.835+0100][gc,heap       ] GC(20) Eden regions: 45->0(44)
[2023-07-22T02:27:53.835+0100][gc,heap       ] GC(20) Survivor regions: 6->7(7)
[2023-07-22T02:27:53.835+0100][gc,heap       ] GC(20) Old regions: 43->45
[2023-07-22T02:27:53.835+0100][gc,heap       ] GC(20) Humongous regions: 133->129
[2023-07-22T02:27:53.835+0100][gc,metaspace  ] GC(20) Metaspace: 42842K(45440K)->42842K(45440K) NonClass: 37679K(39168K)->37679K(39168K) Class: 5163K(6272K)->5163K(6272K)
[2023-07-22T02:27:53.836+0100][gc            ] GC(20) Pause Young (Normal) (G1 Evacuation Pause) 224M->179M(1024M) 66.035ms
[2023-07-22T02:27:53.836+0100][gc,cpu        ] GC(20) User=0.04s Sys=0.02s Real=0.07s
[2023-07-22T02:32:32.198+0100][gc,start      ] GC(21) Pause Young (Normal) (G1 Evacuation Pause)
[2023-07-22T02:32:32.199+0100][gc,task       ] GC(21) Using 2 workers of 2 for evacuation
[2023-07-22T02:32:32.281+0100][gc,mmu        ] GC(21) MMU target violated: 21.0ms (20.0ms/21.0ms)
[2023-07-22T02:32:32.281+0100][gc,phases     ] GC(21)   Pre Evacuate Collection Set: 0.7ms
[2023-07-22T02:32:32.281+0100][gc,phases     ] GC(21)   Evacuate Collection Set: 79.8ms
[2023-07-22T02:32:32.281+0100][gc,phases     ] GC(21)   Post Evacuate Collection Set: 0.4ms
[2023-07-22T02:32:32.281+0100][gc,phases     ] GC(21)   Other: 1.8ms
[2023-07-22T02:32:32.281+0100][gc,heap       ] GC(21) Eden regions: 44->0(47)
[2023-07-22T02:32:32.282+0100][gc,heap       ] GC(21) Survivor regions: 7->4(7)
[2023-07-22T02:32:32.282+0100][gc,heap       ] GC(21) Old regions: 45->50
[2023-07-22T02:32:32.282+0100][gc,heap       ] GC(21) Humongous regions: 131->129
[2023-07-22T02:32:32.282+0100][gc,metaspace  ] GC(21) Metaspace: 42885K(45440K)->42885K(45440K) NonClass: 37722K(39168K)->37722K(39168K) Class: 5163K(6272K)->5163K(6272K)
[2023-07-22T02:32:32.282+0100][gc            ] GC(21) Pause Young (Normal) (G1 Evacuation Pause) 225M->181M(1024M) 83.584ms
[2023-07-22T02:32:32.282+0100][gc,cpu        ] GC(21) User=0.03s Sys=0.03s Real=0.09s
[2023-07-22T02:37:14.358+0100][gc,start      ] GC(22) Pause Young (Normal) (G1 Evacuation Pause)
[2023-07-22T02:37:14.358+0100][gc,task       ] GC(22) Using 2 workers of 2 for evacuation
[2023-07-22T02:37:14.470+0100][gc,mmu        ] GC(22) MMU target violated: 21.0ms (20.0ms/21.0ms)
[2023-07-22T02:37:14.470+0100][gc,phases     ] GC(22)   Pre Evacuate Collection Set: 0.2ms
[2023-07-22T02:37:14.470+0100][gc,phases     ] GC(22)   Evacuate Collection Set: 110.9ms
[2023-07-22T02:37:14.470+0100][gc,phases     ] GC(22)   Post Evacuate Collection Set: 1.1ms
[2023-07-22T02:37:14.470+0100][gc,phases     ] GC(22)   Other: 0.3ms
[2023-07-22T02:37:14.470+0100][gc,heap       ] GC(22) Eden regions: 47->0(44)
[2023-07-22T02:37:14.471+0100][gc,heap       ] GC(22) Survivor regions: 4->7(7)
[2023-07-22T02:37:14.471+0100][gc,heap       ] GC(22) Old regions: 50->52
[2023-07-22T02:37:14.471+0100][gc,heap       ] GC(22) Humongous regions: 129->129
[2023-07-22T02:37:14.471+0100][gc,metaspace  ] GC(22) Metaspace: 42923K(45440K)->42923K(45440K) NonClass: 37755K(39168K)->37755K(39168K) Class: 5168K(6272K)->5168K(6272K)
[2023-07-22T02:37:14.471+0100][gc            ] GC(22) Pause Young (Normal) (G1 Evacuation Pause) 228M->186M(1024M) 112.544ms
[2023-07-22T02:37:14.471+0100][gc,cpu        ] GC(22) User=0.04s Sys=0.04s Real=0.11s
[2023-07-22T02:41:52.121+0100][gc,start      ] GC(23) Pause Young (Normal) (G1 Evacuation Pause)
[2023-07-22T02:41:52.122+0100][gc,task       ] GC(23) Using 2 workers of 2 for evacuation
[2023-07-22T02:41:52.141+0100][gc,phases     ] GC(23)   Pre Evacuate Collection Set: 0.3ms
[2023-07-22T02:41:52.141+0100][gc,phases     ] GC(23)   Evacuate Collection Set: 16.4ms
[2023-07-22T02:41:52.141+0100][gc,phases     ] GC(23)   Post Evacuate Collection Set: 2.0ms
[2023-07-22T02:41:52.141+0100][gc,phases     ] GC(23)   Other: 1.6ms
[2023-07-22T02:41:52.141+0100][gc,heap       ] GC(23) Eden regions: 44->0(48)
[2023-07-22T02:41:52.141+0100][gc,heap       ] GC(23) Survivor regions: 7->3(7)
[2023-07-22T02:41:52.141+0100][gc,heap       ] GC(23) Old regions: 52->57
[2023-07-22T02:41:52.141+0100][gc,heap       ] GC(23) Humongous regions: 130->129
[2023-07-22T02:41:52.141+0100][gc,metaspace  ] GC(23) Metaspace: 42946K(45440K)->42946K(45440K) NonClass: 37777K(39168K)->37777K(39168K) Class: 5168K(6272K)->5168K(6272K)
[2023-07-22T02:41:52.141+0100][gc            ] GC(23) Pause Young (Normal) (G1 Evacuation Pause) 231M->187M(1024M) 19.726ms
[2023-07-22T02:41:52.141+0100][gc,cpu        ] GC(23) User=0.03s Sys=0.00s Real=0.02s
[2023-07-22T02:46:57.110+0100][gc,start      ] GC(24) Pause Young (Normal) (G1 Evacuation Pause)
[2023-07-22T02:46:57.111+0100][gc,task       ] GC(24) Using 2 workers of 2 for evacuation
[2023-07-22T02:46:57.232+0100][gc,mmu        ] GC(24) MMU target violated: 21.0ms (20.0ms/21.0ms)
[2023-07-22T02:46:57.232+0100][gc,phases     ] GC(24)   Pre Evacuate Collection Set: 0.2ms
[2023-07-22T02:46:57.232+0100][gc,phases     ] GC(24)   Evacuate Collection Set: 119.5ms
[2023-07-22T02:46:57.232+0100][gc,phases     ] GC(24)   Post Evacuate Collection Set: 0.6ms
[2023-07-22T02:46:57.232+0100][gc,phases     ] GC(24)   Other: 1.1ms
[2023-07-22T02:46:57.232+0100][gc,heap       ] GC(24) Eden regions: 48->0(46)
[2023-07-22T02:46:57.232+0100][gc,heap       ] GC(24) Survivor regions: 3->5(7)
[2023-07-22T02:46:57.232+0100][gc,heap       ] GC(24) Old regions: 57->57
[2023-07-22T02:46:57.232+0100][gc,heap       ] GC(24) Humongous regions: 130->129
[2023-07-22T02:46:57.232+0100][gc,metaspace  ] GC(24) Metaspace: 42964K(45440K)->42964K(45440K) NonClass: 37796K(39168K)->37796K(39168K) Class: 5168K(6272K)->5168K(6272K)
[2023-07-22T02:46:57.232+0100][gc            ] GC(24) Pause Young (Normal) (G1 Evacuation Pause) 236M->189M(1024M) 121.426ms
[2023-07-22T02:46:57.232+0100][gc,cpu        ] GC(24) User=0.04s Sys=0.02s Real=0.12s
[2023-07-22T02:51:51.422+0100][gc,start      ] GC(25) Pause Young (Normal) (G1 Evacuation Pause)
[2023-07-22T02:51:51.425+0100][gc,task       ] GC(25) Using 2 workers of 2 for evacuation
[2023-07-22T02:51:51.653+0100][gc,mmu        ] GC(25) MMU target violated: 21.0ms (20.0ms/21.0ms)
[2023-07-22T02:51:51.653+0100][gc,phases     ] GC(25)   Pre Evacuate Collection Set: 0.9ms
[2023-07-22T02:51:51.653+0100][gc,phases     ] GC(25)   Evacuate Collection Set: 225.0ms
[2023-07-22T02:51:51.653+0100][gc,phases     ] GC(25)   Post Evacuate Collection Set: 0.6ms
[2023-07-22T02:51:51.653+0100][gc,phases     ] GC(25)   Other: 6.2ms
[2023-07-22T02:51:51.653+0100][gc,heap       ] GC(25) Eden regions: 46->0(44)
[2023-07-22T02:51:51.653+0100][gc,heap       ] GC(25) Survivor regions: 5->7(7)
[2023-07-22T02:51:51.653+0100][gc,heap       ] GC(25) Old regions: 57->59
[2023-07-22T02:51:51.653+0100][gc,heap       ] GC(25) Humongous regions: 129->129
[2023-07-22T02:51:51.653+0100][gc,metaspace  ] GC(25) Metaspace: 42997K(45440K)->42997K(45440K) NonClass: 37828K(39168K)->37828K(39168K) Class: 5168K(6272K)->5168K(6272K)
[2023-07-22T02:51:51.653+0100][gc            ] GC(25) Pause Young (Normal) (G1 Evacuation Pause) 235M->192M(1024M) 231.651ms
[2023-07-22T02:51:51.654+0100][gc,cpu        ] GC(25) User=0.03s Sys=0.08s Real=0.23s
[2023-07-22T02:56:35.696+0100][gc,start      ] GC(26) Pause Young (Normal) (G1 Evacuation Pause)
[2023-07-22T02:56:35.697+0100][gc,task       ] GC(26) Using 2 workers of 2 for evacuation
[2023-07-22T02:56:35.742+0100][gc,mmu        ] GC(26) MMU target violated: 21.0ms (20.0ms/21.0ms)
[2023-07-22T02:56:35.742+0100][gc,phases     ] GC(26)   Pre Evacuate Collection Set: 0.4ms
[2023-07-22T02:56:35.742+0100][gc,phases     ] GC(26)   Evacuate Collection Set: 44.6ms
[2023-07-22T02:56:35.742+0100][gc,phases     ] GC(26)   Post Evacuate Collection Set: 0.3ms
[2023-07-22T02:56:35.742+0100][gc,phases     ] GC(26)   Other: 1.2ms
[2023-07-22T02:56:35.742+0100][gc,heap       ] GC(26) Eden regions: 44->0(47)
[2023-07-22T02:56:35.742+0100][gc,heap       ] GC(26) Survivor regions: 7->4(7)
[2023-07-22T02:56:35.742+0100][gc,heap       ] GC(26) Old regions: 59->64
[2023-07-22T02:56:35.742+0100][gc,heap       ] GC(26) Humongous regions: 129->129
[2023-07-22T02:56:35.742+0100][gc,metaspace  ] GC(26) Metaspace: 43001K(45440K)->43001K(45440K) NonClass: 37832K(39168K)->37832K(39168K) Class: 5168K(6272K)->5168K(6272K)
[2023-07-22T02:56:35.742+0100][gc            ] GC(26) Pause Young (Normal) (G1 Evacuation Pause) 236M->194M(1024M) 46.550ms
[2023-07-22T02:56:35.742+0100][gc,cpu        ] GC(26) User=0.07s Sys=0.01s Real=0.05s
[2023-07-22T03:01:42.572+0100][gc,start      ] GC(27) Pause Young (Normal) (G1 Evacuation Pause)
[2023-07-22T03:01:42.573+0100][gc,task       ] GC(27) Using 2 workers of 2 for evacuation
[2023-07-22T03:01:42.588+0100][gc,phases     ] GC(27)   Pre Evacuate Collection Set: 0.4ms
[2023-07-22T03:01:42.589+0100][gc,phases     ] GC(27)   Evacuate Collection Set: 14.6ms
[2023-07-22T03:01:42.589+0100][gc,phases     ] GC(27)   Post Evacuate Collection Set: 0.5ms
[2023-07-22T03:01:42.589+0100][gc,phases     ] GC(27)   Other: 1.8ms
[2023-07-22T03:01:42.589+0100][gc,heap       ] GC(27) Eden regions: 47->0(47)
[2023-07-22T03:01:42.589+0100][gc,heap       ] GC(27) Survivor regions: 4->4(7)
[2023-07-22T03:01:42.589+0100][gc,heap       ] GC(27) Old regions: 64->66
[2023-07-22T03:01:42.589+0100][gc,heap       ] GC(27) Humongous regions: 129->129
[2023-07-22T03:01:42.589+0100][gc,metaspace  ] GC(27) Metaspace: 43026K(45440K)->43026K(45440K) NonClass: 37858K(39168K)->37858K(39168K) Class: 5168K(6272K)->5168K(6272K)
[2023-07-22T03:01:42.589+0100][gc            ] GC(27) Pause Young (Normal) (G1 Evacuation Pause) 241M->197M(1024M) 16.530ms
[2023-07-22T03:01:42.589+0100][gc,cpu        ] GC(27) User=0.03s Sys=0.00s Real=0.02s
[2023-07-22T03:06:49.477+0100][gc,start      ] GC(28) Pause Young (Normal) (G1 Evacuation Pause)
[2023-07-22T03:06:49.478+0100][gc,task       ] GC(28) Using 2 workers of 2 for evacuation
[2023-07-22T03:06:49.500+0100][gc,mmu        ] GC(28) MMU target violated: 21.0ms (20.0ms/21.0ms)
[2023-07-22T03:06:49.501+0100][gc,phases     ] GC(28)   Pre Evacuate Collection Set: 0.1ms
[2023-07-22T03:06:49.501+0100][gc,phases     ] GC(28)   Evacuate Collection Set: 21.9ms
[2023-07-22T03:06:49.501+0100][gc,phases     ] GC(28)   Post Evacuate Collection Set: 0.6ms
[2023-07-22T03:06:49.501+0100][gc,phases     ] GC(28)   Other: 0.4ms
[2023-07-22T03:06:49.501+0100][gc,heap       ] GC(28) Eden regions: 47->0(45)
[2023-07-22T03:06:49.501+0100][gc,heap       ] GC(28) Survivor regions: 4->6(7)
[2023-07-22T03:06:49.501+0100][gc,heap       ] GC(28) Old regions: 66->66
[2023-07-22T03:06:49.501+0100][gc,heap       ] GC(28) Humongous regions: 129->129
[2023-07-22T03:06:49.501+0100][gc,metaspace  ] GC(28) Metaspace: 43032K(45440K)->43032K(45440K) NonClass: 37863K(39168K)->37863K(39168K) Class: 5168K(6272K)->5168K(6272K)
[2023-07-22T03:06:49.501+0100][gc            ] GC(28) Pause Young (Normal) (G1 Evacuation Pause) 244M->199M(1024M) 23.152ms
[2023-07-22T03:06:49.501+0100][gc,cpu        ] GC(28) User=0.03s Sys=0.00s Real=0.03s
[2023-07-22T03:11:40.335+0100][gc,start      ] GC(29) Pause Young (Normal) (G1 Evacuation Pause)
[2023-07-22T03:11:40.335+0100][gc,task       ] GC(29) Using 2 workers of 2 for evacuation
[2023-07-22T03:11:40.363+0100][gc,mmu        ] GC(29) MMU target violated: 21.0ms (20.0ms/21.0ms)
[2023-07-22T03:11:40.363+0100][gc,phases     ] GC(29)   Pre Evacuate Collection Set: 0.2ms
[2023-07-22T03:11:40.363+0100][gc,phases     ] GC(29)   Evacuate Collection Set: 27.6ms
[2023-07-22T03:11:40.363+0100][gc,phases     ] GC(29)   Post Evacuate Collection Set: 0.5ms
[2023-07-22T03:11:40.363+0100][gc,phases     ] GC(29)   Other: 1.2ms
[2023-07-22T03:11:40.363+0100][gc,heap       ] GC(29) Eden regions: 45->0(44)
[2023-07-22T03:11:40.363+0100][gc,heap       ] GC(29) Survivor regions: 6->7(7)
[2023-07-22T03:11:40.363+0100][gc,heap       ] GC(29) Old regions: 66->69
[2023-07-22T03:11:40.363+0100][gc,heap       ] GC(29) Humongous regions: 129->129
[2023-07-22T03:11:40.363+0100][gc,metaspace  ] GC(29) Metaspace: 43053K(45440K)->43053K(45440K) NonClass: 37884K(39168K)->37884K(39168K) Class: 5168K(6272K)->5168K(6272K)
[2023-07-22T03:11:40.363+0100][gc            ] GC(29) Pause Young (Normal) (G1 Evacuation Pause) 244M->202M(1024M) 28.795ms
[2023-07-22T03:11:40.363+0100][gc,cpu        ] GC(29) User=0.04s Sys=0.00s Real=0.03s
[2023-07-22T03:16:24.123+0100][gc,start      ] GC(30) Pause Young (Normal) (G1 Evacuation Pause)
[2023-07-22T03:16:24.123+0100][gc,task       ] GC(30) Using 2 workers of 2 for evacuation
[2023-07-22T03:16:24.161+0100][gc,mmu        ] GC(30) MMU target violated: 21.0ms (20.0ms/21.0ms)
[2023-07-22T03:16:24.161+0100][gc,phases     ] GC(30)   Pre Evacuate Collection Set: 0.5ms
[2023-07-22T03:16:24.161+0100][gc,phases     ] GC(30)   Evacuate Collection Set: 36.9ms
[2023-07-22T03:16:24.161+0100][gc,phases     ] GC(30)   Post Evacuate Collection Set: 0.4ms
[2023-07-22T03:16:24.161+0100][gc,phases     ] GC(30)   Other: 0.8ms
[2023-07-22T03:16:24.161+0100][gc,heap       ] GC(30) Eden regions: 44->0(47)
[2023-07-22T03:16:24.161+0100][gc,heap       ] GC(30) Survivor regions: 7->4(7)
[2023-07-22T03:16:24.161+0100][gc,heap       ] GC(30) Old regions: 69->74
[2023-07-22T03:16:24.161+0100][gc,heap       ] GC(30) Humongous regions: 129->129
[2023-07-22T03:16:24.161+0100][gc,metaspace  ] GC(30) Metaspace: 43067K(45440K)->43067K(45440K) NonClass: 37899K(39168K)->37899K(39168K) Class: 5168K(6272K)->5168K(6272K)
[2023-07-22T03:16:24.161+0100][gc            ] GC(30) Pause Young (Normal) (G1 Evacuation Pause) 246M->205M(1024M) 38.532ms
[2023-07-22T03:16:24.161+0100][gc,cpu        ] GC(30) User=0.06s Sys=0.01s Real=0.04s
[2023-07-22T03:21:27.616+0100][gc,start      ] GC(31) Pause Young (Normal) (G1 Evacuation Pause)
[2023-07-22T03:21:27.616+0100][gc,task       ] GC(31) Using 2 workers of 2 for evacuation
[2023-07-22T03:21:27.645+0100][gc,mmu        ] GC(31) MMU target violated: 21.0ms (20.0ms/21.0ms)
[2023-07-22T03:21:27.645+0100][gc,phases     ] GC(31)   Pre Evacuate Collection Set: 0.4ms
[2023-07-22T03:21:27.646+0100][gc,phases     ] GC(31)   Evacuate Collection Set: 28.4ms
[2023-07-22T03:21:27.646+0100][gc,phases     ] GC(31)   Post Evacuate Collection Set: 0.4ms
[2023-07-22T03:21:27.646+0100][gc,phases     ] GC(31)   Other: 0.6ms
[2023-07-22T03:21:27.646+0100][gc,heap       ] GC(31) Eden regions: 47->0(45)
[2023-07-22T03:21:27.646+0100][gc,heap       ] GC(31) Survivor regions: 4->6(7)
[2023-07-22T03:21:27.646+0100][gc,heap       ] GC(31) Old regions: 74->74
[2023-07-22T03:21:27.646+0100][gc,heap       ] GC(31) Humongous regions: 129->129
[2023-07-22T03:21:27.647+0100][gc,metaspace  ] GC(31) Metaspace: 43071K(45696K)->43071K(45696K) NonClass: 37902K(39424K)->37902K(39424K) Class: 5168K(6272K)->5168K(6272K)
[2023-07-22T03:21:27.647+0100][gc            ] GC(31) Pause Young (Normal) (G1 Evacuation Pause) 252M->207M(1024M) 30.966ms
[2023-07-22T03:21:27.647+0100][gc,cpu        ] GC(31) User=0.05s Sys=0.00s Real=0.03s
[2023-07-22T03:26:19.668+0100][gc,start      ] GC(32) Pause Young (Normal) (G1 Evacuation Pause)
[2023-07-22T03:26:19.668+0100][gc,task       ] GC(32) Using 2 workers of 2 for evacuation
[2023-07-22T03:26:19.715+0100][gc,mmu        ] GC(32) MMU target violated: 21.0ms (20.0ms/21.0ms)
[2023-07-22T03:26:19.715+0100][gc,phases     ] GC(32)   Pre Evacuate Collection Set: 0.3ms
[2023-07-22T03:26:19.715+0100][gc,phases     ] GC(32)   Evacuate Collection Set: 46.3ms
[2023-07-22T03:26:19.715+0100][gc,phases     ] GC(32)   Post Evacuate Collection Set: 0.5ms
[2023-07-22T03:26:19.716+0100][gc,phases     ] GC(32)   Other: 0.7ms
[2023-07-22T03:26:19.716+0100][gc,heap       ] GC(32) Eden regions: 45->0(44)
[2023-07-22T03:26:19.716+0100][gc,heap       ] GC(32) Survivor regions: 6->7(7)
[2023-07-22T03:26:19.716+0100][gc,heap       ] GC(32) Old regions: 74->77
[2023-07-22T03:26:19.716+0100][gc,heap       ] GC(32) Humongous regions: 129->129
[2023-07-22T03:26:19.716+0100][gc,metaspace  ] GC(32) Metaspace: 43072K(45696K)->43072K(45696K) NonClass: 37904K(39424K)->37904K(39424K) Class: 5168K(6272K)->5168K(6272K)
[2023-07-22T03:26:19.716+0100][gc            ] GC(32) Pause Young (Normal) (G1 Evacuation Pause) 252M->211M(1024M) 47.722ms
[2023-07-22T03:26:19.716+0100][gc,cpu        ] GC(32) User=0.08s Sys=0.01s Real=0.05s
[2023-07-22T03:31:06.118+0100][gc,start      ] GC(33) Pause Young (Normal) (G1 Evacuation Pause)
[2023-07-22T03:31:06.119+0100][gc,task       ] GC(33) Using 2 workers of 2 for evacuation
[2023-07-22T03:31:06.173+0100][gc,mmu        ] GC(33) MMU target violated: 21.0ms (20.0ms/21.0ms)
[2023-07-22T03:31:06.174+0100][gc,phases     ] GC(33)   Pre Evacuate Collection Set: 1.2ms
[2023-07-22T03:31:06.174+0100][gc,phases     ] GC(33)   Evacuate Collection Set: 52.1ms
[2023-07-22T03:31:06.174+0100][gc,phases     ] GC(33)   Post Evacuate Collection Set: 0.8ms
[2023-07-22T03:31:06.174+0100][gc,phases     ] GC(33)   Other: 1.4ms
[2023-07-22T03:31:06.174+0100][gc,heap       ] GC(33) Eden regions: 44->0(47)
[2023-07-22T03:31:06.174+0100][gc,heap       ] GC(33) Survivor regions: 7->4(7)
[2023-07-22T03:31:06.175+0100][gc,heap       ] GC(33) Old regions: 77->82
[2023-07-22T03:31:06.175+0100][gc,heap       ] GC(33) Humongous regions: 129->129
[2023-07-22T03:31:06.175+0100][gc,metaspace  ] GC(33) Metaspace: 43072K(45696K)->43072K(45696K) NonClass: 37904K(39424K)->37904K(39424K) Class: 5168K(6272K)->5168K(6272K)
[2023-07-22T03:31:06.175+0100][gc            ] GC(33) Pause Young (Normal) (G1 Evacuation Pause) 255M->213M(1024M) 56.526ms
[2023-07-22T03:31:06.175+0100][gc,cpu        ] GC(33) User=0.09s Sys=0.01s Real=0.06s
[2023-07-22T03:35:57.193+0100][gc,start      ] GC(34) Pause Young (Normal) (G1 Evacuation Pause)
[2023-07-22T03:35:57.193+0100][gc,task       ] GC(34) Using 2 workers of 2 for evacuation
[2023-07-22T03:35:57.230+0100][gc,mmu        ] GC(34) MMU target violated: 21.0ms (20.0ms/21.0ms)
[2023-07-22T03:35:57.230+0100][gc,phases     ] GC(34)   Pre Evacuate Collection Set: 0.8ms
[2023-07-22T03:35:57.230+0100][gc,phases     ] GC(34)   Evacuate Collection Set: 35.1ms
[2023-07-22T03:35:57.230+0100][gc,phases     ] GC(34)   Post Evacuate Collection Set: 0.4ms
[2023-07-22T03:35:57.230+0100][gc,phases     ] GC(34)   Other: 0.9ms
[2023-07-22T03:35:57.230+0100][gc,heap       ] GC(34) Eden regions: 47->0(44)
[2023-07-22T03:35:57.230+0100][gc,heap       ] GC(34) Survivor regions: 4->7(7)
[2023-07-22T03:35:57.230+0100][gc,heap       ] GC(34) Old regions: 82->82
[2023-07-22T03:35:57.230+0100][gc,heap       ] GC(34) Humongous regions: 129->129
[2023-07-22T03:35:57.230+0100][gc,metaspace  ] GC(34) Metaspace: 43073K(45696K)->43073K(45696K) NonClass: 37904K(39424K)->37904K(39424K) Class: 5168K(6272K)->5168K(6272K)
[2023-07-22T03:35:57.230+0100][gc            ] GC(34) Pause Young (Normal) (G1 Evacuation Pause) 260M->216M(1024M) 37.199ms
[2023-07-22T03:35:57.230+0100][gc,cpu        ] GC(34) User=0.05s Sys=0.00s Real=0.03s
[2023-07-22T03:40:33.070+0100][gc,start      ] GC(35) Pause Young (Normal) (G1 Evacuation Pause)
[2023-07-22T03:40:33.070+0100][gc,task       ] GC(35) Using 2 workers of 2 for evacuation
[2023-07-22T03:40:33.119+0100][gc,mmu        ] GC(35) MMU target violated: 21.0ms (20.0ms/21.0ms)
[2023-07-22T03:40:33.119+0100][gc,phases     ] GC(35)   Pre Evacuate Collection Set: 1.0ms
[2023-07-22T03:40:33.119+0100][gc,phases     ] GC(35)   Evacuate Collection Set: 47.2ms
[2023-07-22T03:40:33.119+0100][gc,phases     ] GC(35)   Post Evacuate Collection Set: 0.5ms
[2023-07-22T03:40:33.119+0100][gc,phases     ] GC(35)   Other: 0.8ms
[2023-07-22T03:40:33.119+0100][gc,heap       ] GC(35) Eden regions: 44->0(47)
[2023-07-22T03:40:33.119+0100][gc,heap       ] GC(35) Survivor regions: 7->4(7)
[2023-07-22T03:40:33.119+0100][gc,heap       ] GC(35) Old regions: 82->88
[2023-07-22T03:40:33.119+0100][gc,heap       ] GC(35) Humongous regions: 129->129
[2023-07-22T03:40:33.119+0100][gc,metaspace  ] GC(35) Metaspace: 43073K(45696K)->43073K(45696K) NonClass: 37905K(39424K)->37905K(39424K) Class: 5168K(6272K)->5168K(6272K)
[2023-07-22T03:40:33.119+0100][gc            ] GC(35) Pause Young (Normal) (G1 Evacuation Pause) 260M->219M(1024M) 49.585ms
[2023-07-22T03:40:33.120+0100][gc,cpu        ] GC(35) User=0.09s Sys=0.00s Real=0.05s
[2023-07-22T03:45:37.038+0100][gc,start      ] GC(36) Pause Young (Normal) (G1 Evacuation Pause)
[2023-07-22T03:45:37.038+0100][gc,task       ] GC(36) Using 2 workers of 2 for evacuation
[2023-07-22T03:45:37.071+0100][gc,mmu        ] GC(36) MMU target violated: 21.0ms (20.0ms/21.0ms)
[2023-07-22T03:45:37.071+0100][gc,phases     ] GC(36)   Pre Evacuate Collection Set: 2.3ms
[2023-07-22T03:45:37.071+0100][gc,phases     ] GC(36)   Evacuate Collection Set: 29.0ms
[2023-07-22T03:45:37.071+0100][gc,phases     ] GC(36)   Post Evacuate Collection Set: 0.7ms
[2023-07-22T03:45:37.071+0100][gc,phases     ] GC(36)   Other: 1.1ms
[2023-07-22T03:45:37.071+0100][gc,heap       ] GC(36) Eden regions: 47->0(47)
[2023-07-22T03:45:37.071+0100][gc,heap       ] GC(36) Survivor regions: 4->4(7)
[2023-07-22T03:45:37.071+0100][gc,heap       ] GC(36) Old regions: 88->90
[2023-07-22T03:45:37.072+0100][gc,heap       ] GC(36) Humongous regions: 129->129
[2023-07-22T03:45:37.072+0100][gc,metaspace  ] GC(36) Metaspace: 43095K(45696K)->43095K(45696K) NonClass: 37926K(39424K)->37926K(39424K) Class: 5168K(6272K)->5168K(6272K)
[2023-07-22T03:45:37.072+0100][gc            ] GC(36) Pause Young (Normal) (G1 Evacuation Pause) 266M->221M(1024M) 33.847ms
[2023-07-22T03:45:37.072+0100][gc,cpu        ] GC(36) User=0.06s Sys=0.00s Real=0.03s
[2023-07-22T03:50:43.069+0100][gc,start      ] GC(37) Pause Young (Normal) (G1 Evacuation Pause)
[2023-07-22T03:50:43.069+0100][gc,task       ] GC(37) Using 2 workers of 2 for evacuation
[2023-07-22T03:50:43.085+0100][gc,phases     ] GC(37)   Pre Evacuate Collection Set: 0.5ms
[2023-07-22T03:50:43.085+0100][gc,phases     ] GC(37)   Evacuate Collection Set: 13.9ms
[2023-07-22T03:50:43.085+0100][gc,phases     ] GC(37)   Post Evacuate Collection Set: 1.9ms
[2023-07-22T03:50:43.085+0100][gc,phases     ] GC(37)   Other: 0.4ms
[2023-07-22T03:50:43.086+0100][gc,heap       ] GC(37) Eden regions: 47->0(47)
[2023-07-22T03:50:43.086+0100][gc,heap       ] GC(37) Survivor regions: 4->4(7)
[2023-07-22T03:50:43.086+0100][gc,heap       ] GC(37) Old regions: 90->93
[2023-07-22T03:50:43.086+0100][gc,heap       ] GC(37) Humongous regions: 129->129
[2023-07-22T03:50:43.086+0100][gc,metaspace  ] GC(37) Metaspace: 43099K(45696K)->43099K(45696K) NonClass: 37930K(39424K)->37930K(39424K) Class: 5168K(6272K)->5168K(6272K)
[2023-07-22T03:50:43.086+0100][gc            ] GC(37) Pause Young (Normal) (G1 Evacuation Pause) 268M->223M(1024M) 17.227ms
[2023-07-22T03:50:43.086+0100][gc,cpu        ] GC(37) User=0.03s Sys=0.01s Real=0.02s
[2023-07-22T03:55:51.977+0100][gc,start      ] GC(38) Pause Young (Normal) (G1 Evacuation Pause)
[2023-07-22T03:55:51.977+0100][gc,task       ] GC(38) Using 2 workers of 2 for evacuation
[2023-07-22T03:55:51.991+0100][gc,phases     ] GC(38)   Pre Evacuate Collection Set: 0.5ms
[2023-07-22T03:55:51.991+0100][gc,phases     ] GC(38)   Evacuate Collection Set: 12.2ms
[2023-07-22T03:55:51.991+0100][gc,phases     ] GC(38)   Post Evacuate Collection Set: 0.6ms
[2023-07-22T03:55:51.991+0100][gc,phases     ] GC(38)   Other: 0.6ms
[2023-07-22T03:55:51.991+0100][gc,heap       ] GC(38) Eden regions: 47->0(45)
[2023-07-22T03:55:51.991+0100][gc,heap       ] GC(38) Survivor regions: 4->6(7)
[2023-07-22T03:55:51.991+0100][gc,heap       ] GC(38) Old regions: 93->93
[2023-07-22T03:55:51.991+0100][gc,heap       ] GC(38) Humongous regions: 129->129
[2023-07-22T03:55:51.991+0100][gc,metaspace  ] GC(38) Metaspace: 43099K(45696K)->43099K(45696K) NonClass: 37930K(39424K)->37930K(39424K) Class: 5168K(6272K)->5168K(6272K)
[2023-07-22T03:55:51.991+0100][gc            ] GC(38) Pause Young (Normal) (G1 Evacuation Pause) 270M->225M(1024M) 14.175ms
[2023-07-22T03:55:51.991+0100][gc,cpu        ] GC(38) User=0.02s Sys=0.00s Real=0.01s
[2023-07-22T04:00:45.564+0100][gc,start      ] GC(39) Pause Young (Normal) (G1 Evacuation Pause)
[2023-07-22T04:00:45.564+0100][gc,task       ] GC(39) Using 2 workers of 2 for evacuation
[2023-07-22T04:00:45.594+0100][gc,mmu        ] GC(39) MMU target violated: 21.0ms (20.0ms/21.0ms)
[2023-07-22T04:00:45.594+0100][gc,phases     ] GC(39)   Pre Evacuate Collection Set: 0.4ms
[2023-07-22T04:00:45.594+0100][gc,phases     ] GC(39)   Evacuate Collection Set: 27.9ms
[2023-07-22T04:00:45.594+0100][gc,phases     ] GC(39)   Post Evacuate Collection Set: 0.5ms
[2023-07-22T04:00:45.594+0100][gc,phases     ] GC(39)   Other: 1.3ms
[2023-07-22T04:00:45.594+0100][gc,heap       ] GC(39) Eden regions: 45->0(44)
[2023-07-22T04:00:45.594+0100][gc,heap       ] GC(39) Survivor regions: 6->7(7)
[2023-07-22T04:00:45.594+0100][gc,heap       ] GC(39) Old regions: 93->96
[2023-07-22T04:00:45.595+0100][gc,heap       ] GC(39) Humongous regions: 129->129
[2023-07-22T04:00:45.595+0100][gc,metaspace  ] GC(39) Metaspace: 43103K(45696K)->43103K(45696K) NonClass: 37934K(39424K)->37934K(39424K) Class: 5168K(6272K)->5168K(6272K)
[2023-07-22T04:00:45.595+0100][gc            ] GC(39) Pause Young (Normal) (G1 Evacuation Pause) 270M->229M(1024M) 31.059ms
[2023-07-22T04:00:45.595+0100][gc,cpu        ] GC(39) User=0.05s Sys=0.00s Real=0.03s
[2023-07-22T04:05:31.273+0100][gc,start      ] GC(40) Pause Young (Normal) (G1 Evacuation Pause)
[2023-07-22T04:05:31.273+0100][gc,task       ] GC(40) Using 2 workers of 2 for evacuation
[2023-07-22T04:05:31.315+0100][gc,mmu        ] GC(40) MMU target violated: 21.0ms (20.0ms/21.0ms)
[2023-07-22T04:05:31.315+0100][gc,phases     ] GC(40)   Pre Evacuate Collection Set: 0.6ms
[2023-07-22T04:05:31.315+0100][gc,phases     ] GC(40)   Evacuate Collection Set: 39.7ms
[2023-07-22T04:05:31.315+0100][gc,phases     ] GC(40)   Post Evacuate Collection Set: 0.6ms
[2023-07-22T04:05:31.315+0100][gc,phases     ] GC(40)   Other: 0.8ms
[2023-07-22T04:05:31.315+0100][gc,heap       ] GC(40) Eden regions: 44->0(47)
[2023-07-22T04:05:31.315+0100][gc,heap       ] GC(40) Survivor regions: 7->4(7)
[2023-07-22T04:05:31.315+0100][gc,heap       ] GC(40) Old regions: 96->101
[2023-07-22T04:05:31.315+0100][gc,heap       ] GC(40) Humongous regions: 129->129
[2023-07-22T04:05:31.315+0100][gc,metaspace  ] GC(40) Metaspace: 43104K(45696K)->43104K(45696K) NonClass: 37936K(39424K)->37936K(39424K) Class: 5168K(6272K)->5168K(6272K)
[2023-07-22T04:05:31.315+0100][gc            ] GC(40) Pause Young (Normal) (G1 Evacuation Pause) 273M->231M(1024M) 41.791ms
[2023-07-22T04:05:31.315+0100][gc,cpu        ] GC(40) User=0.07s Sys=0.01s Real=0.04s
[2023-07-22T04:10:35.506+0100][gc,start      ] GC(41) Pause Young (Normal) (G1 Evacuation Pause)
[2023-07-22T04:10:35.507+0100][gc,task       ] GC(41) Using 2 workers of 2 for evacuation
[2023-07-22T04:10:35.539+0100][gc,mmu        ] GC(41) MMU target violated: 21.0ms (20.0ms/21.0ms)
[2023-07-22T04:10:35.539+0100][gc,phases     ] GC(41)   Pre Evacuate Collection Set: 0.3ms
[2023-07-22T04:10:35.539+0100][gc,phases     ] GC(41)   Evacuate Collection Set: 30.7ms
[2023-07-22T04:10:35.539+0100][gc,phases     ] GC(41)   Post Evacuate Collection Set: 0.7ms
[2023-07-22T04:10:35.540+0100][gc,phases     ] GC(41)   Other: 1.1ms
[2023-07-22T04:10:35.540+0100][gc,heap       ] GC(41) Eden regions: 47->0(45)
[2023-07-22T04:10:35.540+0100][gc,heap       ] GC(41) Survivor regions: 4->6(7)
[2023-07-22T04:10:35.540+0100][gc,heap       ] GC(41) Old regions: 101->101
[2023-07-22T04:10:35.540+0100][gc,heap       ] GC(41) Humongous regions: 129->129
[2023-07-22T04:10:35.540+0100][gc,metaspace  ] GC(41) Metaspace: 43104K(45696K)->43104K(45696K) NonClass: 37936K(39424K)->37936K(39424K) Class: 5168K(6272K)->5168K(6272K)
[2023-07-22T04:10:35.540+0100][gc            ] GC(41) Pause Young (Normal) (G1 Evacuation Pause) 278M->233M(1024M) 34.016ms
[2023-07-22T04:10:35.541+0100][gc,cpu        ] GC(41) User=0.07s Sys=0.00s Real=0.04s
[2023-07-22T04:15:25.498+0100][gc,start      ] GC(42) Pause Young (Normal) (G1 Evacuation Pause)
[2023-07-22T04:15:25.498+0100][gc,task       ] GC(42) Using 2 workers of 2 for evacuation
[2023-07-22T04:15:25.551+0100][gc,mmu        ] GC(42) MMU target violated: 21.0ms (20.0ms/21.0ms)
[2023-07-22T04:15:25.551+0100][gc,phases     ] GC(42)   Pre Evacuate Collection Set: 0.8ms
[2023-07-22T04:15:25.551+0100][gc,phases     ] GC(42)   Evacuate Collection Set: 50.1ms
[2023-07-22T04:15:25.551+0100][gc,phases     ] GC(42)   Post Evacuate Collection Set: 0.5ms
[2023-07-22T04:15:25.551+0100][gc,phases     ] GC(42)   Other: 1.7ms
[2023-07-22T04:15:25.551+0100][gc,heap       ] GC(42) Eden regions: 45->0(44)
[2023-07-22T04:15:25.551+0100][gc,heap       ] GC(42) Survivor regions: 6->7(7)
[2023-07-22T04:15:25.551+0100][gc,heap       ] GC(42) Old regions: 101->103
[2023-07-22T04:15:25.551+0100][gc,heap       ] GC(42) Humongous regions: 129->129
[2023-07-22T04:15:25.551+0100][gc,metaspace  ] GC(42) Metaspace: 43105K(45696K)->43105K(45696K) NonClass: 37936K(39424K)->37936K(39424K) Class: 5168K(6272K)->5168K(6272K)
[2023-07-22T04:15:25.551+0100][gc            ] GC(42) Pause Young (Normal) (G1 Evacuation Pause) 278M->237M(1024M) 53.158ms
[2023-07-22T04:15:25.551+0100][gc,cpu        ] GC(42) User=0.09s Sys=0.00s Real=0.05s
[2023-07-22T04:20:08.941+0100][gc,start      ] GC(43) Pause Young (Normal) (G1 Evacuation Pause)
[2023-07-22T04:20:08.941+0100][gc,task       ] GC(43) Using 2 workers of 2 for evacuation
[2023-07-22T04:20:08.972+0100][gc,mmu        ] GC(43) MMU target violated: 21.0ms (20.0ms/21.0ms)
[2023-07-22T04:20:08.972+0100][gc,phases     ] GC(43)   Pre Evacuate Collection Set: 0.2ms
[2023-07-22T04:20:08.972+0100][gc,phases     ] GC(43)   Evacuate Collection Set: 29.3ms
[2023-07-22T04:20:08.972+0100][gc,phases     ] GC(43)   Post Evacuate Collection Set: 0.5ms
[2023-07-22T04:20:08.972+0100][gc,phases     ] GC(43)   Other: 0.3ms
[2023-07-22T04:20:08.972+0100][gc,heap       ] GC(43) Eden regions: 44->0(47)
[2023-07-22T04:20:08.972+0100][gc,heap       ] GC(43) Survivor regions: 7->4(7)
[2023-07-22T04:20:08.972+0100][gc,heap       ] GC(43) Old regions: 103->108
[2023-07-22T04:20:08.972+0100][gc,heap       ] GC(43) Humongous regions: 129->129
[2023-07-22T04:20:08.972+0100][gc,metaspace  ] GC(43) Metaspace: 43112K(45696K)->43112K(45696K) NonClass: 37944K(39424K)->37944K(39424K) Class: 5168K(6272K)->5168K(6272K)
[2023-07-22T04:20:08.972+0100][gc            ] GC(43) Pause Young (Normal) (G1 Evacuation Pause) 281M->239M(1024M) 30.331ms
[2023-07-22T04:20:08.972+0100][gc,cpu        ] GC(43) User=0.04s Sys=0.02s Real=0.02s
[2023-07-22T04:25:15.829+0100][gc,start      ] GC(44) Pause Young (Normal) (G1 Evacuation Pause)
[2023-07-22T04:25:15.829+0100][gc,task       ] GC(44) Using 2 workers of 2 for evacuation
[2023-07-22T04:25:15.861+0100][gc,mmu        ] GC(44) MMU target violated: 21.0ms (20.0ms/21.0ms)
[2023-07-22T04:25:15.862+0100][gc,phases     ] GC(44)   Pre Evacuate Collection Set: 0.3ms
[2023-07-22T04:25:15.862+0100][gc,phases     ] GC(44)   Evacuate Collection Set: 30.9ms
[2023-07-22T04:25:15.862+0100][gc,phases     ] GC(44)   Post Evacuate Collection Set: 0.5ms
[2023-07-22T04:25:15.862+0100][gc,phases     ] GC(44)   Other: 0.7ms
[2023-07-22T04:25:15.862+0100][gc,heap       ] GC(44) Eden regions: 47->0(47)
[2023-07-22T04:25:15.862+0100][gc,heap       ] GC(44) Survivor regions: 4->4(7)
[2023-07-22T04:25:15.862+0100][gc,heap       ] GC(44) Old regions: 108->111
[2023-07-22T04:25:15.862+0100][gc,heap       ] GC(44) Humongous regions: 129->129
[2023-07-22T04:25:15.862+0100][gc,metaspace  ] GC(44) Metaspace: 43112K(45696K)->43112K(45696K) NonClass: 37944K(39424K)->37944K(39424K) Class: 5168K(6272K)->5168K(6272K)
[2023-07-22T04:25:15.863+0100][gc            ] GC(44) Pause Young (Normal) (G1 Evacuation Pause) 286M->242M(1024M) 33.370ms
[2023-07-22T04:25:15.863+0100][gc,cpu        ] GC(44) User=0.04s Sys=0.01s Real=0.04s
[2023-07-22T04:30:23.812+0100][gc,start      ] GC(45) Pause Young (Normal) (G1 Evacuation Pause)
[2023-07-22T04:30:23.813+0100][gc,task       ] GC(45) Using 2 workers of 2 for evacuation
[2023-07-22T04:30:23.826+0100][gc,phases     ] GC(45)   Pre Evacuate Collection Set: 0.2ms
[2023-07-22T04:30:23.826+0100][gc,phases     ] GC(45)   Evacuate Collection Set: 12.4ms
[2023-07-22T04:30:23.826+0100][gc,phases     ] GC(45)   Post Evacuate Collection Set: 0.7ms
[2023-07-22T04:30:23.826+0100][gc,phases     ] GC(45)   Other: 0.4ms
[2023-07-22T04:30:23.826+0100][gc,heap       ] GC(45) Eden regions: 47->0(45)
[2023-07-22T04:30:23.826+0100][gc,heap       ] GC(45) Survivor regions: 4->6(7)
[2023-07-22T04:30:23.826+0100][gc,heap       ] GC(45) Old regions: 111->111
[2023-07-22T04:30:23.826+0100][gc,heap       ] GC(45) Humongous regions: 129->129
[2023-07-22T04:30:23.826+0100][gc,metaspace  ] GC(45) Metaspace: 43112K(45696K)->43112K(45696K) NonClass: 37944K(39424K)->37944K(39424K) Class: 5168K(6272K)->5168K(6272K)
[2023-07-22T04:30:23.826+0100][gc            ] GC(45) Pause Young (Normal) (G1 Evacuation Pause) 289M->244M(1024M) 13.924ms
[2023-07-22T04:30:23.826+0100][gc,cpu        ] GC(45) User=0.03s Sys=0.00s Real=0.01s
[2023-07-22T04:35:14.154+0100][gc,start      ] GC(46) Pause Young (Normal) (G1 Evacuation Pause)
[2023-07-22T04:35:14.154+0100][gc,task       ] GC(46) Using 2 workers of 2 for evacuation
[2023-07-22T04:35:14.187+0100][gc,mmu        ] GC(46) MMU target violated: 21.0ms (20.0ms/21.0ms)
[2023-07-22T04:35:14.188+0100][gc,phases     ] GC(46)   Pre Evacuate Collection Set: 0.2ms
[2023-07-22T04:35:14.188+0100][gc,phases     ] GC(46)   Evacuate Collection Set: 33.0ms
[2023-07-22T04:35:14.188+0100][gc,phases     ] GC(46)   Post Evacuate Collection Set: 0.3ms
[2023-07-22T04:35:14.188+0100][gc,phases     ] GC(46)   Other: 0.4ms
[2023-07-22T04:35:14.188+0100][gc,heap       ] GC(46) Eden regions: 45->0(44)
[2023-07-22T04:35:14.188+0100][gc,heap       ] GC(46) Survivor regions: 6->7(7)
[2023-07-22T04:35:14.188+0100][gc,heap       ] GC(46) Old regions: 111->114
[2023-07-22T04:35:14.188+0100][gc,heap       ] GC(46) Humongous regions: 129->129
[2023-07-22T04:35:14.188+0100][gc,metaspace  ] GC(46) Metaspace: 43116K(45696K)->43116K(45696K) NonClass: 37948K(39424K)->37948K(39424K) Class: 5168K(6272K)->5168K(6272K)
[2023-07-22T04:35:14.188+0100][gc            ] GC(46) Pause Young (Normal) (G1 Evacuation Pause) 289M->248M(1024M) 34.033ms
[2023-07-22T04:35:14.188+0100][gc,cpu        ] GC(46) User=0.05s Sys=0.00s Real=0.03s
[2023-07-22T04:39:35.157+0100][gc,start      ] GC(47) Pause Young (Normal) (G1 Evacuation Pause)
[2023-07-22T04:39:35.157+0100][gc,task       ] GC(47) Using 2 workers of 2 for evacuation
[2023-07-22T04:39:35.202+0100][gc,mmu        ] GC(47) MMU target violated: 21.0ms (20.0ms/21.0ms)
[2023-07-22T04:39:35.202+0100][gc,phases     ] GC(47)   Pre Evacuate Collection Set: 0.3ms
[2023-07-22T04:39:35.202+0100][gc,phases     ] GC(47)   Evacuate Collection Set: 43.7ms
[2023-07-22T04:39:35.202+0100][gc,phases     ] GC(47)   Post Evacuate Collection Set: 0.5ms
[2023-07-22T04:39:35.203+0100][gc,phases     ] GC(47)   Other: 0.7ms
[2023-07-22T04:39:35.203+0100][gc,heap       ] GC(47) Eden regions: 44->0(46)
[2023-07-22T04:39:35.203+0100][gc,heap       ] GC(47) Survivor regions: 7->5(7)
[2023-07-22T04:39:35.203+0100][gc,heap       ] GC(47) Old regions: 114->119
[2023-07-22T04:39:35.203+0100][gc,heap       ] GC(47) Humongous regions: 129->129
[2023-07-22T04:39:35.203+0100][gc,metaspace  ] GC(47) Metaspace: 43116K(45696K)->43116K(45696K) NonClass: 37948K(39424K)->37948K(39424K) Class: 5168K(6272K)->5168K(6272K)
[2023-07-22T04:39:35.204+0100][gc            ] GC(47) Pause Young (Normal) (G1 Evacuation Pause) 292M->251M(1024M) 46.501ms
[2023-07-22T04:39:35.204+0100][gc,cpu        ] GC(47) User=0.04s Sys=0.04s Real=0.05s
[2023-07-22T04:44:34.090+0100][gc,start      ] GC(48) Pause Young (Normal) (G1 Evacuation Pause)
[2023-07-22T04:44:34.090+0100][gc,task       ] GC(48) Using 2 workers of 2 for evacuation
[2023-07-22T04:44:34.111+0100][gc,mmu        ] GC(48) MMU target violated: 20.4ms (20.0ms/21.0ms)
[2023-07-22T04:44:34.111+0100][gc,phases     ] GC(48)   Pre Evacuate Collection Set: 0.3ms
[2023-07-22T04:44:34.111+0100][gc,phases     ] GC(48)   Evacuate Collection Set: 19.3ms
[2023-07-22T04:44:34.111+0100][gc,phases     ] GC(48)   Post Evacuate Collection Set: 0.6ms
[2023-07-22T04:44:34.111+0100][gc,phases     ] GC(48)   Other: 0.6ms
[2023-07-22T04:44:34.111+0100][gc,heap       ] GC(48) Eden regions: 46->0(49)
[2023-07-22T04:44:34.111+0100][gc,heap       ] GC(48) Survivor regions: 5->2(7)
[2023-07-22T04:44:34.111+0100][gc,heap       ] GC(48) Old regions: 119->121
[2023-07-22T04:44:34.111+0100][gc,heap       ] GC(48) Humongous regions: 129->129
[2023-07-22T04:44:34.111+0100][gc,metaspace  ] GC(48) Metaspace: 43117K(45696K)->43117K(45696K) NonClass: 37949K(39424K)->37949K(39424K) Class: 5168K(6272K)->5168K(6272K)
[2023-07-22T04:44:34.111+0100][gc            ] GC(48) Pause Young (Normal) (G1 Evacuation Pause) 297M->250M(1024M) 20.999ms
[2023-07-22T04:44:34.111+0100][gc,cpu        ] GC(48) User=0.03s Sys=0.00s Real=0.02s
[2023-07-22T04:49:49.210+0100][gc,start      ] GC(49) Pause Young (Normal) (G1 Evacuation Pause)
[2023-07-22T04:49:49.210+0100][gc,task       ] GC(49) Using 2 workers of 2 for evacuation
[2023-07-22T04:49:49.219+0100][gc,phases     ] GC(49)   Pre Evacuate Collection Set: 0.3ms
[2023-07-22T04:49:49.219+0100][gc,phases     ] GC(49)   Evacuate Collection Set: 8.4ms
[2023-07-22T04:49:49.220+0100][gc,phases     ] GC(49)   Post Evacuate Collection Set: 0.4ms
[2023-07-22T04:49:49.220+0100][gc,phases     ] GC(49)   Other: 0.4ms
[2023-07-22T04:49:49.220+0100][gc,heap       ] GC(49) Eden regions: 49->0(46)
[2023-07-22T04:49:49.220+0100][gc,heap       ] GC(49) Survivor regions: 2->5(7)
[2023-07-22T04:49:49.220+0100][gc,heap       ] GC(49) Old regions: 121->121
[2023-07-22T04:49:49.220+0100][gc,heap       ] GC(49) Humongous regions: 129->129
[2023-07-22T04:49:49.220+0100][gc,metaspace  ] GC(49) Metaspace: 43119K(45696K)->43119K(45696K) NonClass: 37950K(39424K)->37950K(39424K) Class: 5168K(6272K)->5168K(6272K)
[2023-07-22T04:49:49.220+0100][gc            ] GC(49) Pause Young (Normal) (G1 Evacuation Pause) 299M->253M(1024M) 9.712ms
[2023-07-22T04:49:49.220+0100][gc,cpu        ] GC(49) User=0.02s Sys=0.00s Real=0.01s
[2023-07-22T04:54:47.094+0100][gc,start      ] GC(50) Pause Young (Normal) (G1 Evacuation Pause)
[2023-07-22T04:54:47.094+0100][gc,task       ] GC(50) Using 2 workers of 2 for evacuation
[2023-07-22T04:54:47.127+0100][gc,mmu        ] GC(50) MMU target violated: 21.0ms (20.0ms/21.0ms)
[2023-07-22T04:54:47.128+0100][gc,phases     ] GC(50)   Pre Evacuate Collection Set: 0.1ms
[2023-07-22T04:54:47.128+0100][gc,phases     ] GC(50)   Evacuate Collection Set: 31.5ms
[2023-07-22T04:54:47.128+0100][gc,phases     ] GC(50)   Post Evacuate Collection Set: 0.9ms
[2023-07-22T04:54:47.128+0100][gc,phases     ] GC(50)   Other: 0.6ms
[2023-07-22T04:54:47.128+0100][gc,heap       ] GC(50) Eden regions: 46->0(44)
[2023-07-22T04:54:47.128+0100][gc,heap       ] GC(50) Survivor regions: 5->7(7)
[2023-07-22T04:54:47.128+0100][gc,heap       ] GC(50) Old regions: 121->123
[2023-07-22T04:54:47.128+0100][gc,heap       ] GC(50) Humongous regions: 129->129
[2023-07-22T04:54:47.128+0100][gc,metaspace  ] GC(50) Metaspace: 43119K(45696K)->43119K(45696K) NonClass: 37950K(39424K)->37950K(39424K) Class: 5168K(6272K)->5168K(6272K)
[2023-07-22T04:54:47.128+0100][gc            ] GC(50) Pause Young (Normal) (G1 Evacuation Pause) 299M->256M(1024M) 33.405ms
[2023-07-22T04:54:47.128+0100][gc,cpu        ] GC(50) User=0.05s Sys=0.01s Real=0.03s
[2023-07-22T04:59:33.069+0100][gc,start      ] GC(51) Pause Young (Normal) (G1 Evacuation Pause)
[2023-07-22T04:59:33.069+0100][gc,task       ] GC(51) Using 2 workers of 2 for evacuation
[2023-07-22T04:59:33.116+0100][gc,mmu        ] GC(51) MMU target violated: 21.0ms (20.0ms/21.0ms)
[2023-07-22T04:59:33.116+0100][gc,phases     ] GC(51)   Pre Evacuate Collection Set: 0.4ms
[2023-07-22T04:59:33.116+0100][gc,phases     ] GC(51)   Evacuate Collection Set: 45.2ms
[2023-07-22T04:59:33.116+0100][gc,phases     ] GC(51)   Post Evacuate Collection Set: 0.4ms
[2023-07-22T04:59:33.116+0100][gc,phases     ] GC(51)   Other: 0.7ms
[2023-07-22T04:59:33.116+0100][gc,heap       ] GC(51) Eden regions: 44->0(47)
[2023-07-22T04:59:33.116+0100][gc,heap       ] GC(51) Survivor regions: 7->4(7)
[2023-07-22T04:59:33.116+0100][gc,heap       ] GC(51) Old regions: 123->128
[2023-07-22T04:59:33.116+0100][gc,heap       ] GC(51) Humongous regions: 129->129
[2023-07-22T04:59:33.116+0100][gc,metaspace  ] GC(51) Metaspace: 43119K(45696K)->43119K(45696K) NonClass: 37950K(39424K)->37950K(39424K) Class: 5168K(6272K)->5168K(6272K)
[2023-07-22T04:59:33.116+0100][gc            ] GC(51) Pause Young (Normal) (G1 Evacuation Pause) 300M->258M(1024M) 46.853ms
[2023-07-22T04:59:33.116+0100][gc,cpu        ] GC(51) User=0.08s Sys=0.01s Real=0.05s
[2023-07-22T05:04:42.140+0100][gc,start      ] GC(52) Pause Young (Normal) (G1 Evacuation Pause)
[2023-07-22T05:04:42.140+0100][gc,task       ] GC(52) Using 2 workers of 2 for evacuation
[2023-07-22T05:04:42.156+0100][gc,phases     ] GC(52)   Pre Evacuate Collection Set: 0.3ms
[2023-07-22T05:04:42.156+0100][gc,phases     ] GC(52)   Evacuate Collection Set: 14.4ms
[2023-07-22T05:04:42.156+0100][gc,phases     ] GC(52)   Post Evacuate Collection Set: 1.3ms
[2023-07-22T05:04:42.156+0100][gc,phases     ] GC(52)   Other: 0.4ms
[2023-07-22T05:04:42.156+0100][gc,heap       ] GC(52) Eden regions: 47->0(45)
[2023-07-22T05:04:42.156+0100][gc,heap       ] GC(52) Survivor regions: 4->6(7)
[2023-07-22T05:04:42.156+0100][gc,heap       ] GC(52) Old regions: 128->128
[2023-07-22T05:04:42.156+0100][gc,heap       ] GC(52) Humongous regions: 129->129
[2023-07-22T05:04:42.156+0100][gc,metaspace  ] GC(52) Metaspace: 43120K(45696K)->43120K(45696K) NonClass: 37951K(39424K)->37951K(39424K) Class: 5168K(6272K)->5168K(6272K)
[2023-07-22T05:04:42.158+0100][gc            ] GC(52) Pause Young (Normal) (G1 Evacuation Pause) 305M->261M(1024M) 18.263ms
[2023-07-22T05:04:42.158+0100][gc,cpu        ] GC(52) User=0.03s Sys=0.00s Real=0.02s
[2023-07-22T05:09:33.070+0100][gc,start      ] GC(53) Pause Young (Normal) (G1 Evacuation Pause)
[2023-07-22T05:09:33.071+0100][gc,task       ] GC(53) Using 2 workers of 2 for evacuation
[2023-07-22T05:09:33.117+0100][gc,mmu        ] GC(53) MMU target violated: 21.0ms (20.0ms/21.0ms)
[2023-07-22T05:09:33.117+0100][gc,phases     ] GC(53)   Pre Evacuate Collection Set: 1.4ms
[2023-07-22T05:09:33.118+0100][gc,phases     ] GC(53)   Evacuate Collection Set: 43.4ms
[2023-07-22T05:09:33.118+0100][gc,phases     ] GC(53)   Post Evacuate Collection Set: 0.6ms
[2023-07-22T05:09:33.118+0100][gc,phases     ] GC(53)   Other: 1.8ms
[2023-07-22T05:09:33.118+0100][gc,heap       ] GC(53) Eden regions: 45->0(44)
[2023-07-22T05:09:33.118+0100][gc,heap       ] GC(53) Survivor regions: 6->7(7)
[2023-07-22T05:09:33.118+0100][gc,heap       ] GC(53) Old regions: 128->130
[2023-07-22T05:09:33.118+0100][gc,heap       ] GC(53) Humongous regions: 129->129
[2023-07-22T05:09:33.119+0100][gc,metaspace  ] GC(53) Metaspace: 43120K(45696K)->43120K(45696K) NonClass: 37951K(39424K)->37951K(39424K) Class: 5168K(6272K)->5168K(6272K)
[2023-07-22T05:09:33.119+0100][gc            ] GC(53) Pause Young (Normal) (G1 Evacuation Pause) 306M->264M(1024M) 48.454ms
[2023-07-22T05:09:33.119+0100][gc,cpu        ] GC(53) User=0.08s Sys=0.00s Real=0.05s
[2023-07-22T05:14:20.700+0100][gc,start      ] GC(54) Pause Young (Normal) (G1 Evacuation Pause)
[2023-07-22T05:14:20.701+0100][gc,task       ] GC(54) Using 2 workers of 2 for evacuation
[2023-07-22T05:14:20.761+0100][gc,mmu        ] GC(54) MMU target violated: 21.0ms (20.0ms/21.0ms)
[2023-07-22T05:14:20.762+0100][gc,phases     ] GC(54)   Pre Evacuate Collection Set: 1.5ms
[2023-07-22T05:14:20.762+0100][gc,phases     ] GC(54)   Evacuate Collection Set: 57.3ms
[2023-07-22T05:14:20.762+0100][gc,phases     ] GC(54)   Post Evacuate Collection Set: 0.6ms
[2023-07-22T05:14:20.762+0100][gc,phases     ] GC(54)   Other: 2.1ms
[2023-07-22T05:14:20.762+0100][gc,heap       ] GC(54) Eden regions: 44->0(47)
[2023-07-22T05:14:20.762+0100][gc,heap       ] GC(54) Survivor regions: 7->4(7)
[2023-07-22T05:14:20.762+0100][gc,heap       ] GC(54) Old regions: 130->136
[2023-07-22T05:14:20.762+0100][gc,heap       ] GC(54) Humongous regions: 129->129
[2023-07-22T05:14:20.762+0100][gc,metaspace  ] GC(54) Metaspace: 43121K(45696K)->43121K(45696K) NonClass: 37952K(39424K)->37952K(39424K) Class: 5168K(6272K)->5168K(6272K)
[2023-07-22T05:14:20.763+0100][gc            ] GC(54) Pause Young (Normal) (G1 Evacuation Pause) 308M->266M(1024M) 62.256ms
[2023-07-22T05:14:20.763+0100][gc,cpu        ] GC(54) User=0.09s Sys=0.03s Real=0.07s
[2023-07-22T05:19:25.482+0100][gc,start      ] GC(55) Pause Young (Normal) (G1 Evacuation Pause)
[2023-07-22T05:19:25.483+0100][gc,task       ] GC(55) Using 2 workers of 2 for evacuation
[2023-07-22T05:19:25.531+0100][gc,mmu        ] GC(55) MMU target violated: 21.0ms (20.0ms/21.0ms)
[2023-07-22T05:19:25.531+0100][gc,phases     ] GC(55)   Pre Evacuate Collection Set: 0.5ms
[2023-07-22T05:19:25.531+0100][gc,phases     ] GC(55)   Evacuate Collection Set: 47.0ms
[2023-07-22T05:19:25.531+0100][gc,phases     ] GC(55)   Post Evacuate Collection Set: 0.5ms
[2023-07-22T05:19:25.531+0100][gc,phases     ] GC(55)   Other: 0.7ms
[2023-07-22T05:19:25.531+0100][gc,heap       ] GC(55) Eden regions: 47->0(47)
[2023-07-22T05:19:25.531+0100][gc,heap       ] GC(55) Survivor regions: 4->4(7)
[2023-07-22T05:19:25.531+0100][gc,heap       ] GC(55) Old regions: 136->138
[2023-07-22T05:19:25.531+0100][gc,heap       ] GC(55) Humongous regions: 129->129
[2023-07-22T05:19:25.531+0100][gc,metaspace  ] GC(55) Metaspace: 43121K(45696K)->43121K(45696K) NonClass: 37952K(39424K)->37952K(39424K) Class: 5168K(6272K)->5168K(6272K)
[2023-07-22T05:19:25.531+0100][gc            ] GC(55) Pause Young (Normal) (G1 Evacuation Pause) 313M->269M(1024M) 48.760ms
[2023-07-22T05:19:25.531+0100][gc,cpu        ] GC(55) User=0.06s Sys=0.04s Real=0.04s
[2023-07-22T05:24:34.641+0100][gc,start      ] GC(56) Pause Young (Normal) (G1 Evacuation Pause)
[2023-07-22T05:24:34.641+0100][gc,task       ] GC(56) Using 2 workers of 2 for evacuation
[2023-07-22T05:24:34.668+0100][gc,mmu        ] GC(56) MMU target violated: 21.0ms (20.0ms/21.0ms)
[2023-07-22T05:24:34.668+0100][gc,phases     ] GC(56)   Pre Evacuate Collection Set: 0.8ms
[2023-07-22T05:24:34.668+0100][gc,phases     ] GC(56)   Evacuate Collection Set: 25.0ms
[2023-07-22T05:24:34.668+0100][gc,phases     ] GC(56)   Post Evacuate Collection Set: 0.7ms
[2023-07-22T05:24:34.668+0100][gc,phases     ] GC(56)   Other: 1.0ms
[2023-07-22T05:24:34.668+0100][gc,heap       ] GC(56) Eden regions: 47->0(45)
[2023-07-22T05:24:34.668+0100][gc,heap       ] GC(56) Survivor regions: 4->6(7)
[2023-07-22T05:24:34.668+0100][gc,heap       ] GC(56) Old regions: 138->138
[2023-07-22T05:24:34.668+0100][gc,heap       ] GC(56) Humongous regions: 129->129
[2023-07-22T05:24:34.668+0100][gc,metaspace  ] GC(56) Metaspace: 43121K(45696K)->43121K(45696K) NonClass: 37953K(39424K)->37953K(39424K) Class: 5168K(6272K)->5168K(6272K)
[2023-07-22T05:24:34.668+0100][gc            ] GC(56) Pause Young (Normal) (G1 Evacuation Pause) 316M->271M(1024M) 27.623ms
[2023-07-22T05:24:34.668+0100][gc,cpu        ] GC(56) User=0.05s Sys=0.00s Real=0.02s
[2023-07-22T05:29:29.280+0100][gc,start      ] GC(57) Pause Young (Normal) (G1 Evacuation Pause)
[2023-07-22T05:29:29.280+0100][gc,task       ] GC(57) Using 2 workers of 2 for evacuation
[2023-07-22T05:29:29.323+0100][gc,mmu        ] GC(57) MMU target violated: 21.0ms (20.0ms/21.0ms)
[2023-07-22T05:29:29.323+0100][gc,phases     ] GC(57)   Pre Evacuate Collection Set: 0.3ms
[2023-07-22T05:29:29.323+0100][gc,phases     ] GC(57)   Evacuate Collection Set: 41.1ms
[2023-07-22T05:29:29.323+0100][gc,phases     ] GC(57)   Post Evacuate Collection Set: 0.6ms
[2023-07-22T05:29:29.323+0100][gc,phases     ] GC(57)   Other: 1.2ms
[2023-07-22T05:29:29.323+0100][gc,heap       ] GC(57) Eden regions: 45->0(44)
[2023-07-22T05:29:29.323+0100][gc,heap       ] GC(57) Survivor regions: 6->7(7)
[2023-07-22T05:29:29.323+0100][gc,heap       ] GC(57) Old regions: 138->141
[2023-07-22T05:29:29.323+0100][gc,heap       ] GC(57) Humongous regions: 129->129
[2023-07-22T05:29:29.323+0100][gc,metaspace  ] GC(57) Metaspace: 43121K(45696K)->43121K(45696K) NonClass: 37953K(39424K)->37953K(39424K) Class: 5168K(6272K)->5168K(6272K)
[2023-07-22T05:29:29.323+0100][gc            ] GC(57) Pause Young (Normal) (G1 Evacuation Pause) 316M->275M(1024M) 43.140ms
[2023-07-22T05:29:29.323+0100][gc,cpu        ] GC(57) User=0.08s Sys=0.01s Real=0.05s
[2023-07-22T05:34:16.502+0100][gc,start      ] GC(58) Pause Young (Normal) (G1 Evacuation Pause)
[2023-07-22T05:34:16.502+0100][gc,task       ] GC(58) Using 2 workers of 2 for evacuation
[2023-07-22T05:34:16.539+0100][gc,mmu        ] GC(58) MMU target violated: 21.0ms (20.0ms/21.0ms)
[2023-07-22T05:34:16.539+0100][gc,phases     ] GC(58)   Pre Evacuate Collection Set: 0.4ms
[2023-07-22T05:34:16.539+0100][gc,phases     ] GC(58)   Evacuate Collection Set: 35.5ms
[2023-07-22T05:34:16.539+0100][gc,phases     ] GC(58)   Post Evacuate Collection Set: 0.4ms
[2023-07-22T05:34:16.539+0100][gc,phases     ] GC(58)   Other: 0.8ms
[2023-07-22T05:34:16.539+0100][gc,heap       ] GC(58) Eden regions: 44->0(47)
[2023-07-22T05:34:16.539+0100][gc,heap       ] GC(58) Survivor regions: 7->4(7)
[2023-07-22T05:34:16.539+0100][gc,heap       ] GC(58) Old regions: 141->146
[2023-07-22T05:34:16.539+0100][gc,heap       ] GC(58) Humongous regions: 129->129
[2023-07-22T05:34:16.539+0100][gc,metaspace  ] GC(58) Metaspace: 43123K(45696K)->43123K(45696K) NonClass: 37955K(39424K)->37955K(39424K) Class: 5168K(6272K)->5168K(6272K)
[2023-07-22T05:34:16.539+0100][gc            ] GC(58) Pause Young (Normal) (G1 Evacuation Pause) 319M->277M(1024M) 37.101ms
[2023-07-22T05:34:16.539+0100][gc,cpu        ] GC(58) User=0.05s Sys=0.01s Real=0.03s
[2023-07-22T05:39:02.067+0100][gc,start      ] GC(59) Pause Young (Normal) (G1 Evacuation Pause)
[2023-07-22T05:39:02.067+0100][gc,task       ] GC(59) Using 2 workers of 2 for evacuation
[2023-07-22T05:39:02.112+0100][gc,mmu        ] GC(59) MMU target violated: 21.0ms (20.0ms/21.0ms)
[2023-07-22T05:39:02.113+0100][gc,phases     ] GC(59)   Pre Evacuate Collection Set: 0.5ms
[2023-07-22T05:39:02.113+0100][gc,phases     ] GC(59)   Evacuate Collection Set: 43.5ms
[2023-07-22T05:39:02.113+0100][gc,phases     ] GC(59)   Post Evacuate Collection Set: 0.6ms
[2023-07-22T05:39:02.113+0100][gc,phases     ] GC(59)   Other: 1.0ms
[2023-07-22T05:39:02.113+0100][gc,heap       ] GC(59) Eden regions: 47->0(45)
[2023-07-22T05:39:02.113+0100][gc,heap       ] GC(59) Survivor regions: 4->6(7)
[2023-07-22T05:39:02.113+0100][gc,heap       ] GC(59) Old regions: 146->146
[2023-07-22T05:39:02.113+0100][gc,heap       ] GC(59) Humongous regions: 129->129
[2023-07-22T05:39:02.113+0100][gc,metaspace  ] GC(59) Metaspace: 43123K(45696K)->43123K(45696K) NonClass: 37955K(39424K)->37955K(39424K) Class: 5168K(6272K)->5168K(6272K)
[2023-07-22T05:39:02.113+0100][gc            ] GC(59) Pause Young (Normal) (G1 Evacuation Pause) 324M->279M(1024M) 45.741ms
[2023-07-22T05:39:02.113+0100][gc,cpu        ] GC(59) User=0.05s Sys=0.00s Real=0.05s
[2023-07-22T05:44:29.288+0100][gc,start      ] GC(60) Pause Young (Normal) (G1 Evacuation Pause)
[2023-07-22T05:44:29.288+0100][gc,task       ] GC(60) Using 2 workers of 2 for evacuation
[2023-07-22T05:44:29.309+0100][gc,mmu        ] GC(60) MMU target violated: 21.0ms (20.0ms/21.0ms)
[2023-07-22T05:44:29.309+0100][gc,phases     ] GC(60)   Pre Evacuate Collection Set: 0.2ms
[2023-07-22T05:44:29.309+0100][gc,phases     ] GC(60)   Evacuate Collection Set: 20.3ms
[2023-07-22T05:44:29.309+0100][gc,phases     ] GC(60)   Post Evacuate Collection Set: 0.5ms
[2023-07-22T05:44:29.309+0100][gc,phases     ] GC(60)   Other: 0.6ms
[2023-07-22T05:44:29.309+0100][gc,heap       ] GC(60) Eden regions: 45->0(45)
[2023-07-22T05:44:29.309+0100][gc,heap       ] GC(60) Survivor regions: 6->6(7)
[2023-07-22T05:44:29.309+0100][gc,heap       ] GC(60) Old regions: 146->149
[2023-07-22T05:44:29.309+0100][gc,heap       ] GC(60) Humongous regions: 129->129
[2023-07-22T05:44:29.309+0100][gc,metaspace  ] GC(60) Metaspace: 43126K(45696K)->43126K(45696K) NonClass: 37957K(39424K)->37957K(39424K) Class: 5168K(6272K)->5168K(6272K)
[2023-07-22T05:44:29.309+0100][gc            ] GC(60) Pause Young (Normal) (G1 Evacuation Pause) 324M->281M(1024M) 21.671ms
[2023-07-22T05:44:29.309+0100][gc,cpu        ] GC(60) User=0.03s Sys=0.01s Real=0.02s
[2023-07-22T05:48:12.517+0100][gc,start      ] GC(61) Pause Young (Normal) (G1 Evacuation Pause)
[2023-07-22T05:48:12.518+0100][gc,task       ] GC(61) Using 2 workers of 2 for evacuation
[2023-07-22T05:48:12.564+0100][gc,mmu        ] GC(61) MMU target violated: 21.0ms (20.0ms/21.0ms)
[2023-07-22T05:48:12.564+0100][gc,phases     ] GC(61)   Pre Evacuate Collection Set: 15.6ms
[2023-07-22T05:48:12.564+0100][gc,phases     ] GC(61)   Evacuate Collection Set: 28.8ms
[2023-07-22T05:48:12.564+0100][gc,phases     ] GC(61)   Post Evacuate Collection Set: 0.4ms
[2023-07-22T05:48:12.564+0100][gc,phases     ] GC(61)   Other: 1.7ms
[2023-07-22T05:48:12.564+0100][gc,heap       ] GC(61) Eden regions: 45->0(47)
[2023-07-22T05:48:12.564+0100][gc,heap       ] GC(61) Survivor regions: 6->4(7)
[2023-07-22T05:48:12.564+0100][gc,heap       ] GC(61) Old regions: 149->151
[2023-07-22T05:48:12.564+0100][gc,heap       ] GC(61) Humongous regions: 129->129
[2023-07-22T05:48:12.564+0100][gc,metaspace  ] GC(61) Metaspace: 43126K(45696K)->43126K(45696K) NonClass: 37957K(39424K)->37957K(39424K) Class: 5168K(6272K)->5168K(6272K)
[2023-07-22T05:48:12.564+0100][gc            ] GC(61) Pause Young (Normal) (G1 Evacuation Pause) 326M->282M(1024M) 47.172ms
[2023-07-22T05:48:12.564+0100][gc,cpu        ] GC(61) User=0.01s Sys=0.02s Real=0.05s
[2023-07-22T05:49:00.152+0100][gc,start      ] GC(62) Pause Young (Normal) (G1 Evacuation Pause)
[2023-07-22T05:49:00.152+0100][gc,task       ] GC(62) Using 2 workers of 2 for evacuation
[2023-07-22T05:49:00.175+0100][gc,mmu        ] GC(62) MMU target violated: 21.0ms (20.0ms/21.0ms)
[2023-07-22T05:49:00.175+0100][gc,phases     ] GC(62)   Pre Evacuate Collection Set: 0.0ms
[2023-07-22T05:49:00.175+0100][gc,phases     ] GC(62)   Evacuate Collection Set: 21.4ms
[2023-07-22T05:49:00.175+0100][gc,phases     ] GC(62)   Post Evacuate Collection Set: 0.4ms
[2023-07-22T05:49:00.175+0100][gc,phases     ] GC(62)   Other: 0.7ms
[2023-07-22T05:49:00.175+0100][gc,heap       ] GC(62) Eden regions: 47->0(46)
[2023-07-22T05:49:00.175+0100][gc,heap       ] GC(62) Survivor regions: 4->5(7)
[2023-07-22T05:49:00.175+0100][gc,heap       ] GC(62) Old regions: 151->151
[2023-07-22T05:49:00.175+0100][gc,heap       ] GC(62) Humongous regions: 129->129
[2023-07-22T05:49:00.175+0100][gc,metaspace  ] GC(62) Metaspace: 43126K(45696K)->43126K(45696K) NonClass: 37957K(39424K)->37957K(39424K) Class: 5168K(6272K)->5168K(6272K)
[2023-07-22T05:49:00.175+0100][gc            ] GC(62) Pause Young (Normal) (G1 Evacuation Pause) 329M->282M(1024M) 22.621ms
[2023-07-22T05:49:00.175+0100][gc,cpu        ] GC(62) User=0.01s Sys=0.00s Real=0.03s
[2023-07-22T05:51:00.641+0100][gc,start      ] GC(63) Pause Young (Normal) (G1 Evacuation Pause)
[2023-07-22T05:51:00.641+0100][gc,task       ] GC(63) Using 2 workers of 2 for evacuation
[2023-07-22T05:51:00.653+0100][gc,phases     ] GC(63)   Pre Evacuate Collection Set: 0.2ms
[2023-07-22T05:51:00.653+0100][gc,phases     ] GC(63)   Evacuate Collection Set: 10.8ms
[2023-07-22T05:51:00.653+0100][gc,phases     ] GC(63)   Post Evacuate Collection Set: 0.4ms
[2023-07-22T05:51:00.653+0100][gc,phases     ] GC(63)   Other: 1.0ms
[2023-07-22T05:51:00.653+0100][gc,heap       ] GC(63) Eden regions: 46->0(48)
[2023-07-22T05:51:00.653+0100][gc,heap       ] GC(63) Survivor regions: 5->3(7)
[2023-07-22T05:51:00.653+0100][gc,heap       ] GC(63) Old regions: 151->152
[2023-07-22T05:51:00.653+0100][gc,heap       ] GC(63) Humongous regions: 129->129
[2023-07-22T05:51:00.653+0100][gc,metaspace  ] GC(63) Metaspace: 43127K(45696K)->43127K(45696K) NonClass: 37958K(39424K)->37958K(39424K) Class: 5168K(6272K)->5168K(6272K)
[2023-07-22T05:51:00.654+0100][gc            ] GC(63) Pause Young (Normal) (G1 Evacuation Pause) 328M->282M(1024M) 12.662ms
[2023-07-22T05:51:00.655+0100][gc,cpu        ] GC(63) User=0.02s Sys=0.00s Real=0.01s
[2023-07-22T05:51:49.528+0100][gc,start      ] GC(64) Pause Young (Normal) (G1 Evacuation Pause)
[2023-07-22T05:51:49.528+0100][gc,task       ] GC(64) Using 2 workers of 2 for evacuation
[2023-07-22T05:51:49.575+0100][gc,mmu        ] GC(64) MMU target violated: 21.0ms (20.0ms/21.0ms)
[2023-07-22T05:51:49.575+0100][gc,phases     ] GC(64)   Pre Evacuate Collection Set: 0.1ms
[2023-07-22T05:51:49.575+0100][gc,phases     ] GC(64)   Evacuate Collection Set: 45.6ms
[2023-07-22T05:51:49.575+0100][gc,phases     ] GC(64)   Post Evacuate Collection Set: 0.5ms
[2023-07-22T05:51:49.575+0100][gc,phases     ] GC(64)   Other: 0.4ms
[2023-07-22T05:51:49.575+0100][gc,heap       ] GC(64) Eden regions: 48->0(45)
[2023-07-22T05:51:49.575+0100][gc,heap       ] GC(64) Survivor regions: 3->6(7)
[2023-07-22T05:51:49.575+0100][gc,heap       ] GC(64) Old regions: 152->152
[2023-07-22T05:51:49.575+0100][gc,heap       ] GC(64) Humongous regions: 129->129
[2023-07-22T05:51:49.575+0100][gc,metaspace  ] GC(64) Metaspace: 43138K(45696K)->43138K(45696K) NonClass: 37969K(39424K)->37969K(39424K) Class: 5168K(6272K)->5168K(6272K)
[2023-07-22T05:51:49.575+0100][gc            ] GC(64) Pause Young (Normal) (G1 Evacuation Pause) 330M->284M(1024M) 46.609ms
[2023-07-22T05:51:49.575+0100][gc,cpu        ] GC(64) User=0.04s Sys=0.01s Real=0.05s
[2023-07-22T05:52:37.818+0100][gc,start      ] GC(65) Pause Young (Normal) (G1 Evacuation Pause)
[2023-07-22T05:52:37.818+0100][gc,task       ] GC(65) Using 2 workers of 2 for evacuation
[2023-07-22T05:52:37.836+0100][gc,phases     ] GC(65)   Pre Evacuate Collection Set: 0.1ms
[2023-07-22T05:52:37.836+0100][gc,phases     ] GC(65)   Evacuate Collection Set: 16.7ms
[2023-07-22T05:52:37.836+0100][gc,phases     ] GC(65)   Post Evacuate Collection Set: 0.9ms
[2023-07-22T05:52:37.836+0100][gc,phases     ] GC(65)   Other: 0.2ms
[2023-07-22T05:52:37.836+0100][gc,heap       ] GC(65) Eden regions: 45->0(46)
[2023-07-22T05:52:37.836+0100][gc,heap       ] GC(65) Survivor regions: 6->5(7)
[2023-07-22T05:52:37.836+0100][gc,heap       ] GC(65) Old regions: 152->154
[2023-07-22T05:52:37.836+0100][gc,heap       ] GC(65) Humongous regions: 129->129
[2023-07-22T05:52:37.836+0100][gc,metaspace  ] GC(65) Metaspace: 43138K(45696K)->43138K(45696K) NonClass: 37970K(39424K)->37970K(39424K) Class: 5168K(6272K)->5168K(6272K)
[2023-07-22T05:52:37.836+0100][gc            ] GC(65) Pause Young (Normal) (G1 Evacuation Pause) 329M->286M(1024M) 18.152ms
[2023-07-22T05:52:37.836+0100][gc,cpu        ] GC(65) User=0.02s Sys=0.00s Real=0.02s
[2023-07-22T05:53:47.610+0100][gc,start      ] GC(66) Pause Young (Normal) (G1 Evacuation Pause)
[2023-07-22T05:53:47.611+0100][gc,task       ] GC(66) Using 2 workers of 2 for evacuation
[2023-07-22T05:53:47.627+0100][gc,phases     ] GC(66)   Pre Evacuate Collection Set: 0.1ms
[2023-07-22T05:53:47.627+0100][gc,phases     ] GC(66)   Evacuate Collection Set: 14.8ms
[2023-07-22T05:53:47.627+0100][gc,phases     ] GC(66)   Post Evacuate Collection Set: 0.4ms
[2023-07-22T05:53:47.627+0100][gc,phases     ] GC(66)   Other: 1.3ms
[2023-07-22T05:53:47.627+0100][gc,heap       ] GC(66) Eden regions: 46->0(46)
[2023-07-22T05:53:47.627+0100][gc,heap       ] GC(66) Survivor regions: 5->5(7)
[2023-07-22T05:53:47.627+0100][gc,heap       ] GC(66) Old regions: 154->157
[2023-07-22T05:53:47.627+0100][gc,heap       ] GC(66) Humongous regions: 129->129
[2023-07-22T05:53:47.627+0100][gc,metaspace  ] GC(66) Metaspace: 43142K(45696K)->43142K(45696K) NonClass: 37973K(39424K)->37973K(39424K) Class: 5168K(6272K)->5168K(6272K)
[2023-07-22T05:53:47.628+0100][gc            ] GC(66) Pause Young (Normal) (G1 Evacuation Pause) 332M->288M(1024M) 17.558ms
[2023-07-22T05:53:47.628+0100][gc,cpu        ] GC(66) User=0.02s Sys=0.00s Real=0.02s
[2023-07-22T05:54:35.401+0100][gc,start      ] GC(67) Pause Young (Normal) (G1 Evacuation Pause)
[2023-07-22T05:54:35.401+0100][gc,task       ] GC(67) Using 2 workers of 2 for evacuation
[2023-07-22T05:54:35.413+0100][gc,phases     ] GC(67)   Pre Evacuate Collection Set: 0.0ms
[2023-07-22T05:54:35.413+0100][gc,phases     ] GC(67)   Evacuate Collection Set: 10.9ms
[2023-07-22T05:54:35.413+0100][gc,phases     ] GC(67)   Post Evacuate Collection Set: 0.5ms
[2023-07-22T05:54:35.413+0100][gc,phases     ] GC(67)   Other: 0.2ms
[2023-07-22T05:54:35.413+0100][gc,heap       ] GC(67) Eden regions: 46->0(47)
[2023-07-22T05:54:35.413+0100][gc,heap       ] GC(67) Survivor regions: 5->4(7)
[2023-07-22T05:54:35.413+0100][gc,heap       ] GC(67) Old regions: 157->159
[2023-07-22T05:54:35.413+0100][gc,heap       ] GC(67) Humongous regions: 129->129
[2023-07-22T05:54:35.413+0100][gc,metaspace  ] GC(67) Metaspace: 43142K(45696K)->43142K(45696K) NonClass: 37973K(39424K)->37973K(39424K) Class: 5168K(6272K)->5168K(6272K)
[2023-07-22T05:54:35.413+0100][gc            ] GC(67) Pause Young (Normal) (G1 Evacuation Pause) 334M->290M(1024M) 11.823ms
[2023-07-22T05:54:35.413+0100][gc,cpu        ] GC(67) User=0.02s Sys=0.00s Real=0.01s
[2023-07-22T05:55:23.321+0100][gc,start      ] GC(68) Pause Young (Normal) (G1 Evacuation Pause)
[2023-07-22T05:55:23.321+0100][gc,task       ] GC(68) Using 2 workers of 2 for evacuation
[2023-07-22T05:55:23.336+0100][gc,phases     ] GC(68)   Pre Evacuate Collection Set: 0.0ms
[2023-07-22T05:55:23.336+0100][gc,phases     ] GC(68)   Evacuate Collection Set: 13.9ms
[2023-07-22T05:55:23.336+0100][gc,phases     ] GC(68)   Post Evacuate Collection Set: 0.3ms
[2023-07-22T05:55:23.336+0100][gc,phases     ] GC(68)   Other: 0.2ms
[2023-07-22T05:55:23.336+0100][gc,heap       ] GC(68) Eden regions: 47->0(45)
[2023-07-22T05:55:23.336+0100][gc,heap       ] GC(68) Survivor regions: 4->6(7)
[2023-07-22T05:55:23.336+0100][gc,heap       ] GC(68) Old regions: 159->159
[2023-07-22T05:55:23.336+0100][gc,heap       ] GC(68) Humongous regions: 129->129
[2023-07-22T05:55:23.336+0100][gc,metaspace  ] GC(68) Metaspace: 43142K(45696K)->43142K(45696K) NonClass: 37973K(39424K)->37973K(39424K) Class: 5168K(6272K)->5168K(6272K)
[2023-07-22T05:55:23.336+0100][gc            ] GC(68) Pause Young (Normal) (G1 Evacuation Pause) 337M->291M(1024M) 14.607ms
[2023-07-22T05:55:23.336+0100][gc,cpu        ] GC(68) User=0.02s Sys=0.00s Real=0.01s
[2023-07-22T05:56:09.051+0100][gc,start      ] GC(69) Pause Young (Normal) (G1 Evacuation Pause)
[2023-07-22T05:56:09.051+0100][gc,task       ] GC(69) Using 2 workers of 2 for evacuation
[2023-07-22T05:56:09.070+0100][gc,phases     ] GC(69)   Pre Evacuate Collection Set: 0.1ms
[2023-07-22T05:56:09.070+0100][gc,phases     ] GC(69)   Evacuate Collection Set: 18.4ms
[2023-07-22T05:56:09.070+0100][gc,phases     ] GC(69)   Post Evacuate Collection Set: 0.5ms
[2023-07-22T05:56:09.070+0100][gc,phases     ] GC(69)   Other: 0.5ms
[2023-07-22T05:56:09.070+0100][gc,heap       ] GC(69) Eden regions: 45->0(45)
[2023-07-22T05:56:09.070+0100][gc,heap       ] GC(69) Survivor regions: 6->6(7)
[2023-07-22T05:56:09.070+0100][gc,heap       ] GC(69) Old regions: 159->161
[2023-07-22T05:56:09.070+0100][gc,heap       ] GC(69) Humongous regions: 129->129
[2023-07-22T05:56:09.070+0100][gc,metaspace  ] GC(69) Metaspace: 43142K(45696K)->43142K(45696K) NonClass: 37973K(39424K)->37973K(39424K) Class: 5168K(6272K)->5168K(6272K)
[2023-07-22T05:56:09.070+0100][gc            ] GC(69) Pause Young (Normal) (G1 Evacuation Pause) 336M->293M(1024M) 19.578ms
[2023-07-22T05:56:09.070+0100][gc,cpu        ] GC(69) User=0.03s Sys=0.01s Real=0.02s
[2023-07-22T05:56:55.875+0100][gc,start      ] GC(70) Pause Young (Normal) (G1 Evacuation Pause)
[2023-07-22T05:56:55.876+0100][gc,task       ] GC(70) Using 2 workers of 2 for evacuation
[2023-07-22T05:56:55.906+0100][gc,mmu        ] GC(70) MMU target violated: 21.0ms (20.0ms/21.0ms)
[2023-07-22T05:56:55.906+0100][gc,phases     ] GC(70)   Pre Evacuate Collection Set: 0.2ms
[2023-07-22T05:56:55.906+0100][gc,phases     ] GC(70)   Evacuate Collection Set: 29.2ms
[2023-07-22T05:56:55.906+0100][gc,phases     ] GC(70)   Post Evacuate Collection Set: 0.4ms
[2023-07-22T05:56:55.906+0100][gc,phases     ] GC(70)   Other: 1.3ms
[2023-07-22T05:56:55.906+0100][gc,heap       ] GC(70) Eden regions: 45->0(45)
[2023-07-22T05:56:55.906+0100][gc,heap       ] GC(70) Survivor regions: 6->6(7)
[2023-07-22T05:56:55.906+0100][gc,heap       ] GC(70) Old regions: 161->163
[2023-07-22T05:56:55.906+0100][gc,heap       ] GC(70) Humongous regions: 129->129
[2023-07-22T05:56:55.906+0100][gc,metaspace  ] GC(70) Metaspace: 43177K(45696K)->43177K(45696K) NonClass: 38004K(39424K)->38004K(39424K) Class: 5172K(6272K)->5172K(6272K)
[2023-07-22T05:56:55.906+0100][gc            ] GC(70) Pause Young (Normal) (G1 Evacuation Pause) 338M->295M(1024M) 31.181ms
[2023-07-22T05:56:55.906+0100][gc,cpu        ] GC(70) User=0.03s Sys=0.00s Real=0.03s
[2023-07-22T05:57:41.767+0100][gc,start      ] GC(71) Pause Young (Normal) (G1 Evacuation Pause)
[2023-07-22T05:57:41.767+0100][gc,task       ] GC(71) Using 2 workers of 2 for evacuation
[2023-07-22T05:57:41.793+0100][gc,mmu        ] GC(71) MMU target violated: 21.0ms (20.0ms/21.0ms)
[2023-07-22T05:57:41.793+0100][gc,phases     ] GC(71)   Pre Evacuate Collection Set: 0.2ms
[2023-07-22T05:57:41.793+0100][gc,phases     ] GC(71)   Evacuate Collection Set: 25.2ms
[2023-07-22T05:57:41.793+0100][gc,phases     ] GC(71)   Post Evacuate Collection Set: 0.4ms
[2023-07-22T05:57:41.793+0100][gc,phases     ] GC(71)   Other: 0.4ms
[2023-07-22T05:57:41.793+0100][gc,heap       ] GC(71) Eden regions: 45->0(45)
[2023-07-22T05:57:41.793+0100][gc,heap       ] GC(71) Survivor regions: 6->6(7)
[2023-07-22T05:57:41.793+0100][gc,heap       ] GC(71) Old regions: 163->164
[2023-07-22T05:57:41.793+0100][gc,heap       ] GC(71) Humongous regions: 129->129
[2023-07-22T05:57:41.793+0100][gc,metaspace  ] GC(71) Metaspace: 43177K(45696K)->43177K(45696K) NonClass: 38004K(39424K)->38004K(39424K) Class: 5172K(6272K)->5172K(6272K)
[2023-07-22T05:57:41.793+0100][gc            ] GC(71) Pause Young (Normal) (G1 Evacuation Pause) 340M->297M(1024M) 26.286ms
[2023-07-22T05:57:41.793+0100][gc,cpu        ] GC(71) User=0.04s Sys=0.00s Real=0.03s
[2023-07-22T05:58:02.649+0100][gc,heap,exit  ] Heap
[2023-07-22T05:58:02.650+0100][gc,heap,exit  ]  garbage-first heap   total 1048576K, used 345283K [0x00000000c0000000, 0x0000000100000000)
[2023-07-22T05:58:02.650+0100][gc,heap,exit  ]   region size 1024K, 48 young (49152K), 6 survivors (6144K)
[2023-07-22T05:58:02.650+0100][gc,heap,exit  ]  Metaspace       used 45926K, capacity 48984K, committed 49152K, reserved 1091584K
[2023-07-22T05:58:02.650+0100][gc,heap,exit  ]   class space    used 5909K, capacity 7359K, committed 7424K, reserved 1048576K
