[2023-07-22T05:58:10.856+0100][gc,heap] Heap region size: 1M
[2023-07-22T05:58:10.874+0100][gc     ] Using G1
[2023-07-22T05:58:10.874+0100][gc,heap,coops] Heap address: 0x00000000c0000000, size: 1024 MB, Compressed Oops mode: 32-bit
[2023-07-22T05:58:10.875+0100][gc,cds       ] Mark closed archive regions in map: [0x00000000fff00000, 0x00000000fff6aff8]
[2023-07-22T05:58:10.875+0100][gc,cds       ] Mark open archive regions in map: [0x00000000ffe00000, 0x00000000ffe46ff8]
[2023-07-22T05:58:12.464+0100][gc,start     ] GC(0) Pause Young (Normal) (G1 Evacuation Pause)
[2023-07-22T05:58:12.464+0100][gc,task      ] GC(0) Using 2 workers of 2 for evacuation
[2023-07-22T05:58:12.478+0100][gc,phases    ] GC(0)   Pre Evacuate Collection Set: 0.1ms
[2023-07-22T05:58:12.478+0100][gc,phases    ] GC(0)   Evacuate Collection Set: 12.9ms
[2023-07-22T05:58:12.478+0100][gc,phases    ] GC(0)   Post Evacuate Collection Set: 0.6ms
[2023-07-22T05:58:12.478+0100][gc,phases    ] GC(0)   Other: 0.6ms
[2023-07-22T05:58:12.478+0100][gc,heap      ] GC(0) Eden regions: 51->0(44)
[2023-07-22T05:58:12.478+0100][gc,heap      ] GC(0) Survivor regions: 0->7(7)
[2023-07-22T05:58:12.478+0100][gc,heap      ] GC(0) Old regions: 2->2
[2023-07-22T05:58:12.478+0100][gc,heap      ] GC(0) Humongous regions: 0->0
[2023-07-22T05:58:12.478+0100][gc,metaspace ] GC(0) Metaspace: 14250K(14848K)->14250K(14848K) NonClass: 12501K(12800K)->12501K(12800K) Class: 1748K(2048K)->1748K(2048K)
[2023-07-22T05:58:12.478+0100][gc           ] GC(0) Pause Young (Normal) (G1 Evacuation Pause) 51M->7M(1024M) 14.705ms
[2023-07-22T05:58:12.478+0100][gc,cpu       ] GC(0) User=0.02s Sys=0.00s Real=0.01s
[2023-07-22T05:58:13.182+0100][gc,start     ] GC(1) Pause Young (Concurrent Start) (Metadata GC Threshold)
[2023-07-22T05:58:13.182+0100][gc,task      ] GC(1) Using 2 workers of 2 for evacuation
[2023-07-22T05:58:13.199+0100][gc,phases    ] GC(1)   Pre Evacuate Collection Set: 0.1ms
[2023-07-22T05:58:13.199+0100][gc,phases    ] GC(1)   Evacuate Collection Set: 16.3ms
[2023-07-22T05:58:13.199+0100][gc,phases    ] GC(1)   Post Evacuate Collection Set: 0.4ms
[2023-07-22T05:58:13.199+0100][gc,phases    ] GC(1)   Other: 0.6ms
[2023-07-22T05:58:13.199+0100][gc,heap      ] GC(1) Eden regions: 30->0(50)
[2023-07-22T05:58:13.199+0100][gc,heap      ] GC(1) Survivor regions: 7->1(7)
[2023-07-22T05:58:13.199+0100][gc,heap      ] GC(1) Old regions: 2->9
[2023-07-22T05:58:13.199+0100][gc,heap      ] GC(1) Humongous regions: 0->0
[2023-07-22T05:58:13.199+0100][gc,metaspace ] GC(1) Metaspace: 20508K(21248K)->20508K(21248K) NonClass: 18028K(18432K)->18028K(18432K) Class: 2480K(2816K)->2480K(2816K)
[2023-07-22T05:58:13.199+0100][gc           ] GC(1) Pause Young (Concurrent Start) (Metadata GC Threshold) 36M->8M(1024M) 17.742ms
[2023-07-22T05:58:13.199+0100][gc,cpu       ] GC(1) User=0.01s Sys=0.02s Real=0.01s
[2023-07-22T05:58:13.199+0100][gc           ] GC(2) Concurrent Cycle
[2023-07-22T05:58:13.199+0100][gc,marking   ] GC(2) Concurrent Clear Claimed Marks
[2023-07-22T05:58:13.199+0100][gc,marking   ] GC(2) Concurrent Clear Claimed Marks 0.051ms
[2023-07-22T05:58:13.199+0100][gc,marking   ] GC(2) Concurrent Scan Root Regions
[2023-07-22T05:58:13.201+0100][gc,marking   ] GC(2) Concurrent Scan Root Regions 2.009ms
[2023-07-22T05:58:13.202+0100][gc,marking   ] GC(2) Concurrent Mark (2.356s)
[2023-07-22T05:58:13.202+0100][gc,marking   ] GC(2) Concurrent Mark From Roots
[2023-07-22T05:58:13.202+0100][gc,task      ] GC(2) Using 1 workers of 1 for marking
[2023-07-22T05:58:13.211+0100][gc,marking   ] GC(2) Concurrent Mark From Roots 9.746ms
[2023-07-22T05:58:13.211+0100][gc,marking   ] GC(2) Concurrent Preclean
[2023-07-22T05:58:13.211+0100][gc,marking   ] GC(2) Concurrent Preclean 0.087ms
[2023-07-22T05:58:13.211+0100][gc,marking   ] GC(2) Concurrent Mark (2.356s, 2.366s) 9.889ms
[2023-07-22T05:58:13.212+0100][gc,start     ] GC(2) Pause Remark
[2023-07-22T05:58:13.218+0100][gc,stringtable] GC(2) Cleaned string and symbol table, strings: 5091 processed, 0 removed, symbols: 52713 processed, 42 removed
[2023-07-22T05:58:13.218+0100][gc            ] GC(2) Pause Remark 8M->8M(1024M) 6.492ms
[2023-07-22T05:58:13.219+0100][gc,cpu        ] GC(2) User=0.01s Sys=0.00s Real=0.01s
[2023-07-22T05:58:13.219+0100][gc,marking    ] GC(2) Concurrent Rebuild Remembered Sets
[2023-07-22T05:58:13.233+0100][gc,marking    ] GC(2) Concurrent Rebuild Remembered Sets 13.981ms
[2023-07-22T05:58:13.233+0100][gc,start      ] GC(2) Pause Cleanup
[2023-07-22T05:58:13.233+0100][gc            ] GC(2) Pause Cleanup 8M->8M(1024M) 0.261ms
[2023-07-22T05:58:13.233+0100][gc,cpu        ] GC(2) User=0.00s Sys=0.00s Real=0.00s
[2023-07-22T05:58:13.233+0100][gc,marking    ] GC(2) Concurrent Cleanup for Next Mark
[2023-07-22T05:58:13.251+0100][gc,marking    ] GC(2) Concurrent Cleanup for Next Mark 17.162ms
[2023-07-22T05:58:13.251+0100][gc            ] GC(2) Concurrent Cycle 51.191ms
[2023-07-22T05:58:15.534+0100][gc,start      ] GC(3) Pause Young (Normal) (G1 Evacuation Pause)
[2023-07-22T05:58:15.534+0100][gc,task       ] GC(3) Using 2 workers of 2 for evacuation
[2023-07-22T05:58:15.545+0100][gc,phases     ] GC(3)   Pre Evacuate Collection Set: 0.0ms
[2023-07-22T05:58:15.545+0100][gc,phases     ] GC(3)   Evacuate Collection Set: 8.6ms
[2023-07-22T05:58:15.545+0100][gc,phases     ] GC(3)   Post Evacuate Collection Set: 1.3ms
[2023-07-22T05:58:15.545+0100][gc,phases     ] GC(3)   Other: 0.4ms
[2023-07-22T05:58:15.545+0100][gc,heap       ] GC(3) Eden regions: 50->0(47)
[2023-07-22T05:58:15.545+0100][gc,heap       ] GC(3) Survivor regions: 1->4(7)
[2023-07-22T05:58:15.545+0100][gc,heap       ] GC(3) Old regions: 9->9
[2023-07-22T05:58:15.545+0100][gc,heap       ] GC(3) Humongous regions: 129->129
[2023-07-22T05:58:15.545+0100][gc,metaspace  ] GC(3) Metaspace: 29157K(30336K)->29157K(30336K) NonClass: 25703K(26368K)->25703K(26368K) Class: 3453K(3968K)->3453K(3968K)
[2023-07-22T05:58:15.545+0100][gc            ] GC(3) Pause Young (Normal) (G1 Evacuation Pause) 187M->139M(1024M) 10.636ms
[2023-07-22T05:58:15.546+0100][gc,cpu        ] GC(3) User=0.01s Sys=0.00s Real=0.01s
[2023-07-22T05:58:16.985+0100][gc,start      ] GC(4) Pause Young (Concurrent Start) (Metadata GC Threshold)
[2023-07-22T05:58:16.985+0100][gc,task       ] GC(4) Using 2 workers of 2 for evacuation
[2023-07-22T05:58:17.016+0100][gc,mmu        ] GC(4) MMU target violated: 21.0ms (20.0ms/21.0ms)
[2023-07-22T05:58:17.016+0100][gc,phases     ] GC(4)   Pre Evacuate Collection Set: 0.2ms
[2023-07-22T05:58:17.016+0100][gc,phases     ] GC(4)   Evacuate Collection Set: 30.0ms
[2023-07-22T05:58:17.016+0100][gc,phases     ] GC(4)   Post Evacuate Collection Set: 0.5ms
[2023-07-22T05:58:17.016+0100][gc,phases     ] GC(4)   Other: 0.5ms
[2023-07-22T05:58:17.016+0100][gc,heap       ] GC(4) Eden regions: 32->0(44)
[2023-07-22T05:58:17.016+0100][gc,heap       ] GC(4) Survivor regions: 4->7(7)
[2023-07-22T05:58:17.016+0100][gc,heap       ] GC(4) Old regions: 9->9
[2023-07-22T05:58:17.016+0100][gc,heap       ] GC(4) Humongous regions: 129->129
[2023-07-22T05:58:17.016+0100][gc,metaspace  ] GC(4) Metaspace: 34428K(35840K)->34428K(35840K) NonClass: 30377K(31104K)->30377K(31104K) Class: 4051K(4736K)->4051K(4736K)
[2023-07-22T05:58:17.016+0100][gc            ] GC(4) Pause Young (Concurrent Start) (Metadata GC Threshold) 171M->142M(1024M) 31.177ms
[2023-07-22T05:58:17.017+0100][gc,cpu        ] GC(4) User=0.02s Sys=0.00s Real=0.03s
[2023-07-22T05:58:17.017+0100][gc            ] GC(5) Concurrent Cycle
[2023-07-22T05:58:17.017+0100][gc,marking    ] GC(5) Concurrent Clear Claimed Marks
[2023-07-22T05:58:17.017+0100][gc,marking    ] GC(5) Concurrent Clear Claimed Marks 0.110ms
[2023-07-22T05:58:17.017+0100][gc,marking    ] GC(5) Concurrent Scan Root Regions
[2023-07-22T05:58:17.030+0100][gc,marking    ] GC(5) Concurrent Scan Root Regions 13.731ms
[2023-07-22T05:58:17.030+0100][gc,marking    ] GC(5) Concurrent Mark (6.185s)
[2023-07-22T05:58:17.030+0100][gc,marking    ] GC(5) Concurrent Mark From Roots
[2023-07-22T05:58:17.031+0100][gc,task       ] GC(5) Using 1 workers of 1 for marking
[2023-07-22T05:58:17.091+0100][gc,marking    ] GC(5) Concurrent Mark From Roots 60.875ms
[2023-07-22T05:58:17.092+0100][gc,marking    ] GC(5) Concurrent Preclean
[2023-07-22T05:58:17.092+0100][gc,marking    ] GC(5) Concurrent Preclean 0.156ms
[2023-07-22T05:58:17.092+0100][gc,marking    ] GC(5) Concurrent Mark (6.185s, 6.247s) 61.267ms
[2023-07-22T05:58:17.095+0100][gc,start      ] GC(5) Pause Remark
[2023-07-22T05:58:17.105+0100][gc,stringtable] GC(5) Cleaned string and symbol table, strings: 10293 processed, 11 removed, symbols: 83032 processed, 13 removed
[2023-07-22T05:58:17.106+0100][gc            ] GC(5) Pause Remark 143M->143M(1024M) 10.221ms
[2023-07-22T05:58:17.106+0100][gc,cpu        ] GC(5) User=0.01s Sys=0.00s Real=0.01s
[2023-07-22T05:58:17.106+0100][gc,marking    ] GC(5) Concurrent Rebuild Remembered Sets
[2023-07-22T05:58:17.114+0100][gc,marking    ] GC(5) Concurrent Rebuild Remembered Sets 8.032ms
[2023-07-22T05:58:17.115+0100][gc,start      ] GC(5) Pause Cleanup
[2023-07-22T05:58:17.115+0100][gc            ] GC(5) Pause Cleanup 143M->143M(1024M) 0.356ms
[2023-07-22T05:58:17.115+0100][gc,cpu        ] GC(5) User=0.00s Sys=0.00s Real=0.00s
[2023-07-22T05:58:17.124+0100][gc,marking    ] GC(5) Concurrent Cleanup for Next Mark
[2023-07-22T05:58:17.197+0100][gc,marking    ] GC(5) Concurrent Cleanup for Next Mark 73.108ms
[2023-07-22T05:58:17.197+0100][gc            ] GC(5) Concurrent Cycle 180.150ms
[2023-07-22T05:58:40.161+0100][gc,start      ] GC(6) Pause Young (Normal) (G1 Evacuation Pause)
[2023-07-22T05:58:40.163+0100][gc,task       ] GC(6) Using 2 workers of 2 for evacuation
[2023-07-22T05:58:40.233+0100][gc,mmu        ] GC(6) MMU target violated: 21.0ms (20.0ms/21.0ms)
[2023-07-22T05:58:40.234+0100][gc,phases     ] GC(6)   Pre Evacuate Collection Set: 0.3ms
[2023-07-22T05:58:40.234+0100][gc,phases     ] GC(6)   Evacuate Collection Set: 69.5ms
[2023-07-22T05:58:40.234+0100][gc,phases     ] GC(6)   Post Evacuate Collection Set: 0.8ms
[2023-07-22T05:58:40.234+0100][gc,phases     ] GC(6)   Other: 1.7ms
[2023-07-22T05:58:40.234+0100][gc,heap       ] GC(6) Eden regions: 44->0(46)
[2023-07-22T05:58:40.234+0100][gc,heap       ] GC(6) Survivor regions: 7->5(7)
[2023-07-22T05:58:40.234+0100][gc,heap       ] GC(6) Old regions: 9->12
[2023-07-22T05:58:40.234+0100][gc,heap       ] GC(6) Humongous regions: 135->129
[2023-07-22T05:58:40.234+0100][gc,metaspace  ] GC(6) Metaspace: 40466K(42624K)->40466K(42624K) NonClass: 35301K(36352K)->35301K(36352K) Class: 5164K(6272K)->5164K(6272K)
[2023-07-22T05:58:40.234+0100][gc            ] GC(6) Pause Young (Normal) (G1 Evacuation Pause) 192M->143M(1024M) 72.835ms
[2023-07-22T05:58:40.234+0100][gc,cpu        ] GC(6) User=0.03s Sys=0.01s Real=0.07s
[2023-07-22T06:01:43.731+0100][gc,heap,exit  ] Heap
[2023-07-22T06:01:43.731+0100][gc,heap,exit  ]  garbage-first heap   total 1048576K, used 164748K [0x00000000c0000000, 0x0000000100000000)
[2023-07-22T06:01:43.731+0100][gc,heap,exit  ]   region size 1024K, 24 young (24576K), 5 survivors (5120K)
[2023-07-22T06:01:43.731+0100][gc,heap,exit  ]  Metaspace       used 42189K, capacity 44578K, committed 44800K, reserved 1087488K
[2023-07-22T06:01:43.731+0100][gc,heap,exit  ]   class space    used 5448K, capacity 6651K, committed 6656K, reserved 1048576K
