[2023-07-22T10:55:01.927+0100][gc,heap] Heap region size: 1M
[2023-07-22T10:55:01.992+0100][gc     ] Using G1
[2023-07-22T10:55:01.992+0100][gc,heap,coops] Heap address: 0x00000000c0000000, size: 1024 MB, Compressed Oops mode: 32-bit
[2023-07-22T10:55:01.997+0100][gc,cds       ] Mark closed archive regions in map: [0x00000000fff00000, 0x00000000fff6aff8]
[2023-07-22T10:55:01.997+0100][gc,cds       ] Mark open archive regions in map: [0x00000000ffe00000, 0x00000000ffe46ff8]
[2023-07-22T10:55:06.716+0100][gc,start     ] GC(0) Pause Young (Normal) (G1 Evacuation Pause)
[2023-07-22T10:55:06.717+0100][gc,task      ] GC(0) Using 2 workers of 2 for evacuation
[2023-07-22T10:55:06.818+0100][gc,mmu       ] GC(0) MMU target violated: 21.0ms (20.0ms/21.0ms)
[2023-07-22T10:55:06.818+0100][gc,phases    ] GC(0)   Pre Evacuate Collection Set: 0.0ms
[2023-07-22T10:55:06.818+0100][gc,phases    ] GC(0)   Evacuate Collection Set: 99.9ms
[2023-07-22T10:55:06.818+0100][gc,phases    ] GC(0)   Post Evacuate Collection Set: 0.8ms
[2023-07-22T10:55:06.818+0100][gc,phases    ] GC(0)   Other: 1.5ms
[2023-07-22T10:55:06.818+0100][gc,heap      ] GC(0) Eden regions: 51->0(44)
[2023-07-22T10:55:06.818+0100][gc,heap      ] GC(0) Survivor regions: 0->7(7)
[2023-07-22T10:55:06.818+0100][gc,heap      ] GC(0) Old regions: 2->2
[2023-07-22T10:55:06.818+0100][gc,heap      ] GC(0) Humongous regions: 0->0
[2023-07-22T10:55:06.818+0100][gc,metaspace ] GC(0) Metaspace: 14270K(15104K)->14270K(15104K) NonClass: 12524K(13056K)->12524K(13056K) Class: 1745K(2048K)->1745K(2048K)
[2023-07-22T10:55:06.819+0100][gc           ] GC(0) Pause Young (Normal) (G1 Evacuation Pause) 51M->7M(1024M) 102.396ms
[2023-07-22T10:55:06.819+0100][gc,cpu       ] GC(0) User=0.03s Sys=0.12s Real=0.10s
[2023-07-22T10:55:08.342+0100][gc,start     ] GC(1) Pause Young (Concurrent Start) (Metadata GC Threshold)
[2023-07-22T10:55:08.342+0100][gc,task      ] GC(1) Using 2 workers of 2 for evacuation
[2023-07-22T10:55:08.551+0100][gc,mmu       ] GC(1) MMU target violated: 21.0ms (20.0ms/21.0ms)
[2023-07-22T10:55:08.551+0100][gc,phases    ] GC(1)   Pre Evacuate Collection Set: 0.1ms
[2023-07-22T10:55:08.551+0100][gc,phases    ] GC(1)   Evacuate Collection Set: 205.7ms
[2023-07-22T10:55:08.551+0100][gc,phases    ] GC(1)   Post Evacuate Collection Set: 2.3ms
[2023-07-22T10:55:08.551+0100][gc,phases    ] GC(1)   Other: 0.9ms
[2023-07-22T10:55:08.551+0100][gc,heap      ] GC(1) Eden regions: 28->0(50)
[2023-07-22T10:55:08.551+0100][gc,heap      ] GC(1) Survivor regions: 7->1(7)
[2023-07-22T10:55:08.551+0100][gc,heap      ] GC(1) Old regions: 2->9
[2023-07-22T10:55:08.551+0100][gc,heap      ] GC(1) Humongous regions: 0->0
[2023-07-22T10:55:08.551+0100][gc,metaspace ] GC(1) Metaspace: 20558K(21248K)->20558K(21248K) NonClass: 18078K(18432K)->18078K(18432K) Class: 2480K(2816K)->2480K(2816K)
[2023-07-22T10:55:08.551+0100][gc           ] GC(1) Pause Young (Concurrent Start) (Metadata GC Threshold) 35M->8M(1024M) 209.117ms
[2023-07-22T10:55:08.551+0100][gc,cpu       ] GC(1) User=0.05s Sys=0.08s Real=0.21s
[2023-07-22T10:55:08.551+0100][gc           ] GC(2) Concurrent Cycle
[2023-07-22T10:55:08.551+0100][gc,marking   ] GC(2) Concurrent Clear Claimed Marks
[2023-07-22T10:55:08.552+0100][gc,marking   ] GC(2) Concurrent Clear Claimed Marks 0.088ms
[2023-07-22T10:55:08.552+0100][gc,marking   ] GC(2) Concurrent Scan Root Regions
[2023-07-22T10:55:08.576+0100][gc,marking   ] GC(2) Concurrent Scan Root Regions 24.448ms
[2023-07-22T10:55:08.576+0100][gc,marking   ] GC(2) Concurrent Mark (6.662s)
[2023-07-22T10:55:08.576+0100][gc,marking   ] GC(2) Concurrent Mark From Roots
[2023-07-22T10:55:08.576+0100][gc,task      ] GC(2) Using 1 workers of 1 for marking
[2023-07-22T10:55:08.645+0100][gc,marking   ] GC(2) Concurrent Mark From Roots 69.041ms
[2023-07-22T10:55:08.645+0100][gc,marking   ] GC(2) Concurrent Preclean
[2023-07-22T10:55:08.646+0100][gc,marking   ] GC(2) Concurrent Preclean 0.345ms
[2023-07-22T10:55:08.646+0100][gc,marking   ] GC(2) Concurrent Mark (6.662s, 6.731s) 69.666ms
[2023-07-22T10:55:08.646+0100][gc,start     ] GC(2) Pause Remark
[2023-07-22T10:55:08.660+0100][gc,stringtable] GC(2) Cleaned string and symbol table, strings: 5127 processed, 0 removed, symbols: 52936 processed, 42 removed
[2023-07-22T10:55:08.661+0100][gc            ] GC(2) Pause Remark 9M->9M(1024M) 14.849ms
[2023-07-22T10:55:08.661+0100][gc,cpu        ] GC(2) User=0.00s Sys=0.00s Real=0.01s
[2023-07-22T10:55:08.661+0100][gc,marking    ] GC(2) Concurrent Rebuild Remembered Sets
[2023-07-22T10:55:08.711+0100][gc,marking    ] GC(2) Concurrent Rebuild Remembered Sets 49.979ms
[2023-07-22T10:55:08.711+0100][gc,start      ] GC(2) Pause Cleanup
[2023-07-22T10:55:08.713+0100][gc            ] GC(2) Pause Cleanup 9M->9M(1024M) 1.436ms
[2023-07-22T10:55:08.713+0100][gc,cpu        ] GC(2) User=0.00s Sys=0.00s Real=0.00s
[2023-07-22T10:55:08.713+0100][gc,marking    ] GC(2) Concurrent Cleanup for Next Mark
[2023-07-22T10:55:09.085+0100][gc,marking    ] GC(2) Concurrent Cleanup for Next Mark 372.106ms
[2023-07-22T10:55:09.085+0100][gc            ] GC(2) Concurrent Cycle 534.087ms
[2023-07-22T10:55:10.787+0100][gc,start      ] GC(3) Pause Young (Normal) (G1 Evacuation Pause)
[2023-07-22T10:55:10.787+0100][gc,task       ] GC(3) Using 2 workers of 2 for evacuation
[2023-07-22T10:55:10.810+0100][gc,mmu        ] GC(3) MMU target violated: 21.0ms (20.0ms/21.0ms)
[2023-07-22T10:55:10.810+0100][gc,phases     ] GC(3)   Pre Evacuate Collection Set: 0.0ms
[2023-07-22T10:55:10.810+0100][gc,phases     ] GC(3)   Evacuate Collection Set: 22.7ms
[2023-07-22T10:55:10.810+0100][gc,phases     ] GC(3)   Post Evacuate Collection Set: 0.6ms
[2023-07-22T10:55:10.810+0100][gc,phases     ] GC(3)   Other: 0.4ms
[2023-07-22T10:55:10.810+0100][gc,heap       ] GC(3) Eden regions: 50->0(46)
[2023-07-22T10:55:10.810+0100][gc,heap       ] GC(3) Survivor regions: 1->5(7)
[2023-07-22T10:55:10.810+0100][gc,heap       ] GC(3) Old regions: 9->9
[2023-07-22T10:55:10.810+0100][gc,heap       ] GC(3) Humongous regions: 129->129
[2023-07-22T10:55:10.810+0100][gc,metaspace  ] GC(3) Metaspace: 28804K(29952K)->28804K(29952K) NonClass: 25435K(26112K)->25435K(26112K) Class: 3368K(3840K)->3368K(3840K)
[2023-07-22T10:55:10.810+0100][gc            ] GC(3) Pause Young (Normal) (G1 Evacuation Pause) 187M->140M(1024M) 23.918ms
[2023-07-22T10:55:10.810+0100][gc,cpu        ] GC(3) User=0.04s Sys=0.01s Real=0.03s
[2023-07-22T10:55:11.964+0100][gc,start      ] GC(4) Pause Young (Concurrent Start) (Metadata GC Threshold)
[2023-07-22T10:55:11.964+0100][gc,task       ] GC(4) Using 2 workers of 2 for evacuation
[2023-07-22T10:55:11.996+0100][gc,mmu        ] GC(4) MMU target violated: 21.0ms (20.0ms/21.0ms)
[2023-07-22T10:55:11.996+0100][gc,phases     ] GC(4)   Pre Evacuate Collection Set: 0.2ms
[2023-07-22T10:55:11.996+0100][gc,phases     ] GC(4)   Evacuate Collection Set: 30.5ms
[2023-07-22T10:55:11.996+0100][gc,phases     ] GC(4)   Post Evacuate Collection Set: 0.7ms
[2023-07-22T10:55:11.996+0100][gc,phases     ] GC(4)   Other: 0.6ms
[2023-07-22T10:55:11.996+0100][gc,heap       ] GC(4) Eden regions: 32->0(49)
[2023-07-22T10:55:11.996+0100][gc,heap       ] GC(4) Survivor regions: 5->2(7)
[2023-07-22T10:55:11.996+0100][gc,heap       ] GC(4) Old regions: 9->14
[2023-07-22T10:55:11.996+0100][gc,heap       ] GC(4) Humongous regions: 129->129
[2023-07-22T10:55:11.996+0100][gc,metaspace  ] GC(4) Metaspace: 34566K(35840K)->34566K(35840K) NonClass: 30562K(31232K)->30562K(31232K) Class: 4003K(4608K)->4003K(4608K)
[2023-07-22T10:55:11.996+0100][gc            ] GC(4) Pause Young (Concurrent Start) (Metadata GC Threshold) 172M->142M(1024M) 32.144ms
[2023-07-22T10:55:11.996+0100][gc,cpu        ] GC(4) User=0.06s Sys=0.00s Real=0.03s
[2023-07-22T10:55:11.996+0100][gc            ] GC(5) Concurrent Cycle
[2023-07-22T10:55:11.996+0100][gc,marking    ] GC(5) Concurrent Clear Claimed Marks
[2023-07-22T10:55:11.997+0100][gc,marking    ] GC(5) Concurrent Clear Claimed Marks 0.221ms
[2023-07-22T10:55:11.997+0100][gc,marking    ] GC(5) Concurrent Scan Root Regions
[2023-07-22T10:55:12.008+0100][gc,marking    ] GC(5) Concurrent Scan Root Regions 11.599ms
[2023-07-22T10:55:12.008+0100][gc,marking    ] GC(5) Concurrent Mark (10.094s)
[2023-07-22T10:55:12.008+0100][gc,marking    ] GC(5) Concurrent Mark From Roots
[2023-07-22T10:55:12.008+0100][gc,task       ] GC(5) Using 1 workers of 1 for marking
[2023-07-22T10:55:12.065+0100][gc,marking    ] GC(5) Concurrent Mark From Roots 57.101ms
[2023-07-22T10:55:12.065+0100][gc,marking    ] GC(5) Concurrent Preclean
[2023-07-22T10:55:12.066+0100][gc,marking    ] GC(5) Concurrent Preclean 0.116ms
[2023-07-22T10:55:12.066+0100][gc,marking    ] GC(5) Concurrent Mark (10.094s, 10.151s) 57.369ms
[2023-07-22T10:55:12.066+0100][gc,start      ] GC(5) Pause Remark
[2023-07-22T10:55:12.075+0100][gc,stringtable] GC(5) Cleaned string and symbol table, strings: 10267 processed, 13 removed, symbols: 84857 processed, 14 removed
[2023-07-22T10:55:12.076+0100][gc            ] GC(5) Pause Remark 142M->142M(1024M) 10.033ms
[2023-07-22T10:55:12.076+0100][gc,cpu        ] GC(5) User=0.01s Sys=0.00s Real=0.01s
[2023-07-22T10:55:12.076+0100][gc,marking    ] GC(5) Concurrent Rebuild Remembered Sets
[2023-07-22T10:55:12.106+0100][gc,marking    ] GC(5) Concurrent Rebuild Remembered Sets 29.766ms
[2023-07-22T10:55:12.110+0100][gc,start      ] GC(5) Pause Cleanup
[2023-07-22T10:55:12.110+0100][gc            ] GC(5) Pause Cleanup 142M->142M(1024M) 0.508ms
[2023-07-22T10:55:12.110+0100][gc,cpu        ] GC(5) User=0.00s Sys=0.00s Real=0.00s
[2023-07-22T10:55:12.110+0100][gc,marking    ] GC(5) Concurrent Cleanup for Next Mark
[2023-07-22T10:55:12.138+0100][gc,marking    ] GC(5) Concurrent Cleanup for Next Mark 27.936ms
[2023-07-22T10:55:12.138+0100][gc            ] GC(5) Concurrent Cycle 142.014ms
[2023-07-22T11:06:32.007+0100][gc,start      ] GC(6) Pause Young (Normal) (G1 Evacuation Pause)
[2023-07-22T11:06:32.011+0100][gc,task       ] GC(6) Using 2 workers of 2 for evacuation
[2023-07-22T11:06:32.987+0100][gc,mmu        ] GC(6) MMU target violated: 21.0ms (20.0ms/21.0ms)
[2023-07-22T11:06:32.991+0100][gc,phases     ] GC(6)   Pre Evacuate Collection Set: 587.0ms
[2023-07-22T11:06:32.991+0100][gc,phases     ] GC(6)   Evacuate Collection Set: 374.8ms
[2023-07-22T11:06:32.991+0100][gc,phases     ] GC(6)   Post Evacuate Collection Set: 2.3ms
[2023-07-22T11:06:32.991+0100][gc,phases     ] GC(6)   Other: 18.3ms
[2023-07-22T11:06:32.992+0100][gc,heap       ] GC(6) Eden regions: 49->0(47)
[2023-07-22T11:06:32.992+0100][gc,heap       ] GC(6) Survivor regions: 2->4(7)
[2023-07-22T11:06:32.992+0100][gc,heap       ] GC(6) Old regions: 14->14
[2023-07-22T11:06:32.992+0100][gc,heap       ] GC(6) Humongous regions: 129->129
[2023-07-22T11:06:32.993+0100][gc,metaspace  ] GC(6) Metaspace: 39982K(42240K)->39982K(42240K) NonClass: 35139K(36352K)->35139K(36352K) Class: 4843K(5888K)->4843K(5888K)
[2023-07-22T11:06:32.993+0100][gc            ] GC(6) Pause Young (Normal) (G1 Evacuation Pause) 191M->144M(1024M) 986.656ms
[2023-07-22T11:06:32.994+0100][gc,cpu        ] GC(6) User=0.09s Sys=0.20s Real=0.99s
[2023-07-22T13:26:38.217+0100][gc,start      ] GC(7) Pause Young (Normal) (G1 Evacuation Pause)
[2023-07-22T13:26:38.217+0100][gc,task       ] GC(7) Using 2 workers of 2 for evacuation
[2023-07-22T13:26:38.237+0100][gc,phases     ] GC(7)   Pre Evacuate Collection Set: 0.2ms
[2023-07-22T13:26:38.237+0100][gc,phases     ] GC(7)   Evacuate Collection Set: 18.1ms
[2023-07-22T13:26:38.237+0100][gc,phases     ] GC(7)   Post Evacuate Collection Set: 1.0ms
[2023-07-22T13:26:38.237+0100][gc,phases     ] GC(7)   Other: 0.3ms
[2023-07-22T13:26:38.237+0100][gc,heap       ] GC(7) Eden regions: 47->0(47)
[2023-07-22T13:26:38.237+0100][gc,heap       ] GC(7) Survivor regions: 4->4(7)
[2023-07-22T13:26:38.237+0100][gc,heap       ] GC(7) Old regions: 14->14
[2023-07-22T13:26:38.237+0100][gc,heap       ] GC(7) Humongous regions: 129->129
[2023-07-22T13:26:38.237+0100][gc,metaspace  ] GC(7) Metaspace: 40023K(42240K)->40023K(42240K) NonClass: 35177K(36352K)->35177K(36352K) Class: 4846K(5888K)->4846K(5888K)
[2023-07-22T13:26:38.237+0100][gc            ] GC(7) Pause Young (Normal) (G1 Evacuation Pause) 191M->144M(1024M) 19.929ms
[2023-07-22T13:26:38.237+0100][gc,cpu        ] GC(7) User=0.02s Sys=0.01s Real=0.02s
[2023-07-22T13:27:16.697+0100][gc,start      ] GC(8) Pause Young (Normal) (G1 Evacuation Pause)
[2023-07-22T13:27:16.697+0100][gc,task       ] GC(8) Using 2 workers of 2 for evacuation
[2023-07-22T13:27:16.708+0100][gc,phases     ] GC(8)   Pre Evacuate Collection Set: 0.0ms
[2023-07-22T13:27:16.708+0100][gc,phases     ] GC(8)   Evacuate Collection Set: 9.9ms
[2023-07-22T13:27:16.708+0100][gc,phases     ] GC(8)   Post Evacuate Collection Set: 0.7ms
[2023-07-22T13:27:16.709+0100][gc,phases     ] GC(8)   Other: 0.5ms
[2023-07-22T13:27:16.709+0100][gc,heap       ] GC(8) Eden regions: 47->0(47)
[2023-07-22T13:27:16.709+0100][gc,heap       ] GC(8) Survivor regions: 4->4(7)
[2023-07-22T13:27:16.709+0100][gc,heap       ] GC(8) Old regions: 14->14
[2023-07-22T13:27:16.709+0100][gc,heap       ] GC(8) Humongous regions: 129->129
[2023-07-22T13:27:16.709+0100][gc,metaspace  ] GC(8) Metaspace: 40039K(42240K)->40039K(42240K) NonClass: 35193K(36352K)->35193K(36352K) Class: 4846K(5888K)->4846K(5888K)
[2023-07-22T13:27:16.709+0100][gc            ] GC(8) Pause Young (Normal) (G1 Evacuation Pause) 191M->144M(1024M) 11.916ms
[2023-07-22T13:27:16.709+0100][gc,cpu        ] GC(8) User=0.02s Sys=0.01s Real=0.02s
[2023-07-22T13:27:55.967+0100][gc,start      ] GC(9) Pause Young (Normal) (G1 Evacuation Pause)
[2023-07-22T13:27:55.967+0100][gc,task       ] GC(9) Using 2 workers of 2 for evacuation
[2023-07-22T13:27:55.976+0100][gc,phases     ] GC(9)   Pre Evacuate Collection Set: 0.1ms
[2023-07-22T13:27:55.976+0100][gc,phases     ] GC(9)   Evacuate Collection Set: 7.2ms
[2023-07-22T13:27:55.976+0100][gc,phases     ] GC(9)   Post Evacuate Collection Set: 0.7ms
[2023-07-22T13:27:55.976+0100][gc,phases     ] GC(9)   Other: 0.6ms
[2023-07-22T13:27:55.976+0100][gc,heap       ] GC(9) Eden regions: 47->0(47)
[2023-07-22T13:27:55.976+0100][gc,heap       ] GC(9) Survivor regions: 4->4(7)
[2023-07-22T13:27:55.976+0100][gc,heap       ] GC(9) Old regions: 14->14
[2023-07-22T13:27:55.976+0100][gc,heap       ] GC(9) Humongous regions: 129->129
[2023-07-22T13:27:55.976+0100][gc,metaspace  ] GC(9) Metaspace: 40053K(42240K)->40053K(42240K) NonClass: 35207K(36352K)->35207K(36352K) Class: 4846K(5888K)->4846K(5888K)
[2023-07-22T13:27:55.976+0100][gc            ] GC(9) Pause Young (Normal) (G1 Evacuation Pause) 191M->144M(1024M) 8.617ms
[2023-07-22T13:27:55.976+0100][gc,cpu        ] GC(9) User=0.02s Sys=0.00s Real=0.01s
[2023-07-22T13:28:33.896+0100][gc,start      ] GC(10) Pause Young (Normal) (G1 Evacuation Pause)
[2023-07-22T13:28:33.896+0100][gc,task       ] GC(10) Using 2 workers of 2 for evacuation
[2023-07-22T13:28:33.916+0100][gc,phases     ] GC(10)   Pre Evacuate Collection Set: 0.1ms
[2023-07-22T13:28:33.916+0100][gc,phases     ] GC(10)   Evacuate Collection Set: 16.4ms
[2023-07-22T13:28:33.916+0100][gc,phases     ] GC(10)   Post Evacuate Collection Set: 2.8ms
[2023-07-22T13:28:33.916+0100][gc,phases     ] GC(10)   Other: 0.3ms
[2023-07-22T13:28:33.916+0100][gc,heap       ] GC(10) Eden regions: 47->0(47)
[2023-07-22T13:28:33.916+0100][gc,heap       ] GC(10) Survivor regions: 4->4(7)
[2023-07-22T13:28:33.916+0100][gc,heap       ] GC(10) Old regions: 14->14
[2023-07-22T13:28:33.916+0100][gc,heap       ] GC(10) Humongous regions: 129->129
[2023-07-22T13:28:33.916+0100][gc,metaspace  ] GC(10) Metaspace: 40057K(42240K)->40057K(42240K) NonClass: 35211K(36352K)->35211K(36352K) Class: 4846K(5888K)->4846K(5888K)
[2023-07-22T13:28:33.916+0100][gc            ] GC(10) Pause Young (Normal) (G1 Evacuation Pause) 191M->144M(1024M) 19.734ms
[2023-07-22T13:28:33.916+0100][gc,cpu        ] GC(10) User=0.03s Sys=0.00s Real=0.02s
[2023-07-22T13:29:12.538+0100][gc,start      ] GC(11) Pause Young (Normal) (G1 Evacuation Pause)
[2023-07-22T13:29:12.539+0100][gc,task       ] GC(11) Using 2 workers of 2 for evacuation
[2023-07-22T13:29:12.548+0100][gc,phases     ] GC(11)   Pre Evacuate Collection Set: 0.1ms
[2023-07-22T13:29:12.548+0100][gc,phases     ] GC(11)   Evacuate Collection Set: 8.9ms
[2023-07-22T13:29:12.548+0100][gc,phases     ] GC(11)   Post Evacuate Collection Set: 0.6ms
[2023-07-22T13:29:12.549+0100][gc,phases     ] GC(11)   Other: 0.4ms
[2023-07-22T13:29:12.549+0100][gc,heap       ] GC(11) Eden regions: 47->0(47)
[2023-07-22T13:29:12.549+0100][gc,heap       ] GC(11) Survivor regions: 4->4(7)
[2023-07-22T13:29:12.549+0100][gc,heap       ] GC(11) Old regions: 14->14
[2023-07-22T13:29:12.549+0100][gc,heap       ] GC(11) Humongous regions: 129->129
[2023-07-22T13:29:12.549+0100][gc,metaspace  ] GC(11) Metaspace: 40058K(42240K)->40058K(42240K) NonClass: 35212K(36352K)->35212K(36352K) Class: 4846K(5888K)->4846K(5888K)
[2023-07-22T13:29:12.549+0100][gc            ] GC(11) Pause Young (Normal) (G1 Evacuation Pause) 191M->144M(1024M) 10.097ms
[2023-07-22T13:29:12.549+0100][gc,cpu        ] GC(11) User=0.02s Sys=0.00s Real=0.02s
[2023-07-22T13:29:49.954+0100][gc,start      ] GC(12) Pause Young (Normal) (G1 Evacuation Pause)
[2023-07-22T13:29:49.954+0100][gc,task       ] GC(12) Using 2 workers of 2 for evacuation
[2023-07-22T13:29:49.961+0100][gc,phases     ] GC(12)   Pre Evacuate Collection Set: 0.1ms
[2023-07-22T13:29:49.962+0100][gc,phases     ] GC(12)   Evacuate Collection Set: 6.9ms
[2023-07-22T13:29:49.962+0100][gc,phases     ] GC(12)   Post Evacuate Collection Set: 0.7ms
[2023-07-22T13:29:49.962+0100][gc,phases     ] GC(12)   Other: 0.2ms
[2023-07-22T13:29:49.962+0100][gc,heap       ] GC(12) Eden regions: 47->0(47)
[2023-07-22T13:29:49.962+0100][gc,heap       ] GC(12) Survivor regions: 4->4(7)
[2023-07-22T13:29:49.962+0100][gc,heap       ] GC(12) Old regions: 14->14
[2023-07-22T13:29:49.962+0100][gc,heap       ] GC(12) Humongous regions: 129->129
[2023-07-22T13:29:49.962+0100][gc,metaspace  ] GC(12) Metaspace: 40075K(42240K)->40075K(42240K) NonClass: 35228K(36352K)->35228K(36352K) Class: 4846K(5888K)->4846K(5888K)
[2023-07-22T13:29:49.962+0100][gc            ] GC(12) Pause Young (Normal) (G1 Evacuation Pause) 191M->144M(1024M) 8.069ms
[2023-07-22T13:29:49.962+0100][gc,cpu        ] GC(12) User=0.01s Sys=0.00s Real=0.01s
[2023-07-22T13:30:31.876+0100][gc,start      ] GC(13) Pause Young (Normal) (G1 Evacuation Pause)
[2023-07-22T13:30:31.876+0100][gc,task       ] GC(13) Using 2 workers of 2 for evacuation
[2023-07-22T13:30:31.885+0100][gc,phases     ] GC(13)   Pre Evacuate Collection Set: 0.2ms
[2023-07-22T13:30:31.886+0100][gc,phases     ] GC(13)   Evacuate Collection Set: 8.6ms
[2023-07-22T13:30:31.886+0100][gc,phases     ] GC(13)   Post Evacuate Collection Set: 0.6ms
[2023-07-22T13:30:31.886+0100][gc,phases     ] GC(13)   Other: 0.7ms
[2023-07-22T13:30:31.886+0100][gc,heap       ] GC(13) Eden regions: 47->0(47)
[2023-07-22T13:30:31.886+0100][gc,heap       ] GC(13) Survivor regions: 4->4(7)
[2023-07-22T13:30:31.886+0100][gc,heap       ] GC(13) Old regions: 14->14
[2023-07-22T13:30:31.886+0100][gc,heap       ] GC(13) Humongous regions: 129->129
[2023-07-22T13:30:31.886+0100][gc,metaspace  ] GC(13) Metaspace: 40077K(42240K)->40077K(42240K) NonClass: 35230K(36352K)->35230K(36352K) Class: 4846K(5888K)->4846K(5888K)
[2023-07-22T13:30:31.887+0100][gc            ] GC(13) Pause Young (Normal) (G1 Evacuation Pause) 191M->144M(1024M) 10.754ms
[2023-07-22T13:30:31.887+0100][gc,cpu        ] GC(13) User=0.02s Sys=0.00s Real=0.01s
[2023-07-22T13:31:11.127+0100][gc,start      ] GC(14) Pause Young (Normal) (G1 Evacuation Pause)
[2023-07-22T13:31:11.127+0100][gc,task       ] GC(14) Using 2 workers of 2 for evacuation
[2023-07-22T13:31:11.143+0100][gc,phases     ] GC(14)   Pre Evacuate Collection Set: 0.2ms
[2023-07-22T13:31:11.143+0100][gc,phases     ] GC(14)   Evacuate Collection Set: 15.0ms
[2023-07-22T13:31:11.143+0100][gc,phases     ] GC(14)   Post Evacuate Collection Set: 0.6ms
[2023-07-22T13:31:11.143+0100][gc,phases     ] GC(14)   Other: 0.3ms
[2023-07-22T13:31:11.143+0100][gc,heap       ] GC(14) Eden regions: 47->0(47)
[2023-07-22T13:31:11.143+0100][gc,heap       ] GC(14) Survivor regions: 4->4(7)
[2023-07-22T13:31:11.143+0100][gc,heap       ] GC(14) Old regions: 14->14
[2023-07-22T13:31:11.143+0100][gc,heap       ] GC(14) Humongous regions: 129->129
[2023-07-22T13:31:11.143+0100][gc,metaspace  ] GC(14) Metaspace: 40089K(42240K)->40089K(42240K) NonClass: 35242K(36352K)->35242K(36352K) Class: 4846K(5888K)->4846K(5888K)
[2023-07-22T13:31:11.143+0100][gc            ] GC(14) Pause Young (Normal) (G1 Evacuation Pause) 191M->144M(1024M) 16.185ms
[2023-07-22T13:31:11.143+0100][gc,cpu        ] GC(14) User=0.02s Sys=0.00s Real=0.02s
[2023-07-22T13:31:49.731+0100][gc,start      ] GC(15) Pause Young (Normal) (G1 Evacuation Pause)
[2023-07-22T13:31:49.731+0100][gc,task       ] GC(15) Using 2 workers of 2 for evacuation
[2023-07-22T13:31:49.752+0100][gc,phases     ] GC(15)   Pre Evacuate Collection Set: 0.9ms
[2023-07-22T13:31:49.752+0100][gc,phases     ] GC(15)   Evacuate Collection Set: 17.6ms
[2023-07-22T13:31:49.752+0100][gc,phases     ] GC(15)   Post Evacuate Collection Set: 1.1ms
[2023-07-22T13:31:49.752+0100][gc,phases     ] GC(15)   Other: 0.7ms
[2023-07-22T13:31:49.752+0100][gc,heap       ] GC(15) Eden regions: 47->0(47)
[2023-07-22T13:31:49.752+0100][gc,heap       ] GC(15) Survivor regions: 4->4(7)
[2023-07-22T13:31:49.752+0100][gc,heap       ] GC(15) Old regions: 14->14
[2023-07-22T13:31:49.752+0100][gc,heap       ] GC(15) Humongous regions: 129->129
[2023-07-22T13:31:49.752+0100][gc,metaspace  ] GC(15) Metaspace: 40089K(42240K)->40089K(42240K) NonClass: 35242K(36352K)->35242K(36352K) Class: 4846K(5888K)->4846K(5888K)
[2023-07-22T13:31:49.752+0100][gc            ] GC(15) Pause Young (Normal) (G1 Evacuation Pause) 191M->144M(1024M) 20.546ms
[2023-07-22T13:31:49.752+0100][gc,cpu        ] GC(15) User=0.04s Sys=0.00s Real=0.02s
[2023-07-22T13:32:27.626+0100][gc,start      ] GC(16) Pause Young (Normal) (G1 Evacuation Pause)
[2023-07-22T13:32:27.626+0100][gc,task       ] GC(16) Using 2 workers of 2 for evacuation
[2023-07-22T13:32:27.635+0100][gc,phases     ] GC(16)   Pre Evacuate Collection Set: 0.1ms
[2023-07-22T13:32:27.635+0100][gc,phases     ] GC(16)   Evacuate Collection Set: 8.0ms
[2023-07-22T13:32:27.635+0100][gc,phases     ] GC(16)   Post Evacuate Collection Set: 0.7ms
[2023-07-22T13:32:27.635+0100][gc,phases     ] GC(16)   Other: 0.3ms
[2023-07-22T13:32:27.635+0100][gc,heap       ] GC(16) Eden regions: 47->0(47)
[2023-07-22T13:32:27.635+0100][gc,heap       ] GC(16) Survivor regions: 4->4(7)
[2023-07-22T13:32:27.635+0100][gc,heap       ] GC(16) Old regions: 14->14
[2023-07-22T13:32:27.635+0100][gc,heap       ] GC(16) Humongous regions: 129->129
[2023-07-22T13:32:27.635+0100][gc,metaspace  ] GC(16) Metaspace: 40098K(42240K)->40098K(42240K) NonClass: 35251K(36352K)->35251K(36352K) Class: 4846K(5888K)->4846K(5888K)
[2023-07-22T13:32:27.635+0100][gc            ] GC(16) Pause Young (Normal) (G1 Evacuation Pause) 191M->144M(1024M) 9.262ms
[2023-07-22T13:32:27.635+0100][gc,cpu        ] GC(16) User=0.02s Sys=0.00s Real=0.01s
[2023-07-22T13:33:06.796+0100][gc,start      ] GC(17) Pause Young (Normal) (G1 Evacuation Pause)
[2023-07-22T13:33:06.796+0100][gc,task       ] GC(17) Using 2 workers of 2 for evacuation
[2023-07-22T13:33:06.805+0100][gc,phases     ] GC(17)   Pre Evacuate Collection Set: 0.1ms
[2023-07-22T13:33:06.805+0100][gc,phases     ] GC(17)   Evacuate Collection Set: 7.4ms
[2023-07-22T13:33:06.805+0100][gc,phases     ] GC(17)   Post Evacuate Collection Set: 1.1ms
[2023-07-22T13:33:06.805+0100][gc,phases     ] GC(17)   Other: 0.2ms
[2023-07-22T13:33:06.805+0100][gc,heap       ] GC(17) Eden regions: 47->0(47)
[2023-07-22T13:33:06.805+0100][gc,heap       ] GC(17) Survivor regions: 4->4(7)
[2023-07-22T13:33:06.805+0100][gc,heap       ] GC(17) Old regions: 14->14
[2023-07-22T13:33:06.805+0100][gc,heap       ] GC(17) Humongous regions: 129->129
[2023-07-22T13:33:06.805+0100][gc,metaspace  ] GC(17) Metaspace: 40109K(42240K)->40109K(42240K) NonClass: 35262K(36352K)->35262K(36352K) Class: 4846K(5888K)->4846K(5888K)
[2023-07-22T13:33:06.805+0100][gc            ] GC(17) Pause Young (Normal) (G1 Evacuation Pause) 191M->144M(1024M) 9.068ms
[2023-07-22T13:33:06.805+0100][gc,cpu        ] GC(17) User=0.02s Sys=0.00s Real=0.01s
[2023-07-22T13:33:48.421+0100][gc,start      ] GC(18) Pause Young (Normal) (G1 Evacuation Pause)
[2023-07-22T13:33:48.421+0100][gc,task       ] GC(18) Using 2 workers of 2 for evacuation
[2023-07-22T13:33:48.431+0100][gc,phases     ] GC(18)   Pre Evacuate Collection Set: 0.1ms
[2023-07-22T13:33:48.431+0100][gc,phases     ] GC(18)   Evacuate Collection Set: 8.8ms
[2023-07-22T13:33:48.431+0100][gc,phases     ] GC(18)   Post Evacuate Collection Set: 0.8ms
[2023-07-22T13:33:48.431+0100][gc,phases     ] GC(18)   Other: 0.4ms
[2023-07-22T13:33:48.431+0100][gc,heap       ] GC(18) Eden regions: 47->0(47)
[2023-07-22T13:33:48.431+0100][gc,heap       ] GC(18) Survivor regions: 4->4(7)
[2023-07-22T13:33:48.431+0100][gc,heap       ] GC(18) Old regions: 14->14
[2023-07-22T13:33:48.431+0100][gc,heap       ] GC(18) Humongous regions: 129->129
[2023-07-22T13:33:48.431+0100][gc,metaspace  ] GC(18) Metaspace: 40129K(42240K)->40129K(42240K) NonClass: 35282K(36352K)->35282K(36352K) Class: 4846K(5888K)->4846K(5888K)
[2023-07-22T13:33:48.431+0100][gc            ] GC(18) Pause Young (Normal) (G1 Evacuation Pause) 191M->144M(1024M) 10.198ms
[2023-07-22T13:33:48.431+0100][gc,cpu        ] GC(18) User=0.02s Sys=0.00s Real=0.01s
[2023-07-22T13:34:27.545+0100][gc,start      ] GC(19) Pause Young (Normal) (G1 Evacuation Pause)
[2023-07-22T13:34:27.545+0100][gc,task       ] GC(19) Using 2 workers of 2 for evacuation
[2023-07-22T13:34:27.553+0100][gc,phases     ] GC(19)   Pre Evacuate Collection Set: 0.0ms
[2023-07-22T13:34:27.553+0100][gc,phases     ] GC(19)   Evacuate Collection Set: 7.4ms
[2023-07-22T13:34:27.553+0100][gc,phases     ] GC(19)   Post Evacuate Collection Set: 0.6ms
[2023-07-22T13:34:27.553+0100][gc,phases     ] GC(19)   Other: 0.3ms
[2023-07-22T13:34:27.553+0100][gc,heap       ] GC(19) Eden regions: 47->0(47)
[2023-07-22T13:34:27.553+0100][gc,heap       ] GC(19) Survivor regions: 4->4(7)
[2023-07-22T13:34:27.553+0100][gc,heap       ] GC(19) Old regions: 14->14
[2023-07-22T13:34:27.553+0100][gc,heap       ] GC(19) Humongous regions: 129->129
[2023-07-22T13:34:27.553+0100][gc,metaspace  ] GC(19) Metaspace: 40136K(42240K)->40136K(42240K) NonClass: 35289K(36352K)->35289K(36352K) Class: 4846K(5888K)->4846K(5888K)
[2023-07-22T13:34:27.553+0100][gc            ] GC(19) Pause Young (Normal) (G1 Evacuation Pause) 191M->144M(1024M) 8.486ms
[2023-07-22T13:34:27.553+0100][gc,cpu        ] GC(19) User=0.01s Sys=0.00s Real=0.01s
[2023-07-22T13:35:05.577+0100][gc,start      ] GC(20) Pause Young (Normal) (G1 Evacuation Pause)
[2023-07-22T13:35:05.577+0100][gc,task       ] GC(20) Using 2 workers of 2 for evacuation
[2023-07-22T13:35:05.588+0100][gc,phases     ] GC(20)   Pre Evacuate Collection Set: 0.5ms
[2023-07-22T13:35:05.588+0100][gc,phases     ] GC(20)   Evacuate Collection Set: 9.0ms
[2023-07-22T13:35:05.588+0100][gc,phases     ] GC(20)   Post Evacuate Collection Set: 0.5ms
[2023-07-22T13:35:05.588+0100][gc,phases     ] GC(20)   Other: 0.4ms
[2023-07-22T13:35:05.588+0100][gc,heap       ] GC(20) Eden regions: 47->0(48)
[2023-07-22T13:35:05.588+0100][gc,heap       ] GC(20) Survivor regions: 4->3(7)
[2023-07-22T13:35:05.588+0100][gc,heap       ] GC(20) Old regions: 14->15
[2023-07-22T13:35:05.588+0100][gc,heap       ] GC(20) Humongous regions: 129->129
[2023-07-22T13:35:05.588+0100][gc,metaspace  ] GC(20) Metaspace: 40139K(42240K)->40139K(42240K) NonClass: 35292K(36352K)->35292K(36352K) Class: 4846K(5888K)->4846K(5888K)
[2023-07-22T13:35:05.588+0100][gc            ] GC(20) Pause Young (Normal) (G1 Evacuation Pause) 191M->144M(1024M) 10.686ms
[2023-07-22T13:35:05.588+0100][gc,cpu        ] GC(20) User=0.02s Sys=0.01s Real=0.02s
[2023-07-22T13:35:44.648+0100][gc,start      ] GC(21) Pause Young (Normal) (G1 Evacuation Pause)
[2023-07-22T13:35:44.648+0100][gc,task       ] GC(21) Using 2 workers of 2 for evacuation
[2023-07-22T13:35:44.656+0100][gc,phases     ] GC(21)   Pre Evacuate Collection Set: 0.0ms
[2023-07-22T13:35:44.656+0100][gc,phases     ] GC(21)   Evacuate Collection Set: 6.9ms
[2023-07-22T13:35:44.656+0100][gc,phases     ] GC(21)   Post Evacuate Collection Set: 0.4ms
[2023-07-22T13:35:44.656+0100][gc,phases     ] GC(21)   Other: 0.3ms
[2023-07-22T13:35:44.656+0100][gc,heap       ] GC(21) Eden regions: 48->0(49)
[2023-07-22T13:35:44.656+0100][gc,heap       ] GC(21) Survivor regions: 3->2(7)
[2023-07-22T13:35:44.656+0100][gc,heap       ] GC(21) Old regions: 15->16
[2023-07-22T13:35:44.656+0100][gc,heap       ] GC(21) Humongous regions: 129->129
[2023-07-22T13:35:44.656+0100][gc,metaspace  ] GC(21) Metaspace: 40141K(42240K)->40141K(42240K) NonClass: 35294K(36352K)->35294K(36352K) Class: 4846K(5888K)->4846K(5888K)
[2023-07-22T13:35:44.656+0100][gc            ] GC(21) Pause Young (Normal) (G1 Evacuation Pause) 192M->144M(1024M) 7.759ms
[2023-07-22T13:35:44.656+0100][gc,cpu        ] GC(21) User=0.00s Sys=0.01s Real=0.00s
[2023-07-22T13:36:24.384+0100][gc,start      ] GC(22) Pause Young (Normal) (G1 Evacuation Pause)
[2023-07-22T13:36:24.384+0100][gc,task       ] GC(22) Using 2 workers of 2 for evacuation
[2023-07-22T13:36:24.399+0100][gc,phases     ] GC(22)   Pre Evacuate Collection Set: 0.1ms
[2023-07-22T13:36:24.399+0100][gc,phases     ] GC(22)   Evacuate Collection Set: 14.3ms
[2023-07-22T13:36:24.399+0100][gc,phases     ] GC(22)   Post Evacuate Collection Set: 0.4ms
[2023-07-22T13:36:24.399+0100][gc,phases     ] GC(22)   Other: 0.5ms
[2023-07-22T13:36:24.399+0100][gc,heap       ] GC(22) Eden regions: 49->0(49)
[2023-07-22T13:36:24.399+0100][gc,heap       ] GC(22) Survivor regions: 2->2(7)
[2023-07-22T13:36:24.399+0100][gc,heap       ] GC(22) Old regions: 16->16
[2023-07-22T13:36:24.399+0100][gc,heap       ] GC(22) Humongous regions: 129->129
[2023-07-22T13:36:24.399+0100][gc,metaspace  ] GC(22) Metaspace: 40142K(42240K)->40142K(42240K) NonClass: 35295K(36352K)->35295K(36352K) Class: 4846K(5888K)->4846K(5888K)
[2023-07-22T13:36:24.399+0100][gc            ] GC(22) Pause Young (Normal) (G1 Evacuation Pause) 193M->144M(1024M) 15.364ms
[2023-07-22T13:36:24.399+0100][gc,cpu        ] GC(22) User=0.01s Sys=0.00s Real=0.01s
[2023-07-22T13:37:04.588+0100][gc,start      ] GC(23) Pause Young (Normal) (G1 Evacuation Pause)
[2023-07-22T13:37:04.588+0100][gc,task       ] GC(23) Using 2 workers of 2 for evacuation
[2023-07-22T13:37:04.592+0100][gc,phases     ] GC(23)   Pre Evacuate Collection Set: 0.1ms
[2023-07-22T13:37:04.592+0100][gc,phases     ] GC(23)   Evacuate Collection Set: 3.0ms
[2023-07-22T13:37:04.592+0100][gc,phases     ] GC(23)   Post Evacuate Collection Set: 0.4ms
[2023-07-22T13:37:04.592+0100][gc,phases     ] GC(23)   Other: 0.3ms
[2023-07-22T13:37:04.592+0100][gc,heap       ] GC(23) Eden regions: 49->0(54)
[2023-07-22T13:37:04.592+0100][gc,heap       ] GC(23) Survivor regions: 2->1(7)
[2023-07-22T13:37:04.592+0100][gc,heap       ] GC(23) Old regions: 16->16
[2023-07-22T13:37:04.592+0100][gc,heap       ] GC(23) Humongous regions: 129->129
[2023-07-22T13:37:04.592+0100][gc,metaspace  ] GC(23) Metaspace: 40143K(42240K)->40143K(42240K) NonClass: 35296K(36352K)->35296K(36352K) Class: 4846K(5888K)->4846K(5888K)
[2023-07-22T13:37:04.592+0100][gc            ] GC(23) Pause Young (Normal) (G1 Evacuation Pause) 193M->144M(1024M) 3.871ms
[2023-07-22T13:37:04.592+0100][gc,cpu        ] GC(23) User=0.01s Sys=0.00s Real=0.00s
[2023-07-22T13:37:52.391+0100][gc,start      ] GC(24) Pause Young (Normal) (G1 Evacuation Pause)
[2023-07-22T13:37:52.391+0100][gc,task       ] GC(24) Using 2 workers of 2 for evacuation
[2023-07-22T13:37:52.415+0100][gc,mmu        ] GC(24) MMU target violated: 21.0ms (20.0ms/21.0ms)
[2023-07-22T13:37:52.416+0100][gc,phases     ] GC(24)   Pre Evacuate Collection Set: 0.1ms
[2023-07-22T13:37:52.416+0100][gc,phases     ] GC(24)   Evacuate Collection Set: 23.9ms
[2023-07-22T13:37:52.416+0100][gc,phases     ] GC(24)   Post Evacuate Collection Set: 0.3ms
[2023-07-22T13:37:52.416+0100][gc,phases     ] GC(24)   Other: 0.5ms
[2023-07-22T13:37:52.416+0100][gc,heap       ] GC(24) Eden regions: 54->0(49)
[2023-07-22T13:37:52.416+0100][gc,heap       ] GC(24) Survivor regions: 1->2(7)
[2023-07-22T13:37:52.416+0100][gc,heap       ] GC(24) Old regions: 16->16
[2023-07-22T13:37:52.417+0100][gc,heap       ] GC(24) Humongous regions: 129->129
[2023-07-22T13:37:52.417+0100][gc,metaspace  ] GC(24) Metaspace: 40150K(42496K)->40150K(42496K) NonClass: 35303K(36608K)->35303K(36608K) Class: 4846K(5888K)->4846K(5888K)
[2023-07-22T13:37:52.417+0100][gc            ] GC(24) Pause Young (Normal) (G1 Evacuation Pause) 198M->144M(1024M) 26.018ms
[2023-07-22T13:37:52.417+0100][gc,cpu        ] GC(24) User=0.00s Sys=0.02s Real=0.02s
[2023-07-22T13:38:37.220+0100][gc,start      ] GC(25) Pause Young (Normal) (G1 Evacuation Pause)
[2023-07-22T13:38:37.222+0100][gc,task       ] GC(25) Using 2 workers of 2 for evacuation
[2023-07-22T13:38:37.248+0100][gc,mmu        ] GC(25) MMU target violated: 21.0ms (20.0ms/21.0ms)
[2023-07-22T13:38:37.248+0100][gc,phases     ] GC(25)   Pre Evacuate Collection Set: 0.5ms
[2023-07-22T13:38:37.248+0100][gc,phases     ] GC(25)   Evacuate Collection Set: 16.8ms
[2023-07-22T13:38:37.248+0100][gc,phases     ] GC(25)   Post Evacuate Collection Set: 7.8ms
[2023-07-22T13:38:37.248+0100][gc,phases     ] GC(25)   Other: 3.0ms
[2023-07-22T13:38:37.248+0100][gc,heap       ] GC(25) Eden regions: 49->0(49)
[2023-07-22T13:38:37.248+0100][gc,heap       ] GC(25) Survivor regions: 2->2(7)
[2023-07-22T13:38:37.248+0100][gc,heap       ] GC(25) Old regions: 16->16
[2023-07-22T13:38:37.248+0100][gc,heap       ] GC(25) Humongous regions: 131->129
[2023-07-22T13:38:37.248+0100][gc,metaspace  ] GC(25) Metaspace: 40202K(42496K)->40202K(42496K) NonClass: 35355K(36608K)->35355K(36608K) Class: 4846K(5888K)->4846K(5888K)
[2023-07-22T13:38:37.249+0100][gc            ] GC(25) Pause Young (Normal) (G1 Evacuation Pause) 195M->144M(1024M) 28.220ms
[2023-07-22T13:38:37.249+0100][gc,cpu        ] GC(25) User=0.01s Sys=0.00s Real=0.03s
[2023-07-22T13:39:27.680+0100][gc,start      ] GC(26) Pause Young (Normal) (G1 Evacuation Pause)
[2023-07-22T13:39:27.680+0100][gc,task       ] GC(26) Using 2 workers of 2 for evacuation
[2023-07-22T13:39:27.708+0100][gc,mmu        ] GC(26) MMU target violated: 21.0ms (20.0ms/21.0ms)
[2023-07-22T13:39:27.708+0100][gc,phases     ] GC(26)   Pre Evacuate Collection Set: 0.3ms
[2023-07-22T13:39:27.708+0100][gc,phases     ] GC(26)   Evacuate Collection Set: 26.1ms
[2023-07-22T13:39:27.708+0100][gc,phases     ] GC(26)   Post Evacuate Collection Set: 0.4ms
[2023-07-22T13:39:27.708+0100][gc,phases     ] GC(26)   Other: 1.5ms
[2023-07-22T13:39:27.708+0100][gc,heap       ] GC(26) Eden regions: 49->0(49)
[2023-07-22T13:39:27.708+0100][gc,heap       ] GC(26) Survivor regions: 2->2(7)
[2023-07-22T13:39:27.708+0100][gc,heap       ] GC(26) Old regions: 16->16
[2023-07-22T13:39:27.709+0100][gc,heap       ] GC(26) Humongous regions: 131->129
[2023-07-22T13:39:27.709+0100][gc,metaspace  ] GC(26) Metaspace: 40238K(42496K)->40238K(42496K) NonClass: 35391K(36608K)->35391K(36608K) Class: 4846K(5888K)->4846K(5888K)
[2023-07-22T13:39:27.709+0100][gc            ] GC(26) Pause Young (Normal) (G1 Evacuation Pause) 195M->144M(1024M) 29.316ms
[2023-07-22T13:39:27.709+0100][gc,cpu        ] GC(26) User=0.01s Sys=0.00s Real=0.03s
[2023-07-22T13:40:09.597+0100][gc,start      ] GC(27) Pause Young (Normal) (G1 Evacuation Pause)
[2023-07-22T13:40:09.598+0100][gc,task       ] GC(27) Using 2 workers of 2 for evacuation
[2023-07-22T13:40:09.602+0100][gc,phases     ] GC(27)   Pre Evacuate Collection Set: 0.0ms
[2023-07-22T13:40:09.602+0100][gc,phases     ] GC(27)   Evacuate Collection Set: 4.1ms
[2023-07-22T13:40:09.602+0100][gc,phases     ] GC(27)   Post Evacuate Collection Set: 0.4ms
[2023-07-22T13:40:09.602+0100][gc,phases     ] GC(27)   Other: 0.3ms
[2023-07-22T13:40:09.602+0100][gc,heap       ] GC(27) Eden regions: 49->0(50)
[2023-07-22T13:40:09.602+0100][gc,heap       ] GC(27) Survivor regions: 2->2(7)
[2023-07-22T13:40:09.602+0100][gc,heap       ] GC(27) Old regions: 16->16
[2023-07-22T13:40:09.602+0100][gc,heap       ] GC(27) Humongous regions: 129->129
[2023-07-22T13:40:09.602+0100][gc,metaspace  ] GC(27) Metaspace: 40243K(42496K)->40243K(42496K) NonClass: 35396K(36608K)->35396K(36608K) Class: 4846K(5888K)->4846K(5888K)
[2023-07-22T13:40:09.602+0100][gc            ] GC(27) Pause Young (Normal) (G1 Evacuation Pause) 193M->145M(1024M) 4.883ms
[2023-07-22T13:40:09.602+0100][gc,cpu        ] GC(27) User=0.00s Sys=0.00s Real=0.00s
[2023-07-22T13:40:39.019+0100][gc,start      ] GC(28) Pause Young (Normal) (G1 Evacuation Pause)
[2023-07-22T13:40:39.019+0100][gc,task       ] GC(28) Using 2 workers of 2 for evacuation
[2023-07-22T13:40:39.029+0100][gc,phases     ] GC(28)   Pre Evacuate Collection Set: 0.0ms
[2023-07-22T13:40:39.029+0100][gc,phases     ] GC(28)   Evacuate Collection Set: 8.8ms
[2023-07-22T13:40:39.029+0100][gc,phases     ] GC(28)   Post Evacuate Collection Set: 0.3ms
[2023-07-22T13:40:39.029+0100][gc,phases     ] GC(28)   Other: 0.3ms
[2023-07-22T13:40:39.029+0100][gc,heap       ] GC(28) Eden regions: 50->0(51)
[2023-07-22T13:40:39.030+0100][gc,heap       ] GC(28) Survivor regions: 2->2(7)
[2023-07-22T13:40:39.030+0100][gc,heap       ] GC(28) Old regions: 16->16
[2023-07-22T13:40:39.030+0100][gc,heap       ] GC(28) Humongous regions: 129->129
[2023-07-22T13:40:39.030+0100][gc,metaspace  ] GC(28) Metaspace: 40259K(42496K)->40259K(42496K) NonClass: 35412K(36608K)->35412K(36608K) Class: 4846K(5888K)->4846K(5888K)
[2023-07-22T13:40:39.030+0100][gc            ] GC(28) Pause Young (Normal) (G1 Evacuation Pause) 195M->145M(1024M) 10.506ms
[2023-07-22T13:40:39.030+0100][gc,cpu        ] GC(28) User=0.01s Sys=0.00s Real=0.01s
[2023-07-22T13:41:06.512+0100][gc,start      ] GC(29) Pause Young (Normal) (G1 Evacuation Pause)
[2023-07-22T13:41:06.512+0100][gc,task       ] GC(29) Using 2 workers of 2 for evacuation
[2023-07-22T13:41:06.527+0100][gc,phases     ] GC(29)   Pre Evacuate Collection Set: 0.0ms
[2023-07-22T13:41:06.527+0100][gc,phases     ] GC(29)   Evacuate Collection Set: 14.8ms
[2023-07-22T13:41:06.527+0100][gc,phases     ] GC(29)   Post Evacuate Collection Set: 0.4ms
[2023-07-22T13:41:06.527+0100][gc,phases     ] GC(29)   Other: 0.2ms
[2023-07-22T13:41:06.527+0100][gc,heap       ] GC(29) Eden regions: 51->0(50)
[2023-07-22T13:41:06.527+0100][gc,heap       ] GC(29) Survivor regions: 2->2(7)
[2023-07-22T13:41:06.527+0100][gc,heap       ] GC(29) Old regions: 16->16
[2023-07-22T13:41:06.527+0100][gc,heap       ] GC(29) Humongous regions: 129->129
[2023-07-22T13:41:06.527+0100][gc,metaspace  ] GC(29) Metaspace: 40275K(42496K)->40275K(42496K) NonClass: 35428K(36608K)->35428K(36608K) Class: 4846K(5888K)->4846K(5888K)
[2023-07-22T13:41:06.527+0100][gc            ] GC(29) Pause Young (Normal) (G1 Evacuation Pause) 196M->145M(1024M) 15.568ms
[2023-07-22T13:41:06.527+0100][gc,cpu        ] GC(29) User=0.00s Sys=0.00s Real=0.02s
[2023-07-22T13:41:33.008+0100][gc,start      ] GC(30) Pause Young (Normal) (G1 Evacuation Pause)
[2023-07-22T13:41:33.009+0100][gc,task       ] GC(30) Using 2 workers of 2 for evacuation
[2023-07-22T13:41:33.015+0100][gc,phases     ] GC(30)   Pre Evacuate Collection Set: 0.0ms
[2023-07-22T13:41:33.015+0100][gc,phases     ] GC(30)   Evacuate Collection Set: 5.6ms
[2023-07-22T13:41:33.015+0100][gc,phases     ] GC(30)   Post Evacuate Collection Set: 0.5ms
[2023-07-22T13:41:33.015+0100][gc,phases     ] GC(30)   Other: 0.2ms
[2023-07-22T13:41:33.015+0100][gc,heap       ] GC(30) Eden regions: 50->0(51)
[2023-07-22T13:41:33.015+0100][gc,heap       ] GC(30) Survivor regions: 2->2(7)
[2023-07-22T13:41:33.015+0100][gc,heap       ] GC(30) Old regions: 16->16
[2023-07-22T13:41:33.015+0100][gc,heap       ] GC(30) Humongous regions: 129->129
[2023-07-22T13:41:33.015+0100][gc,metaspace  ] GC(30) Metaspace: 40285K(42496K)->40285K(42496K) NonClass: 35438K(36608K)->35438K(36608K) Class: 4846K(5888K)->4846K(5888K)
[2023-07-22T13:41:33.015+0100][gc            ] GC(30) Pause Young (Normal) (G1 Evacuation Pause) 195M->145M(1024M) 6.660ms
[2023-07-22T13:41:33.015+0100][gc,cpu        ] GC(30) User=0.01s Sys=0.00s Real=0.01s
[2023-07-22T13:41:59.853+0100][gc,start      ] GC(31) Pause Young (Normal) (G1 Evacuation Pause)
[2023-07-22T13:41:59.853+0100][gc,task       ] GC(31) Using 2 workers of 2 for evacuation
[2023-07-22T13:41:59.871+0100][gc,phases     ] GC(31)   Pre Evacuate Collection Set: 0.2ms
[2023-07-22T13:41:59.872+0100][gc,phases     ] GC(31)   Evacuate Collection Set: 18.0ms
[2023-07-22T13:41:59.872+0100][gc,phases     ] GC(31)   Post Evacuate Collection Set: 0.3ms
[2023-07-22T13:41:59.872+0100][gc,phases     ] GC(31)   Other: 0.2ms
[2023-07-22T13:41:59.872+0100][gc,heap       ] GC(31) Eden regions: 51->0(51)
[2023-07-22T13:41:59.872+0100][gc,heap       ] GC(31) Survivor regions: 2->2(7)
[2023-07-22T13:41:59.872+0100][gc,heap       ] GC(31) Old regions: 16->16
[2023-07-22T13:41:59.872+0100][gc,heap       ] GC(31) Humongous regions: 129->129
[2023-07-22T13:41:59.872+0100][gc,metaspace  ] GC(31) Metaspace: 40297K(42496K)->40297K(42496K) NonClass: 35451K(36608K)->35451K(36608K) Class: 4846K(5888K)->4846K(5888K)
[2023-07-22T13:41:59.872+0100][gc            ] GC(31) Pause Young (Normal) (G1 Evacuation Pause) 196M->145M(1024M) 18.825ms
[2023-07-22T13:41:59.872+0100][gc,cpu        ] GC(31) User=0.01s Sys=0.00s Real=0.02s
[2023-07-22T13:42:27.456+0100][gc,start      ] GC(32) Pause Young (Normal) (G1 Evacuation Pause)
[2023-07-22T13:42:27.456+0100][gc,task       ] GC(32) Using 2 workers of 2 for evacuation
[2023-07-22T13:42:27.470+0100][gc,phases     ] GC(32)   Pre Evacuate Collection Set: 0.2ms
[2023-07-22T13:42:27.470+0100][gc,phases     ] GC(32)   Evacuate Collection Set: 12.7ms
[2023-07-22T13:42:27.470+0100][gc,phases     ] GC(32)   Post Evacuate Collection Set: 0.4ms
[2023-07-22T13:42:27.470+0100][gc,phases     ] GC(32)   Other: 0.3ms
[2023-07-22T13:42:27.470+0100][gc,heap       ] GC(32) Eden regions: 51->0(52)
[2023-07-22T13:42:27.470+0100][gc,heap       ] GC(32) Survivor regions: 2->3(7)
[2023-07-22T13:42:27.470+0100][gc,heap       ] GC(32) Old regions: 16->16
[2023-07-22T13:42:27.470+0100][gc,heap       ] GC(32) Humongous regions: 129->129
[2023-07-22T13:42:27.470+0100][gc,metaspace  ] GC(32) Metaspace: 40320K(42496K)->40320K(42496K) NonClass: 35473K(36608K)->35473K(36608K) Class: 4846K(5888K)->4846K(5888K)
[2023-07-22T13:42:27.470+0100][gc            ] GC(32) Pause Young (Normal) (G1 Evacuation Pause) 196M->145M(1024M) 13.699ms
[2023-07-22T13:42:27.470+0100][gc,cpu        ] GC(32) User=0.01s Sys=0.00s Real=0.01s
[2023-07-22T13:42:54.809+0100][gc,start      ] GC(33) Pause Young (Normal) (G1 Evacuation Pause)
[2023-07-22T13:42:54.809+0100][gc,task       ] GC(33) Using 2 workers of 2 for evacuation
[2023-07-22T13:42:54.842+0100][gc,mmu        ] GC(33) MMU target violated: 21.0ms (20.0ms/21.0ms)
[2023-07-22T13:42:54.842+0100][gc,phases     ] GC(33)   Pre Evacuate Collection Set: 0.1ms
[2023-07-22T13:42:54.843+0100][gc,phases     ] GC(33)   Evacuate Collection Set: 32.4ms
[2023-07-22T13:42:54.843+0100][gc,phases     ] GC(33)   Post Evacuate Collection Set: 0.7ms
[2023-07-22T13:42:54.843+0100][gc,phases     ] GC(33)   Other: 0.6ms
[2023-07-22T13:42:54.843+0100][gc,heap       ] GC(33) Eden regions: 52->0(50)
[2023-07-22T13:42:54.843+0100][gc,heap       ] GC(33) Survivor regions: 3->3(7)
[2023-07-22T13:42:54.843+0100][gc,heap       ] GC(33) Old regions: 16->16
[2023-07-22T13:42:54.843+0100][gc,heap       ] GC(33) Humongous regions: 129->129
[2023-07-22T13:42:54.844+0100][gc,metaspace  ] GC(33) Metaspace: 40342K(42496K)->40342K(42496K) NonClass: 35496K(36608K)->35496K(36608K) Class: 4846K(5888K)->4846K(5888K)
[2023-07-22T13:42:54.844+0100][gc            ] GC(33) Pause Young (Normal) (G1 Evacuation Pause) 197M->145M(1024M) 35.067ms
[2023-07-22T13:42:54.844+0100][gc,cpu        ] GC(33) User=0.01s Sys=0.01s Real=0.03s
[2023-07-22T13:43:21.216+0100][gc,start      ] GC(34) Pause Young (Normal) (G1 Evacuation Pause)
[2023-07-22T13:43:21.216+0100][gc,task       ] GC(34) Using 2 workers of 2 for evacuation
[2023-07-22T13:43:21.229+0100][gc,phases     ] GC(34)   Pre Evacuate Collection Set: 0.0ms
[2023-07-22T13:43:21.230+0100][gc,phases     ] GC(34)   Evacuate Collection Set: 12.6ms
[2023-07-22T13:43:21.230+0100][gc,phases     ] GC(34)   Post Evacuate Collection Set: 0.3ms
[2023-07-22T13:43:21.230+0100][gc,phases     ] GC(34)   Other: 0.2ms
[2023-07-22T13:43:21.230+0100][gc,heap       ] GC(34) Eden regions: 50->0(50)
[2023-07-22T13:43:21.230+0100][gc,heap       ] GC(34) Survivor regions: 3->3(7)
[2023-07-22T13:43:21.230+0100][gc,heap       ] GC(34) Old regions: 16->16
[2023-07-22T13:43:21.230+0100][gc,heap       ] GC(34) Humongous regions: 129->129
[2023-07-22T13:43:21.230+0100][gc,metaspace  ] GC(34) Metaspace: 40355K(42496K)->40355K(42496K) NonClass: 35508K(36608K)->35508K(36608K) Class: 4846K(5888K)->4846K(5888K)
[2023-07-22T13:43:21.230+0100][gc            ] GC(34) Pause Young (Normal) (G1 Evacuation Pause) 195M->146M(1024M) 13.282ms
[2023-07-22T13:43:21.230+0100][gc,cpu        ] GC(34) User=0.01s Sys=0.00s Real=0.01s
[2023-07-22T13:43:47.602+0100][gc,start      ] GC(35) Pause Young (Normal) (G1 Evacuation Pause)
[2023-07-22T13:43:47.602+0100][gc,task       ] GC(35) Using 2 workers of 2 for evacuation
[2023-07-22T13:43:47.608+0100][gc,phases     ] GC(35)   Pre Evacuate Collection Set: 0.1ms
[2023-07-22T13:43:47.609+0100][gc,phases     ] GC(35)   Evacuate Collection Set: 5.4ms
[2023-07-22T13:43:47.609+0100][gc,phases     ] GC(35)   Post Evacuate Collection Set: 0.7ms
[2023-07-22T13:43:47.609+0100][gc,phases     ] GC(35)   Other: 0.4ms
[2023-07-22T13:43:47.609+0100][gc,heap       ] GC(35) Eden regions: 50->0(50)
[2023-07-22T13:43:47.609+0100][gc,heap       ] GC(35) Survivor regions: 3->3(7)
[2023-07-22T13:43:47.609+0100][gc,heap       ] GC(35) Old regions: 16->16
[2023-07-22T13:43:47.609+0100][gc,heap       ] GC(35) Humongous regions: 129->129
[2023-07-22T13:43:47.609+0100][gc,metaspace  ] GC(35) Metaspace: 40382K(42496K)->40382K(42496K) NonClass: 35535K(36608K)->35535K(36608K) Class: 4846K(5888K)->4846K(5888K)
[2023-07-22T13:43:47.609+0100][gc            ] GC(35) Pause Young (Normal) (G1 Evacuation Pause) 196M->146M(1024M) 6.782ms
[2023-07-22T13:43:47.609+0100][gc,cpu        ] GC(35) User=0.01s Sys=0.00s Real=0.01s
[2023-07-22T13:44:13.583+0100][gc,start      ] GC(36) Pause Young (Normal) (G1 Evacuation Pause)
[2023-07-22T13:44:13.584+0100][gc,task       ] GC(36) Using 2 workers of 2 for evacuation
[2023-07-22T13:44:13.590+0100][gc,phases     ] GC(36)   Pre Evacuate Collection Set: 0.1ms
[2023-07-22T13:44:13.590+0100][gc,phases     ] GC(36)   Evacuate Collection Set: 6.1ms
[2023-07-22T13:44:13.590+0100][gc,phases     ] GC(36)   Post Evacuate Collection Set: 0.4ms
[2023-07-22T13:44:13.591+0100][gc,phases     ] GC(36)   Other: 0.2ms
[2023-07-22T13:44:13.591+0100][gc,heap       ] GC(36) Eden regions: 50->0(51)
[2023-07-22T13:44:13.591+0100][gc,heap       ] GC(36) Survivor regions: 3->3(7)
[2023-07-22T13:44:13.591+0100][gc,heap       ] GC(36) Old regions: 16->16
[2023-07-22T13:44:13.591+0100][gc,heap       ] GC(36) Humongous regions: 129->129
[2023-07-22T13:44:13.591+0100][gc,metaspace  ] GC(36) Metaspace: 40393K(42496K)->40393K(42496K) NonClass: 35547K(36608K)->35547K(36608K) Class: 4846K(5888K)->4846K(5888K)
[2023-07-22T13:44:13.591+0100][gc            ] GC(36) Pause Young (Normal) (G1 Evacuation Pause) 196M->146M(1024M) 7.922ms
[2023-07-22T13:44:13.592+0100][gc,cpu        ] GC(36) User=0.01s Sys=0.00s Real=0.01s
[2023-07-22T13:44:39.407+0100][gc,start      ] GC(37) Pause Young (Normal) (G1 Evacuation Pause)
[2023-07-22T13:44:39.407+0100][gc,task       ] GC(37) Using 2 workers of 2 for evacuation
[2023-07-22T13:44:39.415+0100][gc,phases     ] GC(37)   Pre Evacuate Collection Set: 0.0ms
[2023-07-22T13:44:39.415+0100][gc,phases     ] GC(37)   Evacuate Collection Set: 6.4ms
[2023-07-22T13:44:39.415+0100][gc,phases     ] GC(37)   Post Evacuate Collection Set: 1.0ms
[2023-07-22T13:44:39.415+0100][gc,phases     ] GC(37)   Other: 0.3ms
[2023-07-22T13:44:39.415+0100][gc,heap       ] GC(37) Eden regions: 51->0(53)
[2023-07-22T13:44:39.415+0100][gc,heap       ] GC(37) Survivor regions: 3->4(7)
[2023-07-22T13:44:39.415+0100][gc,heap       ] GC(37) Old regions: 16->16
[2023-07-22T13:44:39.415+0100][gc,heap       ] GC(37) Humongous regions: 129->129
[2023-07-22T13:44:39.415+0100][gc,metaspace  ] GC(37) Metaspace: 40397K(42496K)->40397K(42496K) NonClass: 35550K(36608K)->35550K(36608K) Class: 4846K(5888K)->4846K(5888K)
[2023-07-22T13:44:39.415+0100][gc            ] GC(37) Pause Young (Normal) (G1 Evacuation Pause) 197M->146M(1024M) 8.049ms
[2023-07-22T13:44:39.415+0100][gc,cpu        ] GC(37) User=0.01s Sys=0.00s Real=0.01s
[2023-07-22T13:45:07.611+0100][gc,start      ] GC(38) Pause Young (Normal) (G1 Evacuation Pause)
[2023-07-22T13:45:07.611+0100][gc,task       ] GC(38) Using 2 workers of 2 for evacuation
[2023-07-22T13:45:07.620+0100][gc,phases     ] GC(38)   Pre Evacuate Collection Set: 0.0ms
[2023-07-22T13:45:07.620+0100][gc,phases     ] GC(38)   Evacuate Collection Set: 8.8ms
[2023-07-22T13:45:07.620+0100][gc,phases     ] GC(38)   Post Evacuate Collection Set: 0.4ms
[2023-07-22T13:45:07.620+0100][gc,phases     ] GC(38)   Other: 0.2ms
[2023-07-22T13:45:07.620+0100][gc,heap       ] GC(38) Eden regions: 53->0(53)
[2023-07-22T13:45:07.620+0100][gc,heap       ] GC(38) Survivor regions: 4->4(8)
[2023-07-22T13:45:07.620+0100][gc,heap       ] GC(38) Old regions: 16->16
[2023-07-22T13:45:07.620+0100][gc,heap       ] GC(38) Humongous regions: 129->129
[2023-07-22T13:45:07.620+0100][gc,metaspace  ] GC(38) Metaspace: 40403K(42496K)->40403K(42496K) NonClass: 35556K(36608K)->35556K(36608K) Class: 4846K(5888K)->4846K(5888K)
[2023-07-22T13:45:07.621+0100][gc            ] GC(38) Pause Young (Normal) (G1 Evacuation Pause) 199M->147M(1024M) 9.619ms
[2023-07-22T13:45:07.621+0100][gc,cpu        ] GC(38) User=0.02s Sys=0.00s Real=0.01s
[2023-07-22T13:45:35.490+0100][gc,start      ] GC(39) Pause Young (Normal) (G1 Evacuation Pause)
[2023-07-22T13:45:35.490+0100][gc,task       ] GC(39) Using 2 workers of 2 for evacuation
[2023-07-22T13:45:35.509+0100][gc,phases     ] GC(39)   Pre Evacuate Collection Set: 0.1ms
[2023-07-22T13:45:35.509+0100][gc,phases     ] GC(39)   Evacuate Collection Set: 17.2ms
[2023-07-22T13:45:35.509+0100][gc,phases     ] GC(39)   Post Evacuate Collection Set: 1.2ms
[2023-07-22T13:45:35.509+0100][gc,phases     ] GC(39)   Other: 0.3ms
[2023-07-22T13:45:35.509+0100][gc,heap       ] GC(39) Eden regions: 53->0(53)
[2023-07-22T13:45:35.509+0100][gc,heap       ] GC(39) Survivor regions: 4->4(8)
[2023-07-22T13:45:35.509+0100][gc,heap       ] GC(39) Old regions: 16->17
[2023-07-22T13:45:35.509+0100][gc,heap       ] GC(39) Humongous regions: 129->129
[2023-07-22T13:45:35.509+0100][gc,metaspace  ] GC(39) Metaspace: 40404K(42496K)->40404K(42496K) NonClass: 35557K(36608K)->35557K(36608K) Class: 4846K(5888K)->4846K(5888K)
[2023-07-22T13:45:35.509+0100][gc            ] GC(39) Pause Young (Normal) (G1 Evacuation Pause) 200M->147M(1024M) 19.024ms
[2023-07-22T13:45:35.509+0100][gc,cpu        ] GC(39) User=0.02s Sys=0.00s Real=0.02s
[2023-07-23T01:23:49.360+0100][gc,start      ] GC(40) Pause Young (Normal) (G1 Evacuation Pause)
[2023-07-23T01:23:49.360+0100][gc,task       ] GC(40) Using 2 workers of 2 for evacuation
[2023-07-23T01:23:49.387+0100][gc,mmu        ] GC(40) MMU target violated: 21.0ms (20.0ms/21.0ms)
[2023-07-23T01:23:49.388+0100][gc,phases     ] GC(40)   Pre Evacuate Collection Set: 2.3ms
[2023-07-23T01:23:49.388+0100][gc,phases     ] GC(40)   Evacuate Collection Set: 23.8ms
[2023-07-23T01:23:49.388+0100][gc,phases     ] GC(40)   Post Evacuate Collection Set: 0.5ms
[2023-07-23T01:23:49.388+0100][gc,phases     ] GC(40)   Other: 1.1ms
[2023-07-23T01:23:49.388+0100][gc,heap       ] GC(40) Eden regions: 53->0(51)
[2023-07-23T01:23:49.388+0100][gc,heap       ] GC(40) Survivor regions: 4->4(8)
[2023-07-23T01:23:49.388+0100][gc,heap       ] GC(40) Old regions: 17->17
[2023-07-23T01:23:49.388+0100][gc,heap       ] GC(40) Humongous regions: 129->129
[2023-07-23T01:23:49.389+0100][gc,metaspace  ] GC(40) Metaspace: 40630K(42752K)->40630K(42752K) NonClass: 35732K(36864K)->35732K(36864K) Class: 4898K(5888K)->4898K(5888K)
[2023-07-23T01:23:49.389+0100][gc            ] GC(40) Pause Young (Normal) (G1 Evacuation Pause) 200M->147M(1024M) 28.773ms
[2023-07-23T01:23:49.389+0100][gc,cpu        ] GC(40) User=0.03s Sys=0.00s Real=0.03s
[2023-07-23T01:24:20.076+0100][gc,start      ] GC(41) Pause Young (Normal) (G1 Evacuation Pause)
[2023-07-23T01:24:20.076+0100][gc,task       ] GC(41) Using 2 workers of 2 for evacuation
[2023-07-23T01:24:20.123+0100][gc,mmu        ] GC(41) MMU target violated: 21.0ms (20.0ms/21.0ms)
[2023-07-23T01:24:20.123+0100][gc,phases     ] GC(41)   Pre Evacuate Collection Set: 0.2ms
[2023-07-23T01:24:20.123+0100][gc,phases     ] GC(41)   Evacuate Collection Set: 45.5ms
[2023-07-23T01:24:20.123+0100][gc,phases     ] GC(41)   Post Evacuate Collection Set: 0.4ms
[2023-07-23T01:24:20.123+0100][gc,phases     ] GC(41)   Other: 0.4ms
[2023-07-23T01:24:20.123+0100][gc,heap       ] GC(41) Eden regions: 51->0(47)
[2023-07-23T01:24:20.123+0100][gc,heap       ] GC(41) Survivor regions: 4->4(7)
[2023-07-23T01:24:20.123+0100][gc,heap       ] GC(41) Old regions: 17->17
[2023-07-23T01:24:20.123+0100][gc,heap       ] GC(41) Humongous regions: 129->129
[2023-07-23T01:24:20.123+0100][gc,metaspace  ] GC(41) Metaspace: 40642K(42752K)->40642K(42752K) NonClass: 35743K(36864K)->35743K(36864K) Class: 4898K(5888K)->4898K(5888K)
[2023-07-23T01:24:20.123+0100][gc            ] GC(41) Pause Young (Normal) (G1 Evacuation Pause) 198M->147M(1024M) 46.640ms
[2023-07-23T01:24:20.123+0100][gc,cpu        ] GC(41) User=0.07s Sys=0.02s Real=0.04s
[2023-07-23T01:24:48.194+0100][gc,start      ] GC(42) Pause Young (Normal) (G1 Evacuation Pause)
[2023-07-23T01:24:48.194+0100][gc,task       ] GC(42) Using 2 workers of 2 for evacuation
[2023-07-23T01:24:48.207+0100][gc,phases     ] GC(42)   Pre Evacuate Collection Set: 0.0ms
[2023-07-23T01:24:48.207+0100][gc,phases     ] GC(42)   Evacuate Collection Set: 11.4ms
[2023-07-23T01:24:48.207+0100][gc,phases     ] GC(42)   Post Evacuate Collection Set: 0.4ms
[2023-07-23T01:24:48.207+0100][gc,phases     ] GC(42)   Other: 0.5ms
[2023-07-23T01:24:48.207+0100][gc,heap       ] GC(42) Eden regions: 47->0(47)
[2023-07-23T01:24:48.207+0100][gc,heap       ] GC(42) Survivor regions: 4->4(7)
[2023-07-23T01:24:48.207+0100][gc,heap       ] GC(42) Old regions: 17->17
[2023-07-23T01:24:48.207+0100][gc,heap       ] GC(42) Humongous regions: 129->129
[2023-07-23T01:24:48.207+0100][gc,metaspace  ] GC(42) Metaspace: 40642K(42752K)->40642K(42752K) NonClass: 35743K(36864K)->35743K(36864K) Class: 4898K(5888K)->4898K(5888K)
[2023-07-23T01:24:48.207+0100][gc            ] GC(42) Pause Young (Normal) (G1 Evacuation Pause) 194M->147M(1024M) 12.526ms
[2023-07-23T01:24:48.207+0100][gc,cpu        ] GC(42) User=0.03s Sys=0.00s Real=0.02s
[2023-07-23T01:25:15.459+0100][gc,start      ] GC(43) Pause Young (Normal) (G1 Evacuation Pause)
[2023-07-23T01:25:15.459+0100][gc,task       ] GC(43) Using 2 workers of 2 for evacuation
[2023-07-23T01:25:15.472+0100][gc,phases     ] GC(43)   Pre Evacuate Collection Set: 0.1ms
[2023-07-23T01:25:15.472+0100][gc,phases     ] GC(43)   Evacuate Collection Set: 11.2ms
[2023-07-23T01:25:15.472+0100][gc,phases     ] GC(43)   Post Evacuate Collection Set: 0.4ms
[2023-07-23T01:25:15.472+0100][gc,phases     ] GC(43)   Other: 0.7ms
[2023-07-23T01:25:15.472+0100][gc,heap       ] GC(43) Eden regions: 47->0(48)
[2023-07-23T01:25:15.472+0100][gc,heap       ] GC(43) Survivor regions: 4->4(7)
[2023-07-23T01:25:15.472+0100][gc,heap       ] GC(43) Old regions: 17->17
[2023-07-23T01:25:15.472+0100][gc,heap       ] GC(43) Humongous regions: 129->129
[2023-07-23T01:25:15.472+0100][gc,metaspace  ] GC(43) Metaspace: 40642K(42752K)->40642K(42752K) NonClass: 35743K(36864K)->35743K(36864K) Class: 4898K(5888K)->4898K(5888K)
[2023-07-23T01:25:15.472+0100][gc            ] GC(43) Pause Young (Normal) (G1 Evacuation Pause) 194M->147M(1024M) 12.477ms
[2023-07-23T01:25:15.472+0100][gc,cpu        ] GC(43) User=0.03s Sys=0.00s Real=0.01s
[2023-07-23T01:25:43.626+0100][gc,start      ] GC(44) Pause Young (Normal) (G1 Evacuation Pause)
[2023-07-23T01:25:43.626+0100][gc,task       ] GC(44) Using 2 workers of 2 for evacuation
[2023-07-23T01:25:43.638+0100][gc,phases     ] GC(44)   Pre Evacuate Collection Set: 0.1ms
[2023-07-23T01:25:43.638+0100][gc,phases     ] GC(44)   Evacuate Collection Set: 11.1ms
[2023-07-23T01:25:43.638+0100][gc,phases     ] GC(44)   Post Evacuate Collection Set: 0.4ms
[2023-07-23T01:25:43.638+0100][gc,phases     ] GC(44)   Other: 0.8ms
[2023-07-23T01:25:43.638+0100][gc,heap       ] GC(44) Eden regions: 48->0(48)
[2023-07-23T01:25:43.638+0100][gc,heap       ] GC(44) Survivor regions: 4->3(7)
[2023-07-23T01:25:43.638+0100][gc,heap       ] GC(44) Old regions: 17->17
[2023-07-23T01:25:43.638+0100][gc,heap       ] GC(44) Humongous regions: 129->129
[2023-07-23T01:25:43.638+0100][gc,metaspace  ] GC(44) Metaspace: 40642K(42752K)->40642K(42752K) NonClass: 35743K(36864K)->35743K(36864K) Class: 4898K(5888K)->4898K(5888K)
[2023-07-23T01:25:43.638+0100][gc            ] GC(44) Pause Young (Normal) (G1 Evacuation Pause) 195M->147M(1024M) 12.537ms
[2023-07-23T01:25:43.638+0100][gc,cpu        ] GC(44) User=0.02s Sys=0.00s Real=0.01s
[2023-07-23T01:26:11.658+0100][gc,start      ] GC(45) Pause Young (Normal) (G1 Evacuation Pause)
[2023-07-23T01:26:11.658+0100][gc,task       ] GC(45) Using 2 workers of 2 for evacuation
[2023-07-23T01:26:11.669+0100][gc,phases     ] GC(45)   Pre Evacuate Collection Set: 0.0ms
[2023-07-23T01:26:11.669+0100][gc,phases     ] GC(45)   Evacuate Collection Set: 10.4ms
[2023-07-23T01:26:11.669+0100][gc,phases     ] GC(45)   Post Evacuate Collection Set: 0.4ms
[2023-07-23T01:26:11.669+0100][gc,phases     ] GC(45)   Other: 0.5ms
[2023-07-23T01:26:11.669+0100][gc,heap       ] GC(45) Eden regions: 48->0(48)
[2023-07-23T01:26:11.669+0100][gc,heap       ] GC(45) Survivor regions: 3->3(7)
[2023-07-23T01:26:11.669+0100][gc,heap       ] GC(45) Old regions: 17->18
[2023-07-23T01:26:11.669+0100][gc,heap       ] GC(45) Humongous regions: 129->129
[2023-07-23T01:26:11.669+0100][gc,metaspace  ] GC(45) Metaspace: 40648K(42752K)->40648K(42752K) NonClass: 35749K(36864K)->35749K(36864K) Class: 4898K(5888K)->4898K(5888K)
[2023-07-23T01:26:11.669+0100][gc            ] GC(45) Pause Young (Normal) (G1 Evacuation Pause) 195M->147M(1024M) 11.450ms
[2023-07-23T01:26:11.669+0100][gc,cpu        ] GC(45) User=0.01s Sys=0.00s Real=0.01s
[2023-07-23T01:26:39.847+0100][gc,start      ] GC(46) Pause Young (Normal) (G1 Evacuation Pause)
[2023-07-23T01:26:39.847+0100][gc,task       ] GC(46) Using 2 workers of 2 for evacuation
[2023-07-23T01:26:39.859+0100][gc,phases     ] GC(46)   Pre Evacuate Collection Set: 0.0ms
[2023-07-23T01:26:39.860+0100][gc,phases     ] GC(46)   Evacuate Collection Set: 11.3ms
[2023-07-23T01:26:39.860+0100][gc,phases     ] GC(46)   Post Evacuate Collection Set: 0.7ms
[2023-07-23T01:26:39.860+0100][gc,phases     ] GC(46)   Other: 0.6ms
[2023-07-23T01:26:39.860+0100][gc,heap       ] GC(46) Eden regions: 48->0(49)
[2023-07-23T01:26:39.860+0100][gc,heap       ] GC(46) Survivor regions: 3->3(7)
[2023-07-23T01:26:39.860+0100][gc,heap       ] GC(46) Old regions: 18->18
[2023-07-23T01:26:39.860+0100][gc,heap       ] GC(46) Humongous regions: 129->129
[2023-07-23T01:26:39.860+0100][gc,metaspace  ] GC(46) Metaspace: 40654K(42752K)->40654K(42752K) NonClass: 35755K(36864K)->35755K(36864K) Class: 4898K(5888K)->4898K(5888K)
[2023-07-23T01:26:39.860+0100][gc            ] GC(46) Pause Young (Normal) (G1 Evacuation Pause) 195M->147M(1024M) 13.436ms
[2023-07-23T01:26:39.860+0100][gc,cpu        ] GC(46) User=0.01s Sys=0.01s Real=0.01s
[2023-07-23T01:27:09.029+0100][gc,start      ] GC(47) Pause Young (Normal) (G1 Evacuation Pause)
[2023-07-23T01:27:09.029+0100][gc,task       ] GC(47) Using 2 workers of 2 for evacuation
[2023-07-23T01:27:09.043+0100][gc,phases     ] GC(47)   Pre Evacuate Collection Set: 0.1ms
[2023-07-23T01:27:09.043+0100][gc,phases     ] GC(47)   Evacuate Collection Set: 12.9ms
[2023-07-23T01:27:09.043+0100][gc,phases     ] GC(47)   Post Evacuate Collection Set: 0.4ms
[2023-07-23T01:27:09.043+0100][gc,phases     ] GC(47)   Other: 0.8ms
[2023-07-23T01:27:09.043+0100][gc,heap       ] GC(47) Eden regions: 49->0(49)
[2023-07-23T01:27:09.043+0100][gc,heap       ] GC(47) Survivor regions: 3->3(7)
[2023-07-23T01:27:09.043+0100][gc,heap       ] GC(47) Old regions: 18->18
[2023-07-23T01:27:09.043+0100][gc,heap       ] GC(47) Humongous regions: 129->129
[2023-07-23T01:27:09.043+0100][gc,metaspace  ] GC(47) Metaspace: 40658K(42752K)->40658K(42752K) NonClass: 35759K(36864K)->35759K(36864K) Class: 4898K(5888K)->4898K(5888K)
[2023-07-23T01:27:09.043+0100][gc            ] GC(47) Pause Young (Normal) (G1 Evacuation Pause) 196M->147M(1024M) 14.347ms
[2023-07-23T01:27:09.043+0100][gc,cpu        ] GC(47) User=0.02s Sys=0.01s Real=0.02s
[2023-07-23T01:27:38.557+0100][gc,start      ] GC(48) Pause Young (Normal) (G1 Evacuation Pause)
[2023-07-23T01:27:38.557+0100][gc,task       ] GC(48) Using 2 workers of 2 for evacuation
[2023-07-23T01:27:38.571+0100][gc,phases     ] GC(48)   Pre Evacuate Collection Set: 0.0ms
[2023-07-23T01:27:38.571+0100][gc,phases     ] GC(48)   Evacuate Collection Set: 13.0ms
[2023-07-23T01:27:38.571+0100][gc,phases     ] GC(48)   Post Evacuate Collection Set: 0.4ms
[2023-07-23T01:27:38.571+0100][gc,phases     ] GC(48)   Other: 0.6ms
[2023-07-23T01:27:38.571+0100][gc,heap       ] GC(48) Eden regions: 49->0(50)
[2023-07-23T01:27:38.571+0100][gc,heap       ] GC(48) Survivor regions: 3->3(7)
[2023-07-23T01:27:38.571+0100][gc,heap       ] GC(48) Old regions: 18->18
[2023-07-23T01:27:38.571+0100][gc,heap       ] GC(48) Humongous regions: 129->129
[2023-07-23T01:27:38.571+0100][gc,metaspace  ] GC(48) Metaspace: 40658K(42752K)->40658K(42752K) NonClass: 35759K(36864K)->35759K(36864K) Class: 4898K(5888K)->4898K(5888K)
[2023-07-23T01:27:38.571+0100][gc            ] GC(48) Pause Young (Normal) (G1 Evacuation Pause) 196M->147M(1024M) 14.178ms
[2023-07-23T01:27:38.571+0100][gc,cpu        ] GC(48) User=0.01s Sys=0.01s Real=0.01s
[2023-07-23T01:28:08.647+0100][gc,start      ] GC(49) Pause Young (Normal) (G1 Evacuation Pause)
[2023-07-23T01:28:08.647+0100][gc,task       ] GC(49) Using 2 workers of 2 for evacuation
[2023-07-23T01:28:08.657+0100][gc,phases     ] GC(49)   Pre Evacuate Collection Set: 0.0ms
[2023-07-23T01:28:08.657+0100][gc,phases     ] GC(49)   Evacuate Collection Set: 9.2ms
[2023-07-23T01:28:08.657+0100][gc,phases     ] GC(49)   Post Evacuate Collection Set: 0.4ms
[2023-07-23T01:28:08.657+0100][gc,phases     ] GC(49)   Other: 0.3ms
[2023-07-23T01:28:08.657+0100][gc,heap       ] GC(49) Eden regions: 50->0(52)
[2023-07-23T01:28:08.657+0100][gc,heap       ] GC(49) Survivor regions: 3->3(7)
[2023-07-23T01:28:08.657+0100][gc,heap       ] GC(49) Old regions: 18->18
[2023-07-23T01:28:08.657+0100][gc,heap       ] GC(49) Humongous regions: 129->129
[2023-07-23T01:28:08.657+0100][gc,metaspace  ] GC(49) Metaspace: 40663K(42752K)->40663K(42752K) NonClass: 35764K(36864K)->35764K(36864K) Class: 4898K(5888K)->4898K(5888K)
[2023-07-23T01:28:08.657+0100][gc            ] GC(49) Pause Young (Normal) (G1 Evacuation Pause) 197M->147M(1024M) 10.013ms
[2023-07-23T01:28:08.657+0100][gc,cpu        ] GC(49) User=0.01s Sys=0.00s Real=0.01s
[2023-07-23T01:28:33.165+0100][gc,start      ] GC(50) Pause Young (Normal) (G1 Evacuation Pause)
[2023-07-23T01:28:33.166+0100][gc,task       ] GC(50) Using 2 workers of 2 for evacuation
[2023-07-23T01:28:33.171+0100][gc,phases     ] GC(50)   Pre Evacuate Collection Set: 0.0ms
[2023-07-23T01:28:33.171+0100][gc,phases     ] GC(50)   Evacuate Collection Set: 4.8ms
[2023-07-23T01:28:33.172+0100][gc,phases     ] GC(50)   Post Evacuate Collection Set: 0.5ms
[2023-07-23T01:28:33.172+0100][gc,phases     ] GC(50)   Other: 0.9ms
[2023-07-23T01:28:33.172+0100][gc,heap       ] GC(50) Eden regions: 52->0(54)
[2023-07-23T01:28:33.172+0100][gc,heap       ] GC(50) Survivor regions: 3->2(7)
[2023-07-23T01:28:33.172+0100][gc,heap       ] GC(50) Old regions: 18->19
[2023-07-23T01:28:33.172+0100][gc,heap       ] GC(50) Humongous regions: 129->129
[2023-07-23T01:28:33.172+0100][gc,metaspace  ] GC(50) Metaspace: 40664K(42752K)->40664K(42752K) NonClass: 35765K(36864K)->35765K(36864K) Class: 4898K(5888K)->4898K(5888K)
[2023-07-23T01:28:33.172+0100][gc            ] GC(50) Pause Young (Normal) (G1 Evacuation Pause) 199M->147M(1024M) 7.098ms
[2023-07-23T01:28:33.172+0100][gc,cpu        ] GC(50) User=0.01s Sys=0.00s Real=0.00s
[2023-07-23T01:28:54.580+0100][gc,start      ] GC(51) Pause Young (Normal) (G1 Evacuation Pause)
[2023-07-23T01:28:54.581+0100][gc,task       ] GC(51) Using 2 workers of 2 for evacuation
[2023-07-23T01:28:54.592+0100][gc,phases     ] GC(51)   Pre Evacuate Collection Set: 0.0ms
[2023-07-23T01:28:54.592+0100][gc,phases     ] GC(51)   Evacuate Collection Set: 11.2ms
[2023-07-23T01:28:54.593+0100][gc,phases     ] GC(51)   Post Evacuate Collection Set: 0.4ms
[2023-07-23T01:28:54.593+0100][gc,phases     ] GC(51)   Other: 0.3ms
[2023-07-23T01:28:54.593+0100][gc,heap       ] GC(51) Eden regions: 54->0(55)
[2023-07-23T01:28:54.593+0100][gc,heap       ] GC(51) Survivor regions: 2->2(7)
[2023-07-23T01:28:54.593+0100][gc,heap       ] GC(51) Old regions: 19->19
[2023-07-23T01:28:54.593+0100][gc,heap       ] GC(51) Humongous regions: 129->129
[2023-07-23T01:28:54.593+0100][gc,metaspace  ] GC(51) Metaspace: 40666K(42752K)->40666K(42752K) NonClass: 35767K(36864K)->35767K(36864K) Class: 4898K(5888K)->4898K(5888K)
[2023-07-23T01:28:54.593+0100][gc            ] GC(51) Pause Young (Normal) (G1 Evacuation Pause) 201M->147M(1024M) 12.798ms
[2023-07-23T01:28:54.593+0100][gc,cpu        ] GC(51) User=0.02s Sys=0.00s Real=0.01s
[2023-07-23T01:29:16.345+0100][gc,start      ] GC(52) Pause Young (Normal) (G1 Evacuation Pause)
[2023-07-23T01:29:16.345+0100][gc,task       ] GC(52) Using 2 workers of 2 for evacuation
[2023-07-23T01:29:16.351+0100][gc,phases     ] GC(52)   Pre Evacuate Collection Set: 0.0ms
[2023-07-23T01:29:16.351+0100][gc,phases     ] GC(52)   Evacuate Collection Set: 5.0ms
[2023-07-23T01:29:16.351+0100][gc,phases     ] GC(52)   Post Evacuate Collection Set: 0.4ms
[2023-07-23T01:29:16.351+0100][gc,phases     ] GC(52)   Other: 0.4ms
[2023-07-23T01:29:16.351+0100][gc,heap       ] GC(52) Eden regions: 55->0(57)
[2023-07-23T01:29:16.351+0100][gc,heap       ] GC(52) Survivor regions: 2->2(8)
[2023-07-23T01:29:16.351+0100][gc,heap       ] GC(52) Old regions: 19->19
[2023-07-23T01:29:16.351+0100][gc,heap       ] GC(52) Humongous regions: 129->129
[2023-07-23T01:29:16.351+0100][gc,metaspace  ] GC(52) Metaspace: 40666K(42752K)->40666K(42752K) NonClass: 35767K(36864K)->35767K(36864K) Class: 4898K(5888K)->4898K(5888K)
[2023-07-23T01:29:16.351+0100][gc            ] GC(52) Pause Young (Normal) (G1 Evacuation Pause) 202M->147M(1024M) 5.999ms
[2023-07-23T01:29:16.351+0100][gc,cpu        ] GC(52) User=0.01s Sys=0.00s Real=0.00s
[2023-07-23T01:29:38.780+0100][gc,start      ] GC(53) Pause Young (Normal) (G1 Evacuation Pause)
[2023-07-23T01:29:38.780+0100][gc,task       ] GC(53) Using 2 workers of 2 for evacuation
[2023-07-23T01:29:38.787+0100][gc,phases     ] GC(53)   Pre Evacuate Collection Set: 0.1ms
[2023-07-23T01:29:38.787+0100][gc,phases     ] GC(53)   Evacuate Collection Set: 6.0ms
[2023-07-23T01:29:38.787+0100][gc,phases     ] GC(53)   Post Evacuate Collection Set: 0.5ms
[2023-07-23T01:29:38.787+0100][gc,phases     ] GC(53)   Other: 0.4ms
[2023-07-23T01:29:38.787+0100][gc,heap       ] GC(53) Eden regions: 57->0(72)
[2023-07-23T01:29:38.787+0100][gc,heap       ] GC(53) Survivor regions: 2->1(8)
[2023-07-23T01:29:38.787+0100][gc,heap       ] GC(53) Old regions: 19->20
[2023-07-23T01:29:38.787+0100][gc,heap       ] GC(53) Humongous regions: 129->129
[2023-07-23T01:29:38.787+0100][gc,metaspace  ] GC(53) Metaspace: 40671K(42752K)->40671K(42752K) NonClass: 35772K(36864K)->35772K(36864K) Class: 4898K(5888K)->4898K(5888K)
[2023-07-23T01:29:38.787+0100][gc            ] GC(53) Pause Young (Normal) (G1 Evacuation Pause) 204M->147M(1024M) 7.113ms
[2023-07-23T01:29:38.787+0100][gc,cpu        ] GC(53) User=0.01s Sys=0.00s Real=0.01s
[2023-07-23T01:30:07.693+0100][gc,start      ] GC(54) Pause Young (Normal) (G1 Evacuation Pause)
[2023-07-23T01:30:07.693+0100][gc,task       ] GC(54) Using 2 workers of 2 for evacuation
[2023-07-23T01:30:07.708+0100][gc,phases     ] GC(54)   Pre Evacuate Collection Set: 0.0ms
[2023-07-23T01:30:07.708+0100][gc,phases     ] GC(54)   Evacuate Collection Set: 10.5ms
[2023-07-23T01:30:07.708+0100][gc,phases     ] GC(54)   Post Evacuate Collection Set: 3.7ms
[2023-07-23T01:30:07.708+0100][gc,phases     ] GC(54)   Other: 0.3ms
[2023-07-23T01:30:07.708+0100][gc,heap       ] GC(54) Eden regions: 72->0(72)
[2023-07-23T01:30:07.708+0100][gc,heap       ] GC(54) Survivor regions: 1->1(10)
[2023-07-23T01:30:07.708+0100][gc,heap       ] GC(54) Old regions: 20->20
[2023-07-23T01:30:07.708+0100][gc,heap       ] GC(54) Humongous regions: 129->129
[2023-07-23T01:30:07.708+0100][gc,metaspace  ] GC(54) Metaspace: 40671K(42752K)->40671K(42752K) NonClass: 35772K(36864K)->35772K(36864K) Class: 4898K(5888K)->4898K(5888K)
[2023-07-23T01:30:07.708+0100][gc            ] GC(54) Pause Young (Normal) (G1 Evacuation Pause) 219M->147M(1024M) 14.751ms
[2023-07-23T01:30:07.708+0100][gc,cpu        ] GC(54) User=0.01s Sys=0.01s Real=0.02s
[2023-07-23T01:30:36.141+0100][gc,start      ] GC(55) Pause Young (Normal) (G1 Evacuation Pause)
[2023-07-23T01:30:36.141+0100][gc,task       ] GC(55) Using 2 workers of 2 for evacuation
[2023-07-23T01:30:36.144+0100][gc,phases     ] GC(55)   Pre Evacuate Collection Set: 0.1ms
[2023-07-23T01:30:36.144+0100][gc,phases     ] GC(55)   Evacuate Collection Set: 2.4ms
[2023-07-23T01:30:36.144+0100][gc,phases     ] GC(55)   Post Evacuate Collection Set: 0.3ms
[2023-07-23T01:30:36.144+0100][gc,phases     ] GC(55)   Other: 0.3ms
[2023-07-23T01:30:36.144+0100][gc,heap       ] GC(55) Eden regions: 72->0(73)
[2023-07-23T01:30:36.144+0100][gc,heap       ] GC(55) Survivor regions: 1->1(10)
[2023-07-23T01:30:36.144+0100][gc,heap       ] GC(55) Old regions: 20->21
[2023-07-23T01:30:36.144+0100][gc,heap       ] GC(55) Humongous regions: 129->129
[2023-07-23T01:30:36.144+0100][gc,metaspace  ] GC(55) Metaspace: 40671K(42752K)->40671K(42752K) NonClass: 35772K(36864K)->35772K(36864K) Class: 4898K(5888K)->4898K(5888K)
[2023-07-23T01:30:36.144+0100][gc            ] GC(55) Pause Young (Normal) (G1 Evacuation Pause) 219M->147M(1024M) 3.206ms
[2023-07-23T01:30:36.144+0100][gc,cpu        ] GC(55) User=0.00s Sys=0.00s Real=0.01s
[2023-07-23T01:31:05.005+0100][gc,start      ] GC(56) Pause Young (Normal) (G1 Evacuation Pause)
[2023-07-23T01:31:05.005+0100][gc,task       ] GC(56) Using 2 workers of 2 for evacuation
[2023-07-23T01:31:05.007+0100][gc,phases     ] GC(56)   Pre Evacuate Collection Set: 0.0ms
[2023-07-23T01:31:05.007+0100][gc,phases     ] GC(56)   Evacuate Collection Set: 1.3ms
[2023-07-23T01:31:05.007+0100][gc,phases     ] GC(56)   Post Evacuate Collection Set: 0.5ms
[2023-07-23T01:31:05.007+0100][gc,phases     ] GC(56)   Other: 0.5ms
[2023-07-23T01:31:05.007+0100][gc,heap       ] GC(56) Eden regions: 73->0(613)
[2023-07-23T01:31:05.007+0100][gc,heap       ] GC(56) Survivor regions: 1->1(10)
[2023-07-23T01:31:05.007+0100][gc,heap       ] GC(56) Old regions: 21->21
[2023-07-23T01:31:05.008+0100][gc,heap       ] GC(56) Humongous regions: 129->129
[2023-07-23T01:31:05.008+0100][gc,metaspace  ] GC(56) Metaspace: 40671K(42752K)->40671K(42752K) NonClass: 35772K(36864K)->35772K(36864K) Class: 4898K(5888K)->4898K(5888K)
[2023-07-23T01:31:05.008+0100][gc            ] GC(56) Pause Young (Normal) (G1 Evacuation Pause) 220M->147M(1024M) 3.097ms
[2023-07-23T01:31:05.008+0100][gc,cpu        ] GC(56) User=0.00s Sys=0.00s Real=0.00s
[2023-07-23T01:36:16.064+0100][gc,start      ] GC(57) Pause Young (Normal) (G1 Evacuation Pause)
[2023-07-23T01:36:16.068+0100][gc,task       ] GC(57) Using 2 workers of 2 for evacuation
[2023-07-23T01:36:16.425+0100][gc,mmu        ] GC(57) MMU target violated: 21.0ms (20.0ms/21.0ms)
[2023-07-23T01:36:16.427+0100][gc,phases     ] GC(57)   Pre Evacuate Collection Set: 61.8ms
[2023-07-23T01:36:16.427+0100][gc,phases     ] GC(57)   Evacuate Collection Set: 25.3ms
[2023-07-23T01:36:16.427+0100][gc,phases     ] GC(57)   Post Evacuate Collection Set: 260.0ms
[2023-07-23T01:36:16.427+0100][gc,phases     ] GC(57)   Other: 15.9ms
[2023-07-23T01:36:16.429+0100][gc,heap       ] GC(57) Eden regions: 613->0(50)
[2023-07-23T01:36:16.429+0100][gc,heap       ] GC(57) Survivor regions: 1->1(77)
[2023-07-23T01:36:16.429+0100][gc,heap       ] GC(57) Old regions: 21->21
[2023-07-23T01:36:16.429+0100][gc,heap       ] GC(57) Humongous regions: 129->129
[2023-07-23T01:36:16.430+0100][gc,metaspace  ] GC(57) Metaspace: 40675K(42752K)->40675K(42752K) NonClass: 35776K(36864K)->35776K(36864K) Class: 4898K(5888K)->4898K(5888K)
[2023-07-23T01:36:16.434+0100][gc            ] GC(57) Pause Young (Normal) (G1 Evacuation Pause) 760M->147M(1024M) 366.555ms
[2023-07-23T01:36:16.435+0100][gc,cpu        ] GC(57) User=0.00s Sys=0.06s Real=0.36s
[2023-07-23T01:36:48.463+0100][gc,start      ] GC(58) Pause Young (Normal) (G1 Evacuation Pause)
[2023-07-23T01:36:48.469+0100][gc,task       ] GC(58) Using 2 workers of 2 for evacuation
[2023-07-23T01:36:48.500+0100][gc,mmu        ] GC(58) MMU target violated: 21.0ms (20.0ms/21.0ms)
[2023-07-23T01:36:48.501+0100][gc,phases     ] GC(58)   Pre Evacuate Collection Set: 6.5ms
[2023-07-23T01:36:48.501+0100][gc,phases     ] GC(58)   Evacuate Collection Set: 15.6ms
[2023-07-23T01:36:48.501+0100][gc,phases     ] GC(58)   Post Evacuate Collection Set: 3.3ms
[2023-07-23T01:36:48.501+0100][gc,phases     ] GC(58)   Other: 18.0ms
[2023-07-23T01:36:48.501+0100][gc,heap       ] GC(58) Eden regions: 50->0(50)
[2023-07-23T01:36:48.502+0100][gc,heap       ] GC(58) Survivor regions: 1->1(7)
[2023-07-23T01:36:48.502+0100][gc,heap       ] GC(58) Old regions: 21->21
[2023-07-23T01:36:48.502+0100][gc,heap       ] GC(58) Humongous regions: 129->129
[2023-07-23T01:36:48.503+0100][gc,metaspace  ] GC(58) Metaspace: 40681K(42752K)->40681K(42752K) NonClass: 35782K(36864K)->35782K(36864K) Class: 4898K(5888K)->4898K(5888K)
[2023-07-23T01:36:48.503+0100][gc            ] GC(58) Pause Young (Normal) (G1 Evacuation Pause) 197M->147M(1024M) 41.099ms
[2023-07-23T01:36:48.503+0100][gc,cpu        ] GC(58) User=0.00s Sys=0.01s Real=0.05s
