[2023-07-22T05:58:17.716+0100][gc,heap] Heap region size: 1M
[2023-07-22T05:58:17.733+0100][gc     ] Using G1
[2023-07-22T05:58:17.733+0100][gc,heap,coops] Heap address: 0x00000000c0000000, size: 1024 MB, Compressed Oops mode: 32-bit
[2023-07-22T05:58:17.734+0100][gc,cds       ] Mark closed archive regions in map: [0x00000000fff00000, 0x00000000fff6aff8]
[2023-07-22T05:58:17.735+0100][gc,cds       ] Mark open archive regions in map: [0x00000000ffe00000, 0x00000000ffe46ff8]
[2023-07-22T05:58:19.852+0100][gc,start     ] GC(0) Pause Young (Normal) (G1 Evacuation Pause)
[2023-07-22T05:58:19.852+0100][gc,task      ] GC(0) Using 2 workers of 2 for evacuation
[2023-07-22T05:58:19.870+0100][gc,phases    ] GC(0)   Pre Evacuate Collection Set: 0.0ms
[2023-07-22T05:58:19.871+0100][gc,phases    ] GC(0)   Evacuate Collection Set: 16.4ms
[2023-07-22T05:58:19.871+0100][gc,phases    ] GC(0)   Post Evacuate Collection Set: 1.5ms
[2023-07-22T05:58:19.871+0100][gc,phases    ] GC(0)   Other: 0.5ms
[2023-07-22T05:58:19.871+0100][gc,heap      ] GC(0) Eden regions: 51->0(44)
[2023-07-22T05:58:19.871+0100][gc,heap      ] GC(0) Survivor regions: 0->7(7)
[2023-07-22T05:58:19.871+0100][gc,heap      ] GC(0) Old regions: 2->2
[2023-07-22T05:58:19.871+0100][gc,heap      ] GC(0) Humongous regions: 0->0
[2023-07-22T05:58:19.871+0100][gc,metaspace ] GC(0) Metaspace: 14260K(15104K)->14260K(15104K) NonClass: 12516K(13056K)->12516K(13056K) Class: 1744K(2048K)->1744K(2048K)
[2023-07-22T05:58:19.871+0100][gc           ] GC(0) Pause Young (Normal) (G1 Evacuation Pause) 51M->7M(1024M) 18.781ms
[2023-07-22T05:58:19.871+0100][gc,cpu       ] GC(0) User=0.02s Sys=0.00s Real=0.02s
[2023-07-22T05:58:20.407+0100][gc,start     ] GC(1) Pause Young (Concurrent Start) (Metadata GC Threshold)
[2023-07-22T05:58:20.407+0100][gc,task      ] GC(1) Using 2 workers of 2 for evacuation
[2023-07-22T05:58:20.423+0100][gc,phases    ] GC(1)   Pre Evacuate Collection Set: 0.1ms
[2023-07-22T05:58:20.423+0100][gc,phases    ] GC(1)   Evacuate Collection Set: 14.7ms
[2023-07-22T05:58:20.423+0100][gc,phases    ] GC(1)   Post Evacuate Collection Set: 0.6ms
[2023-07-22T05:58:20.423+0100][gc,phases    ] GC(1)   Other: 0.7ms
[2023-07-22T05:58:20.423+0100][gc,heap      ] GC(1) Eden regions: 29->0(50)
[2023-07-22T05:58:20.423+0100][gc,heap      ] GC(1) Survivor regions: 7->1(7)
[2023-07-22T05:58:20.424+0100][gc,heap      ] GC(1) Old regions: 2->9
[2023-07-22T05:58:20.424+0100][gc,heap      ] GC(1) Humongous regions: 0->0
[2023-07-22T05:58:20.424+0100][gc,metaspace ] GC(1) Metaspace: 20561K(21248K)->20561K(21248K) NonClass: 18080K(18432K)->18080K(18432K) Class: 2480K(2816K)->2480K(2816K)
[2023-07-22T05:58:20.424+0100][gc           ] GC(1) Pause Young (Concurrent Start) (Metadata GC Threshold) 36M->8M(1024M) 16.622ms
[2023-07-22T05:58:20.424+0100][gc,cpu       ] GC(1) User=0.03s Sys=0.00s Real=0.02s
[2023-07-22T05:58:20.424+0100][gc           ] GC(2) Concurrent Cycle
[2023-07-22T05:58:20.424+0100][gc,marking   ] GC(2) Concurrent Clear Claimed Marks
[2023-07-22T05:58:20.424+0100][gc,marking   ] GC(2) Concurrent Clear Claimed Marks 0.056ms
[2023-07-22T05:58:20.424+0100][gc,marking   ] GC(2) Concurrent Scan Root Regions
[2023-07-22T05:58:20.425+0100][gc,marking   ] GC(2) Concurrent Scan Root Regions 0.976ms
[2023-07-22T05:58:20.425+0100][gc,marking   ] GC(2) Concurrent Mark (2.716s)
[2023-07-22T05:58:20.425+0100][gc,marking   ] GC(2) Concurrent Mark From Roots
[2023-07-22T05:58:20.425+0100][gc,task      ] GC(2) Using 1 workers of 1 for marking
[2023-07-22T05:58:20.440+0100][gc,marking   ] GC(2) Concurrent Mark From Roots 14.699ms
[2023-07-22T05:58:20.440+0100][gc,marking   ] GC(2) Concurrent Preclean
[2023-07-22T05:58:20.440+0100][gc,marking   ] GC(2) Concurrent Preclean 0.201ms
[2023-07-22T05:58:20.440+0100][gc,marking   ] GC(2) Concurrent Mark (2.716s, 2.731s) 15.278ms
[2023-07-22T05:58:20.441+0100][gc,start     ] GC(2) Pause Remark
[2023-07-22T05:58:20.444+0100][gc,stringtable] GC(2) Cleaned string and symbol table, strings: 5102 processed, 0 removed, symbols: 52792 processed, 42 removed
[2023-07-22T05:58:20.445+0100][gc            ] GC(2) Pause Remark 8M->8M(1024M) 4.014ms
[2023-07-22T05:58:20.445+0100][gc,cpu        ] GC(2) User=0.00s Sys=0.00s Real=0.00s
[2023-07-22T05:58:20.445+0100][gc,marking    ] GC(2) Concurrent Rebuild Remembered Sets
[2023-07-22T05:58:20.450+0100][gc,marking    ] GC(2) Concurrent Rebuild Remembered Sets 5.065ms
[2023-07-22T05:58:20.451+0100][gc,start      ] GC(2) Pause Cleanup
[2023-07-22T05:58:20.451+0100][gc            ] GC(2) Pause Cleanup 9M->9M(1024M) 0.604ms
[2023-07-22T05:58:20.451+0100][gc,cpu        ] GC(2) User=0.00s Sys=0.00s Real=0.00s
[2023-07-22T05:58:20.452+0100][gc,marking    ] GC(2) Concurrent Cleanup for Next Mark
[2023-07-22T05:58:20.490+0100][gc,marking    ] GC(2) Concurrent Cleanup for Next Mark 38.727ms
[2023-07-22T05:58:20.491+0100][gc            ] GC(2) Concurrent Cycle 66.585ms
[2023-07-22T05:58:21.543+0100][gc,start      ] GC(3) Pause Young (Concurrent Start) (G1 Evacuation Pause)
[2023-07-22T05:58:21.543+0100][gc,task       ] GC(3) Using 2 workers of 2 for evacuation
[2023-07-22T05:58:21.549+0100][gc,phases     ] GC(3)   Pre Evacuate Collection Set: 0.1ms
[2023-07-22T05:58:21.549+0100][gc,phases     ] GC(3)   Evacuate Collection Set: 4.9ms
[2023-07-22T05:58:21.549+0100][gc,phases     ] GC(3)   Post Evacuate Collection Set: 0.5ms
[2023-07-22T05:58:21.549+0100][gc,phases     ] GC(3)   Other: 0.6ms
[2023-07-22T05:58:21.549+0100][gc,heap       ] GC(3) Eden regions: 50->0(47)
[2023-07-22T05:58:21.550+0100][gc,heap       ] GC(3) Survivor regions: 1->4(7)
[2023-07-22T05:58:21.550+0100][gc,heap       ] GC(3) Old regions: 9->9
[2023-07-22T05:58:21.550+0100][gc,heap       ] GC(3) Humongous regions: 129->129
[2023-07-22T05:58:21.550+0100][gc,metaspace  ] GC(3) Metaspace: 29185K(30336K)->29185K(30336K) NonClass: 25753K(26368K)->25753K(26368K) Class: 3432K(3968K)->3432K(3968K)
[2023-07-22T05:58:21.550+0100][gc            ] GC(3) Pause Young (Concurrent Start) (G1 Evacuation Pause) 187M->139M(1024M) 6.859ms
[2023-07-22T05:58:21.550+0100][gc,cpu        ] GC(3) User=0.01s Sys=0.00s Real=0.00s
[2023-07-22T05:58:21.550+0100][gc            ] GC(4) Concurrent Cycle
[2023-07-22T05:58:21.550+0100][gc,marking    ] GC(4) Concurrent Clear Claimed Marks
[2023-07-22T05:58:21.550+0100][gc,marking    ] GC(4) Concurrent Clear Claimed Marks 0.129ms
[2023-07-22T05:58:21.550+0100][gc,marking    ] GC(4) Concurrent Scan Root Regions
[2023-07-22T05:58:21.552+0100][gc,marking    ] GC(4) Concurrent Scan Root Regions 2.053ms
[2023-07-22T05:58:21.553+0100][gc,marking    ] GC(4) Concurrent Mark (3.844s)
[2023-07-22T05:58:21.553+0100][gc,marking    ] GC(4) Concurrent Mark From Roots
[2023-07-22T05:58:21.553+0100][gc,task       ] GC(4) Using 1 workers of 1 for marking
[2023-07-22T05:58:21.570+0100][gc,marking    ] GC(4) Concurrent Mark From Roots 16.993ms
[2023-07-22T05:58:21.570+0100][gc,marking    ] GC(4) Concurrent Preclean
[2023-07-22T05:58:21.570+0100][gc,marking    ] GC(4) Concurrent Preclean 0.154ms
[2023-07-22T05:58:21.570+0100][gc,marking    ] GC(4) Concurrent Mark (3.844s, 3.861s) 17.450ms
[2023-07-22T05:58:21.570+0100][gc,start      ] GC(4) Pause Remark
[2023-07-22T05:58:21.573+0100][gc,stringtable] GC(4) Cleaned string and symbol table, strings: 7476 processed, 13 removed, symbols: 67348 processed, 8 removed
[2023-07-22T05:58:21.573+0100][gc            ] GC(4) Pause Remark 140M->140M(1024M) 2.990ms
[2023-07-22T05:58:21.573+0100][gc,cpu        ] GC(4) User=0.01s Sys=0.00s Real=0.01s
[2023-07-22T05:58:21.573+0100][gc,marking    ] GC(4) Concurrent Rebuild Remembered Sets
[2023-07-22T05:58:21.579+0100][gc,marking    ] GC(4) Concurrent Rebuild Remembered Sets 6.067ms
[2023-07-22T05:58:21.580+0100][gc,start      ] GC(4) Pause Cleanup
[2023-07-22T05:58:21.580+0100][gc            ] GC(4) Pause Cleanup 140M->140M(1024M) 0.479ms
[2023-07-22T05:58:21.581+0100][gc,cpu        ] GC(4) User=0.00s Sys=0.00s Real=0.01s
[2023-07-22T05:58:21.581+0100][gc,marking    ] GC(4) Concurrent Cleanup for Next Mark
[2023-07-22T05:58:21.604+0100][gc,marking    ] GC(4) Concurrent Cleanup for Next Mark 23.449ms
[2023-07-22T05:58:21.604+0100][gc            ] GC(4) Concurrent Cycle 54.155ms
[2023-07-22T05:58:22.388+0100][gc,start      ] GC(5) Pause Young (Normal) (G1 Evacuation Pause)
[2023-07-22T05:58:22.388+0100][gc,task       ] GC(5) Using 2 workers of 2 for evacuation
[2023-07-22T05:58:22.403+0100][gc,phases     ] GC(5)   Pre Evacuate Collection Set: 0.0ms
[2023-07-22T05:58:22.403+0100][gc,phases     ] GC(5)   Evacuate Collection Set: 14.2ms
[2023-07-22T05:58:22.403+0100][gc,phases     ] GC(5)   Post Evacuate Collection Set: 0.7ms
[2023-07-22T05:58:22.403+0100][gc,phases     ] GC(5)   Other: 0.2ms
[2023-07-22T05:58:22.403+0100][gc,heap       ] GC(5) Eden regions: 47->0(44)
[2023-07-22T05:58:22.403+0100][gc,heap       ] GC(5) Survivor regions: 4->7(7)
[2023-07-22T05:58:22.403+0100][gc,heap       ] GC(5) Old regions: 9->9
[2023-07-22T05:58:22.403+0100][gc,heap       ] GC(5) Humongous regions: 129->129
[2023-07-22T05:58:22.403+0100][gc,metaspace  ] GC(5) Metaspace: 37011K(38784K)->37011K(38784K) NonClass: 32609K(33536K)->32609K(33536K) Class: 4401K(5248K)->4401K(5248K)
[2023-07-22T05:58:22.403+0100][gc            ] GC(5) Pause Young (Normal) (G1 Evacuation Pause) 186M->142M(1024M) 15.227ms
[2023-07-22T05:58:22.403+0100][gc,cpu        ] GC(5) User=0.03s Sys=0.00s Real=0.02s
[2023-07-22T05:59:01.109+0100][gc,start      ] GC(6) Pause Young (Normal) (G1 Evacuation Pause)
[2023-07-22T05:59:01.110+0100][gc,task       ] GC(6) Using 2 workers of 2 for evacuation
[2023-07-22T05:59:01.531+0100][gc,mmu        ] GC(6) MMU target violated: 21.0ms (20.0ms/21.0ms)
[2023-07-22T05:59:01.531+0100][gc,phases     ] GC(6)   Pre Evacuate Collection Set: 159.7ms
[2023-07-22T05:59:01.531+0100][gc,phases     ] GC(6)   Evacuate Collection Set: 253.5ms
[2023-07-22T05:59:01.531+0100][gc,phases     ] GC(6)   Post Evacuate Collection Set: 4.4ms
[2023-07-22T05:59:01.531+0100][gc,phases     ] GC(6)   Other: 4.6ms
[2023-07-22T05:59:01.531+0100][gc,heap       ] GC(6) Eden regions: 44->0(48)
[2023-07-22T05:59:01.531+0100][gc,heap       ] GC(6) Survivor regions: 7->3(7)
[2023-07-22T05:59:01.531+0100][gc,heap       ] GC(6) Old regions: 9->15
[2023-07-22T05:59:01.531+0100][gc,heap       ] GC(6) Humongous regions: 129->129
[2023-07-22T05:59:01.531+0100][gc,metaspace  ] GC(6) Metaspace: 41719K(44032K)->41719K(44032K) NonClass: 36514K(37632K)->36514K(37632K) Class: 5205K(6400K)->5205K(6400K)
[2023-07-22T05:59:01.531+0100][gc            ] GC(6) Pause Young (Normal) (G1 Evacuation Pause) 186M->145M(1024M) 421.861ms
[2023-07-22T05:59:01.531+0100][gc,cpu        ] GC(6) User=0.05s Sys=0.13s Real=0.42s
[2023-07-22T05:59:44.679+0100][gc,start      ] GC(7) Pause Young (Normal) (G1 Evacuation Pause)
[2023-07-22T05:59:44.679+0100][gc,task       ] GC(7) Using 2 workers of 2 for evacuation
[2023-07-22T05:59:44.749+0100][gc,mmu        ] GC(7) MMU target violated: 21.0ms (20.0ms/21.0ms)
[2023-07-22T05:59:44.750+0100][gc,phases     ] GC(7)   Pre Evacuate Collection Set: 0.0ms
[2023-07-22T05:59:44.750+0100][gc,phases     ] GC(7)   Evacuate Collection Set: 69.5ms
[2023-07-22T05:59:44.750+0100][gc,phases     ] GC(7)   Post Evacuate Collection Set: 0.5ms
[2023-07-22T05:59:44.750+0100][gc,phases     ] GC(7)   Other: 1.4ms
[2023-07-22T05:59:44.750+0100][gc,heap       ] GC(7) Eden regions: 48->0(48)
[2023-07-22T05:59:44.750+0100][gc,heap       ] GC(7) Survivor regions: 3->3(7)
[2023-07-22T05:59:44.750+0100][gc,heap       ] GC(7) Old regions: 15->15
[2023-07-22T05:59:44.750+0100][gc,heap       ] GC(7) Humongous regions: 129->129
[2023-07-22T05:59:44.750+0100][gc,metaspace  ] GC(7) Metaspace: 41869K(44288K)->41869K(44288K) NonClass: 36663K(37888K)->36663K(37888K) Class: 5205K(6400K)->5205K(6400K)
[2023-07-22T05:59:44.751+0100][gc            ] GC(7) Pause Young (Normal) (G1 Evacuation Pause) 193M->145M(1024M) 71.508ms
[2023-07-22T05:59:44.751+0100][gc,cpu        ] GC(7) User=0.03s Sys=0.01s Real=0.07s
[2023-07-22T06:00:33.537+0100][gc,start      ] GC(8) Pause Young (Normal) (G1 Evacuation Pause)
[2023-07-22T06:00:33.537+0100][gc,task       ] GC(8) Using 2 workers of 2 for evacuation
[2023-07-22T06:00:33.544+0100][gc,phases     ] GC(8)   Pre Evacuate Collection Set: 0.1ms
[2023-07-22T06:00:33.544+0100][gc,phases     ] GC(8)   Evacuate Collection Set: 5.6ms
[2023-07-22T06:00:33.544+0100][gc,phases     ] GC(8)   Post Evacuate Collection Set: 0.5ms
[2023-07-22T06:00:33.544+0100][gc,phases     ] GC(8)   Other: 0.4ms
[2023-07-22T06:00:33.544+0100][gc,heap       ] GC(8) Eden regions: 48->0(48)
[2023-07-22T06:00:33.544+0100][gc,heap       ] GC(8) Survivor regions: 3->3(7)
[2023-07-22T06:00:33.544+0100][gc,heap       ] GC(8) Old regions: 15->15
[2023-07-22T06:00:33.544+0100][gc,heap       ] GC(8) Humongous regions: 129->129
[2023-07-22T06:00:33.544+0100][gc,metaspace  ] GC(8) Metaspace: 42004K(44544K)->42004K(44544K) NonClass: 36798K(38144K)->36798K(38144K) Class: 5206K(6400K)->5206K(6400K)
[2023-07-22T06:00:33.544+0100][gc            ] GC(8) Pause Young (Normal) (G1 Evacuation Pause) 193M->144M(1024M) 6.721ms
[2023-07-22T06:00:33.544+0100][gc,cpu        ] GC(8) User=0.01s Sys=0.00s Real=0.01s
[2023-07-22T06:01:25.004+0100][gc,start      ] GC(9) Pause Young (Normal) (G1 Evacuation Pause)
[2023-07-22T06:01:25.005+0100][gc,task       ] GC(9) Using 2 workers of 2 for evacuation
[2023-07-22T06:01:25.025+0100][gc,mmu        ] GC(9) MMU target violated: 20.1ms (20.0ms/21.0ms)
[2023-07-22T06:01:25.025+0100][gc,phases     ] GC(9)   Pre Evacuate Collection Set: 0.1ms
[2023-07-22T06:01:25.025+0100][gc,phases     ] GC(9)   Evacuate Collection Set: 19.0ms
[2023-07-22T06:01:25.025+0100][gc,phases     ] GC(9)   Post Evacuate Collection Set: 0.8ms
[2023-07-22T06:01:25.025+0100][gc,phases     ] GC(9)   Other: 1.9ms
[2023-07-22T06:01:25.025+0100][gc,heap       ] GC(9) Eden regions: 48->0(48)
[2023-07-22T06:01:25.025+0100][gc,heap       ] GC(9) Survivor regions: 3->3(7)
[2023-07-22T06:01:25.025+0100][gc,heap       ] GC(9) Old regions: 15->15
[2023-07-22T06:01:25.025+0100][gc,heap       ] GC(9) Humongous regions: 129->129
[2023-07-22T06:01:25.025+0100][gc,metaspace  ] GC(9) Metaspace: 42165K(44544K)->42165K(44544K) NonClass: 36935K(38144K)->36935K(38144K) Class: 5230K(6400K)->5230K(6400K)
[2023-07-22T06:01:25.025+0100][gc            ] GC(9) Pause Young (Normal) (G1 Evacuation Pause) 192M->144M(1024M) 21.077ms
[2023-07-22T06:01:25.025+0100][gc,cpu        ] GC(9) User=0.01s Sys=0.00s Real=0.02s
[2023-07-22T06:01:47.562+0100][gc,heap,exit  ] Heap
[2023-07-22T06:01:47.562+0100][gc,heap,exit  ]  garbage-first heap   total 1048576K, used 173053K [0x00000000c0000000, 0x0000000100000000)
[2023-07-22T06:01:47.562+0100][gc,heap,exit  ]   region size 1024K, 28 young (28672K), 3 survivors (3072K)
[2023-07-22T06:01:47.562+0100][gc,heap,exit  ]  Metaspace       used 42510K, capacity 44814K, committed 44928K, reserved 1087488K
[2023-07-22T06:01:47.562+0100][gc,heap,exit  ]   class space    used 5297K, capacity 6440K, committed 6528K, reserved 1048576K
