[2023-07-22T10:54:28.351+0100][gc,heap] Heap region size: 1M
[2023-07-22T10:54:28.373+0100][gc     ] Using G1
[2023-07-22T10:54:28.373+0100][gc,heap,coops] Heap address: 0x00000000e0000000, size: 512 MB, Compressed Oops mode: 32-bit
[2023-07-22T10:54:28.374+0100][gc,cds       ] Mark closed archive regions in map: [0x00000000fff00000, 0x00000000fff6aff8]
[2023-07-22T10:54:28.374+0100][gc,cds       ] Mark open archive regions in map: [0x00000000ffe00000, 0x00000000ffe46ff8]
[2023-07-22T10:54:31.160+0100][gc,start     ] GC(0) Pause Young (Normal) (G1 Evacuation Pause)
[2023-07-22T10:54:31.160+0100][gc,task      ] GC(0) Using 2 workers of 2 for evacuation
[2023-07-22T10:54:31.202+0100][gc,mmu       ] GC(0) MMU target violated: 21.0ms (20.0ms/21.0ms)
[2023-07-22T10:54:31.202+0100][gc,phases    ] GC(0)   Pre Evacuate Collection Set: 0.0ms
[2023-07-22T10:54:31.202+0100][gc,phases    ] GC(0)   Evacuate Collection Set: 39.7ms
[2023-07-22T10:54:31.202+0100][gc,phases    ] GC(0)   Post Evacuate Collection Set: 0.6ms
[2023-07-22T10:54:31.202+0100][gc,phases    ] GC(0)   Other: 1.4ms
[2023-07-22T10:54:31.202+0100][gc,heap      ] GC(0) Eden regions: 25->0(21)
[2023-07-22T10:54:31.202+0100][gc,heap      ] GC(0) Survivor regions: 0->4(4)
[2023-07-22T10:54:31.202+0100][gc,heap      ] GC(0) Old regions: 2->5
[2023-07-22T10:54:31.202+0100][gc,heap      ] GC(0) Humongous regions: 0->0
[2023-07-22T10:54:31.202+0100][gc,metaspace ] GC(0) Metaspace: 7385K(7936K)->7385K(7936K) NonClass: 6561K(6912K)->6561K(6912K) Class: 824K(1024K)->824K(1024K)
[2023-07-22T10:54:31.202+0100][gc           ] GC(0) Pause Young (Normal) (G1 Evacuation Pause) 25M->7M(512M) 41.873ms
[2023-07-22T10:54:31.202+0100][gc,cpu       ] GC(0) User=0.08s Sys=0.00s Real=0.05s
