[2023-07-22T06:02:09.900+0100][gc,heap] Heap region size: 1M
[2023-07-22T06:02:09.909+0100][gc     ] Using G1
[2023-07-22T06:02:09.909+0100][gc,heap,coops] Heap address: 0x00000000e0000000, size: 512 MB, Compressed Oops mode: 32-bit
[2023-07-22T06:02:09.909+0100][gc,cds       ] Mark closed archive regions in map: [0x00000000fff00000, 0x00000000fff6aff8]
[2023-07-22T06:02:09.909+0100][gc,cds       ] Mark open archive regions in map: [0x00000000ffe00000, 0x00000000ffe46ff8]
[2023-07-22T06:02:11.299+0100][gc,start     ] GC(0) Pause Young (Normal) (G1 Evacuation Pause)
[2023-07-22T06:02:11.299+0100][gc,task      ] GC(0) Using 2 workers of 2 for evacuation
[2023-07-22T06:02:11.310+0100][gc,phases    ] GC(0)   Pre Evacuate Collection Set: 0.0ms
[2023-07-22T06:02:11.310+0100][gc,phases    ] GC(0)   Evacuate Collection Set: 9.9ms
[2023-07-22T06:02:11.310+0100][gc,phases    ] GC(0)   Post Evacuate Collection Set: 0.4ms
[2023-07-22T06:02:11.310+0100][gc,phases    ] GC(0)   Other: 0.5ms
[2023-07-22T06:02:11.310+0100][gc,heap      ] GC(0) Eden regions: 25->0(21)
[2023-07-22T06:02:11.310+0100][gc,heap      ] GC(0) Survivor regions: 0->4(4)
[2023-07-22T06:02:11.310+0100][gc,heap      ] GC(0) Old regions: 2->5
[2023-07-22T06:02:11.310+0100][gc,heap      ] GC(0) Humongous regions: 0->0
[2023-07-22T06:02:11.310+0100][gc,metaspace ] GC(0) Metaspace: 7402K(7936K)->7402K(7936K) NonClass: 6578K(6912K)->6578K(6912K) Class: 824K(1024K)->824K(1024K)
[2023-07-22T06:02:11.310+0100][gc           ] GC(0) Pause Young (Normal) (G1 Evacuation Pause) 25M->7M(512M) 11.521ms
[2023-07-22T06:02:11.311+0100][gc,cpu       ] GC(0) User=0.01s Sys=0.01s Real=0.01s
[2023-07-22T06:58:13.705+0100][gc,start     ] GC(1) Pause Young (Normal) (G1 Evacuation Pause)
[2023-07-22T06:58:13.712+0100][gc,task      ] GC(1) Using 2 workers of 2 for evacuation
[2023-07-22T06:58:14.753+0100][gc,mmu       ] GC(1) MMU target violated: 21.0ms (20.0ms/21.0ms)
[2023-07-22T06:58:14.753+0100][gc,phases    ] GC(1)   Pre Evacuate Collection Set: 211.0ms
[2023-07-22T06:58:14.753+0100][gc,phases    ] GC(1)   Evacuate Collection Set: 812.1ms
[2023-07-22T06:58:14.753+0100][gc,phases    ] GC(1)   Post Evacuate Collection Set: 10.6ms
[2023-07-22T06:58:14.753+0100][gc,phases    ] GC(1)   Other: 18.1ms
[2023-07-22T06:58:14.753+0100][gc,heap      ] GC(1) Eden regions: 21->0(24)
[2023-07-22T06:58:14.753+0100][gc,heap      ] GC(1) Survivor regions: 4->1(4)
[2023-07-22T06:58:14.753+0100][gc,heap      ] GC(1) Old regions: 5->9
[2023-07-22T06:58:14.753+0100][gc,heap      ] GC(1) Humongous regions: 0->0
[2023-07-22T06:58:14.753+0100][gc,metaspace ] GC(1) Metaspace: 9292K(9856K)->9292K(9856K) NonClass: 8321K(8704K)->8321K(8704K) Class: 971K(1152K)->971K(1152K)
[2023-07-22T06:58:14.753+0100][gc           ] GC(1) Pause Young (Normal) (G1 Evacuation Pause) 28M->8M(512M) 1048.449ms
[2023-07-22T06:58:14.753+0100][gc,cpu       ] GC(1) User=0.00s Sys=0.28s Real=1.05s
[2023-07-22T10:29:13.813+0100][gc,start     ] GC(2) Pause Young (Normal) (G1 Evacuation Pause)
[2023-07-22T10:29:13.820+0100][gc,task      ] GC(2) Using 2 workers of 2 for evacuation
[2023-07-22T10:29:15.086+0100][gc,mmu       ] GC(2) MMU target violated: 21.0ms (20.0ms/21.0ms)
[2023-07-22T10:29:15.087+0100][gc,phases    ] GC(2)   Pre Evacuate Collection Set: 482.2ms
[2023-07-22T10:29:15.087+0100][gc,phases    ] GC(2)   Evacuate Collection Set: 736.6ms
[2023-07-22T10:29:15.087+0100][gc,phases    ] GC(2)   Post Evacuate Collection Set: 22.4ms
[2023-07-22T10:29:15.087+0100][gc,phases    ] GC(2)   Other: 36.8ms
[2023-07-22T10:29:15.087+0100][gc,heap      ] GC(2) Eden regions: 24->0(24)
[2023-07-22T10:29:15.087+0100][gc,heap      ] GC(2) Survivor regions: 1->1(4)
[2023-07-22T10:29:15.087+0100][gc,heap      ] GC(2) Old regions: 9->9
[2023-07-22T10:29:15.087+0100][gc,heap      ] GC(2) Humongous regions: 0->0
[2023-07-22T10:29:15.087+0100][gc,metaspace ] GC(2) Metaspace: 9305K(9856K)->9305K(9856K) NonClass: 8334K(8704K)->8334K(8704K) Class: 971K(1152K)->971K(1152K)
[2023-07-22T10:29:15.087+0100][gc           ] GC(2) Pause Young (Normal) (G1 Evacuation Pause) 32M->8M(512M) 1274.402ms
[2023-07-22T10:29:15.087+0100][gc,cpu       ] GC(2) User=0.00s Sys=0.26s Real=1.27s
[2023-07-22T10:50:52.201+0100][gc,heap,exit ] Heap
[2023-07-22T10:50:52.210+0100][gc,heap,exit ]  garbage-first heap   total 524288K, used 12612K [0x00000000e0000000, 0x0000000100000000)
[2023-07-22T10:50:52.210+0100][gc,heap,exit ]   region size 1024K, 6 young (6144K), 1 survivors (1024K)
[2023-07-22T10:50:52.210+0100][gc,heap,exit ]  Metaspace       used 9310K, capacity 9639K, committed 9856K, reserved 1058816K
[2023-07-22T10:50:52.210+0100][gc,heap,exit ]   class space    used 971K, capacity 1119K, committed 1152K, reserved 1048576K
