[2023-07-22T01:35:22.675+0100][gc,heap] Heap region size: 1M
[2023-07-22T01:35:22.684+0100][gc     ] Using G1
[2023-07-22T01:35:22.684+0100][gc,heap,coops] Heap address: 0x00000000e0000000, size: 512 MB, Compressed Oops mode: 32-bit
[2023-07-22T01:35:22.685+0100][gc,cds       ] Mark closed archive regions in map: [0x00000000fff00000, 0x00000000fff6aff8]
[2023-07-22T01:35:22.685+0100][gc,cds       ] Mark open archive regions in map: [0x00000000ffe00000, 0x00000000ffe46ff8]
[2023-07-22T01:35:23.491+0100][gc,start     ] GC(0) Pause Young (Normal) (G1 Evacuation Pause)
[2023-07-22T01:35:23.491+0100][gc,task      ] GC(0) Using 2 workers of 2 for evacuation
[2023-07-22T01:35:23.515+0100][gc,mmu       ] GC(0) MMU target violated: 21.0ms (20.0ms/21.0ms)
[2023-07-22T01:35:23.515+0100][gc,phases    ] GC(0)   Pre Evacuate Collection Set: 0.0ms
[2023-07-22T01:35:23.515+0100][gc,phases    ] GC(0)   Evacuate Collection Set: 23.1ms
[2023-07-22T01:35:23.515+0100][gc,phases    ] GC(0)   Post Evacuate Collection Set: 0.6ms
[2023-07-22T01:35:23.515+0100][gc,phases    ] GC(0)   Other: 0.6ms
[2023-07-22T01:35:23.515+0100][gc,heap      ] GC(0) Eden regions: 25->0(21)
[2023-07-22T01:35:23.515+0100][gc,heap      ] GC(0) Survivor regions: 0->4(4)
[2023-07-22T01:35:23.515+0100][gc,heap      ] GC(0) Old regions: 2->5
[2023-07-22T01:35:23.515+0100][gc,heap      ] GC(0) Humongous regions: 0->0
[2023-07-22T01:35:23.515+0100][gc,metaspace ] GC(0) Metaspace: 7254K(7936K)->7254K(7936K) NonClass: 6438K(6912K)->6438K(6912K) Class: 816K(1024K)->816K(1024K)
[2023-07-22T01:35:23.515+0100][gc           ] GC(0) Pause Young (Normal) (G1 Evacuation Pause) 25M->7M(512M) 24.356ms
[2023-07-22T01:35:23.515+0100][gc,cpu       ] GC(0) User=0.04s Sys=0.00s Real=0.03s
[2023-07-22T02:18:28.257+0100][gc,start     ] GC(1) Pause Young (Normal) (G1 Evacuation Pause)
[2023-07-22T02:18:28.265+0100][gc,task      ] GC(1) Using 2 workers of 2 for evacuation
[2023-07-22T02:18:29.103+0100][gc,mmu       ] GC(1) MMU target violated: 21.0ms (20.0ms/21.0ms)
[2023-07-22T02:18:29.103+0100][gc,phases    ] GC(1)   Pre Evacuate Collection Set: 182.3ms
[2023-07-22T02:18:29.103+0100][gc,phases    ] GC(1)   Evacuate Collection Set: 641.5ms
[2023-07-22T02:18:29.103+0100][gc,phases    ] GC(1)   Post Evacuate Collection Set: 6.5ms
[2023-07-22T02:18:29.103+0100][gc,phases    ] GC(1)   Other: 20.2ms
[2023-07-22T02:18:29.103+0100][gc,heap      ] GC(1) Eden regions: 21->0(24)
[2023-07-22T02:18:29.103+0100][gc,heap      ] GC(1) Survivor regions: 4->1(4)
[2023-07-22T02:18:29.103+0100][gc,heap      ] GC(1) Old regions: 5->9
[2023-07-22T02:18:29.103+0100][gc,heap      ] GC(1) Humongous regions: 0->0
[2023-07-22T02:18:29.103+0100][gc,metaspace ] GC(1) Metaspace: 9191K(9856K)->9191K(9856K) NonClass: 8220K(8704K)->8220K(8704K) Class: 971K(1152K)->971K(1152K)
[2023-07-22T02:18:29.104+0100][gc           ] GC(1) Pause Young (Normal) (G1 Evacuation Pause) 28M->8M(512M) 846.392ms
[2023-07-22T02:18:29.104+0100][gc,cpu       ] GC(1) User=0.00s Sys=0.17s Real=0.85s
[2023-07-22T05:05:25.077+0100][gc,start     ] GC(2) Pause Young (Normal) (G1 Evacuation Pause)
[2023-07-22T05:05:25.086+0100][gc,task      ] GC(2) Using 2 workers of 2 for evacuation
[2023-07-22T05:05:25.386+0100][gc,mmu       ] GC(2) MMU target violated: 21.0ms (20.0ms/21.0ms)
[2023-07-22T05:05:25.386+0100][gc,phases    ] GC(2)   Pre Evacuate Collection Set: 144.6ms
[2023-07-22T05:05:25.386+0100][gc,phases    ] GC(2)   Evacuate Collection Set: 146.1ms
[2023-07-22T05:05:25.386+0100][gc,phases    ] GC(2)   Post Evacuate Collection Set: 4.6ms
[2023-07-22T05:05:25.386+0100][gc,phases    ] GC(2)   Other: 19.9ms
[2023-07-22T05:05:25.386+0100][gc,heap      ] GC(2) Eden regions: 24->0(24)
[2023-07-22T05:05:25.386+0100][gc,heap      ] GC(2) Survivor regions: 1->1(4)
[2023-07-22T05:05:25.386+0100][gc,heap      ] GC(2) Old regions: 9->9
[2023-07-22T05:05:25.386+0100][gc,heap      ] GC(2) Humongous regions: 0->0
[2023-07-22T05:05:25.386+0100][gc,metaspace ] GC(2) Metaspace: 9200K(9856K)->9200K(9856K) NonClass: 8229K(8704K)->8229K(8704K) Class: 971K(1152K)->971K(1152K)
[2023-07-22T05:05:25.386+0100][gc           ] GC(2) Pause Young (Normal) (G1 Evacuation Pause) 32M->8M(512M) 309.613ms
[2023-07-22T05:05:25.386+0100][gc,cpu       ] GC(2) User=0.03s Sys=0.05s Real=0.31s
[2023-07-22T05:57:44.081+0100][gc,heap,exit ] Heap
[2023-07-22T05:57:44.086+0100][gc,heap,exit ]  garbage-first heap   total 524288K, used 17718K [0x00000000e0000000, 0x0000000100000000)
[2023-07-22T05:57:44.086+0100][gc,heap,exit ]   region size 1024K, 11 young (11264K), 1 survivors (1024K)
[2023-07-22T05:57:44.086+0100][gc,heap,exit ]  Metaspace       used 9209K, capacity 9591K, committed 9856K, reserved 1058816K
[2023-07-22T05:57:44.086+0100][gc,heap,exit ]   class space    used 971K, capacity 1119K, committed 1152K, reserved 1048576K
