[2023-07-22T05:57:48.869+0100][gc,heap] Heap region size: 1M
[2023-07-22T05:57:48.880+0100][gc     ] Using G1
[2023-07-22T05:57:48.880+0100][gc,heap,coops] Heap address: 0x00000000e0000000, size: 512 MB, Compressed Oops mode: 32-bit
[2023-07-22T05:57:48.881+0100][gc,cds       ] Mark closed archive regions in map: [0x00000000fff00000, 0x00000000fff6aff8]
[2023-07-22T05:57:48.881+0100][gc,cds       ] Mark open archive regions in map: [0x00000000ffe00000, 0x00000000ffe46ff8]
[2023-07-22T05:57:50.991+0100][gc,start     ] GC(0) Pause Young (Normal) (G1 Evacuation Pause)
[2023-07-22T05:57:50.992+0100][gc,task      ] GC(0) Using 2 workers of 2 for evacuation
[2023-07-22T05:57:51.012+0100][gc,phases    ] GC(0)   Pre Evacuate Collection Set: 0.1ms
[2023-07-22T05:57:51.012+0100][gc,phases    ] GC(0)   Evacuate Collection Set: 18.5ms
[2023-07-22T05:57:51.012+0100][gc,phases    ] GC(0)   Post Evacuate Collection Set: 1.0ms
[2023-07-22T05:57:51.012+0100][gc,phases    ] GC(0)   Other: 0.6ms
[2023-07-22T05:57:51.012+0100][gc,heap      ] GC(0) Eden regions: 25->0(21)
[2023-07-22T05:57:51.012+0100][gc,heap      ] GC(0) Survivor regions: 0->4(4)
[2023-07-22T05:57:51.012+0100][gc,heap      ] GC(0) Old regions: 2->5
[2023-07-22T05:57:51.012+0100][gc,heap      ] GC(0) Humongous regions: 0->0
[2023-07-22T05:57:51.012+0100][gc,metaspace ] GC(0) Metaspace: 7425K(7936K)->7425K(7936K) NonClass: 6594K(6912K)->6594K(6912K) Class: 830K(1024K)->830K(1024K)
[2023-07-22T05:57:51.012+0100][gc           ] GC(0) Pause Young (Normal) (G1 Evacuation Pause) 25M->7M(512M) 20.350ms
[2023-07-22T05:57:51.012+0100][gc,cpu       ] GC(0) User=0.02s Sys=0.00s Real=0.02s
[2023-07-22T05:58:40.060+0100][gc,start     ] GC(1) Pause Young (Normal) (G1 Evacuation Pause)
[2023-07-22T05:58:40.061+0100][gc,task      ] GC(1) Using 2 workers of 2 for evacuation
[2023-07-22T05:58:40.191+0100][gc,mmu       ] GC(1) MMU target violated: 21.0ms (20.0ms/21.0ms)
[2023-07-22T05:58:40.191+0100][gc,phases    ] GC(1)   Pre Evacuate Collection Set: 67.4ms
[2023-07-22T05:58:40.191+0100][gc,phases    ] GC(1)   Evacuate Collection Set: 55.1ms
[2023-07-22T05:58:40.191+0100][gc,phases    ] GC(1)   Post Evacuate Collection Set: 6.9ms
[2023-07-22T05:58:40.192+0100][gc,phases    ] GC(1)   Other: 3.6ms
[2023-07-22T05:58:40.192+0100][gc,heap      ] GC(1) Eden regions: 21->0(24)
[2023-07-22T05:58:40.192+0100][gc,heap      ] GC(1) Survivor regions: 4->1(4)
[2023-07-22T05:58:40.192+0100][gc,heap      ] GC(1) Old regions: 5->9
[2023-07-22T05:58:40.192+0100][gc,heap      ] GC(1) Humongous regions: 0->0
[2023-07-22T05:58:40.192+0100][gc,metaspace ] GC(1) Metaspace: 9413K(10112K)->9413K(10112K) NonClass: 8434K(8960K)->8434K(8960K) Class: 979K(1152K)->979K(1152K)
[2023-07-22T05:58:40.192+0100][gc           ] GC(1) Pause Young (Normal) (G1 Evacuation Pause) 28M->8M(512M) 131.328ms
[2023-07-22T05:58:40.192+0100][gc,cpu       ] GC(1) User=0.03s Sys=0.02s Real=0.12s
[2023-07-22T06:02:05.439+0100][gc,heap,exit ] Heap
[2023-07-22T06:02:05.442+0100][gc,heap,exit ]  garbage-first heap   total 524288K, used 10617K [0x00000000e0000000, 0x0000000100000000)
[2023-07-22T06:02:05.442+0100][gc,heap,exit ]   region size 1024K, 4 young (4096K), 1 survivors (1024K)
[2023-07-22T06:02:05.442+0100][gc,heap,exit ]  Metaspace       used 9440K, capacity 9836K, committed 10112K, reserved 1058816K
[2023-07-22T06:02:05.442+0100][gc,heap,exit ]   class space    used 979K, capacity 1119K, committed 1152K, reserved 1048576K
